  Determining projects to restore...
  All projects are up-to-date for restore.
  DevOpsMigrationPlatform.Abstractions -> C:\Users\MartinHinshelwoodNKD\source\repos\azure-devops-migration-platform\src\DevOpsMigrationPlatform.Abstractions\bin\Debug\net481\DevOpsMigrationPlatform.Abstractions.dll
  DevOpsMigrationPlatform.Abstractions -> C:\Users\MartinHinshelwoodNKD\source\repos\azure-devops-migration-platform\src\DevOpsMigrationPlatform.Abstractions\bin\Debug\net10.0\DevOpsMigrationPlatform.Abstractions.dll
  DevOpsMigrationPlatform.Infrastructure -> C:\Users\MartinHinshelwoodNKD\source\repos\azure-devops-migration-platform\src\DevOpsMigrationPlatform.Infrastructure\bin\Debug\net481\DevOpsMigrationPlatform.Infrastructure.dll
  DevOpsMigrationPlatform.Infrastructure -> C:\Users\MartinHinshelwoodNKD\source\repos\azure-devops-migration-platform\src\DevOpsMigrationPlatform.Infrastructure\bin\Debug\net10.0\DevOpsMigrationPlatform.Infrastructure.dll
  DevOpsMigrationPlatform.ServiceDefaults -> C:\Users\MartinHinshelwoodNKD\source\repos\azure-devops-migration-platform\src\DevOpsMigrationPlatform.ServiceDefaults\bin\Debug\net10.0\DevOpsMigrationPlatform.ServiceDefaults.dll
  DevOpsMigrationPlatform.Infrastructure.TfsObjectModel -> C:\Users\MartinHinshelwoodNKD\source\repos\azure-devops-migration-platform\src\DevOpsMigrationPlatform.Infrastructure.TfsObjectModel\bin\Debug\net481\DevOpsMigrationPlatform.Infrastructure.TfsObjectModel.dll
  DevOpsMigrationPlatform.ControlPlane -> C:\Users\MartinHinshelwoodNKD\source\repos\azure-devops-migration-platform\src\DevOpsMigrationPlatform.ControlPlane\bin\Debug\net10.0\DevOpsMigrationPlatform.ControlPlane.dll
  DevOpsMigrationPlatform.Infrastructure.AzureDevOps -> C:\Users\MartinHinshelwoodNKD\source\repos\azure-devops-migration-platform\src\DevOpsMigrationPlatform.Infrastructure.AzureDevOps\bin\Debug\net10.0\DevOpsMigrationPlatform.Infrastructure.AzureDevOps.dll
  DevOpsMigrationPlatform.CLI.TfsMigration -> C:\Users\MartinHinshelwoodNKD\source\repos\azure-devops-migration-platform\src\DevOpsMigrationPlatform.CLI.TfsMigration\bin\Debug\net481\tfsmigration.exe
  DevOpsMigrationPlatform.ControlPlane.Tests -> C:\Users\MartinHinshelwoodNKD\source\repos\azure-devops-migration-platform\tests\DevOpsMigrationPlatform.ControlPlane.Tests\bin\Debug\net10.0\DevOpsMigrationPlatform.ControlPlane.Tests.dll
  DevOpsMigrationPlatform.MigrationAgent -> C:\Users\MartinHinshelwoodNKD\source\repos\azure-devops-migration-platform\src\DevOpsMigrationPlatform.MigrationAgent\bin\Debug\net10.0\DevOpsMigrationPlatform.MigrationAgent.dll
  DevOpsMigrationPlatform.ControlPlaneHost -> C:\Users\MartinHinshelwoodNKD\source\repos\azure-devops-migration-platform\src\DevOpsMigrationPlatform.ControlPlaneHost\bin\Debug\net10.0\DevOpsMigrationPlatform.ControlPlaneHost.dll
  DevOpsMigrationPlatform.AppHost -> C:\Users\MartinHinshelwoodNKD\source\repos\azure-devops-migration-platform\src\DevOpsMigrationPlatform.AppHost\bin\Debug\net10.0\DevOpsMigrationPlatform.AppHost.dll
  DevOpsMigrationPlatform.CLI.Migration -> C:\Users\MartinHinshelwoodNKD\source\repos\azure-devops-migration-platform\src\DevOpsMigrationPlatform.CLI.Migration\bin\Debug\net10.0\devopsmigration.dll
  DevOpsMigrationPlatform.CLI.Migration.Tests -> C:\Users\MartinHinshelwoodNKD\source\repos\azure-devops-migration-platform\tests\DevOpsMigrationPlatform.CLI.Migration.Tests\bin\Debug\net10.0\DevOpsMigrationPlatform.CLI.Migration.Tests.dll
C:\Users\MartinHinshelwoodNKD\source\repos\azure-devops-migration-platform\tests\DevOpsMigrationPlatform.Infrastructure.Tests\Inventory\WorkItemQueryWindowStrategyTests.cs(65,27): error CS1501: No overload for method 'CreateAsync' takes 3 arguments [C:\Users\MartinHinshelwoodNKD\source\repos\azure-devops-migration-platform\tests\DevOpsMigrationPlatform.Infrastructure.Tests\DevOpsMigrationPlatform.Infrastructure.Tests.csproj]
C:\Users\MartinHinshelwoodNKD\source\repos\azure-devops-migration-platform\tests\DevOpsMigrationPlatform.Infrastructure.Tests\Inventory\WorkItemQueryWindowStrategyTests.cs(76,59): error CS1503: Argument 1: cannot convert from 'string' to 'DevOpsMigrationPlatform.Abstractions.OrganisationEndpoint' [C:\Users\MartinHinshelwoodNKD\source\repos\azure-devops-migration-platform\tests\DevOpsMigrationPlatform.Infrastructure.Tests\DevOpsMigrationPlatform.Infrastructure.Tests.csproj]
C:\Users\MartinHinshelwoodNKD\source\repos\azure-devops-migration-platform\tests\DevOpsMigrationPlatform.Infrastructure.Tests\Inventory\WorkItemQueryWindowStrategyTests.cs(76,73): error CS1503: Argument 3: cannot convert from 'string' to 'DevOpsMigrationPlatform.Abstractions.Services.WorkItemQueryWindowOptions?' [C:\Users\MartinHinshelwoodNKD\source\repos\azure-devops-migration-platform\tests\DevOpsMigrationPlatform.Infrastructure.Tests\DevOpsMigrationPlatform.Infrastructure.Tests.csproj]
C:\Users\MartinHinshelwoodNKD\source\repos\azure-devops-migration-platform\tests\DevOpsMigrationPlatform.Infrastructure.Tests\Inventory\WorkItemQueryWindowStrategyTests.cs(76,78): error CS1503: Argument 4: cannot convert from 'DevOpsMigrationPlatform.Abstractions.Services.WorkItemQueryWindowOptions' to 'System.Threading.CancellationToken' [C:\Users\MartinHinshelwoodNKD\source\repos\azure-devops-migration-platform\tests\DevOpsMigrationPlatform.Infrastructure.Tests\DevOpsMigrationPlatform.Infrastructure.Tests.csproj]
C:\Users\MartinHinshelwoodNKD\source\repos\azure-devops-migration-platform\tests\DevOpsMigrationPlatform.Infrastructure.Tests\Inventory\InventoryServiceTests.cs(62,27): error CS1501: No overload for method 'DiscoverWorkItemsAsync' takes 4 arguments [C:\Users\MartinHinshelwoodNKD\source\repos\azure-devops-migration-platform\tests\DevOpsMigrationPlatform.Infrastructure.Tests\DevOpsMigrationPlatform.Infrastructure.Tests.csproj]
C:\Users\MartinHinshelwoodNKD\source\repos\azure-devops-migration-platform\tests\DevOpsMigrationPlatform.Infrastructure.Tests\Inventory\WorkItemQueryWindowStrategyTests.cs(176,27): error CS1501: No overload for method 'CreateAsync' takes 3 arguments [C:\Users\MartinHinshelwoodNKD\source\repos\azure-devops-migration-platform\tests\DevOpsMigrationPlatform.Infrastructure.Tests\DevOpsMigrationPlatform.Infrastructure.Tests.csproj]
C:\Users\MartinHinshelwoodNKD\source\repos\azure-devops-migration-platform\tests\DevOpsMigrationPlatform.Infrastructure.Tests\Inventory\InventoryServiceTests.cs(104,27): error CS1501: No overload for method 'CountReposAsync' takes 4 arguments [C:\Users\MartinHinshelwoodNKD\source\repos\azure-devops-migration-platform\tests\DevOpsMigrationPlatform.Infrastructure.Tests\DevOpsMigrationPlatform.Infrastructure.Tests.csproj]
C:\Users\MartinHinshelwoodNKD\source\repos\azure-devops-migration-platform\tests\DevOpsMigrationPlatform.Infrastructure.Tests\Inventory\WorkItemQueryWindowStrategyTests.cs(216,27): error CS1501: No overload for method 'CreateAsync' takes 3 arguments [C:\Users\MartinHinshelwoodNKD\source\repos\azure-devops-migration-platform\tests\DevOpsMigrationPlatform.Infrastructure.Tests\DevOpsMigrationPlatform.Infrastructure.Tests.csproj]
C:\Users\MartinHinshelwoodNKD\source\repos\azure-devops-migration-platform\tests\DevOpsMigrationPlatform.Infrastructure.Tests\Export\ExportCommentsSteps.cs(116,27): error CS1501: No overload for method 'Create' takes 3 arguments [C:\Users\MartinHinshelwoodNKD\source\repos\azure-devops-migration-platform\tests\DevOpsMigrationPlatform.Infrastructure.Tests\DevOpsMigrationPlatform.Infrastructure.Tests.csproj]
C:\Users\MartinHinshelwoodNKD\source\repos\azure-devops-migration-platform\tests\DevOpsMigrationPlatform.Infrastructure.Tests\Export\ExportCommentsSteps.cs(127,13): error CS1739: The best overload for 'WorkItemExportOrchestrator' does not have a parameter named 'organisationUrl' [C:\Users\MartinHinshelwoodNKD\source\repos\azure-devops-migration-platform\tests\DevOpsMigrationPlatform.Infrastructure.Tests\DevOpsMigrationPlatform.Infrastructure.Tests.csproj]
C:\Users\MartinHinshelwoodNKD\source\repos\azure-devops-migration-platform\tests\DevOpsMigrationPlatform.Infrastructure.Tests\Inventory\InventoryServiceTests.cs(152,36): error CS1501: No overload for method 'DiscoverWorkItemsAsync' takes 4 arguments [C:\Users\MartinHinshelwoodNKD\source\repos\azure-devops-migration-platform\tests\DevOpsMigrationPlatform.Infrastructure.Tests\DevOpsMigrationPlatform.Infrastructure.Tests.csproj]
C:\Users\MartinHinshelwoodNKD\source\repos\azure-devops-migration-platform\tests\DevOpsMigrationPlatform.Infrastructure.Tests\Inventory\WorkItemQueryWindowStrategyTests.cs(266,27): error CS1501: No overload for method 'CreateAsync' takes 3 arguments [C:\Users\MartinHinshelwoodNKD\source\repos\azure-devops-migration-platform\tests\DevOpsMigrationPlatform.Infrastructure.Tests\DevOpsMigrationPlatform.Infrastructure.Tests.csproj]
C:\Users\MartinHinshelwoodNKD\source\repos\azure-devops-migration-platform\tests\DevOpsMigrationPlatform.Infrastructure.Tests\Export\WorkItemExportOrchestratorTests.cs(320,27): error CS1501: No overload for method 'Create' takes 3 arguments [C:\Users\MartinHinshelwoodNKD\source\repos\azure-devops-migration-platform\tests\DevOpsMigrationPlatform.Infrastructure.Tests\DevOpsMigrationPlatform.Infrastructure.Tests.csproj]
C:\Users\MartinHinshelwoodNKD\source\repos\azure-devops-migration-platform\tests\DevOpsMigrationPlatform.Infrastructure.Tests\Export\WorkItemExportOrchestratorTests.cs(326,13): error CS1739: The best overload for 'WorkItemExportOrchestrator' does not have a parameter named 'organisationUrl' [C:\Users\MartinHinshelwoodNKD\source\repos\azure-devops-migration-platform\tests\DevOpsMigrationPlatform.Infrastructure.Tests\DevOpsMigrationPlatform.Infrastructure.Tests.csproj]
C:\Users\MartinHinshelwoodNKD\source\repos\azure-devops-migration-platform\tests\DevOpsMigrationPlatform.Infrastructure.Tests\Inventory\WorkItemQueryWindowStrategyTests.cs(314,27): error CS1501: No overload for method 'CreateAsync' takes 3 arguments [C:\Users\MartinHinshelwoodNKD\source\repos\azure-devops-migration-platform\tests\DevOpsMigrationPlatform.Infrastructure.Tests\DevOpsMigrationPlatform.Infrastructure.Tests.csproj]
C:\Users\MartinHinshelwoodNKD\source\repos\azure-devops-migration-platform\tests\DevOpsMigrationPlatform.Infrastructure.Tests\Inventory\InventoryServiceTests.cs(434,27): error CS1501: No overload for method 'EnumerateWindowsAsync' takes 5 arguments [C:\Users\MartinHinshelwoodNKD\source\repos\azure-devops-migration-platform\tests\DevOpsMigrationPlatform.Infrastructure.Tests\DevOpsMigrationPlatform.Infrastructure.Tests.csproj]
C:\Users\MartinHinshelwoodNKD\source\repos\azure-devops-migration-platform\tests\DevOpsMigrationPlatform.Infrastructure.Tests\Inventory\WorkItemQueryWindowStrategyTests.cs(378,27): error CS1501: No overload for method 'CreateAsync' takes 3 arguments [C:\Users\MartinHinshelwoodNKD\source\repos\azure-devops-migration-platform\tests\DevOpsMigrationPlatform.Infrastructure.Tests\DevOpsMigrationPlatform.Infrastructure.Tests.csproj]
C:\Users\MartinHinshelwoodNKD\source\repos\azure-devops-migration-platform\tests\DevOpsMigrationPlatform.Infrastructure.Tests\Inventory\InventoryServiceTests.cs(468,101): error CS1744: Named argument 'baseQuery' specifies a parameter for which a positional argument has already been given [C:\Users\MartinHinshelwoodNKD\source\repos\azure-devops-migration-platform\tests\DevOpsMigrationPlatform.Infrastructure.Tests\DevOpsMigrationPlatform.Infrastructure.Tests.csproj]
C:\Users\MartinHinshelwoodNKD\source\repos\azure-devops-migration-platform\tests\DevOpsMigrationPlatform.Infrastructure.Tests\Inventory\InventoryServiceTests.cs(487,101): error CS1744: Named argument 'baseQuery' specifies a parameter for which a positional argument has already been given [C:\Users\MartinHinshelwoodNKD\source\repos\azure-devops-migration-platform\tests\DevOpsMigrationPlatform.Infrastructure.Tests\DevOpsMigrationPlatform.Infrastructure.Tests.csproj]
C:\Users\MartinHinshelwoodNKD\source\repos\azure-devops-migration-platform\tests\DevOpsMigrationPlatform.Infrastructure.Tests\Inventory\InventoryServiceTests.cs(510,57): error CS1503: Argument 1: cannot convert from 'string' to 'DevOpsMigrationPlatform.Abstractions.OrganisationEndpoint' [C:\Users\MartinHinshelwoodNKD\source\repos\azure-devops-migration-platform\tests\DevOpsMigrationPlatform.Infrastructure.Tests\DevOpsMigrationPlatform.Infrastructure.Tests.csproj]
C:\Users\MartinHinshelwoodNKD\source\repos\azure-devops-migration-platform\tests\DevOpsMigrationPlatform.Infrastructure.Tests\Inventory\InventoryServiceTests.cs(536,57): error CS1503: Argument 1: cannot convert from 'string' to 'DevOpsMigrationPlatform.Abstractions.OrganisationEndpoint' [C:\Users\MartinHinshelwoodNKD\source\repos\azure-devops-migration-platform\tests\DevOpsMigrationPlatform.Infrastructure.Tests\DevOpsMigrationPlatform.Infrastructure.Tests.csproj]
C:\Users\MartinHinshelwoodNKD\source\repos\azure-devops-migration-platform\tests\DevOpsMigrationPlatform.Infrastructure.Tests\Export\ExportCommentsSteps.cs(361,35): error CS1501: No overload for method 'Create' takes 3 arguments [C:\Users\MartinHinshelwoodNKD\source\repos\azure-devops-migration-platform\tests\DevOpsMigrationPlatform.Infrastructure.Tests\DevOpsMigrationPlatform.Infrastructure.Tests.csproj]
C:\Users\MartinHinshelwoodNKD\source\repos\azure-devops-migration-platform\tests\DevOpsMigrationPlatform.Infrastructure.Tests\Export\ExportCommentsSteps.cs(366,13): error CS1739: The best overload for 'WorkItemExportOrchestrator' does not have a parameter named 'organisationUrl' [C:\Users\MartinHinshelwoodNKD\source\repos\azure-devops-migration-platform\tests\DevOpsMigrationPlatform.Infrastructure.Tests\DevOpsMigrationPlatform.Infrastructure.Tests.csproj]
C:\Users\MartinHinshelwoodNKD\source\repos\azure-devops-migration-platform\tests\DevOpsMigrationPlatform.Infrastructure.Tests\Export\ExportCommentsSteps.cs(395,35): error CS1501: No overload for method 'Create' takes 3 arguments [C:\Users\MartinHinshelwoodNKD\source\repos\azure-devops-migration-platform\tests\DevOpsMigrationPlatform.Infrastructure.Tests\DevOpsMigrationPlatform.Infrastructure.Tests.csproj]
C:\Users\MartinHinshelwoodNKD\source\repos\azure-devops-migration-platform\tests\DevOpsMigrationPlatform.Infrastructure.Tests\Export\ExportCommentsSteps.cs(400,13): error CS1739: The best overload for 'WorkItemExportOrchestrator' does not have a parameter named 'organisationUrl' [C:\Users\MartinHinshelwoodNKD\source\repos\azure-devops-migration-platform\tests\DevOpsMigrationPlatform.Infrastructure.Tests\DevOpsMigrationPlatform.Infrastructure.Tests.csproj]
C:\Users\MartinHinshelwoodNKD\source\repos\azure-devops-migration-platform\tests\DevOpsMigrationPlatform.Infrastructure.Tests\Inventory\WorkItemQueryWindowStrategyTests.cs(424,27): error CS1501: No overload for method 'CreateAsync' takes 3 arguments [C:\Users\MartinHinshelwoodNKD\source\repos\azure-devops-migration-platform\tests\DevOpsMigrationPlatform.Infrastructure.Tests\DevOpsMigrationPlatform.Infrastructure.Tests.csproj]
C:\Users\MartinHinshelwoodNKD\source\repos\azure-devops-migration-platform\tests\DevOpsMigrationPlatform.Infrastructure.Tests\Export\WorkItemExportOrchestratorTests.cs(394,27): error CS1501: No overload for method 'Create' takes 3 arguments [C:\Users\MartinHinshelwoodNKD\source\repos\azure-devops-migration-platform\tests\DevOpsMigrationPlatform.Infrastructure.Tests\DevOpsMigrationPlatform.Infrastructure.Tests.csproj]
C:\Users\MartinHinshelwoodNKD\source\repos\azure-devops-migration-platform\tests\DevOpsMigrationPlatform.Infrastructure.Tests\Export\WorkItemExportOrchestratorTests.cs(400,13): error CS1739: The best overload for 'WorkItemExportOrchestrator' does not have a parameter named 'organisationUrl' [C:\Users\MartinHinshelwoodNKD\source\repos\azure-devops-migration-platform\tests\DevOpsMigrationPlatform.Infrastructure.Tests\DevOpsMigrationPlatform.Infrastructure.Tests.csproj]
C:\Users\MartinHinshelwoodNKD\source\repos\azure-devops-migration-platform\tests\DevOpsMigrationPlatform.Infrastructure.Tests\Inventory\WorkItemQueryWindowStrategyTests.cs(473,27): error CS1501: No overload for method 'CreateAsync' takes 3 arguments [C:\Users\MartinHinshelwoodNKD\source\repos\azure-devops-migration-platform\tests\DevOpsMigrationPlatform.Infrastructure.Tests\DevOpsMigrationPlatform.Infrastructure.Tests.csproj]
C:\Users\MartinHinshelwoodNKD\source\repos\azure-devops-migration-platform\tests\DevOpsMigrationPlatform.Infrastructure.Tests\Export\WorkItemExportOrchestratorTests.cs(447,13): error CS1739: The best overload for 'WorkItemExportOrchestrator' does not have a parameter named 'organisationUrl' [C:\Users\MartinHinshelwoodNKD\source\repos\azure-devops-migration-platform\tests\DevOpsMigrationPlatform.Infrastructure.Tests\DevOpsMigrationPlatform.Infrastructure.Tests.csproj]
C:\Users\MartinHinshelwoodNKD\source\repos\azure-devops-migration-platform\tests\DevOpsMigrationPlatform.Infrastructure.Tests\Export\WorkItemExportOrchestratorTests.cs(460,35): error CS1501: No overload for method 'Create' takes 3 arguments [C:\Users\MartinHinshelwoodNKD\source\repos\azure-devops-migration-platform\tests\DevOpsMigrationPlatform.Infrastructure.Tests\DevOpsMigrationPlatform.Infrastructure.Tests.csproj]
C:\Users\MartinHinshelwoodNKD\source\repos\azure-devops-migration-platform\tests\DevOpsMigrationPlatform.Infrastructure.Tests\Inventory\WorkItemQueryWindowStrategyTests.cs(532,27): error CS1501: No overload for method 'CreateAsync' takes 3 arguments [C:\Users\MartinHinshelwoodNKD\source\repos\azure-devops-migration-platform\tests\DevOpsMigrationPlatform.Infrastructure.Tests\DevOpsMigrationPlatform.Infrastructure.Tests.csproj]
C:\Users\MartinHinshelwoodNKD\source\repos\azure-devops-migration-platform\tests\DevOpsMigrationPlatform.Infrastructure.Tests\Inventory\WorkItemQueryWindowStrategyTests.cs(579,27): error CS1501: No overload for method 'CreateAsync' takes 3 arguments [C:\Users\MartinHinshelwoodNKD\source\repos\azure-devops-migration-platform\tests\DevOpsMigrationPlatform.Infrastructure.Tests\DevOpsMigrationPlatform.Infrastructure.Tests.csproj]
C:\Users\MartinHinshelwoodNKD\source\repos\azure-devops-migration-platform\tests\DevOpsMigrationPlatform.Infrastructure.Tests\Inventory\WorkItemQueryWindowStrategyTests.cs(622,27): error CS1501: No overload for method 'CreateAsync' takes 3 arguments [C:\Users\MartinHinshelwoodNKD\source\repos\azure-devops-migration-platform\tests\DevOpsMigrationPlatform.Infrastructure.Tests\DevOpsMigrationPlatform.Infrastructure.Tests.csproj]
C:\Users\MartinHinshelwoodNKD\source\repos\azure-devops-migration-platform\tests\DevOpsMigrationPlatform.Infrastructure.Tests\Inventory\WorkItemQueryWindowStrategyTests.cs(672,27): error CS1501: No overload for method 'CreateAsync' takes 3 arguments [C:\Users\MartinHinshelwoodNKD\source\repos\azure-devops-migration-platform\tests\DevOpsMigrationPlatform.Infrastructure.Tests\DevOpsMigrationPlatform.Infrastructure.Tests.csproj]
C:\Users\MartinHinshelwoodNKD\source\repos\azure-devops-migration-platform\tests\DevOpsMigrationPlatform.Infrastructure.Tests\Inventory\WorkItemQueryWindowStrategyTests.cs(738,27): error CS1501: No overload for method 'CreateAsync' takes 3 arguments [C:\Users\MartinHinshelwoodNKD\source\repos\azure-devops-migration-platform\tests\DevOpsMigrationPlatform.Infrastructure.Tests\DevOpsMigrationPlatform.Infrastructure.Tests.csproj]
C:\Users\MartinHinshelwoodNKD\source\repos\azure-devops-migration-platform\tests\DevOpsMigrationPlatform.Infrastructure.Tests\Inventory\WorkItemQueryWindowStrategyTests.cs(775,27): error CS1501: No overload for method 'CreateAsync' takes 3 arguments [C:\Users\MartinHinshelwoodNKD\source\repos\azure-devops-migration-platform\tests\DevOpsMigrationPlatform.Infrastructure.Tests\DevOpsMigrationPlatform.Infrastructure.Tests.csproj]
C:\Users\MartinHinshelwoodNKD\source\repos\azure-devops-migration-platform\tests\DevOpsMigrationPlatform.Infrastructure.Tests\Inventory\WorkItemQueryWindowStrategyTests.cs(783,63): error CS1503: Argument 1: cannot convert from 'string' to 'DevOpsMigrationPlatform.Abstractions.OrganisationEndpoint' [C:\Users\MartinHinshelwoodNKD\source\repos\azure-devops-migration-platform\tests\DevOpsMigrationPlatform.Infrastructure.Tests\DevOpsMigrationPlatform.Infrastructure.Tests.csproj]
C:\Users\MartinHinshelwoodNKD\source\repos\azure-devops-migration-platform\tests\DevOpsMigrationPlatform.Infrastructure.Tests\Inventory\WorkItemQueryWindowStrategyTests.cs(783,77): error CS1503: Argument 3: cannot convert from 'string' to 'DevOpsMigrationPlatform.Abstractions.Services.WorkItemQueryWindowOptions?' [C:\Users\MartinHinshelwoodNKD\source\repos\azure-devops-migration-platform\tests\DevOpsMigrationPlatform.Infrastructure.Tests\DevOpsMigrationPlatform.Infrastructure.Tests.csproj]
C:\Users\MartinHinshelwoodNKD\source\repos\azure-devops-migration-platform\tests\DevOpsMigrationPlatform.Infrastructure.Tests\Inventory\WorkItemQueryWindowStrategyTests.cs(783,82): error CS1503: Argument 4: cannot convert from 'DevOpsMigrationPlatform.Abstractions.Services.WorkItemQueryWindowOptions' to 'System.Threading.CancellationToken' [C:\Users\MartinHinshelwoodNKD\source\repos\azure-devops-migration-platform\tests\DevOpsMigrationPlatform.Infrastructure.Tests\DevOpsMigrationPlatform.Infrastructure.Tests.csproj]
C:\Users\MartinHinshelwoodNKD\source\repos\azure-devops-migration-platform\tests\DevOpsMigrationPlatform.Infrastructure.Tests\Inventory\WorkItemQueryWindowStrategyTests.cs(815,27): error CS1501: No overload for method 'CreateAsync' takes 3 arguments [C:\Users\MartinHinshelwoodNKD\source\repos\azure-devops-migration-platform\tests\DevOpsMigrationPlatform.Infrastructure.Tests\DevOpsMigrationPlatform.Infrastructure.Tests.csproj]
C:\Users\MartinHinshelwoodNKD\source\repos\azure-devops-migration-platform\tests\DevOpsMigrationPlatform.Infrastructure.Tests\Inventory\WorkItemQueryWindowStrategyTests.cs(879,27): error CS1501: No overload for method 'CreateAsync' takes 3 arguments [C:\Users\MartinHinshelwoodNKD\source\repos\azure-devops-migration-platform\tests\DevOpsMigrationPlatform.Infrastructure.Tests\DevOpsMigrationPlatform.Infrastructure.Tests.csproj]
C:\Users\MartinHinshelwoodNKD\source\repos\azure-devops-migration-platform\tests\DevOpsMigrationPlatform.Infrastructure.Tests\Inventory\WorkItemQueryWindowStrategyTests.cs(924,27): error CS1501: No overload for method 'CreateAsync' takes 3 arguments [C:\Users\MartinHinshelwoodNKD\source\repos\azure-devops-migration-platform\tests\DevOpsMigrationPlatform.Infrastructure.Tests\DevOpsMigrationPlatform.Infrastructure.Tests.csproj]
C:\Users\MartinHinshelwoodNKD\source\repos\azure-devops-migration-platform\tests\DevOpsMigrationPlatform.Infrastructure.Tests\Inventory\WorkItemQueryWindowStrategyTests.cs(932,63): error CS1503: Argument 1: cannot convert from 'string' to 'DevOpsMigrationPlatform.Abstractions.OrganisationEndpoint' [C:\Users\MartinHinshelwoodNKD\source\repos\azure-devops-migration-platform\tests\DevOpsMigrationPlatform.Infrastructure.Tests\DevOpsMigrationPlatform.Infrastructure.Tests.csproj]
C:\Users\MartinHinshelwoodNKD\source\repos\azure-devops-migration-platform\tests\DevOpsMigrationPlatform.Infrastructure.Tests\Inventory\WorkItemQueryWindowStrategyTests.cs(932,77): error CS1503: Argument 3: cannot convert from 'string' to 'DevOpsMigrationPlatform.Abstractions.Services.WorkItemQueryWindowOptions?' [C:\Users\MartinHinshelwoodNKD\source\repos\azure-devops-migration-platform\tests\DevOpsMigrationPlatform.Infrastructure.Tests\DevOpsMigrationPlatform.Infrastructure.Tests.csproj]
C:\Users\MartinHinshelwoodNKD\source\repos\azure-devops-migration-platform\tests\DevOpsMigrationPlatform.Infrastructure.Tests\Inventory\WorkItemQueryWindowStrategyTests.cs(932,82): error CS1503: Argument 4: cannot convert from 'DevOpsMigrationPlatform.Abstractions.Services.WorkItemQueryWindowOptions' to 'System.Threading.CancellationToken' [C:\Users\MartinHinshelwoodNKD\source\repos\azure-devops-migration-platform\tests\DevOpsMigrationPlatform.Infrastructure.Tests\DevOpsMigrationPlatform.Infrastructure.Tests.csproj]
C:\Users\MartinHinshelwoodNKD\source\repos\azure-devops-migration-platform\tests\DevOpsMigrationPlatform.Infrastructure.Tests\Inventory\WorkItemQueryWindowStrategyTests.cs(971,27): error CS1501: No overload for method 'CreateAsync' takes 3 arguments [C:\Users\MartinHinshelwoodNKD\source\repos\azure-devops-migration-platform\tests\DevOpsMigrationPlatform.Infrastructure.Tests\DevOpsMigrationPlatform.Infrastructure.Tests.csproj]
C:\Users\MartinHinshelwoodNKD\source\repos\azure-devops-migration-platform\tests\DevOpsMigrationPlatform.Infrastructure.Tests\Inventory\WorkItemQueryWindowStrategyTests.cs(1028,27): error CS1501: No overload for method 'CreateAsync' takes 3 arguments [C:\Users\MartinHinshelwoodNKD\source\repos\azure-devops-migration-platform\tests\DevOpsMigrationPlatform.Infrastructure.Tests\DevOpsMigrationPlatform.Infrastructure.Tests.csproj]
C:\Users\MartinHinshelwoodNKD\source\repos\azure-devops-migration-platform\tests\DevOpsMigrationPlatform.Infrastructure.Tests\Inventory\WorkItemQueryWindowStrategyTests.cs(1035,63): error CS1503: Argument 1: cannot convert from 'string' to 'DevOpsMigrationPlatform.Abstractions.OrganisationEndpoint' [C:\Users\MartinHinshelwoodNKD\source\repos\azure-devops-migration-platform\tests\DevOpsMigrationPlatform.Infrastructure.Tests\DevOpsMigrationPlatform.Infrastructure.Tests.csproj]
C:\Users\MartinHinshelwoodNKD\source\repos\azure-devops-migration-platform\tests\DevOpsMigrationPlatform.Infrastructure.Tests\Inventory\WorkItemQueryWindowStrategyTests.cs(1035,77): error CS1503: Argument 3: cannot convert from 'string' to 'DevOpsMigrationPlatform.Abstractions.Services.WorkItemQueryWindowOptions?' [C:\Users\MartinHinshelwoodNKD\source\repos\azure-devops-migration-platform\tests\DevOpsMigrationPlatform.Infrastructure.Tests\DevOpsMigrationPlatform.Infrastructure.Tests.csproj]
C:\Users\MartinHinshelwoodNKD\source\repos\azure-devops-migration-platform\tests\DevOpsMigrationPlatform.Infrastructure.Tests\Inventory\WorkItemQueryWindowStrategyTests.cs(1125,27): error CS1501: No overload for method 'CreateAsync' takes 3 arguments [C:\Users\MartinHinshelwoodNKD\source\repos\azure-devops-migration-platform\tests\DevOpsMigrationPlatform.Infrastructure.Tests\DevOpsMigrationPlatform.Infrastructure.Tests.csproj]
C:\Users\MartinHinshelwoodNKD\source\repos\azure-devops-migration-platform\tests\DevOpsMigrationPlatform.Infrastructure.Tests\Inventory\WorkItemQueryWindowStrategyTests.cs(1156,27): error CS1501: No overload for method 'CreateAsync' takes 3 arguments [C:\Users\MartinHinshelwoodNKD\source\repos\azure-devops-migration-platform\tests\DevOpsMigrationPlatform.Infrastructure.Tests\DevOpsMigrationPlatform.Infrastructure.Tests.csproj]
C:\Users\MartinHinshelwoodNKD\source\repos\azure-devops-migration-platform\tests\DevOpsMigrationPlatform.Infrastructure.Tests\Inventory\WorkItemQueryWindowStrategyTests.cs(1163,63): error CS1503: Argument 1: cannot convert from 'string' to 'DevOpsMigrationPlatform.Abstractions.OrganisationEndpoint' [C:\Users\MartinHinshelwoodNKD\source\repos\azure-devops-migration-platform\tests\DevOpsMigrationPlatform.Infrastructure.Tests\DevOpsMigrationPlatform.Infrastructure.Tests.csproj]
C:\Users\MartinHinshelwoodNKD\source\repos\azure-devops-migration-platform\tests\DevOpsMigrationPlatform.Infrastructure.Tests\Inventory\WorkItemQueryWindowStrategyTests.cs(1163,77): error CS1503: Argument 3: cannot convert from 'string' to 'DevOpsMigrationPlatform.Abstractions.Services.WorkItemQueryWindowOptions?' [C:\Users\MartinHinshelwoodNKD\source\repos\azure-devops-migration-platform\tests\DevOpsMigrationPlatform.Infrastructure.Tests\DevOpsMigrationPlatform.Infrastructure.Tests.csproj]

Build FAILED.

C:\Users\MartinHinshelwoodNKD\source\repos\azure-devops-migration-platform\tests\DevOpsMigrationPlatform.Infrastructure.Tests\Inventory\WorkItemQueryWindowStrategyTests.cs(65,27): error CS1501: No overload for method 'CreateAsync' takes 3 arguments [C:\Users\MartinHinshelwoodNKD\source\repos\azure-devops-migration-platform\tests\DevOpsMigrationPlatform.Infrastructure.Tests\DevOpsMigrationPlatform.Infrastructure.Tests.csproj]
C:\Users\MartinHinshelwoodNKD\source\repos\azure-devops-migration-platform\tests\DevOpsMigrationPlatform.Infrastructure.Tests\Inventory\WorkItemQueryWindowStrategyTests.cs(76,59): error CS1503: Argument 1: cannot convert from 'string' to 'DevOpsMigrationPlatform.Abstractions.OrganisationEndpoint' [C:\Users\MartinHinshelwoodNKD\source\repos\azure-devops-migration-platform\tests\DevOpsMigrationPlatform.Infrastructure.Tests\DevOpsMigrationPlatform.Infrastructure.Tests.csproj]
C:\Users\MartinHinshelwoodNKD\source\repos\azure-devops-migration-platform\tests\DevOpsMigrationPlatform.Infrastructure.Tests\Inventory\WorkItemQueryWindowStrategyTests.cs(76,73): error CS1503: Argument 3: cannot convert from 'string' to 'DevOpsMigrationPlatform.Abstractions.Services.WorkItemQueryWindowOptions?' [C:\Users\MartinHinshelwoodNKD\source\repos\azure-devops-migration-platform\tests\DevOpsMigrationPlatform.Infrastructure.Tests\DevOpsMigrationPlatform.Infrastructure.Tests.csproj]
C:\Users\MartinHinshelwoodNKD\source\repos\azure-devops-migration-platform\tests\DevOpsMigrationPlatform.Infrastructure.Tests\Inventory\WorkItemQueryWindowStrategyTests.cs(76,78): error CS1503: Argument 4: cannot convert from 'DevOpsMigrationPlatform.Abstractions.Services.WorkItemQueryWindowOptions' to 'System.Threading.CancellationToken' [C:\Users\MartinHinshelwoodNKD\source\repos\azure-devops-migration-platform\tests\DevOpsMigrationPlatform.Infrastructure.Tests\DevOpsMigrationPlatform.Infrastructure.Tests.csproj]
C:\Users\MartinHinshelwoodNKD\source\repos\azure-devops-migration-platform\tests\DevOpsMigrationPlatform.Infrastructure.Tests\Inventory\InventoryServiceTests.cs(62,27): error CS1501: No overload for method 'DiscoverWorkItemsAsync' takes 4 arguments [C:\Users\MartinHinshelwoodNKD\source\repos\azure-devops-migration-platform\tests\DevOpsMigrationPlatform.Infrastructure.Tests\DevOpsMigrationPlatform.Infrastructure.Tests.csproj]
C:\Users\MartinHinshelwoodNKD\source\repos\azure-devops-migration-platform\tests\DevOpsMigrationPlatform.Infrastructure.Tests\Inventory\WorkItemQueryWindowStrategyTests.cs(176,27): error CS1501: No overload for method 'CreateAsync' takes 3 arguments [C:\Users\MartinHinshelwoodNKD\source\repos\azure-devops-migration-platform\tests\DevOpsMigrationPlatform.Infrastructure.Tests\DevOpsMigrationPlatform.Infrastructure.Tests.csproj]
C:\Users\MartinHinshelwoodNKD\source\repos\azure-devops-migration-platform\tests\DevOpsMigrationPlatform.Infrastructure.Tests\Inventory\InventoryServiceTests.cs(104,27): error CS1501: No overload for method 'CountReposAsync' takes 4 arguments [C:\Users\MartinHinshelwoodNKD\source\repos\azure-devops-migration-platform\tests\DevOpsMigrationPlatform.Infrastructure.Tests\DevOpsMigrationPlatform.Infrastructure.Tests.csproj]
C:\Users\MartinHinshelwoodNKD\source\repos\azure-devops-migration-platform\tests\DevOpsMigrationPlatform.Infrastructure.Tests\Inventory\WorkItemQueryWindowStrategyTests.cs(216,27): error CS1501: No overload for method 'CreateAsync' takes 3 arguments [C:\Users\MartinHinshelwoodNKD\source\repos\azure-devops-migration-platform\tests\DevOpsMigrationPlatform.Infrastructure.Tests\DevOpsMigrationPlatform.Infrastructure.Tests.csproj]
C:\Users\MartinHinshelwoodNKD\source\repos\azure-devops-migration-platform\tests\DevOpsMigrationPlatform.Infrastructure.Tests\Export\ExportCommentsSteps.cs(116,27): error CS1501: No overload for method 'Create' takes 3 arguments [C:\Users\MartinHinshelwoodNKD\source\repos\azure-devops-migration-platform\tests\DevOpsMigrationPlatform.Infrastructure.Tests\DevOpsMigrationPlatform.Infrastructure.Tests.csproj]
C:\Users\MartinHinshelwoodNKD\source\repos\azure-devops-migration-platform\tests\DevOpsMigrationPlatform.Infrastructure.Tests\Export\ExportCommentsSteps.cs(127,13): error CS1739: The best overload for 'WorkItemExportOrchestrator' does not have a parameter named 'organisationUrl' [C:\Users\MartinHinshelwoodNKD\source\repos\azure-devops-migration-platform\tests\DevOpsMigrationPlatform.Infrastructure.Tests\DevOpsMigrationPlatform.Infrastructure.Tests.csproj]
C:\Users\MartinHinshelwoodNKD\source\repos\azure-devops-migration-platform\tests\DevOpsMigrationPlatform.Infrastructure.Tests\Inventory\InventoryServiceTests.cs(152,36): error CS1501: No overload for method 'DiscoverWorkItemsAsync' takes 4 arguments [C:\Users\MartinHinshelwoodNKD\source\repos\azure-devops-migration-platform\tests\DevOpsMigrationPlatform.Infrastructure.Tests\DevOpsMigrationPlatform.Infrastructure.Tests.csproj]
C:\Users\MartinHinshelwoodNKD\source\repos\azure-devops-migration-platform\tests\DevOpsMigrationPlatform.Infrastructure.Tests\Inventory\WorkItemQueryWindowStrategyTests.cs(266,27): error CS1501: No overload for method 'CreateAsync' takes 3 arguments [C:\Users\MartinHinshelwoodNKD\source\repos\azure-devops-migration-platform\tests\DevOpsMigrationPlatform.Infrastructure.Tests\DevOpsMigrationPlatform.Infrastructure.Tests.csproj]
C:\Users\MartinHinshelwoodNKD\source\repos\azure-devops-migration-platform\tests\DevOpsMigrationPlatform.Infrastructure.Tests\Export\WorkItemExportOrchestratorTests.cs(320,27): error CS1501: No overload for method 'Create' takes 3 arguments [C:\Users\MartinHinshelwoodNKD\source\repos\azure-devops-migration-platform\tests\DevOpsMigrationPlatform.Infrastructure.Tests\DevOpsMigrationPlatform.Infrastructure.Tests.csproj]
C:\Users\MartinHinshelwoodNKD\source\repos\azure-devops-migration-platform\tests\DevOpsMigrationPlatform.Infrastructure.Tests\Export\WorkItemExportOrchestratorTests.cs(326,13): error CS1739: The best overload for 'WorkItemExportOrchestrator' does not have a parameter named 'organisationUrl' [C:\Users\MartinHinshelwoodNKD\source\repos\azure-devops-migration-platform\tests\DevOpsMigrationPlatform.Infrastructure.Tests\DevOpsMigrationPlatform.Infrastructure.Tests.csproj]
C:\Users\MartinHinshelwoodNKD\source\repos\azure-devops-migration-platform\tests\DevOpsMigrationPlatform.Infrastructure.Tests\Inventory\WorkItemQueryWindowStrategyTests.cs(314,27): error CS1501: No overload for method 'CreateAsync' takes 3 arguments [C:\Users\MartinHinshelwoodNKD\source\repos\azure-devops-migration-platform\tests\DevOpsMigrationPlatform.Infrastructure.Tests\DevOpsMigrationPlatform.Infrastructure.Tests.csproj]
C:\Users\MartinHinshelwoodNKD\source\repos\azure-devops-migration-platform\tests\DevOpsMigrationPlatform.Infrastructure.Tests\Inventory\InventoryServiceTests.cs(434,27): error CS1501: No overload for method 'EnumerateWindowsAsync' takes 5 arguments [C:\Users\MartinHinshelwoodNKD\source\repos\azure-devops-migration-platform\tests\DevOpsMigrationPlatform.Infrastructure.Tests\DevOpsMigrationPlatform.Infrastructure.Tests.csproj]
C:\Users\MartinHinshelwoodNKD\source\repos\azure-devops-migration-platform\tests\DevOpsMigrationPlatform.Infrastructure.Tests\Inventory\WorkItemQueryWindowStrategyTests.cs(378,27): error CS1501: No overload for method 'CreateAsync' takes 3 arguments [C:\Users\MartinHinshelwoodNKD\source\repos\azure-devops-migration-platform\tests\DevOpsMigrationPlatform.Infrastructure.Tests\DevOpsMigrationPlatform.Infrastructure.Tests.csproj]
C:\Users\MartinHinshelwoodNKD\source\repos\azure-devops-migration-platform\tests\DevOpsMigrationPlatform.Infrastructure.Tests\Inventory\InventoryServiceTests.cs(468,101): error CS1744: Named argument 'baseQuery' specifies a parameter for which a positional argument has already been given [C:\Users\MartinHinshelwoodNKD\source\repos\azure-devops-migration-platform\tests\DevOpsMigrationPlatform.Infrastructure.Tests\DevOpsMigrationPlatform.Infrastructure.Tests.csproj]
C:\Users\MartinHinshelwoodNKD\source\repos\azure-devops-migration-platform\tests\DevOpsMigrationPlatform.Infrastructure.Tests\Inventory\InventoryServiceTests.cs(487,101): error CS1744: Named argument 'baseQuery' specifies a parameter for which a positional argument has already been given [C:\Users\MartinHinshelwoodNKD\source\repos\azure-devops-migration-platform\tests\DevOpsMigrationPlatform.Infrastructure.Tests\DevOpsMigrationPlatform.Infrastructure.Tests.csproj]
C:\Users\MartinHinshelwoodNKD\source\repos\azure-devops-migration-platform\tests\DevOpsMigrationPlatform.Infrastructure.Tests\Inventory\InventoryServiceTests.cs(510,57): error CS1503: Argument 1: cannot convert from 'string' to 'DevOpsMigrationPlatform.Abstractions.OrganisationEndpoint' [C:\Users\MartinHinshelwoodNKD\source\repos\azure-devops-migration-platform\tests\DevOpsMigrationPlatform.Infrastructure.Tests\DevOpsMigrationPlatform.Infrastructure.Tests.csproj]
C:\Users\MartinHinshelwoodNKD\source\repos\azure-devops-migration-platform\tests\DevOpsMigrationPlatform.Infrastructure.Tests\Inventory\InventoryServiceTests.cs(536,57): error CS1503: Argument 1: cannot convert from 'string' to 'DevOpsMigrationPlatform.Abstractions.OrganisationEndpoint' [C:\Users\MartinHinshelwoodNKD\source\repos\azure-devops-migration-platform\tests\DevOpsMigrationPlatform.Infrastructure.Tests\DevOpsMigrationPlatform.Infrastructure.Tests.csproj]
C:\Users\MartinHinshelwoodNKD\source\repos\azure-devops-migration-platform\tests\DevOpsMigrationPlatform.Infrastructure.Tests\Export\ExportCommentsSteps.cs(361,35): error CS1501: No overload for method 'Create' takes 3 arguments [C:\Users\MartinHinshelwoodNKD\source\repos\azure-devops-migration-platform\tests\DevOpsMigrationPlatform.Infrastructure.Tests\DevOpsMigrationPlatform.Infrastructure.Tests.csproj]
C:\Users\MartinHinshelwoodNKD\source\repos\azure-devops-migration-platform\tests\DevOpsMigrationPlatform.Infrastructure.Tests\Export\ExportCommentsSteps.cs(366,13): error CS1739: The best overload for 'WorkItemExportOrchestrator' does not have a parameter named 'organisationUrl' [C:\Users\MartinHinshelwoodNKD\source\repos\azure-devops-migration-platform\tests\DevOpsMigrationPlatform.Infrastructure.Tests\DevOpsMigrationPlatform.Infrastructure.Tests.csproj]
C:\Users\MartinHinshelwoodNKD\source\repos\azure-devops-migration-platform\tests\DevOpsMigrationPlatform.Infrastructure.Tests\Export\ExportCommentsSteps.cs(395,35): error CS1501: No overload for method 'Create' takes 3 arguments [C:\Users\MartinHinshelwoodNKD\source\repos\azure-devops-migration-platform\tests\DevOpsMigrationPlatform.Infrastructure.Tests\DevOpsMigrationPlatform.Infrastructure.Tests.csproj]
C:\Users\MartinHinshelwoodNKD\source\repos\azure-devops-migration-platform\tests\DevOpsMigrationPlatform.Infrastructure.Tests\Export\ExportCommentsSteps.cs(400,13): error CS1739: The best overload for 'WorkItemExportOrchestrator' does not have a parameter named 'organisationUrl' [C:\Users\MartinHinshelwoodNKD\source\repos\azure-devops-migration-platform\tests\DevOpsMigrationPlatform.Infrastructure.Tests\DevOpsMigrationPlatform.Infrastructure.Tests.csproj]
C:\Users\MartinHinshelwoodNKD\source\repos\azure-devops-migration-platform\tests\DevOpsMigrationPlatform.Infrastructure.Tests\Inventory\WorkItemQueryWindowStrategyTests.cs(424,27): error CS1501: No overload for method 'CreateAsync' takes 3 arguments [C:\Users\MartinHinshelwoodNKD\source\repos\azure-devops-migration-platform\tests\DevOpsMigrationPlatform.Infrastructure.Tests\DevOpsMigrationPlatform.Infrastructure.Tests.csproj]
C:\Users\MartinHinshelwoodNKD\source\repos\azure-devops-migration-platform\tests\DevOpsMigrationPlatform.Infrastructure.Tests\Export\WorkItemExportOrchestratorTests.cs(394,27): error CS1501: No overload for method 'Create' takes 3 arguments [C:\Users\MartinHinshelwoodNKD\source\repos\azure-devops-migration-platform\tests\DevOpsMigrationPlatform.Infrastructure.Tests\DevOpsMigrationPlatform.Infrastructure.Tests.csproj]
C:\Users\MartinHinshelwoodNKD\source\repos\azure-devops-migration-platform\tests\DevOpsMigrationPlatform.Infrastructure.Tests\Export\WorkItemExportOrchestratorTests.cs(400,13): error CS1739: The best overload for 'WorkItemExportOrchestrator' does not have a parameter named 'organisationUrl' [C:\Users\MartinHinshelwoodNKD\source\repos\azure-devops-migration-platform\tests\DevOpsMigrationPlatform.Infrastructure.Tests\DevOpsMigrationPlatform.Infrastructure.Tests.csproj]
C:\Users\MartinHinshelwoodNKD\source\repos\azure-devops-migration-platform\tests\DevOpsMigrationPlatform.Infrastructure.Tests\Inventory\WorkItemQueryWindowStrategyTests.cs(473,27): error CS1501: No overload for method 'CreateAsync' takes 3 arguments [C:\Users\MartinHinshelwoodNKD\source\repos\azure-devops-migration-platform\tests\DevOpsMigrationPlatform.Infrastructure.Tests\DevOpsMigrationPlatform.Infrastructure.Tests.csproj]
C:\Users\MartinHinshelwoodNKD\source\repos\azure-devops-migration-platform\tests\DevOpsMigrationPlatform.Infrastructure.Tests\Export\WorkItemExportOrchestratorTests.cs(447,13): error CS1739: The best overload for 'WorkItemExportOrchestrator' does not have a parameter named 'organisationUrl' [C:\Users\MartinHinshelwoodNKD\source\repos\azure-devops-migration-platform\tests\DevOpsMigrationPlatform.Infrastructure.Tests\DevOpsMigrationPlatform.Infrastructure.Tests.csproj]
C:\Users\MartinHinshelwoodNKD\source\repos\azure-devops-migration-platform\tests\DevOpsMigrationPlatform.Infrastructure.Tests\Export\WorkItemExportOrchestratorTests.cs(460,35): error CS1501: No overload for method 'Create' takes 3 arguments [C:\Users\MartinHinshelwoodNKD\source\repos\azure-devops-migration-platform\tests\DevOpsMigrationPlatform.Infrastructure.Tests\DevOpsMigrationPlatform.Infrastructure.Tests.csproj]
C:\Users\MartinHinshelwoodNKD\source\repos\azure-devops-migration-platform\tests\DevOpsMigrationPlatform.Infrastructure.Tests\Inventory\WorkItemQueryWindowStrategyTests.cs(532,27): error CS1501: No overload for method 'CreateAsync' takes 3 arguments [C:\Users\MartinHinshelwoodNKD\source\repos\azure-devops-migration-platform\tests\DevOpsMigrationPlatform.Infrastructure.Tests\DevOpsMigrationPlatform.Infrastructure.Tests.csproj]
C:\Users\MartinHinshelwoodNKD\source\repos\azure-devops-migration-platform\tests\DevOpsMigrationPlatform.Infrastructure.Tests\Inventory\WorkItemQueryWindowStrategyTests.cs(579,27): error CS1501: No overload for method 'CreateAsync' takes 3 arguments [C:\Users\MartinHinshelwoodNKD\source\repos\azure-devops-migration-platform\tests\DevOpsMigrationPlatform.Infrastructure.Tests\DevOpsMigrationPlatform.Infrastructure.Tests.csproj]
C:\Users\MartinHinshelwoodNKD\source\repos\azure-devops-migration-platform\tests\DevOpsMigrationPlatform.Infrastructure.Tests\Inventory\WorkItemQueryWindowStrategyTests.cs(622,27): error CS1501: No overload for method 'CreateAsync' takes 3 arguments [C:\Users\MartinHinshelwoodNKD\source\repos\azure-devops-migration-platform\tests\DevOpsMigrationPlatform.Infrastructure.Tests\DevOpsMigrationPlatform.Infrastructure.Tests.csproj]
C:\Users\MartinHinshelwoodNKD\source\repos\azure-devops-migration-platform\tests\DevOpsMigrationPlatform.Infrastructure.Tests\Inventory\WorkItemQueryWindowStrategyTests.cs(672,27): error CS1501: No overload for method 'CreateAsync' takes 3 arguments [C:\Users\MartinHinshelwoodNKD\source\repos\azure-devops-migration-platform\tests\DevOpsMigrationPlatform.Infrastructure.Tests\DevOpsMigrationPlatform.Infrastructure.Tests.csproj]
C:\Users\MartinHinshelwoodNKD\source\repos\azure-devops-migration-platform\tests\DevOpsMigrationPlatform.Infrastructure.Tests\Inventory\WorkItemQueryWindowStrategyTests.cs(738,27): error CS1501: No overload for method 'CreateAsync' takes 3 arguments [C:\Users\MartinHinshelwoodNKD\source\repos\azure-devops-migration-platform\tests\DevOpsMigrationPlatform.Infrastructure.Tests\DevOpsMigrationPlatform.Infrastructure.Tests.csproj]
C:\Users\MartinHinshelwoodNKD\source\repos\azure-devops-migration-platform\tests\DevOpsMigrationPlatform.Infrastructure.Tests\Inventory\WorkItemQueryWindowStrategyTests.cs(775,27): error CS1501: No overload for method 'CreateAsync' takes 3 arguments [C:\Users\MartinHinshelwoodNKD\source\repos\azure-devops-migration-platform\tests\DevOpsMigrationPlatform.Infrastructure.Tests\DevOpsMigrationPlatform.Infrastructure.Tests.csproj]
C:\Users\MartinHinshelwoodNKD\source\repos\azure-devops-migration-platform\tests\DevOpsMigrationPlatform.Infrastructure.Tests\Inventory\WorkItemQueryWindowStrategyTests.cs(783,63): error CS1503: Argument 1: cannot convert from 'string' to 'DevOpsMigrationPlatform.Abstractions.OrganisationEndpoint' [C:\Users\MartinHinshelwoodNKD\source\repos\azure-devops-migration-platform\tests\DevOpsMigrationPlatform.Infrastructure.Tests\DevOpsMigrationPlatform.Infrastructure.Tests.csproj]
C:\Users\MartinHinshelwoodNKD\source\repos\azure-devops-migration-platform\tests\DevOpsMigrationPlatform.Infrastructure.Tests\Inventory\WorkItemQueryWindowStrategyTests.cs(783,77): error CS1503: Argument 3: cannot convert from 'string' to 'DevOpsMigrationPlatform.Abstractions.Services.WorkItemQueryWindowOptions?' [C:\Users\MartinHinshelwoodNKD\source\repos\azure-devops-migration-platform\tests\DevOpsMigrationPlatform.Infrastructure.Tests\DevOpsMigrationPlatform.Infrastructure.Tests.csproj]
C:\Users\MartinHinshelwoodNKD\source\repos\azure-devops-migration-platform\tests\DevOpsMigrationPlatform.Infrastructure.Tests\Inventory\WorkItemQueryWindowStrategyTests.cs(783,82): error CS1503: Argument 4: cannot convert from 'DevOpsMigrationPlatform.Abstractions.Services.WorkItemQueryWindowOptions' to 'System.Threading.CancellationToken' [C:\Users\MartinHinshelwoodNKD\source\repos\azure-devops-migration-platform\tests\DevOpsMigrationPlatform.Infrastructure.Tests\DevOpsMigrationPlatform.Infrastructure.Tests.csproj]
C:\Users\MartinHinshelwoodNKD\source\repos\azure-devops-migration-platform\tests\DevOpsMigrationPlatform.Infrastructure.Tests\Inventory\WorkItemQueryWindowStrategyTests.cs(815,27): error CS1501: No overload for method 'CreateAsync' takes 3 arguments [C:\Users\MartinHinshelwoodNKD\source\repos\azure-devops-migration-platform\tests\DevOpsMigrationPlatform.Infrastructure.Tests\DevOpsMigrationPlatform.Infrastructure.Tests.csproj]
C:\Users\MartinHinshelwoodNKD\source\repos\azure-devops-migration-platform\tests\DevOpsMigrationPlatform.Infrastructure.Tests\Inventory\WorkItemQueryWindowStrategyTests.cs(879,27): error CS1501: No overload for method 'CreateAsync' takes 3 arguments [C:\Users\MartinHinshelwoodNKD\source\repos\azure-devops-migration-platform\tests\DevOpsMigrationPlatform.Infrastructure.Tests\DevOpsMigrationPlatform.Infrastructure.Tests.csproj]
C:\Users\MartinHinshelwoodNKD\source\repos\azure-devops-migration-platform\tests\DevOpsMigrationPlatform.Infrastructure.Tests\Inventory\WorkItemQueryWindowStrategyTests.cs(924,27): error CS1501: No overload for method 'CreateAsync' takes 3 arguments [C:\Users\MartinHinshelwoodNKD\source\repos\azure-devops-migration-platform\tests\DevOpsMigrationPlatform.Infrastructure.Tests\DevOpsMigrationPlatform.Infrastructure.Tests.csproj]
C:\Users\MartinHinshelwoodNKD\source\repos\azure-devops-migration-platform\tests\DevOpsMigrationPlatform.Infrastructure.Tests\Inventory\WorkItemQueryWindowStrategyTests.cs(932,63): error CS1503: Argument 1: cannot convert from 'string' to 'DevOpsMigrationPlatform.Abstractions.OrganisationEndpoint' [C:\Users\MartinHinshelwoodNKD\source\repos\azure-devops-migration-platform\tests\DevOpsMigrationPlatform.Infrastructure.Tests\DevOpsMigrationPlatform.Infrastructure.Tests.csproj]
C:\Users\MartinHinshelwoodNKD\source\repos\azure-devops-migration-platform\tests\DevOpsMigrationPlatform.Infrastructure.Tests\Inventory\WorkItemQueryWindowStrategyTests.cs(932,77): error CS1503: Argument 3: cannot convert from 'string' to 'DevOpsMigrationPlatform.Abstractions.Services.WorkItemQueryWindowOptions?' [C:\Users\MartinHinshelwoodNKD\source\repos\azure-devops-migration-platform\tests\DevOpsMigrationPlatform.Infrastructure.Tests\DevOpsMigrationPlatform.Infrastructure.Tests.csproj]
C:\Users\MartinHinshelwoodNKD\source\repos\azure-devops-migration-platform\tests\DevOpsMigrationPlatform.Infrastructure.Tests\Inventory\WorkItemQueryWindowStrategyTests.cs(932,82): error CS1503: Argument 4: cannot convert from 'DevOpsMigrationPlatform.Abstractions.Services.WorkItemQueryWindowOptions' to 'System.Threading.CancellationToken' [C:\Users\MartinHinshelwoodNKD\source\repos\azure-devops-migration-platform\tests\DevOpsMigrationPlatform.Infrastructure.Tests\DevOpsMigrationPlatform.Infrastructure.Tests.csproj]
C:\Users\MartinHinshelwoodNKD\source\repos\azure-devops-migration-platform\tests\DevOpsMigrationPlatform.Infrastructure.Tests\Inventory\WorkItemQueryWindowStrategyTests.cs(971,27): error CS1501: No overload for method 'CreateAsync' takes 3 arguments [C:\Users\MartinHinshelwoodNKD\source\repos\azure-devops-migration-platform\tests\DevOpsMigrationPlatform.Infrastructure.Tests\DevOpsMigrationPlatform.Infrastructure.Tests.csproj]
C:\Users\MartinHinshelwoodNKD\source\repos\azure-devops-migration-platform\tests\DevOpsMigrationPlatform.Infrastructure.Tests\Inventory\WorkItemQueryWindowStrategyTests.cs(1028,27): error CS1501: No overload for method 'CreateAsync' takes 3 arguments [C:\Users\MartinHinshelwoodNKD\source\repos\azure-devops-migration-platform\tests\DevOpsMigrationPlatform.Infrastructure.Tests\DevOpsMigrationPlatform.Infrastructure.Tests.csproj]
C:\Users\MartinHinshelwoodNKD\source\repos\azure-devops-migration-platform\tests\DevOpsMigrationPlatform.Infrastructure.Tests\Inventory\WorkItemQueryWindowStrategyTests.cs(1035,63): error CS1503: Argument 1: cannot convert from 'string' to 'DevOpsMigrationPlatform.Abstractions.OrganisationEndpoint' [C:\Users\MartinHinshelwoodNKD\source\repos\azure-devops-migration-platform\tests\DevOpsMigrationPlatform.Infrastructure.Tests\DevOpsMigrationPlatform.Infrastructure.Tests.csproj]
C:\Users\MartinHinshelwoodNKD\source\repos\azure-devops-migration-platform\tests\DevOpsMigrationPlatform.Infrastructure.Tests\Inventory\WorkItemQueryWindowStrategyTests.cs(1035,77): error CS1503: Argument 3: cannot convert from 'string' to 'DevOpsMigrationPlatform.Abstractions.Services.WorkItemQueryWindowOptions?' [C:\Users\MartinHinshelwoodNKD\source\repos\azure-devops-migration-platform\tests\DevOpsMigrationPlatform.Infrastructure.Tests\DevOpsMigrationPlatform.Infrastructure.Tests.csproj]
C:\Users\MartinHinshelwoodNKD\source\repos\azure-devops-migration-platform\tests\DevOpsMigrationPlatform.Infrastructure.Tests\Inventory\WorkItemQueryWindowStrategyTests.cs(1125,27): error CS1501: No overload for method 'CreateAsync' takes 3 arguments [C:\Users\MartinHinshelwoodNKD\source\repos\azure-devops-migration-platform\tests\DevOpsMigrationPlatform.Infrastructure.Tests\DevOpsMigrationPlatform.Infrastructure.Tests.csproj]
C:\Users\MartinHinshelwoodNKD\source\repos\azure-devops-migration-platform\tests\DevOpsMigrationPlatform.Infrastructure.Tests\Inventory\WorkItemQueryWindowStrategyTests.cs(1156,27): error CS1501: No overload for method 'CreateAsync' takes 3 arguments [C:\Users\MartinHinshelwoodNKD\source\repos\azure-devops-migration-platform\tests\DevOpsMigrationPlatform.Infrastructure.Tests\DevOpsMigrationPlatform.Infrastructure.Tests.csproj]
C:\Users\MartinHinshelwoodNKD\source\repos\azure-devops-migration-platform\tests\DevOpsMigrationPlatform.Infrastructure.Tests\Inventory\WorkItemQueryWindowStrategyTests.cs(1163,63): error CS1503: Argument 1: cannot convert from 'string' to 'DevOpsMigrationPlatform.Abstractions.OrganisationEndpoint' [C:\Users\MartinHinshelwoodNKD\source\repos\azure-devops-migration-platform\tests\DevOpsMigrationPlatform.Infrastructure.Tests\DevOpsMigrationPlatform.Infrastructure.Tests.csproj]
C:\Users\MartinHinshelwoodNKD\source\repos\azure-devops-migration-platform\tests\DevOpsMigrationPlatform.Infrastructure.Tests\Inventory\WorkItemQueryWindowStrategyTests.cs(1163,77): error CS1503: Argument 3: cannot convert from 'string' to 'DevOpsMigrationPlatform.Abstractions.Services.WorkItemQueryWindowOptions?' [C:\Users\MartinHinshelwoodNKD\source\repos\azure-devops-migration-platform\tests\DevOpsMigrationPlatform.Infrastructure.Tests\DevOpsMigrationPlatform.Infrastructure.Tests.csproj]
    0 Warning(s)
    54 Error(s)

Time Elapsed 00:00:04.21
