  Determining projects to restore...
  All projects are up-to-date for restore.
  DevOpsMigrationPlatform.Abstractions -> C:\Users\MartinHinshelwoodNKD\source\repos\azure-devops-migration-platform\src\DevOpsMigrationPlatform.Abstractions\bin\Debug\net481\DevOpsMigrationPlatform.Abstractions.dll
  DevOpsMigrationPlatform.Abstractions -> C:\Users\MartinHinshelwoodNKD\source\repos\azure-devops-migration-platform\src\DevOpsMigrationPlatform.Abstractions\bin\Debug\net10.0\DevOpsMigrationPlatform.Abstractions.dll
  DevOpsMigrationPlatform.Infrastructure -> C:\Users\MartinHinshelwoodNKD\source\repos\azure-devops-migration-platform\src\DevOpsMigrationPlatform.Infrastructure\bin\Debug\net481\DevOpsMigrationPlatform.Infrastructure.dll
  DevOpsMigrationPlatform.ServiceDefaults -> C:\Users\MartinHinshelwoodNKD\source\repos\azure-devops-migration-platform\src\DevOpsMigrationPlatform.ServiceDefaults\bin\Debug\net10.0\DevOpsMigrationPlatform.ServiceDefaults.dll
  DevOpsMigrationPlatform.Infrastructure -> C:\Users\MartinHinshelwoodNKD\source\repos\azure-devops-migration-platform\src\DevOpsMigrationPlatform.Infrastructure\bin\Debug\net10.0\DevOpsMigrationPlatform.Infrastructure.dll
  DevOpsMigrationPlatform.Infrastructure.Simulated -> C:\Users\MartinHinshelwoodNKD\source\repos\azure-devops-migration-platform\src\DevOpsMigrationPlatform.Infrastructure.Simulated\bin\Debug\net10.0\DevOpsMigrationPlatform.Infrastructure.Simulated.dll
  DevOpsMigrationPlatform.ControlPlane -> C:\Users\MartinHinshelwoodNKD\source\repos\azure-devops-migration-platform\src\DevOpsMigrationPlatform.ControlPlane\bin\Debug\net10.0\DevOpsMigrationPlatform.ControlPlane.dll
  DevOpsMigrationPlatform.Infrastructure.AzureDevOps -> C:\Users\MartinHinshelwoodNKD\source\repos\azure-devops-migration-platform\src\DevOpsMigrationPlatform.Infrastructure.AzureDevOps\bin\Debug\net10.0\DevOpsMigrationPlatform.Infrastructure.AzureDevOps.dll
  DevOpsMigrationPlatform.Infrastructure.Simulated.Tests -> C:\Users\MartinHinshelwoodNKD\source\repos\azure-devops-migration-platform\tests\DevOpsMigrationPlatform.Infrastructure.Simulated.Tests\bin\Debug\net10.0\DevOpsMigrationPlatform.Infrastructure.Simulated.Tests.dll
  DevOpsMigrationPlatform.ControlPlane.Tests -> C:\Users\MartinHinshelwoodNKD\source\repos\azure-devops-migration-platform\tests\DevOpsMigrationPlatform.ControlPlane.Tests\bin\Debug\net10.0\DevOpsMigrationPlatform.ControlPlane.Tests.dll
Test run for C:\Users\MartinHinshelwoodNKD\source\repos\azure-devops-migration-platform\tests\DevOpsMigrationPlatform.ControlPlane.Tests\bin\Debug\net10.0\DevOpsMigrationPlatform.ControlPlane.Tests.dll (.NETCoreApp,Version=v10.0)
Test run for C:\Users\MartinHinshelwoodNKD\source\repos\azure-devops-migration-platform\tests\DevOpsMigrationPlatform.Infrastructure.Simulated.Tests\bin\Debug\net10.0\DevOpsMigrationPlatform.Infrastructure.Simulated.Tests.dll (.NETCoreApp,Version=v10.0)
  DevOpsMigrationPlatform.MigrationAgent -> C:\Users\MartinHinshelwoodNKD\source\repos\azure-devops-migration-platform\src\DevOpsMigrationPlatform.MigrationAgent\bin\Debug\net10.0\DevOpsMigrationPlatform.MigrationAgent.dll
A total of 1 test files matched the specified pattern.
A total of 1 test files matched the specified pattern.
  DevOpsMigrationPlatform.CLI.Migration -> C:\Users\MartinHinshelwoodNKD\source\repos\azure-devops-migration-platform\src\DevOpsMigrationPlatform.CLI.Migration\bin\Debug\net10.0\devopsmigration.dll
  DevOpsMigrationPlatform.CLI.Migration.Tests -> C:\Users\MartinHinshelwoodNKD\source\repos\azure-devops-migration-platform\tests\DevOpsMigrationPlatform.CLI.Migration.Tests\bin\Debug\net10.0\DevOpsMigrationPlatform.CLI.Migration.Tests.dll
Test run for C:\Users\MartinHinshelwoodNKD\source\repos\azure-devops-migration-platform\tests\DevOpsMigrationPlatform.CLI.Migration.Tests\bin\Debug\net10.0\DevOpsMigrationPlatform.CLI.Migration.Tests.dll (.NETCoreApp,Version=v10.0)
  DevOpsMigrationPlatform.Infrastructure.Tests -> C:\Users\MartinHinshelwoodNKD\source\repos\azure-devops-migration-platform\tests\DevOpsMigrationPlatform.Infrastructure.Tests\bin\Debug\net10.0\DevOpsMigrationPlatform.Infrastructure.Tests.dll
Test run for C:\Users\MartinHinshelwoodNKD\source\repos\azure-devops-migration-platform\tests\DevOpsMigrationPlatform.Infrastructure.Tests\bin\Debug\net10.0\DevOpsMigrationPlatform.Infrastructure.Tests.dll (.NETCoreApp,Version=v10.0)
A total of 1 test files matched the specified pattern.
  Passed DiscoverProjectsAsync_NoGenerator_ReturnsDefaultProject [9 ms]
  Passed DiscoverProjectsAsync_GeneratorWithProjects_ReturnsProjectList [1 ms]
  Passed DiscoverProjectsAsync_NullEndpoint_ReturnsDefault [< 1 ms]
  Passed CreateWorkItemAsync_AssignsSequentialIds [< 1 ms]
  Passed CreateWorkItemAsync_SetsIsNewlyCreated [< 1 ms]
  Passed CreateWorkItemAsync_EmptyWorkItemType_ThrowsArgumentException [2 ms]
  Passed UpdateFieldsAsync_ValidId_Completes [< 1 ms]
  Passed UpdateFieldsAsync_InvalidId_ThrowsArgumentOutOfRangeException [< 1 ms]
  Passed UploadAttachmentAsync_ReturnsDeterministicFakeId [1 ms]
A total of 1 test files matched the specified pattern.
  Passed GetExistingRelationsAsync_ReturnsEmptyRelations [< 1 ms]
  Passed AddLinksAsync_ValidId_Completes [< 1 ms]
  Passed GetRevisionsAsync_StreamsExpectedCount [4 ms]
  Passed GetRevisionsAsync_RevisionsAreDeterministic [1 ms]
  Passed GetRevisionsAsync_EmptyProjects_YieldsZeroRevisions [< 1 ms]
  Passed Constructor_RevisionsPerItemZero_ThrowsAtConstruction [< 1 ms]
  Passed GetRevisionsAsync_RevisionIndexStartsAtZero [< 1 ms]
  Passed GetRevisionsAsync_WorkItemIdsAreSequential [< 1 ms]
  Passed GetRevisionsAsync_CancellationToken_StopsStream [1 ms]

Test Run Successful.
Total tests: 18
     Passed: 18
 Total time: 0.6594 Seconds
  Passed Default_WhenNoEnvironmentSection_TypeIsStandalone [4 ms]
  Passed Default_WhenNoEnvironmentSection_ValidationPasses [2 ms]
  Passed Standalone_WithoutAgentRunner_IsValid [< 1 ms]
  Passed Standalone_WithAgentRunner_FailsValidation [1 ms]
  Passed Hosted_WithoutAgentRunner_IsValid [< 1 ms]
  Passed Hosted_WithoutBaseUrl_FailsValidation [< 1 ms]
  Passed Hosted_WithFullAgentRunner_IsValid [< 1 ms]
  Passed Hosted_WithAgentRunnerMissingAuth_FailsValidation [< 1 ms]
  Passed Hosted_WithAgentRunnerMissingFields_FailsValidation [< 1 ms]
  Passed AgentRunnerAuth_MissingFields_FailsValidation [1 ms]
  Passed Resolve_PlainValue_ReturnsSameValue [1 ms]
  Passed Resolve_NullValue_ReturnsEmpty [< 1 ms]
  Passed Resolve_EmptyValue_ReturnsEmpty [< 1 ms]
  Passed Resolve_EnvVarSet_ReturnsResolvedValue [< 1 ms]
  Passed Resolve_EnvVarNotSet_ThrowsInvalidOperation [< 1 ms]
  Passed Resolve_EmptyEnvRef_ThrowsInvalidOperation [< 1 ms]
  Passed IsEnvReference_WithPrefix_ReturnsTrue [< 1 ms]
  Passed IsEnvReference_WithoutPrefix_ReturnsFalse [< 1 ms]
  Passed IsEnvReference_Null_ReturnsFalse [< 1 ms]
  Passed ExtractConfigFileArg_WhenConfigSpecified_ReturnsAbsolutePath [1 ms]
  Passed ExtractConfigFileArg_WhenShortFlag_ReturnsAbsolutePath [< 1 ms]
  Passed ExtractConfigFileArg_WhenNoConfig_DefaultsToMigrationJson [< 1 ms]
  Passed ExtractConfigFileArg_WhenAbsolutePath_PreservesIt [< 1 ms]
  Passed CreateDefaultBuilder_RegistersEnvironmentOptions [56 ms]
  Passed CreateDefaultBuilder_RegistersAnsiConsole [5 ms]
  Passed CreateDefaultBuilder_InvokesConfigureServicesDelegate [1 ms]
  Passed CreateDefaultBuilder_ConfigureServicesDelegateReceivesConfiguration [1 ms]
  Passed CreateDefaultBuilder_SupportsArbitraryServiceRegistration_WithoutHostChanges [1 ms]
  Passed SanitizeException_WithValidException_ReturnsException [4 ms]
  Passed SanitizeMessage_WithPlainText_ReturnsUnchanged [< 1 ms]
  Passed SanitizeMessage_WithErrorCode_ReturnsUnchanged [< 1 ms]
  Passed SanitizeMessage_WithSocketError_ReturnsUnchanged [< 1 ms]
  Passed SanitizeMessage_WithTimeoutError_ReturnsUnchanged [< 1 ms]
  Passed SanitizeMessage_WithNullMessage_ReturnsEmpty [< 1 ms]
  Passed SanitizeMessage_WithEmptyMessage_ReturnsEmpty [< 1 ms]
  Passed SanitizeException_WithNullException_ReturnsSanitized [< 1 ms]
  Passed SanitizeMessage_WithServerError_ReturnsUnchanged [< 1 ms]
  Passed SanitizeMessage_WithFileNotFound_ReturnsUnchanged [< 1 ms]
  Passed SanitizeMessage_WithPermissionDenied_ReturnsUnchanged [< 1 ms]
  Passed SanitizeMessage_WithMultilineMessage_ReturnsUnchanged [< 1 ms]
  Passed SanitizeException_ReturnsExceptionWithSanitizedMessage [< 1 ms]
  Passed SanitizeException_WithInnerException_SanitizesBoth [< 1 ms]
  Passed UpdateJobs_WithJobs_ShowsRows [69 ms]
  Passed UpdateJobs_EmptyList_DoesNotCrash [1 ms]
  Passed JobSelected_EventFires_OnUpdateWithPopulatedList [< 1 ms]
  Passed Dispose_StopsRefreshTimer [1 ms]
  Passed Constructor_CreatesViewInProgressMode [1 ms]
  Passed Clear_DoesNotCrash_WhenNothingBound [< 1 ms]
  Passed ClearAndBind_DoesNotCrash [1 ms]
  Passed Dispose_StopsStream [< 1 ms]
  Passed OnJobEnded_HasCorrectSignature [< 1 ms]
  Passed MinLevel_DefaultsToInformation [< 1 ms]
  Passed ClearAndBind_CalledTwice_DoesNotLeakStream [< 1 ms]
  Passed MinLevel_CanBeChanged_ForDiagnosticsMode [< 1 ms]
  Passed ClearAndBind_InDiagnosticsMode_DoesNotCrash [1 ms]
  Passed Constructor_CreatesWindow_WithTitle [3 ms]
  Passed Dispose_CancelsActiveStreams [1 ms]
  Passed PreSelectJob_DoesNotCrash [< 1 ms]
  Passed Dispose_CalledTwice_DoesNotThrow [< 1 ms]
  Passed Update_WithNull_ShowsNoJobSelectedText [< 1 ms]
  Passed Update_WithSnapshot_DoesNotCrash [< 1 ms]
  Passed SetWaiting_DoesNotCrash [< 1 ms]
  Passed Update_CalledTwice_ReplacesFirst [< 1 ms]
  Passed PrintJobSubmitted_OutputContainsJobIdLine_SC004 [27 ms]
  Passed PrintJobSubmitted_OutputContainsControlLine_SC004 [< 1 ms]
  Passed PrintJobSubmitted_JobIdLineBeforeControlLine_SC004 [< 1 ms]
  Passed Constructor_Parameterless_CanBeCreated [< 1 ms]
  Passed ExecuteAsync_WithSuccessfulCommand_ReturnsZero [2 ms]
  Passed ExecuteAsync_WithFailedCommand_ReturnsErrorCode [< 1 ms]
  Passed ExecuteAsync_WithExceptionInCommand_ReturnsErrorCode [2 ms]
  Passed CreateHost_RegistersServicesAndResolvesFromHost [36 ms]
  Passed ExecuteAsync_DisposesHostAfterExecution [4 ms]
  Passed Enqueue_SetsInitialStateToQueued [9 ms]
  Passed SetState_Leased_TransitionsFromQueued [< 1 ms]
  Passed SetState_Running_TransitionsFromLeased [< 1 ms]
  Passed SetState_Completed_TransitionsFromRunning [< 1 ms]
  Passed SetState_Failed_TransitionsFromRunning [< 1 ms]
  Passed GetAllRecords_ReturnsAllJobsWithState [< 1 ms]
  Passed RingBufferAtCapacityEvictsOldestEventAndStoresNewEvent [83 ms]
  Passed CompleteJobCalledBeforeAnyAppendStillMarksTheJobCompletedSoLateSubscribersGetAnImmediateChannelCompletion [8 ms]
  Passed ProgressEventIsRetrievableImmediatelyViaGETJobsJobIdLogs [48 ms]
  Passed _404IsReturnedWhenTheLeaseIsNotRecognised [4 ms]
  Passed _403IsReturnedWhenCallerLacksJobVisibility [2 ms]

Test Run Successful.
Total tests: 11
     Passed: 11
 Total time: 2.1648 Seconds
  Passed PushSnapshotAsync_WhenServerReturns204_DoesNotThrow [23 ms]
  Passed PushSnapshotAsync_WhenServerReturns404_LogsWarningAndDoesNotThrow [1 ms]
  Passed PushSnapshotAsync_RequestBodyContainsValidMetricSnapshot [5 ms]
  Passed PushSnapshotAsync_WhenNetworkFails_DoesNotThrow [< 1 ms]
  Passed Latest_BeforeAnyUpdate_ReturnsNull [< 1 ms]
  Passed Update_WhenCalledOnce_LatestReturnsSnapshot [< 1 ms]
  Passed Update_WhenCalledTwice_LatestReturnsLastSnapshot [< 1 ms]
  Passed Update_PreservesAllFields [1 ms]
  Passed Update_WithNullFields_StillStoresSnapshot [< 1 ms]
  Passed EnumerateAsync_FilesInSiblingDirectories_ReturnedInLexicographicOrder [12 ms]
  Passed EnumerateAsync_FilesInSameDirectory_ReturnedInLexicographicOrder [4 ms]
  Passed EnumerateAsync_MissingPrefix_YieldsNoResults [1 ms]
  Passed EnumerateAsync_EmptyDirectory_YieldsNoResults [1 ms]
  Passed EnumerateAsync_ReturnsForwardSlashPaths [2 ms]
  Passed WriteAsync_ThenReadAsync_ReturnsOriginalContent [3 ms]
  Passed ReadAsync_MissingFile_ReturnsNull [< 1 ms]
  Passed ExistsAsync_WhenFileWritten_ReturnsTrue [2 ms]
  Passed ExistsAsync_WhenFileMissing_ReturnsFalse [1 ms]
  Passed FetchAsync_EmptyFields_ThrowsArgumentException [42 ms]
  Passed FetchAsync_NullFields_ThrowsArgumentException [1 ms]
  Passed FetchAsync_EmptyWindow_ReturnsEmptySequence [123 ms]
  Passed FetchAsync_TwoWindows_StreamsItemsPerBatch [14 ms]
  Passed FetchAsync_FieldProjection_PassedToGetWorkItemsAsync [4 ms]
  Passed FetchAsync_CancellationToken_Propagated [13 ms]
  Passed FetchAsync_MissingFieldOnWorkItem_OmittedFromResult [3 ms]
  Passed FetchAsync_TransientApiException_PropagatesWithoutBuffering [3 ms]
  Passed FetchAsync_ZeroIdWindow_ReturnsEmptySequenceNoBatchCalls [2 ms]
  Passed WorkItemsModuleExtensions_NoScopes_IncludeFiltersEmpty [1 ms]
  Passed WorkItemsModuleExtensions_NoScopes_AttachmentsEnabledDefaultsTrue [< 1 ms]
  Passed WorkItemsModuleExtensions_EmptyScopesArray_FiltersStillEmpty [< 1 ms]
  Passed FilterOperator_Regex_ValueIsDistinctFromEquals [< 1 ms]
  Passed WorkItemFieldFilterEvaluator_NullFilters_ReturnsTrue [< 1 ms]
  Passed WorkItemFieldFilterEvaluator_EmptyFilters_ReturnsTrue [< 1 ms]
  Passed Resolve_WhenMappingExists_ReturnsMappedIdentity [1 ms]
  Passed Resolve_WhenNoMapping_ReturnsFallback [< 1 ms]
  Passed Resolve_WhenNoMapping_AddsToUnmappedList [< 1 ms]
  Passed Resolve_SameUnmappedTwice_OnlyRecordedOnce [< 1 ms]
  Passed FlushWarningsAsync_WritesLogFileForEachUnmapped [5 ms]
  Passed FlushWarningsAsync_ClearsUnmappedListAfterFlush [2 ms]
  Passed Resolve_WhenMappingExistsForSomeAndNotOthers_FallsBackCorrectly [1 ms]
  Passed PassesFilters_NullFilters_ReturnsTrue [< 1 ms]
  Passed PassesFilters_EmptyFilters_ReturnsTrue [< 1 ms]
  Passed PassesFilters_Equals_CaseInsensitive_ReturnsTrue [< 1 ms]
  Passed PassesFilters_Equals_Mismatch_ReturnsFalse [< 1 ms]
  Passed PassesFilters_NotEquals_ReturnsTrue [< 1 ms]
  Passed PassesFilters_NotEquals_SameValue_ReturnsFalse [< 1 ms]
  Passed PassesFilters_Contains_SubstringMatch_ReturnsTrue [< 1 ms]
  Passed PassesFilters_Contains_NoMatch_ReturnsFalse [< 1 ms]
  Passed PassesFilters_AndSemantics_AllMustMatch [< 1 ms]
  Passed PassesFilters_AndSemantics_OneFailsReturnsFalse [< 1 ms]
  Passed PassesFilters_MissingField_Equals_ReturnsFalse [< 1 ms]
  Passed PassesFilters_MissingField_NotEquals_ReturnsTrue [< 1 ms]
  Passed PassesFilters_NullFilterValue_Equals_NullField_ReturnsTrue [< 1 ms]
  Passed PassesFilters_NullFilterValue_Equals_NonNullField_ReturnsFalse [< 1 ms]
  Passed PassesFilters_Regex_MatchingPattern_ReturnsTrue [< 1 ms]
  Passed PassesFilters_Regex_CaseInsensitive_ReturnsTrue [< 1 ms]
  Passed PassesFilters_Regex_NonMatchingPattern_ReturnsFalse [< 1 ms]
  Passed PassesFilters_Regex_PartialPatternMatch_ReturnsTrue [< 1 ms]
  Passed PassesFilters_Regex_MissingField_ReturnsFalse [< 1 ms]
  Passed PassesFilters_NotRegex_NonMatchingPattern_ReturnsTrue [< 1 ms]
  Passed PassesFilters_NotRegex_MatchingPattern_ReturnsFalse [< 1 ms]
  Passed PassesFilters_NotRegex_MissingField_ReturnsTrue [< 1 ms]
  Passed PassesFilters_IncludeAndExclude_BothPass_ReturnsTrue [< 1 ms]
  Passed PassesFilters_IncludeAndExclude_ExcludeHits_ReturnsFalse [< 1 ms]
  Passed Register_NewKey_Succeeds [< 1 ms]
  Passed Register_DuplicateKeyWithSameType_IsIdempotent [< 1 ms]
  Passed Register_DuplicateKeyWithDifferentType_ThrowsInvalidOperationException [< 1 ms]
  Passed TryGetType_UnknownKey_ReturnsFalseAndNullType [< 1 ms]
  Passed TryGetType_IsCaseInsensitive [< 1 ms]
  Passed Deserialize_AzureDevOpsServices_ReturnsAzureDevOpsEndpointOptions [6 ms]
  Passed Deserialize_Simulated_ReturnsSimulatedEndpointOptions [4 ms]
  Passed Deserialize_UnknownType_ThrowsJsonException [< 1 ms]
  Passed Deserialize_UnknownType_ExceptionMessageContainsDiscriminatorValue [< 1 ms]
  Passed Deserialize_WithoutModulesKey_DefaultsToEmptyList [3 ms]
  Passed Deserialize_WithModulesArray_PopulatesModulesList [3 ms]
  Passed Deserialize_WorkItemsExtensions_AllFivePresent [1 ms]
  Passed Deserialize_MultipleModules_AllDeserialized [< 1 ms]
  Passed Validate_ValidExportConfig_Succeeds [1 ms]
  Passed Validate_ValidImportConfig_Succeeds [< 1 ms]
  Passed Validate_ValidBothConfig_Succeeds [< 1 ms]
  Passed Validate_EmptyMode_FailsWithModeInMessage [< 1 ms]
  Passed Validate_WhitespaceMode_FailsWithModeInMessage [< 1 ms]
  Passed Validate_UnrecognisedMode_FailsWithModeInMessage [< 1 ms]
  Passed Validate_ExportModeWithoutSource_FailsWithSourceInMessage [< 1 ms]
  Passed Validate_BothModeWithoutSource_FailsWithSourceInMessage [< 1 ms]
  Passed Validate_ImportModeWithoutTarget_FailsWithTargetInMessage [< 1 ms]
  Passed Validate_BothModeWithoutTarget_FailsWithTargetInMessage [< 1 ms]
  Passed Validate_EmptyArtefactsPath_FailsWithArtefactsInMessage [< 1 ms]
  Passed Validate_WhitespaceArtefactsPath_FailsWithArtefactsInMessage [< 1 ms]
  Passed Validate_MultipleErrors_AllReportedInSingleResult [< 1 ms]
  Passed Validate_SourceTypeAzureDevOpsServices_Succeeds [< 1 ms]
  Passed Validate_SourceTypeTeamFoundationServer_Succeeds [< 1 ms]
  Passed Validate_SourceTypeUnknown_FailsWithSourceTypeInMessage [< 1 ms]
  Passed Validate_SourceTypeEmpty_FailsWithSourceTypeInMessage [< 1 ms]
  Passed Validate_TargetTypeAzureDevOpsServices_Succeeds [< 1 ms]
  Passed Validate_TargetTypeTeamFoundationServer_FailsWithTargetTypeInMessage [< 1 ms]
  Passed Validate_TargetTypeUnknown_FailsWithTargetTypeInMessage [< 1 ms]
  Passed Validate_EmptyModulesList_Succeeds [< 1 ms]
  Passed ValidateAsync_WellFormedPackage_ReturnsPassed [6 ms]
  Passed ValidateAsync_MissingManifest_ReturnsFailed [1 ms]
  Passed ValidateAsync_UnsupportedSchemaVersion_ReturnsFailed [2 ms]
  Passed ValidateAsync_RevisionMissingWorkItemId_ReturnsFailed [10 ms]
  Passed ValidateAsync_InvalidJson_ReturnsFailed [5 ms]
  Passed ValidateAsync_IsReadOnly_NoFilesCreated [3 ms]
  Passed Validate_DefaultOptions_Throws [< 1 ms]
  Passed Validate_EmptyOrganisationsList_Throws [< 1 ms]
  Passed Validate_EntryMissingType_Throws [< 1 ms]
  Passed Validate_EntryMissingUrl_Throws [< 1 ms]
  Passed Validate_PatTypeWithEmptyToken_Throws [< 1 ms]
  Passed Validate_PatTypeWithToken_DoesNotThrow [< 1 ms]
  Passed Validate_ValidEntry_DoesNotThrow [< 1 ms]
  Passed Validate_MultipleValidEntries_DoesNotThrow [< 1 ms]
  Passed Validate_TfsEntryWithNoAuthBlock_DoesNotThrow [< 1 ms]
  Passed RunInventoryAsync_SingleProject_YieldsProgressAndFinalEvent [9 ms]
  Passed RunInventoryAsync_EmptyProject_YieldsOnlyFinalEvent [2 ms]
  Passed WindowStrategy_LimitThreshold_ConfiguredCorrectly [< 1 ms]
  Passed WindowStrategy_InitialWindowDays_ConfiguredCorrectly [< 1 ms]
  Passed WindowStrategy_MinWindowDays_ConfiguredCorrectly [< 1 ms]
  Passed WorkItemQueryWindow_WorkItemIds_StoredCorrectly [< 1 ms]
  Passed InventoryProgressEvent_IsComplete_DefaultsFalse [< 1 ms]
  Passed InventoryProgressEvent_HasAllRequiredFields [< 1 ms]
  Passed WorkItemQueryWindowOptions_AllowsCustomisation [< 1 ms]
  Passed InventoryProgressEvent_ErrorField_ReportsError [< 1 ms]
  Passed WorkItemQueryWindowStrategy_ImplementsInterface [< 1 ms]
  Passed AzureDevOpsWorkItemDiscoveryService_ImplementsInterface [< 1 ms]
  Passed InventoryService_AcceptsDiscoveryService [< 1 ms]
  Passed InventoryService_ThrowsOnNullDiscovery [< 1 ms]
  Passed InventoryService_ThrowsOnNullRepoDiscovery [< 1 ms]
  Passed AzureDevOpsWorkItemDiscoveryService_ThrowsOnNullStrategy [< 1 ms]
  Passed RunInventoryAsync_FinalEvent_IncludesRepoCount [1 ms]
  Passed RunInventoryAsync_IntermediateEvents_HaveZeroRepoCount [1 ms]
  Passed RunInventoryAsync_ProjectWithNoRepos_ReportsZero [< 1 ms]
  Passed AzureDevOpsRepoDiscoveryService_ImplementsInterface [< 1 ms]
  Passed AzureDevOpsRepoDiscoveryService_ThrowsOnNullClientFactory [< 1 ms]
  Passed CountWorkItemsAsync_WithNoBaseQuery_PassesNullOptionsToStrategy [3 ms]
  Passed CountWorkItemsAsync_WithBaseQuery_PassesOptionsWithQueryToStrategy [1 ms]
  Passed CountWorkItemsAsync_StreamsCumulativeCountAndFinalCompleteSnapshot [1 ms]
  Passed CountWorkItemsAsync_EmptyProject_YieldsOnlyFinalCompleteSnapshot [< 1 ms]
  Passed DiscoverWorkItemsAsync_WithFilterScope_UnionsFieldsWithSystemRev [3 ms]
  Passed DiscoverWorkItemsAsync_WithNoScope_UsesOnlySystemRevField [1 ms]
  Passed Resolve_NullInput_ReturnsNull [< 1 ms]
  Passed Resolve_LiteralToken_ReturnsSameValue [< 1 ms]
  Passed Resolve_EmptyString_ReturnsNull [< 1 ms]
  Passed Resolve_EnvVarPrefix_ReturnsEnvVarValue [< 1 ms]
  Passed Resolve_EnvVarPrefix_UnsetVariable_Throws [< 1 ms]
  Passed Resolve_EnvVarPrefixLowercase_AlsoResolvesVariable [< 1 ms]
  Passed EnumerateWindowsAsync_EmptyFirstWindow_AtMinDateFloor_YieldsNothing [6 ms]
  Passed EnumerateWindowsAsync_TwoNonEmptyWindowsThenEmpty_YieldsTwoWindows [3 ms]
  Passed EnumerateWindowsAsync_WindowsWalkBackward_EndEqualsStartOfPrevious [1 ms]
  Passed EnumerateWindowsAsync_WindowAtLimit_HalvesAndRetries_NoYieldForOversizeWindow [3 ms]
  Passed EnumerateWindowsAsync_WindowAtLimit_HalvedWindowSizeSmallerThanOriginal [1 ms]
  Passed EnumerateWindowsAsync_SparseWindow_DoublesOnNextIteration [1 ms]
  Passed EnumerateWindowsAsync_ModerateWindow_RetainsSizeOnNextIteration [1 ms]
  Passed EnumerateWindowsAsync_MinWindowOverflows_FallsToLevel2_YieldsWindows [4 ms]
  Passed Level2_SingleDensePage_YieldsOneWindowForDay [1 ms]
  Passed Level2_MultiplePages_YieldsMultipleWindowsForSameDay [2 ms]
  Passed Level2_GapInIds_ProbeAdvancesThroughGap_FindsRemainingItems [1 ms]
  Passed Level2_ProbeReturnsEmpty_DayExhausted_Stops [1 ms]
  Passed Level2_ProbeReturnsFewItems_YieldsThemAndStops [1 ms]
  Passed Level2_IdWindowOverflow_HalvesIdWindowSize [1 ms]
  Passed Level2_AfterDraining_OuterDateWindowAdvancesToNextDay [1 ms]
  Passed EnumerateWindowsAsync_WiqlError_RetriesThreeTimes_ThenThrows [2 ms]
  Passed EnumerateWindowsAsync_WiqlError_TransientRetryRecoversOnSameWindow [1 ms]
  Passed EnumerateWindowsAsync_Step2_OverflowException_HalvesMoreThanThreeTimesWithoutThrowing [1 ms]
  Passed EnumerateWindowsAsync_Step2_MixedOverflowThenTransient_TransientStillLimitedToThree [1 ms]
  Passed EnumerateWindowsAsync_RepeatedHalving_FloorsAtMinWindowDays [1 ms]
  Passed EnumerateWindowsAsync_YieldedWindow_ContainsCorrectIds [< 1 ms]
  Passed EnumerateWindowsAsync_YieldedWindow_HasWindowStartEndAndSize [1 ms]
  Passed EnumerateWindowsAsync_CancelledToken_ThrowsOperationCancelled [1 ms]
  Passed UnboundedProbe_ZeroItems_YieldsNothingWithOneApiCall [1 ms]
  Passed UnboundedProbe_ItemsUnderLimit_YieldsSingleWindowAllIdsWithOneApiCall [1 ms]
  Passed UnboundedProbe_ItemsUnderLimit_WindowSpansMinDateToNow [< 1 ms]
  Passed UnboundedProbe_Throws20kException_FallsThroughToDateWindowScanning [1 ms]
  Passed UnboundedProbe_Throws20kException_CancellationStillPropagates [1 ms]
  Passed Constructor_NullFactory_ThrowsArgumentNullException [< 1 ms]
  Passed CreateAsync_WithSimulatedEndpointOptions_ThrowsArgumentException [1 ms]
  Passed CreateAsync_WithUnknownEndpointType_ThrowsArgumentException [< 1 ms]
  Passed ProcessAsync_WhenRevisionJsonMissing_SkipsFolder [9 ms]
  Passed ProcessAsync_WhenWorkItemNotMapped_CreatesNewWorkItem [17 ms]
  Passed ProcessAsync_WhenWorkItemAlreadyMapped_DoesNotCreateDuplicate [4 ms]
  Passed ExecuteAsync_WithValidKey_SetsPreferenceAndReturnsZero [14 ms]
  Passed ExecuteAsync_WithUnknownKey_ReturnsOne [3 ms]
  Passed ExecuteAsync_WithSetKey_ReturnsZero [4 ms]
  Passed ExecuteAsync_WithUnsetSupportedKey_ReturnsZero [2 ms]
  Passed ExecuteAsync_WithUnknownKey_ReturnsOne [1 ms]
  Passed ExportCommand_WithInvalidLevel_FailsValidation [< 1 ms]
  Passed ProcessAsync_WhenLinksDisabled_SkipsStageC [3 ms]
  Passed ProcessAsync_WhenAttachmentsDisabled_SkipsStageD [5 ms]
  Passed ProcessAsync_WhenResumingFromAppliedLinks_SkipsCreatedOrUpdatedAndAppliedFields [4 ms]
  Passed ProcessAsync_WhenIdentityFieldPresent_ResolvesViaIdentityMappingService [4 ms]
  Passed InitializeAsync_CreatesTablesIfNotExists [103 ms]
  Passed GetTargetWorkItemIdAsync_WhenNotMapped_ReturnsNull [77 ms]
  Passed SetWorkItemMappingAsync_ThenGet_ReturnsTargetId [92 ms]
  Passed SetWorkItemMappingAsync_WhenCalledTwice_UpdatesExistingEntry [91 ms]
  Passed GetAttachmentIdAsync_WhenNotMapped_ReturnsNull [76 ms]
  Passed SetAttachmentMappingAsync_ThenGet_ReturnsAttachmentId [92 ms]
  Passed SeedWorkItemMappingsAsync_SeededEntriesAreQueryable [92 ms]
  Passed SeedWorkItemMappingsAsync_DoesNotOverwriteExistingEntry [91 ms]
  Failed ImportAsync_WithMatchingFilter_ImportsOnlyPassingWorkItems [27 ms]
  Error Message:
   Test method DevOpsMigrationPlatform.Infrastructure.Tests.Import.WorkItemImportOrchestratorFilterTests.ImportAsync_WithMatchingFilter_ImportsOnlyPassingWorkItems threw exception: 
Moq.MockException: Work item 1 should be imported.
Expected invocation on the mock at least once, but was never performed: t => t.UpdateFieldsAsync(1, It.IsAny<IReadOnlyList<WorkItemField>>(), It.IsAny<CancellationToken>())

Performed invocations:

   Mock<IWorkItemImportTarget:8> (t):
   No invocations performed.

  Stack Trace:
     at Moq.Mock.Verify(Mock mock, LambdaExpression expression, Times times, String failMessage) in /_/src/Moq/Mock.cs:line 332
   at Moq.Mock`1.Verify[TResult](Expression`1 expression, Func`1 times, String failMessage) in /_/src/Moq/Mock`1.cs:line 856
   at DevOpsMigrationPlatform.Infrastructure.Tests.Import.WorkItemImportOrchestratorFilterTests.ImportAsync_WithMatchingFilter_ImportsOnlyPassingWorkItems() in C:\Users\MartinHinshelwoodNKD\source\repos\azure-devops-migration-platform\tests\DevOpsMigrationPlatform.Infrastructure.Tests\Import\WorkItemImportOrchestratorFilterTests.cs:line 82
--- End of stack trace from previous location ---

  Failed ImportAsync_WithNoFilter_ImportsAllWorkItems [10 ms]
  Error Message:
   Test method DevOpsMigrationPlatform.Infrastructure.Tests.Import.WorkItemImportOrchestratorFilterTests.ImportAsync_WithNoFilter_ImportsAllWorkItems threw exception: 
Moq.MockException: IArtefactStore.ReadAsync("WorkItems/2026-04-19/00639122258372320226-1-0//comment.json", CancellationToken) invocation failed with mock behavior Strict.
All invocations on the mock must have a corresponding setup.
  Stack Trace:
     at Moq.FailForStrictMock.Handle(Invocation invocation, Mock mock) in /_/src/Moq/Interception/InterceptionAspects.cs:line 182
   at Moq.Mock.Moq.IInterceptor.Intercept(Invocation invocation) in /_/src/Moq/Interception/Mock.cs:line 27
   at Moq.CastleProxyFactory.Interceptor.Intercept(IInvocation underlying) in /_/src/Moq/Interception/CastleProxyFactory.cs:line 107
   at Castle.DynamicProxy.AbstractInvocation.Proceed()
   at Castle.Proxies.IArtefactStoreProxy.ReadAsync(String path, CancellationToken cancellationToken)
   at DevOpsMigrationPlatform.Infrastructure.Import.RevisionFolderProcessor.ProcessInlineCommentsAsync(Int32 targetWorkItemId, String folderPath, CancellationToken ct) in C:\Users\MartinHinshelwoodNKD\source\repos\azure-devops-migration-platform\src\DevOpsMigrationPlatform.Infrastructure\Import\RevisionFolderProcessor.cs:line 282
   at DevOpsMigrationPlatform.Infrastructure.Import.RevisionFolderProcessor.ProcessAsync(String folderPath, WorkItemsModuleExtensions ext, String resumeAtStage, IWorkItemResolutionStrategy resolutionStrategy, CancellationToken ct) in C:\Users\MartinHinshelwoodNKD\source\repos\azure-devops-migration-platform\src\DevOpsMigrationPlatform.Infrastructure\Import\RevisionFolderProcessor.cs:line 190
   at DevOpsMigrationPlatform.Infrastructure.Import.WorkItemImportOrchestrator.ImportAsync(WorkItemsModuleExtensions ext, ResumeMode resumeMode, CancellationToken ct) in C:\Users\MartinHinshelwoodNKD\source\repos\azure-devops-migration-platform\src\DevOpsMigrationPlatform.Infrastructure\Import\WorkItemImportOrchestrator.cs:line 161
   at DevOpsMigrationPlatform.Infrastructure.Import.WorkItemImportOrchestrator.ImportAsync(WorkItemsModuleExtensions ext, ResumeMode resumeMode, CancellationToken ct) in C:\Users\MartinHinshelwoodNKD\source\repos\azure-devops-migration-platform\src\DevOpsMigrationPlatform.Infrastructure\Import\WorkItemImportOrchestrator.cs:line 105
   at DevOpsMigrationPlatform.Infrastructure.Tests.Import.WorkItemImportOrchestratorFilterTests.ImportAsync_WithNoFilter_ImportsAllWorkItems() in C:\Users\MartinHinshelwoodNKD\source\repos\azure-devops-migration-platform\tests\DevOpsMigrationPlatform.Infrastructure.Tests\Import\WorkItemImportOrchestratorFilterTests.cs:line 97
--- End of stack trace from previous location ---

  Failed ImportAsync_ExcludeFilter_SkipsMatchingItem [4 ms]
  Error Message:
   Test method DevOpsMigrationPlatform.Infrastructure.Tests.Import.WorkItemImportOrchestratorFilterTests.ImportAsync_ExcludeFilter_SkipsMatchingItem threw exception: 
Moq.MockException: Work item 1 should not be excluded.
Expected invocation on the mock at least once, but was never performed: t => t.UpdateFieldsAsync(1, It.IsAny<IReadOnlyList<WorkItemField>>(), It.IsAny<CancellationToken>())

Performed invocations:

   Mock<IWorkItemImportTarget:10> (t):
   No invocations performed.

  Stack Trace:
     at Moq.Mock.Verify(Mock mock, LambdaExpression expression, Times times, String failMessage) in /_/src/Moq/Mock.cs:line 332
   at Moq.Mock`1.Verify[TResult](Expression`1 expression, Func`1 times, String failMessage) in /_/src/Moq/Mock`1.cs:line 856
   at DevOpsMigrationPlatform.Infrastructure.Tests.Import.WorkItemImportOrchestratorFilterTests.ImportAsync_ExcludeFilter_SkipsMatchingItem() in C:\Users\MartinHinshelwoodNKD\source\repos\azure-devops-migration-platform\tests\DevOpsMigrationPlatform.Infrastructure.Tests\Import\WorkItemImportOrchestratorFilterTests.cs:line 118
--- End of stack trace from previous location ---

  Failed ImportAsync_FilterEvaluatesLastRevisionOnly [4 ms]
  Error Message:
   Test method DevOpsMigrationPlatform.Infrastructure.Tests.Import.WorkItemImportOrchestratorFilterTests.ImportAsync_FilterEvaluatesLastRevisionOnly threw exception: 
Moq.MockException: Work item 1 should be imported based on its latest revision.
Expected invocation on the mock at least once, but was never performed: t => t.UpdateFieldsAsync(1, It.IsAny<IReadOnlyList<WorkItemField>>(), It.IsAny<CancellationToken>())

Performed invocations:

   Mock<IWorkItemImportTarget:11> (t):
   No invocations performed.

  Stack Trace:
     at Moq.Mock.Verify(Mock mock, LambdaExpression expression, Times times, String failMessage) in /_/src/Moq/Mock.cs:line 332
   at Moq.Mock`1.Verify[TResult](Expression`1 expression, Func`1 times, String failMessage) in /_/src/Moq/Mock`1.cs:line 856
   at DevOpsMigrationPlatform.Infrastructure.Tests.Import.WorkItemImportOrchestratorFilterTests.ImportAsync_FilterEvaluatesLastRevisionOnly() in C:\Users\MartinHinshelwoodNKD\source\repos\azure-devops-migration-platform\tests\DevOpsMigrationPlatform.Infrastructure.Tests\Import\WorkItemImportOrchestratorFilterTests.cs:line 142
--- End of stack trace from previous location ---

  Failed SpanAppearsInAzureMonitorWhenConnectionStringIsConfigured [22 ms]
  Error Message:
   Test method DevOpsMigrationPlatform.Infrastructure.Tests.Features.CLIOTelObservabilityFeature.SpanAppearsInAzureMonitorWhenConnectionStringIsConfigured threw exception: 
Reqnroll.BindingException: Binding error(s) found: 
This Cucumber Expression has a problem at column 3:

(\d+) work items exist in the project: (\d+) under {string} and (\d+) under {string}
  ^
Only the characters '{', '}', '(', ')', '\', '/' and whitespace can be escaped.
If you did mean to use an '\' you can use '\\' to escape it
This Cucumber Expression has a problem at column 3:

(\d+) work items have an AreaPath matching {string} and (\d+) does not
  ^
Only the characters '{', '}', '(', ')', '\', '/' and whitespace can be escaped.
If you did mean to use an '\' you can use '\\' to escape it
This Cucumber Expression has a problem at column 3:

(\d+) work item has an AreaPath matching {string} and (\d+) do not
  ^
Only the characters '{', '}', '(', ')', '\', '/' and whitespace can be escaped.
If you did mean to use an '\' you can use '\\' to escape it
  Stack Trace:
     at Reqnroll.ErrorHandling.ErrorProvider.GetInvalidBindingRegistryError(IEnumerable`1 errors)
   at Reqnroll.Infrastructure.TestExecutionEngine.GetStepMatch(StepInstance stepInstance)
   at Reqnroll.Infrastructure.TestExecutionEngine.ExecuteStepAsync(IContextManager contextManager, StepInstance stepInstance)
   at Reqnroll.Infrastructure.TestExecutionEngine.OnAfterLastStepAsync()
   at Reqnroll.TestRunner.CollectScenarioErrorsAsync()
   at DevOpsMigrationPlatform.Infrastructure.Tests.Features.CLIOTelObservabilityFeature.ScenarioCleanupAsync()
   at DevOpsMigrationPlatform.Infrastructure.Tests.Features.CLIOTelObservabilityFeature.SpanAppearsInAzureMonitorWhenConnectionStringIsConfigured() in C:\Users\MartinHinshelwoodNKD\source\repos\azure-devops-migration-platform\tests\DevOpsMigrationPlatform.Infrastructure.Tests\Features\cli-otel.feature:line 10
--- End of stack trace from previous location ---

  Standard Output Messages:
 
 
 TestContext Messages:
 Given a valid Azure Monitor connection string is configured under "Telemetry:AzureMonitorConnectionString"
 -> binding error: Binding error(s) found: 
 This Cucumber Expression has a problem at column 3:

(\d+) work items exist in the project: (\d+) under {string} and (\d+) under {string}
  ^
Only the characters '{', '}', '(', ')', '\', '/' and whitespace can be escaped.
If you did mean to use an '\' you can use '\\' to escape it
 This Cucumber Expression has a problem at column 3:

(\d+) work items have an AreaPath matching {string} and (\d+) does not
  ^
Only the characters '{', '}', '(', ')', '\', '/' and whitespace can be escaped.
If you did mean to use an '\' you can use '\\' to escape it
 This Cucumber Expression has a problem at column 3:

(\d+) work item has an AreaPath matching {string} and (\d+) do not
  ^
Only the characters '{', '}', '(', ')', '\', '/' and whitespace can be escaped.
If you did mean to use an '\' you can use '\\' to escape it
 When I run a CLI command to completion
 -> binding error: Binding error(s) found: 
 This Cucumber Expression has a problem at column 3:

(\d+) work items exist in the project: (\d+) under {string} and (\d+) under {string}
  ^
Only the characters '{', '}', '(', ')', '\', '/' and whitespace can be escaped.
If you did mean to use an '\' you can use '\\' to escape it
 This Cucumber Expression has a problem at column 3:

(\d+) work items have an AreaPath matching {string} and (\d+) does not
  ^
Only the characters '{', '}', '(', ')', '\', '/' and whitespace can be escaped.
If you did mean to use an '\' you can use '\\' to escape it
 This Cucumber Expression has a problem at column 3:

(\d+) work item has an AreaPath matching {string} and (\d+) do not
  ^
Only the characters '{', '}', '(', ')', '\', '/' and whitespace can be escaped.
If you did mean to use an '\' you can use '\\' to escape it
 Then a trace span for that command is exported to the telemetry pipeline
 -> binding error: Binding error(s) found: 
 This Cucumber Expression has a problem at column 3:

(\d+) work items exist in the project: (\d+) under {string} and (\d+) under {string}
  ^
Only the characters '{', '}', '(', ')', '\', '/' and whitespace can be escaped.
If you did mean to use an '\' you can use '\\' to escape it
 This Cucumber Expression has a problem at column 3:

(\d+) work items have an AreaPath matching {string} and (\d+) does not
  ^
Only the characters '{', '}', '(', ')', '\', '/' and whitespace can be escaped.
If you did mean to use an '\' you can use '\\' to escape it
 This Cucumber Expression has a problem at column 3:

(\d+) work item has an AreaPath matching {string} and (\d+) do not
  ^
Only the characters '{', '}', '(', ')', '\', '/' and whitespace can be escaped.
If you did mean to use an '\' you can use '\\' to escape it


  Failed SpanIsMarkedFailedWhenTheCommandExitsWithANon_ZeroCode [4 ms]
  Error Message:
   Test method DevOpsMigrationPlatform.Infrastructure.Tests.Features.CLIOTelObservabilityFeature.SpanIsMarkedFailedWhenTheCommandExitsWithANon_ZeroCode threw exception: 
Reqnroll.BindingException: Binding error(s) found: 
This Cucumber Expression has a problem at column 3:

(\d+) work items exist in the project: (\d+) under {string} and (\d+) under {string}
  ^
Only the characters '{', '}', '(', ')', '\', '/' and whitespace can be escaped.
If you did mean to use an '\' you can use '\\' to escape it
This Cucumber Expression has a problem at column 3:

(\d+) work items have an AreaPath matching {string} and (\d+) does not
  ^
Only the characters '{', '}', '(', ')', '\', '/' and whitespace can be escaped.
If you did mean to use an '\' you can use '\\' to escape it
This Cucumber Expression has a problem at column 3:

(\d+) work item has an AreaPath matching {string} and (\d+) do not
  ^
Only the characters '{', '}', '(', ')', '\', '/' and whitespace can be escaped.
If you did mean to use an '\' you can use '\\' to escape it
  Stack Trace:
     at Reqnroll.ErrorHandling.ErrorProvider.GetInvalidBindingRegistryError(IEnumerable`1 errors)
   at Reqnroll.Infrastructure.TestExecutionEngine.GetStepMatch(StepInstance stepInstance)
   at Reqnroll.Infrastructure.TestExecutionEngine.ExecuteStepAsync(IContextManager contextManager, StepInstance stepInstance)
   at Reqnroll.Infrastructure.TestExecutionEngine.OnAfterLastStepAsync()
   at Reqnroll.TestRunner.CollectScenarioErrorsAsync()
   at DevOpsMigrationPlatform.Infrastructure.Tests.Features.CLIOTelObservabilityFeature.ScenarioCleanupAsync()
   at DevOpsMigrationPlatform.Infrastructure.Tests.Features.CLIOTelObservabilityFeature.SpanIsMarkedFailedWhenTheCommandExitsWithANon_ZeroCode() in C:\Users\MartinHinshelwoodNKD\source\repos\azure-devops-migration-platform\tests\DevOpsMigrationPlatform.Infrastructure.Tests\Features\cli-otel.feature:line 16
--- End of stack trace from previous location ---

  Standard Output Messages:
 
 
 TestContext Messages:
 Given a valid Azure Monitor connection string is configured under "Telemetry:AzureMonitorConnectionString"
 -> binding error: Binding error(s) found: 
 This Cucumber Expression has a problem at column 3:

(\d+) work items exist in the project: (\d+) under {string} and (\d+) under {string}
  ^
Only the characters '{', '}', '(', ')', '\', '/' and whitespace can be escaped.
If you did mean to use an '\' you can use '\\' to escape it
 This Cucumber Expression has a problem at column 3:

(\d+) work items have an AreaPath matching {string} and (\d+) does not
  ^
Only the characters '{', '}', '(', ')', '\', '/' and whitespace can be escaped.
If you did mean to use an '\' you can use '\\' to escape it
 This Cucumber Expression has a problem at column 3:

(\d+) work item has an AreaPath matching {string} and (\d+) do not
  ^
Only the characters '{', '}', '(', ')', '\', '/' and whitespace can be escaped.
If you did mean to use an '\' you can use '\\' to escape it
 When I run a CLI command that throws an unhandled exception
 -> binding error: Binding error(s) found: 
 This Cucumber Expression has a problem at column 3:

(\d+) work items exist in the project: (\d+) under {string} and (\d+) under {string}
  ^
Only the characters '{', '}', '(', ')', '\', '/' and whitespace can be escaped.
If you did mean to use an '\' you can use '\\' to escape it
 This Cucumber Expression has a problem at column 3:

(\d+) work items have an AreaPath matching {string} and (\d+) does not
  ^
Only the characters '{', '}', '(', ')', '\', '/' and whitespace can be escaped.
If you did mean to use an '\' you can use '\\' to escape it
 This Cucumber Expression has a problem at column 3:

(\d+) work item has an AreaPath matching {string} and (\d+) do not
  ^
Only the characters '{', '}', '(', ')', '\', '/' and whitespace can be escaped.
If you did mean to use an '\' you can use '\\' to escape it
 Then the trace span status is Error with the exception message attached
 -> binding error: Binding error(s) found: 
 This Cucumber Expression has a problem at column 3:

(\d+) work items exist in the project: (\d+) under {string} and (\d+) under {string}
  ^
Only the characters '{', '}', '(', ')', '\', '/' and whitespace can be escaped.
If you did mean to use an '\' you can use '\\' to escape it
 This Cucumber Expression has a problem at column 3:

(\d+) work items have an AreaPath matching {string} and (\d+) does not
  ^
Only the characters '{', '}', '(', ')', '\', '/' and whitespace can be escaped.
If you did mean to use an '\' you can use '\\' to escape it
 This Cucumber Expression has a problem at column 3:

(\d+) work item has an AreaPath matching {string} and (\d+) do not
  ^
Only the characters '{', '}', '(', ')', '\', '/' and whitespace can be escaped.
If you did mean to use an '\' you can use '\\' to escape it


  Failed CommandRunsNormallyWhenNoConnectionStringIsConfigured [9 ms]
  Error Message:
   Test method DevOpsMigrationPlatform.Infrastructure.Tests.Features.CLIOTelObservabilityFeature.CommandRunsNormallyWhenNoConnectionStringIsConfigured threw exception: 
Reqnroll.BindingException: Binding error(s) found: 
This Cucumber Expression has a problem at column 3:

(\d+) work items exist in the project: (\d+) under {string} and (\d+) under {string}
  ^
Only the characters '{', '}', '(', ')', '\', '/' and whitespace can be escaped.
If you did mean to use an '\' you can use '\\' to escape it
This Cucumber Expression has a problem at column 3:

(\d+) work items have an AreaPath matching {string} and (\d+) does not
  ^
Only the characters '{', '}', '(', ')', '\', '/' and whitespace can be escaped.
If you did mean to use an '\' you can use '\\' to escape it
This Cucumber Expression has a problem at column 3:

(\d+) work item has an AreaPath matching {string} and (\d+) do not
  ^
Only the characters '{', '}', '(', ')', '\', '/' and whitespace can be escaped.
If you did mean to use an '\' you can use '\\' to escape it
  Stack Trace:
     at Reqnroll.ErrorHandling.ErrorProvider.GetInvalidBindingRegistryError(IEnumerable`1 errors)
   at Reqnroll.Infrastructure.TestExecutionEngine.GetStepMatch(StepInstance stepInstance)
   at Reqnroll.Infrastructure.TestExecutionEngine.ExecuteStepAsync(IContextManager contextManager, StepInstance stepInstance)
   at Reqnroll.Infrastructure.TestExecutionEngine.OnAfterLastStepAsync()
   at Reqnroll.TestRunner.CollectScenarioErrorsAsync()
   at DevOpsMigrationPlatform.Infrastructure.Tests.Features.CLIOTelObservabilityFeature.ScenarioCleanupAsync()
   at DevOpsMigrationPlatform.Infrastructure.Tests.Features.CLIOTelObservabilityFeature.CommandRunsNormallyWhenNoConnectionStringIsConfigured() in C:\Users\MartinHinshelwoodNKD\source\repos\azure-devops-migration-platform\tests\DevOpsMigrationPlatform.Infrastructure.Tests\Features\cli-otel.feature:line 23
--- End of stack trace from previous location ---

  Standard Output Messages:
 
 
 TestContext Messages:
 Given no Azure Monitor connection string is configured
 -> binding error: Binding error(s) found: 
 This Cucumber Expression has a problem at column 3:

(\d+) work items exist in the project: (\d+) under {string} and (\d+) under {string}
  ^
Only the characters '{', '}', '(', ')', '\', '/' and whitespace can be escaped.
If you did mean to use an '\' you can use '\\' to escape it
 This Cucumber Expression has a problem at column 3:

(\d+) work items have an AreaPath matching {string} and (\d+) does not
  ^
Only the characters '{', '}', '(', ')', '\', '/' and whitespace can be escaped.
If you did mean to use an '\' you can use '\\' to escape it
 This Cucumber Expression has a problem at column 3:

(\d+) work item has an AreaPath matching {string} and (\d+) do not
  ^
Only the characters '{', '}', '(', ')', '\', '/' and whitespace can be escaped.
If you did mean to use an '\' you can use '\\' to escape it
 When I run a CLI command to completion
 -> binding error: Binding error(s) found: 
 This Cucumber Expression has a problem at column 3:

(\d+) work items exist in the project: (\d+) under {string} and (\d+) under {string}
  ^
Only the characters '{', '}', '(', ')', '\', '/' and whitespace can be escaped.
If you did mean to use an '\' you can use '\\' to escape it
 This Cucumber Expression has a problem at column 3:

(\d+) work items have an AreaPath matching {string} and (\d+) does not
  ^
Only the characters '{', '}', '(', ')', '\', '/' and whitespace can be escaped.
If you did mean to use an '\' you can use '\\' to escape it
 This Cucumber Expression has a problem at column 3:

(\d+) work item has an AreaPath matching {string} and (\d+) do not
  ^
Only the characters '{', '}', '(', ')', '\', '/' and whitespace can be escaped.
If you did mean to use an '\' you can use '\\' to escape it
 Then the command exits with code 0
 -> binding error: Binding error(s) found: 
 This Cucumber Expression has a problem at column 3:

(\d+) work items exist in the project: (\d+) under {string} and (\d+) under {string}
  ^
Only the characters '{', '}', '(', ')', '\', '/' and whitespace can be escaped.
If you did mean to use an '\' you can use '\\' to escape it
 This Cucumber Expression has a problem at column 3:

(\d+) work items have an AreaPath matching {string} and (\d+) does not
  ^
Only the characters '{', '}', '(', ')', '\', '/' and whitespace can be escaped.
If you did mean to use an '\' you can use '\\' to escape it
 This Cucumber Expression has a problem at column 3:

(\d+) work item has an AreaPath matching {string} and (\d+) do not
  ^
Only the characters '{', '}', '(', ')', '\', '/' and whitespace can be escaped.
If you did mean to use an '\' you can use '\\' to escape it
 And no external telemetry exporter is registered
 -> binding error: Binding error(s) found: 
 This Cucumber Expression has a problem at column 3:

(\d+) work items exist in the project: (\d+) under {string} and (\d+) under {string}
  ^
Only the characters '{', '}', '(', ')', '\', '/' and whitespace can be escaped.
If you did mean to use an '\' you can use '\\' to escape it
 This Cucumber Expression has a problem at column 3:

(\d+) work items have an AreaPath matching {string} and (\d+) does not
  ^
Only the characters '{', '}', '(', ')', '\', '/' and whitespace can be escaped.
If you did mean to use an '\' you can use '\\' to escape it
 This Cucumber Expression has a problem at column 3:

(\d+) work item has an AreaPath matching {string} and (\d+) do not
  ^
Only the characters '{', '}', '(', ')', '\', '/' and whitespace can be escaped.
If you did mean to use an '\' you can use '\\' to escape it


  Failed RootActivitySourceIsCreatedOnCLIStartup [1 ms]
  Error Message:
   Test method DevOpsMigrationPlatform.Infrastructure.Tests.Features.CLIOTelObservabilityFeature.RootActivitySourceIsCreatedOnCLIStartup threw exception: 
Reqnroll.BindingException: Binding error(s) found: 
This Cucumber Expression has a problem at column 3:

(\d+) work items exist in the project: (\d+) under {string} and (\d+) under {string}
  ^
Only the characters '{', '}', '(', ')', '\', '/' and whitespace can be escaped.
If you did mean to use an '\' you can use '\\' to escape it
This Cucumber Expression has a problem at column 3:

(\d+) work items have an AreaPath matching {string} and (\d+) does not
  ^
Only the characters '{', '}', '(', ')', '\', '/' and whitespace can be escaped.
If you did mean to use an '\' you can use '\\' to escape it
This Cucumber Expression has a problem at column 3:

(\d+) work item has an AreaPath matching {string} and (\d+) do not
  ^
Only the characters '{', '}', '(', ')', '\', '/' and whitespace can be escaped.
If you did mean to use an '\' you can use '\\' to escape it
  Stack Trace:
     at Reqnroll.ErrorHandling.ErrorProvider.GetInvalidBindingRegistryError(IEnumerable`1 errors)
   at Reqnroll.Infrastructure.TestExecutionEngine.GetStepMatch(StepInstance stepInstance)
   at Reqnroll.Infrastructure.TestExecutionEngine.ExecuteStepAsync(IContextManager contextManager, StepInstance stepInstance)
   at Reqnroll.Infrastructure.TestExecutionEngine.OnAfterLastStepAsync()
   at Reqnroll.TestRunner.CollectScenarioErrorsAsync()
   at DevOpsMigrationPlatform.Infrastructure.Tests.Features.CLIOTelObservabilityFeature.ScenarioCleanupAsync()
   at DevOpsMigrationPlatform.Infrastructure.Tests.Features.CLIOTelObservabilityFeature.RootActivitySourceIsCreatedOnCLIStartup() in C:\Users\MartinHinshelwoodNKD\source\repos\azure-devops-migration-platform\tests\DevOpsMigrationPlatform.Infrastructure.Tests\Features\cli-otel.feature:line 29
--- End of stack trace from previous location ---

  Standard Output Messages:
 
 
 TestContext Messages:
 Given the CLI process initialises Program.cs
 -> binding error: Binding error(s) found: 
 This Cucumber Expression has a problem at column 3:

(\d+) work items exist in the project: (\d+) under {string} and (\d+) under {string}
  ^
Only the characters '{', '}', '(', ')', '\', '/' and whitespace can be escaped.
If you did mean to use an '\' you can use '\\' to escape it
 This Cucumber Expression has a problem at column 3:

(\d+) work items have an AreaPath matching {string} and (\d+) does not
  ^
Only the characters '{', '}', '(', ')', '\', '/' and whitespace can be escaped.
If you did mean to use an '\' you can use '\\' to escape it
 This Cucumber Expression has a problem at column 3:

(\d+) work item has an AreaPath matching {string} and (\d+) do not
  ^
Only the characters '{', '}', '(', ')', '\', '/' and whitespace can be escaped.
If you did mean to use an '\' you can use '\\' to escape it
 When the DI container is built
 -> binding error: Binding error(s) found: 
 This Cucumber Expression has a problem at column 3:

(\d+) work items exist in the project: (\d+) under {string} and (\d+) under {string}
  ^
Only the characters '{', '}', '(', ')', '\', '/' and whitespace can be escaped.
If you did mean to use an '\' you can use '\\' to escape it
 This Cucumber Expression has a problem at column 3:

(\d+) work items have an AreaPath matching {string} and (\d+) does not
  ^
Only the characters '{', '}', '(', ')', '\', '/' and whitespace can be escaped.
If you did mean to use an '\' you can use '\\' to escape it
 This Cucumber Expression has a problem at column 3:

(\d+) work item has an AreaPath matching {string} and (\d+) do not
  ^
Only the characters '{', '}', '(', ')', '\', '/' and whitespace can be escaped.
If you did mean to use an '\' you can use '\\' to escape it
 Then an ActivitySource named "DevOpsMigrationPlatform.CLI" is registered as a singleton
 -> binding error: Binding error(s) found: 
 This Cucumber Expression has a problem at column 3:

(\d+) work items exist in the project: (\d+) under {string} and (\d+) under {string}
  ^
Only the characters '{', '}', '(', ')', '\', '/' and whitespace can be escaped.
If you did mean to use an '\' you can use '\\' to escape it
 This Cucumber Expression has a problem at column 3:

(\d+) work items have an AreaPath matching {string} and (\d+) does not
  ^
Only the characters '{', '}', '(', ')', '\', '/' and whitespace can be escaped.
If you did mean to use an '\' you can use '\\' to escape it
 This Cucumber Expression has a problem at column 3:

(\d+) work item has an AreaPath matching {string} and (\d+) do not
  ^
Only the characters '{', '}', '(', ')', '\', '/' and whitespace can be escaped.
If you did mean to use an '\' you can use '\\' to escape it


  Failed ValidExportConfigurationPassesValidation [3 ms]
  Error Message:
   Test method DevOpsMigrationPlatform.Infrastructure.Tests.Features.MigrationConfigurationValidationFeature.ValidExportConfigurationPassesValidation threw exception: 
Reqnroll.BindingException: Binding error(s) found: 
This Cucumber Expression has a problem at column 3:

(\d+) work items exist in the project: (\d+) under {string} and (\d+) under {string}
  ^
Only the characters '{', '}', '(', ')', '\', '/' and whitespace can be escaped.
If you did mean to use an '\' you can use '\\' to escape it
This Cucumber Expression has a problem at column 3:

(\d+) work items have an AreaPath matching {string} and (\d+) does not
  ^
Only the characters '{', '}', '(', ')', '\', '/' and whitespace can be escaped.
If you did mean to use an '\' you can use '\\' to escape it
This Cucumber Expression has a problem at column 3:

(\d+) work item has an AreaPath matching {string} and (\d+) do not
  ^
Only the characters '{', '}', '(', ')', '\', '/' and whitespace can be escaped.
If you did mean to use an '\' you can use '\\' to escape it
  Stack Trace:
     at Reqnroll.ErrorHandling.ErrorProvider.GetInvalidBindingRegistryError(IEnumerable`1 errors)
   at Reqnroll.Infrastructure.TestExecutionEngine.GetStepMatch(StepInstance stepInstance)
   at Reqnroll.Infrastructure.TestExecutionEngine.ExecuteStepAsync(IContextManager contextManager, StepInstance stepInstance)
   at Reqnroll.Infrastructure.TestExecutionEngine.OnAfterLastStepAsync()
   at Reqnroll.TestRunner.CollectScenarioErrorsAsync()
   at DevOpsMigrationPlatform.Infrastructure.Tests.Features.MigrationConfigurationValidationFeature.ScenarioCleanupAsync()
   at DevOpsMigrationPlatform.Infrastructure.Tests.Features.MigrationConfigurationValidationFeature.ValidExportConfigurationPassesValidation() in C:\Users\MartinHinshelwoodNKD\source\repos\azure-devops-migration-platform\tests\DevOpsMigrationPlatform.Infrastructure.Tests\Features\config-validation.feature:line 14
--- End of stack trace from previous location ---

  Standard Output Messages:
 
 
 TestContext Messages:
 Given the platform is configured to validate on start
 -> binding error: Binding error(s) found: 
 This Cucumber Expression has a problem at column 3:

(\d+) work items exist in the project: (\d+) under {string} and (\d+) under {string}
  ^
Only the characters '{', '}', '(', ')', '\', '/' and whitespace can be escaped.
If you did mean to use an '\' you can use '\\' to escape it
 This Cucumber Expression has a problem at column 3:

(\d+) work items have an AreaPath matching {string} and (\d+) does not
  ^
Only the characters '{', '}', '(', ')', '\', '/' and whitespace can be escaped.
If you did mean to use an '\' you can use '\\' to escape it
 This Cucumber Expression has a problem at column 3:

(\d+) work item has an AreaPath matching {string} and (\d+) do not
  ^
Only the characters '{', '}', '(', ')', '\', '/' and whitespace can be escaped.
If you did mean to use an '\' you can use '\\' to escape it
 Given a migration config with mode "Export"
 -> binding error: Binding error(s) found: 
 This Cucumber Expression has a problem at column 3:

(\d+) work items exist in the project: (\d+) under {string} and (\d+) under {string}
  ^
Only the characters '{', '}', '(', ')', '\', '/' and whitespace can be escaped.
If you did mean to use an '\' you can use '\\' to escape it
 This Cucumber Expression has a problem at column 3:

(\d+) work items have an AreaPath matching {string} and (\d+) does not
  ^
Only the characters '{', '}', '(', ')', '\', '/' and whitespace can be escaped.
If you did mean to use an '\' you can use '\\' to escape it
 This Cucumber Expression has a problem at column 3:

(\d+) work item has an AreaPath matching {string} and (\d+) do not
  ^
Only the characters '{', '}', '(', ')', '\', '/' and whitespace can be escaped.
If you did mean to use an '\' you can use '\\' to escape it
 And the config has a source endpoint of type "AzureDevOpsServices"
 -> binding error: Binding error(s) found: 
 This Cucumber Expression has a problem at column 3:

(\d+) work items exist in the project: (\d+) under {string} and (\d+) under {string}
  ^
Only the characters '{', '}', '(', ')', '\', '/' and whitespace can be escaped.
If you did mean to use an '\' you can use '\\' to escape it
 This Cucumber Expression has a problem at column 3:

(\d+) work items have an AreaPath matching {string} and (\d+) does not
  ^
Only the characters '{', '}', '(', ')', '\', '/' and whitespace can be escaped.
If you did mean to use an '\' you can use '\\' to escape it
 This Cucumber Expression has a problem at column 3:

(\d+) work item has an AreaPath matching {string} and (\d+) do not
  ^
Only the characters '{', '}', '(', ')', '\', '/' and whitespace can be escaped.
If you did mean to use an '\' you can use '\\' to escape it
 And the config has an artefacts path of "D:\exports\run-001"
 -> binding error: Binding error(s) found: 
 This Cucumber Expression has a problem at column 3:

(\d+) work items exist in the project: (\d+) under {string} and (\d+) under {string}
  ^
Only the characters '{', '}', '(', ')', '\', '/' and whitespace can be escaped.
If you did mean to use an '\' you can use '\\' to escape it
 This Cucumber Expression has a problem at column 3:

(\d+) work items have an AreaPath matching {string} and (\d+) does not
  ^
Only the characters '{', '}', '(', ')', '\', '/' and whitespace can be escaped.
If you did mean to use an '\' you can use '\\' to escape it
 This Cucumber Expression has a problem at column 3:

(\d+) work item has an AreaPath matching {string} and (\d+) do not
  ^
Only the characters '{', '}', '(', ')', '\', '/' and whitespace can be escaped.
If you did mean to use an '\' you can use '\\' to escape it
 When the config is validated
 -> binding error: Binding error(s) found: 
 This Cucumber Expression has a problem at column 3:

(\d+) work items exist in the project: (\d+) under {string} and (\d+) under {string}
  ^
Only the characters '{', '}', '(', ')', '\', '/' and whitespace can be escaped.
If you did mean to use an '\' you can use '\\' to escape it
 This Cucumber Expression has a problem at column 3:

(\d+) work items have an AreaPath matching {string} and (\d+) does not
  ^
Only the characters '{', '}', '(', ')', '\', '/' and whitespace can be escaped.
If you did mean to use an '\' you can use '\\' to escape it
 This Cucumber Expression has a problem at column 3:

(\d+) work item has an AreaPath matching {string} and (\d+) do not
  ^
Only the characters '{', '}', '(', ')', '\', '/' and whitespace can be escaped.
If you did mean to use an '\' you can use '\\' to escape it
 Then the validation passes
 -> binding error: Binding error(s) found: 
 This Cucumber Expression has a problem at column 3:

(\d+) work items exist in the project: (\d+) under {string} and (\d+) under {string}
  ^
Only the characters '{', '}', '(', ')', '\', '/' and whitespace can be escaped.
If you did mean to use an '\' you can use '\\' to escape it
 This Cucumber Expression has a problem at column 3:

(\d+) work items have an AreaPath matching {string} and (\d+) does not
  ^
Only the characters '{', '}', '(', ')', '\', '/' and whitespace can be escaped.
If you did mean to use an '\' you can use '\\' to escape it
 This Cucumber Expression has a problem at column 3:

(\d+) work item has an AreaPath matching {string} and (\d+) do not
  ^
Only the characters '{', '}', '(', ')', '\', '/' and whitespace can be escaped.
If you did mean to use an '\' you can use '\\' to escape it


  Failed ValidImportConfigurationPassesValidation [1 ms]
  Error Message:
   Test method DevOpsMigrationPlatform.Infrastructure.Tests.Features.MigrationConfigurationValidationFeature.ValidImportConfigurationPassesValidation threw exception: 
Reqnroll.BindingException: Binding error(s) found: 
This Cucumber Expression has a problem at column 3:

(\d+) work items exist in the project: (\d+) under {string} and (\d+) under {string}
  ^
Only the characters '{', '}', '(', ')', '\', '/' and whitespace can be escaped.
If you did mean to use an '\' you can use '\\' to escape it
This Cucumber Expression has a problem at column 3:

(\d+) work items have an AreaPath matching {string} and (\d+) does not
  ^
Only the characters '{', '}', '(', ')', '\', '/' and whitespace can be escaped.
If you did mean to use an '\' you can use '\\' to escape it
This Cucumber Expression has a problem at column 3:

(\d+) work item has an AreaPath matching {string} and (\d+) do not
  ^
Only the characters '{', '}', '(', ')', '\', '/' and whitespace can be escaped.
If you did mean to use an '\' you can use '\\' to escape it
  Stack Trace:
     at Reqnroll.ErrorHandling.ErrorProvider.GetInvalidBindingRegistryError(IEnumerable`1 errors)
   at Reqnroll.Infrastructure.TestExecutionEngine.GetStepMatch(StepInstance stepInstance)
   at Reqnroll.Infrastructure.TestExecutionEngine.ExecuteStepAsync(IContextManager contextManager, StepInstance stepInstance)
   at Reqnroll.Infrastructure.TestExecutionEngine.OnAfterLastStepAsync()
   at Reqnroll.TestRunner.CollectScenarioErrorsAsync()
   at DevOpsMigrationPlatform.Infrastructure.Tests.Features.MigrationConfigurationValidationFeature.ScenarioCleanupAsync()
   at DevOpsMigrationPlatform.Infrastructure.Tests.Features.MigrationConfigurationValidationFeature.ValidImportConfigurationPassesValidation() in C:\Users\MartinHinshelwoodNKD\source\repos\azure-devops-migration-platform\tests\DevOpsMigrationPlatform.Infrastructure.Tests\Features\config-validation.feature:line 21
--- End of stack trace from previous location ---

  Standard Output Messages:
 
 
 TestContext Messages:
 Given the platform is configured to validate on start
 -> binding error: Binding error(s) found: 
 This Cucumber Expression has a problem at column 3:

(\d+) work items exist in the project: (\d+) under {string} and (\d+) under {string}
  ^
Only the characters '{', '}', '(', ')', '\', '/' and whitespace can be escaped.
If you did mean to use an '\' you can use '\\' to escape it
 This Cucumber Expression has a problem at column 3:

(\d+) work items have an AreaPath matching {string} and (\d+) does not
  ^
Only the characters '{', '}', '(', ')', '\', '/' and whitespace can be escaped.
If you did mean to use an '\' you can use '\\' to escape it
 This Cucumber Expression has a problem at column 3:

(\d+) work item has an AreaPath matching {string} and (\d+) do not
  ^
Only the characters '{', '}', '(', ')', '\', '/' and whitespace can be escaped.
If you did mean to use an '\' you can use '\\' to escape it
 Given a migration config with mode "Import"
 -> binding error: Binding error(s) found: 
 This Cucumber Expression has a problem at column 3:

(\d+) work items exist in the project: (\d+) under {string} and (\d+) under {string}
  ^
Only the characters '{', '}', '(', ')', '\', '/' and whitespace can be escaped.
If you did mean to use an '\' you can use '\\' to escape it
 This Cucumber Expression has a problem at column 3:

(\d+) work items have an AreaPath matching {string} and (\d+) does not
  ^
Only the characters '{', '}', '(', ')', '\', '/' and whitespace can be escaped.
If you did mean to use an '\' you can use '\\' to escape it
 This Cucumber Expression has a problem at column 3:

(\d+) work item has an AreaPath matching {string} and (\d+) do not
  ^
Only the characters '{', '}', '(', ')', '\', '/' and whitespace can be escaped.
If you did mean to use an '\' you can use '\\' to escape it
 And the config has a target endpoint of type "AzureDevOpsServices"
 -> binding error: Binding error(s) found: 
 This Cucumber Expression has a problem at column 3:

(\d+) work items exist in the project: (\d+) under {string} and (\d+) under {string}
  ^
Only the characters '{', '}', '(', ')', '\', '/' and whitespace can be escaped.
If you did mean to use an '\' you can use '\\' to escape it
 This Cucumber Expression has a problem at column 3:

(\d+) work items have an AreaPath matching {string} and (\d+) does not
  ^
Only the characters '{', '}', '(', ')', '\', '/' and whitespace can be escaped.
If you did mean to use an '\' you can use '\\' to escape it
 This Cucumber Expression has a problem at column 3:

(\d+) work item has an AreaPath matching {string} and (\d+) do not
  ^
Only the characters '{', '}', '(', ')', '\', '/' and whitespace can be escaped.
If you did mean to use an '\' you can use '\\' to escape it
 And the config has an artefacts path of "D:\exports\run-001"
 -> binding error: Binding error(s) found: 
 This Cucumber Expression has a problem at column 3:

(\d+) work items exist in the project: (\d+) under {string} and (\d+) under {string}
  ^
Only the characters '{', '}', '(', ')', '\', '/' and whitespace can be escaped.
If you did mean to use an '\' you can use '\\' to escape it
 This Cucumber Expression has a problem at column 3:

(\d+) work items have an AreaPath matching {string} and (\d+) does not
  ^
Only the characters '{', '}', '(', ')', '\', '/' and whitespace can be escaped.
If you did mean to use an '\' you can use '\\' to escape it
 This Cucumber Expression has a problem at column 3:

(\d+) work item has an AreaPath matching {string} and (\d+) do not
  ^
Only the characters '{', '}', '(', ')', '\', '/' and whitespace can be escaped.
If you did mean to use an '\' you can use '\\' to escape it
 When the config is validated
 -> binding error: Binding error(s) found: 
 This Cucumber Expression has a problem at column 3:

(\d+) work items exist in the project: (\d+) under {string} and (\d+) under {string}
  ^
Only the characters '{', '}', '(', ')', '\', '/' and whitespace can be escaped.
If you did mean to use an '\' you can use '\\' to escape it
 This Cucumber Expression has a problem at column 3:

(\d+) work items have an AreaPath matching {string} and (\d+) does not
  ^
Only the characters '{', '}', '(', ')', '\', '/' and whitespace can be escaped.
If you did mean to use an '\' you can use '\\' to escape it
 This Cucumber Expression has a problem at column 3:

(\d+) work item has an AreaPath matching {string} and (\d+) do not
  ^
Only the characters '{', '}', '(', ')', '\', '/' and whitespace can be escaped.
If you did mean to use an '\' you can use '\\' to escape it
 Then the validation passes
 -> binding error: Binding error(s) found: 
 This Cucumber Expression has a problem at column 3:

(\d+) work items exist in the project: (\d+) under {string} and (\d+) under {string}
  ^
Only the characters '{', '}', '(', ')', '\', '/' and whitespace can be escaped.
If you did mean to use an '\' you can use '\\' to escape it
 This Cucumber Expression has a problem at column 3:

(\d+) work items have an AreaPath matching {string} and (\d+) does not
  ^
Only the characters '{', '}', '(', ')', '\', '/' and whitespace can be escaped.
If you did mean to use an '\' you can use '\\' to escape it
 This Cucumber Expression has a problem at column 3:

(\d+) work item has an AreaPath matching {string} and (\d+) do not
  ^
Only the characters '{', '}', '(', ')', '\', '/' and whitespace can be escaped.
If you did mean to use an '\' you can use '\\' to escape it


  Failed ValidBothConfigurationPassesValidation [1 ms]
  Error Message:
   Test method DevOpsMigrationPlatform.Infrastructure.Tests.Features.MigrationConfigurationValidationFeature.ValidBothConfigurationPassesValidation threw exception: 
Reqnroll.BindingException: Binding error(s) found: 
This Cucumber Expression has a problem at column 3:

(\d+) work items exist in the project: (\d+) under {string} and (\d+) under {string}
  ^
Only the characters '{', '}', '(', ')', '\', '/' and whitespace can be escaped.
If you did mean to use an '\' you can use '\\' to escape it
This Cucumber Expression has a problem at column 3:

(\d+) work items have an AreaPath matching {string} and (\d+) does not
  ^
Only the characters '{', '}', '(', ')', '\', '/' and whitespace can be escaped.
If you did mean to use an '\' you can use '\\' to escape it
This Cucumber Expression has a problem at column 3:

(\d+) work item has an AreaPath matching {string} and (\d+) do not
  ^
Only the characters '{', '}', '(', ')', '\', '/' and whitespace can be escaped.
If you did mean to use an '\' you can use '\\' to escape it
  Stack Trace:
     at Reqnroll.ErrorHandling.ErrorProvider.GetInvalidBindingRegistryError(IEnumerable`1 errors)
   at Reqnroll.Infrastructure.TestExecutionEngine.GetStepMatch(StepInstance stepInstance)
   at Reqnroll.Infrastructure.TestExecutionEngine.ExecuteStepAsync(IContextManager contextManager, StepInstance stepInstance)
   at Reqnroll.Infrastructure.TestExecutionEngine.OnAfterLastStepAsync()
   at Reqnroll.TestRunner.CollectScenarioErrorsAsync()
   at DevOpsMigrationPlatform.Infrastructure.Tests.Features.MigrationConfigurationValidationFeature.ScenarioCleanupAsync()
   at DevOpsMigrationPlatform.Infrastructure.Tests.Features.MigrationConfigurationValidationFeature.ValidBothConfigurationPassesValidation() in C:\Users\MartinHinshelwoodNKD\source\repos\azure-devops-migration-platform\tests\DevOpsMigrationPlatform.Infrastructure.Tests\Features\config-validation.feature:line 29
--- End of stack trace from previous location ---

  Standard Output Messages:
 
 
 TestContext Messages:
 Given the platform is configured to validate on start
 -> binding error: Binding error(s) found: 
 This Cucumber Expression has a problem at column 3:

(\d+) work items exist in the project: (\d+) under {string} and (\d+) under {string}
  ^
Only the characters '{', '}', '(', ')', '\', '/' and whitespace can be escaped.
If you did mean to use an '\' you can use '\\' to escape it
 This Cucumber Expression has a problem at column 3:

(\d+) work items have an AreaPath matching {string} and (\d+) does not
  ^
Only the characters '{', '}', '(', ')', '\', '/' and whitespace can be escaped.
If you did mean to use an '\' you can use '\\' to escape it
 This Cucumber Expression has a problem at column 3:

(\d+) work item has an AreaPath matching {string} and (\d+) do not
  ^
Only the characters '{', '}', '(', ')', '\', '/' and whitespace can be escaped.
If you did mean to use an '\' you can use '\\' to escape it
 Given a migration config with mode "Both"
 -> binding error: Binding error(s) found: 
 This Cucumber Expression has a problem at column 3:

(\d+) work items exist in the project: (\d+) under {string} and (\d+) under {string}
  ^
Only the characters '{', '}', '(', ')', '\', '/' and whitespace can be escaped.
If you did mean to use an '\' you can use '\\' to escape it
 This Cucumber Expression has a problem at column 3:

(\d+) work items have an AreaPath matching {string} and (\d+) does not
  ^
Only the characters '{', '}', '(', ')', '\', '/' and whitespace can be escaped.
If you did mean to use an '\' you can use '\\' to escape it
 This Cucumber Expression has a problem at column 3:

(\d+) work item has an AreaPath matching {string} and (\d+) do not
  ^
Only the characters '{', '}', '(', ')', '\', '/' and whitespace can be escaped.
If you did mean to use an '\' you can use '\\' to escape it
 And the config has a source endpoint of type "AzureDevOpsServices"
 -> binding error: Binding error(s) found: 
 This Cucumber Expression has a problem at column 3:

(\d+) work items exist in the project: (\d+) under {string} and (\d+) under {string}
  ^
Only the characters '{', '}', '(', ')', '\', '/' and whitespace can be escaped.
If you did mean to use an '\' you can use '\\' to escape it
 This Cucumber Expression has a problem at column 3:

(\d+) work items have an AreaPath matching {string} and (\d+) does not
  ^
Only the characters '{', '}', '(', ')', '\', '/' and whitespace can be escaped.
If you did mean to use an '\' you can use '\\' to escape it
 This Cucumber Expression has a problem at column 3:

(\d+) work item has an AreaPath matching {string} and (\d+) do not
  ^
Only the characters '{', '}', '(', ')', '\', '/' and whitespace can be escaped.
If you did mean to use an '\' you can use '\\' to escape it
 And the config has a target endpoint of type "AzureDevOpsServices"
 -> binding error: Binding error(s) found: 
 This Cucumber Expression has a problem at column 3:

(\d+) work items exist in the project: (\d+) under {string} and (\d+) under {string}
  ^
Only the characters '{', '}', '(', ')', '\', '/' and whitespace can be escaped.
If you did mean to use an '\' you can use '\\' to escape it
 This Cucumber Expression has a problem at column 3:

(\d+) work items have an AreaPath matching {string} and (\d+) does not
  ^
Only the characters '{', '}', '(', ')', '\', '/' and whitespace can be escaped.
If you did mean to use an '\' you can use '\\' to escape it
 This Cucumber Expression has a problem at column 3:

(\d+) work item has an AreaPath matching {string} and (\d+) do not
  ^
Only the characters '{', '}', '(', ')', '\', '/' and whitespace can be escaped.
If you did mean to use an '\' you can use '\\' to escape it
 And the config has an artefacts path of "D:\exports\run-001"
 -> binding error: Binding error(s) found: 
 This Cucumber Expression has a problem at column 3:

(\d+) work items exist in the project: (\d+) under {string} and (\d+) under {string}
  ^
Only the characters '{', '}', '(', ')', '\', '/' and whitespace can be escaped.
If you did mean to use an '\' you can use '\\' to escape it
 This Cucumber Expression has a problem at column 3:

(\d+) work items have an AreaPath matching {string} and (\d+) does not
  ^
Only the characters '{', '}', '(', ')', '\', '/' and whitespace can be escaped.
If you did mean to use an '\' you can use '\\' to escape it
 This Cucumber Expression has a problem at column 3:

(\d+) work item has an AreaPath matching {string} and (\d+) do not
  ^
Only the characters '{', '}', '(', ')', '\', '/' and whitespace can be escaped.
If you did mean to use an '\' you can use '\\' to escape it
 When the config is validated
 -> binding error: Binding error(s) found: 
 This Cucumber Expression has a problem at column 3:

(\d+) work items exist in the project: (\d+) under {string} and (\d+) under {string}
  ^
Only the characters '{', '}', '(', ')', '\', '/' and whitespace can be escaped.
If you did mean to use an '\' you can use '\\' to escape it
 This Cucumber Expression has a problem at column 3:

(\d+) work items have an AreaPath matching {string} and (\d+) does not
  ^
Only the characters '{', '}', '(', ')', '\', '/' and whitespace can be escaped.
If you did mean to use an '\' you can use '\\' to escape it
 This Cucumber Expression has a problem at column 3:

(\d+) work item has an AreaPath matching {string} and (\d+) do not
  ^
Only the characters '{', '}', '(', ')', '\', '/' and whitespace can be escaped.
If you did mean to use an '\' you can use '\\' to escape it
 Then the validation passes
 -> binding error: Binding error(s) found: 
 This Cucumber Expression has a problem at column 3:

(\d+) work items exist in the project: (\d+) under {string} and (\d+) under {string}
  ^
Only the characters '{', '}', '(', ')', '\', '/' and whitespace can be escaped.
If you did mean to use an '\' you can use '\\' to escape it
 This Cucumber Expression has a problem at column 3:

(\d+) work items have an AreaPath matching {string} and (\d+) does not
  ^
Only the characters '{', '}', '(', ')', '\', '/' and whitespace can be escaped.
If you did mean to use an '\' you can use '\\' to escape it
 This Cucumber Expression has a problem at column 3:

(\d+) work item has an AreaPath matching {string} and (\d+) do not
  ^
Only the characters '{', '}', '(', ')', '\', '/' and whitespace can be escaped.
If you did mean to use an '\' you can use '\\' to escape it


  Failed MissingModeFailsValidation [1 ms]
  Error Message:
   Test method DevOpsMigrationPlatform.Infrastructure.Tests.Features.MigrationConfigurationValidationFeature.MissingModeFailsValidation threw exception: 
Reqnroll.BindingException: Binding error(s) found: 
This Cucumber Expression has a problem at column 3:

(\d+) work items exist in the project: (\d+) under {string} and (\d+) under {string}
  ^
Only the characters '{', '}', '(', ')', '\', '/' and whitespace can be escaped.
If you did mean to use an '\' you can use '\\' to escape it
This Cucumber Expression has a problem at column 3:

(\d+) work items have an AreaPath matching {string} and (\d+) does not
  ^
Only the characters '{', '}', '(', ')', '\', '/' and whitespace can be escaped.
If you did mean to use an '\' you can use '\\' to escape it
This Cucumber Expression has a problem at column 3:

(\d+) work item has an AreaPath matching {string} and (\d+) do not
  ^
Only the characters '{', '}', '(', ')', '\', '/' and whitespace can be escaped.
If you did mean to use an '\' you can use '\\' to escape it
  Stack Trace:
     at Reqnroll.ErrorHandling.ErrorProvider.GetInvalidBindingRegistryError(IEnumerable`1 errors)
   at Reqnroll.Infrastructure.TestExecutionEngine.GetStepMatch(StepInstance stepInstance)
   at Reqnroll.Infrastructure.TestExecutionEngine.ExecuteStepAsync(IContextManager contextManager, StepInstance stepInstance)
   at Reqnroll.Infrastructure.TestExecutionEngine.OnAfterLastStepAsync()
   at Reqnroll.TestRunner.CollectScenarioErrorsAsync()
   at DevOpsMigrationPlatform.Infrastructure.Tests.Features.MigrationConfigurationValidationFeature.ScenarioCleanupAsync()
   at DevOpsMigrationPlatform.Infrastructure.Tests.Features.MigrationConfigurationValidationFeature.MissingModeFailsValidation() in C:\Users\MartinHinshelwoodNKD\source\repos\azure-devops-migration-platform\tests\DevOpsMigrationPlatform.Infrastructure.Tests\Features\config-validation.feature:line 36
--- End of stack trace from previous location ---

  Standard Output Messages:
 
 
 TestContext Messages:
 Given the platform is configured to validate on start
 -> binding error: Binding error(s) found: 
 This Cucumber Expression has a problem at column 3:

(\d+) work items exist in the project: (\d+) under {string} and (\d+) under {string}
  ^
Only the characters '{', '}', '(', ')', '\', '/' and whitespace can be escaped.
If you did mean to use an '\' you can use '\\' to escape it
 This Cucumber Expression has a problem at column 3:

(\d+) work items have an AreaPath matching {string} and (\d+) does not
  ^
Only the characters '{', '}', '(', ')', '\', '/' and whitespace can be escaped.
If you did mean to use an '\' you can use '\\' to escape it
 This Cucumber Expression has a problem at column 3:

(\d+) work item has an AreaPath matching {string} and (\d+) do not
  ^
Only the characters '{', '}', '(', ')', '\', '/' and whitespace can be escaped.
If you did mean to use an '\' you can use '\\' to escape it
 Given a migration config with mode ""
 -> binding error: Binding error(s) found: 
 This Cucumber Expression has a problem at column 3:

(\d+) work items exist in the project: (\d+) under {string} and (\d+) under {string}
  ^
Only the characters '{', '}', '(', ')', '\', '/' and whitespace can be escaped.
If you did mean to use an '\' you can use '\\' to escape it
 This Cucumber Expression has a problem at column 3:

(\d+) work items have an AreaPath matching {string} and (\d+) does not
  ^
Only the characters '{', '}', '(', ')', '\', '/' and whitespace can be escaped.
If you did mean to use an '\' you can use '\\' to escape it
 This Cucumber Expression has a problem at column 3:

(\d+) work item has an AreaPath matching {string} and (\d+) do not
  ^
Only the characters '{', '}', '(', ')', '\', '/' and whitespace can be escaped.
If you did mean to use an '\' you can use '\\' to escape it
 And the config has an artefacts path of "D:\exports\run-001"
 -> binding error: Binding error(s) found: 
 This Cucumber Expression has a problem at column 3:

(\d+) work items exist in the project: (\d+) under {string} and (\d+) under {string}
  ^
Only the characters '{', '}', '(', ')', '\', '/' and whitespace can be escaped.
If you did mean to use an '\' you can use '\\' to escape it
 This Cucumber Expression has a problem at column 3:

(\d+) work items have an AreaPath matching {string} and (\d+) does not
  ^
Only the characters '{', '}', '(', ')', '\', '/' and whitespace can be escaped.
If you did mean to use an '\' you can use '\\' to escape it
 This Cucumber Expression has a problem at column 3:

(\d+) work item has an AreaPath matching {string} and (\d+) do not
  ^
Only the characters '{', '}', '(', ')', '\', '/' and whitespace can be escaped.
If you did mean to use an '\' you can use '\\' to escape it
 When the config is validated
 -> binding error: Binding error(s) found: 
 This Cucumber Expression has a problem at column 3:

(\d+) work items exist in the project: (\d+) under {string} and (\d+) under {string}
  ^
Only the characters '{', '}', '(', ')', '\', '/' and whitespace can be escaped.
If you did mean to use an '\' you can use '\\' to escape it
 This Cucumber Expression has a problem at column 3:

(\d+) work items have an AreaPath matching {string} and (\d+) does not
  ^
Only the characters '{', '}', '(', ')', '\', '/' and whitespace can be escaped.
If you did mean to use an '\' you can use '\\' to escape it
 This Cucumber Expression has a problem at column 3:

(\d+) work item has an AreaPath matching {string} and (\d+) do not
  ^
Only the characters '{', '}', '(', ')', '\', '/' and whitespace can be escaped.
If you did mean to use an '\' you can use '\\' to escape it
 Then the validation fails
 -> binding error: Binding error(s) found: 
 This Cucumber Expression has a problem at column 3:

(\d+) work items exist in the project: (\d+) under {string} and (\d+) under {string}
  ^
Only the characters '{', '}', '(', ')', '\', '/' and whitespace can be escaped.
If you did mean to use an '\' you can use '\\' to escape it
 This Cucumber Expression has a problem at column 3:

(\d+) work items have an AreaPath matching {string} and (\d+) does not
  ^
Only the characters '{', '}', '(', ')', '\', '/' and whitespace can be escaped.
If you did mean to use an '\' you can use '\\' to escape it
 This Cucumber Expression has a problem at column 3:

(\d+) work item has an AreaPath matching {string} and (\d+) do not
  ^
Only the characters '{', '}', '(', ')', '\', '/' and whitespace can be escaped.
If you did mean to use an '\' you can use '\\' to escape it
 And the error mentions "Mode"
 -> binding error: Binding error(s) found: 
 This Cucumber Expression has a problem at column 3:

(\d+) work items exist in the project: (\d+) under {string} and (\d+) under {string}
  ^
Only the characters '{', '}', '(', ')', '\', '/' and whitespace can be escaped.
If you did mean to use an '\' you can use '\\' to escape it
 This Cucumber Expression has a problem at column 3:

(\d+) work items have an AreaPath matching {string} and (\d+) does not
  ^
Only the characters '{', '}', '(', ')', '\', '/' and whitespace can be escaped.
If you did mean to use an '\' you can use '\\' to escape it
 This Cucumber Expression has a problem at column 3:

(\d+) work item has an AreaPath matching {string} and (\d+) do not
  ^
Only the characters '{', '}', '(', ')', '\', '/' and whitespace can be escaped.
If you did mean to use an '\' you can use '\\' to escape it


  Failed InvalidModeValueFailsValidation [1 ms]
  Error Message:
   Test method DevOpsMigrationPlatform.Infrastructure.Tests.Features.MigrationConfigurationValidationFeature.InvalidModeValueFailsValidation threw exception: 
Reqnroll.BindingException: Binding error(s) found: 
This Cucumber Expression has a problem at column 3:

(\d+) work items exist in the project: (\d+) under {string} and (\d+) under {string}
  ^
Only the characters '{', '}', '(', ')', '\', '/' and whitespace can be escaped.
If you did mean to use an '\' you can use '\\' to escape it
This Cucumber Expression has a problem at column 3:

(\d+) work items have an AreaPath matching {string} and (\d+) does not
  ^
Only the characters '{', '}', '(', ')', '\', '/' and whitespace can be escaped.
If you did mean to use an '\' you can use '\\' to escape it
This Cucumber Expression has a problem at column 3:

(\d+) work item has an AreaPath matching {string} and (\d+) do not
  ^
Only the characters '{', '}', '(', ')', '\', '/' and whitespace can be escaped.
If you did mean to use an '\' you can use '\\' to escape it
  Stack Trace:
     at Reqnroll.ErrorHandling.ErrorProvider.GetInvalidBindingRegistryError(IEnumerable`1 errors)
   at Reqnroll.Infrastructure.TestExecutionEngine.GetStepMatch(StepInstance stepInstance)
   at Reqnroll.Infrastructure.TestExecutionEngine.ExecuteStepAsync(IContextManager contextManager, StepInstance stepInstance)
   at Reqnroll.Infrastructure.TestExecutionEngine.OnAfterLastStepAsync()
   at Reqnroll.TestRunner.CollectScenarioErrorsAsync()
   at DevOpsMigrationPlatform.Infrastructure.Tests.Features.MigrationConfigurationValidationFeature.ScenarioCleanupAsync()
   at DevOpsMigrationPlatform.Infrastructure.Tests.Features.MigrationConfigurationValidationFeature.InvalidModeValueFailsValidation() in C:\Users\MartinHinshelwoodNKD\source\repos\azure-devops-migration-platform\tests\DevOpsMigrationPlatform.Infrastructure.Tests\Features\config-validation.feature:line 43
--- End of stack trace from previous location ---

  Standard Output Messages:
 
 
 TestContext Messages:
 Given the platform is configured to validate on start
 -> binding error: Binding error(s) found: 
 This Cucumber Expression has a problem at column 3:

(\d+) work items exist in the project: (\d+) under {string} and (\d+) under {string}
  ^
Only the characters '{', '}', '(', ')', '\', '/' and whitespace can be escaped.
If you did mean to use an '\' you can use '\\' to escape it
 This Cucumber Expression has a problem at column 3:

(\d+) work items have an AreaPath matching {string} and (\d+) does not
  ^
Only the characters '{', '}', '(', ')', '\', '/' and whitespace can be escaped.
If you did mean to use an '\' you can use '\\' to escape it
 This Cucumber Expression has a problem at column 3:

(\d+) work item has an AreaPath matching {string} and (\d+) do not
  ^
Only the characters '{', '}', '(', ')', '\', '/' and whitespace can be escaped.
If you did mean to use an '\' you can use '\\' to escape it
 Given a migration config with mode "Replicate"
 -> binding error: Binding error(s) found: 
 This Cucumber Expression has a problem at column 3:

(\d+) work items exist in the project: (\d+) under {string} and (\d+) under {string}
  ^
Only the characters '{', '}', '(', ')', '\', '/' and whitespace can be escaped.
If you did mean to use an '\' you can use '\\' to escape it
 This Cucumber Expression has a problem at column 3:

(\d+) work items have an AreaPath matching {string} and (\d+) does not
  ^
Only the characters '{', '}', '(', ')', '\', '/' and whitespace can be escaped.
If you did mean to use an '\' you can use '\\' to escape it
 This Cucumber Expression has a problem at column 3:

(\d+) work item has an AreaPath matching {string} and (\d+) do not
  ^
Only the characters '{', '}', '(', ')', '\', '/' and whitespace can be escaped.
If you did mean to use an '\' you can use '\\' to escape it
 And the config has an artefacts path of "D:\exports\run-001"
 -> binding error: Binding error(s) found: 
 This Cucumber Expression has a problem at column 3:

(\d+) work items exist in the project: (\d+) under {string} and (\d+) under {string}
  ^
Only the characters '{', '}', '(', ')', '\', '/' and whitespace can be escaped.
If you did mean to use an '\' you can use '\\' to escape it
 This Cucumber Expression has a problem at column 3:

(\d+) work items have an AreaPath matching {string} and (\d+) does not
  ^
Only the characters '{', '}', '(', ')', '\', '/' and whitespace can be escaped.
If you did mean to use an '\' you can use '\\' to escape it
 This Cucumber Expression has a problem at column 3:

(\d+) work item has an AreaPath matching {string} and (\d+) do not
  ^
Only the characters '{', '}', '(', ')', '\', '/' and whitespace can be escaped.
If you did mean to use an '\' you can use '\\' to escape it
 When the config is validated
 -> binding error: Binding error(s) found: 
 This Cucumber Expression has a problem at column 3:

(\d+) work items exist in the project: (\d+) under {string} and (\d+) under {string}
  ^
Only the characters '{', '}', '(', ')', '\', '/' and whitespace can be escaped.
If you did mean to use an '\' you can use '\\' to escape it
 This Cucumber Expression has a problem at column 3:

(\d+) work items have an AreaPath matching {string} and (\d+) does not
  ^
Only the characters '{', '}', '(', ')', '\', '/' and whitespace can be escaped.
If you did mean to use an '\' you can use '\\' to escape it
 This Cucumber Expression has a problem at column 3:

(\d+) work item has an AreaPath matching {string} and (\d+) do not
  ^
Only the characters '{', '}', '(', ')', '\', '/' and whitespace can be escaped.
If you did mean to use an '\' you can use '\\' to escape it
 Then the validation fails
 -> binding error: Binding error(s) found: 
 This Cucumber Expression has a problem at column 3:

(\d+) work items exist in the project: (\d+) under {string} and (\d+) under {string}
  ^
Only the characters '{', '}', '(', ')', '\', '/' and whitespace can be escaped.
If you did mean to use an '\' you can use '\\' to escape it
 This Cucumber Expression has a problem at column 3:

(\d+) work items have an AreaPath matching {string} and (\d+) does not
  ^
Only the characters '{', '}', '(', ')', '\', '/' and whitespace can be escaped.
If you did mean to use an '\' you can use '\\' to escape it
 This Cucumber Expression has a problem at column 3:

(\d+) work item has an AreaPath matching {string} and (\d+) do not
  ^
Only the characters '{', '}', '(', ')', '\', '/' and whitespace can be escaped.
If you did mean to use an '\' you can use '\\' to escape it
 And the error mentions "Mode"
 -> binding error: Binding error(s) found: 
 This Cucumber Expression has a problem at column 3:

(\d+) work items exist in the project: (\d+) under {string} and (\d+) under {string}
  ^
Only the characters '{', '}', '(', ')', '\', '/' and whitespace can be escaped.
If you did mean to use an '\' you can use '\\' to escape it
 This Cucumber Expression has a problem at column 3:

(\d+) work items have an AreaPath matching {string} and (\d+) does not
  ^
Only the characters '{', '}', '(', ')', '\', '/' and whitespace can be escaped.
If you did mean to use an '\' you can use '\\' to escape it
 This Cucumber Expression has a problem at column 3:

(\d+) work item has an AreaPath matching {string} and (\d+) do not
  ^
Only the characters '{', '}', '(', ')', '\', '/' and whitespace can be escaped.
If you did mean to use an '\' you can use '\\' to escape it


  Failed ExportModeWithoutSourceFailsValidation [1 ms]
  Error Message:
   Test method DevOpsMigrationPlatform.Infrastructure.Tests.Features.MigrationConfigurationValidationFeature.ExportModeWithoutSourceFailsValidation threw exception: 
Reqnroll.BindingException: Binding error(s) found: 
This Cucumber Expression has a problem at column 3:

(\d+) work items exist in the project: (\d+) under {string} and (\d+) under {string}
  ^
Only the characters '{', '}', '(', ')', '\', '/' and whitespace can be escaped.
If you did mean to use an '\' you can use '\\' to escape it
This Cucumber Expression has a problem at column 3:

(\d+) work items have an AreaPath matching {string} and (\d+) does not
  ^
Only the characters '{', '}', '(', ')', '\', '/' and whitespace can be escaped.
If you did mean to use an '\' you can use '\\' to escape it
This Cucumber Expression has a problem at column 3:

(\d+) work item has an AreaPath matching {string} and (\d+) do not
  ^
Only the characters '{', '}', '(', ')', '\', '/' and whitespace can be escaped.
If you did mean to use an '\' you can use '\\' to escape it
  Stack Trace:
     at Reqnroll.ErrorHandling.ErrorProvider.GetInvalidBindingRegistryError(IEnumerable`1 errors)
   at Reqnroll.Infrastructure.TestExecutionEngine.GetStepMatch(StepInstance stepInstance)
   at Reqnroll.Infrastructure.TestExecutionEngine.ExecuteStepAsync(IContextManager contextManager, StepInstance stepInstance)
   at Reqnroll.Infrastructure.TestExecutionEngine.OnAfterLastStepAsync()
   at Reqnroll.TestRunner.CollectScenarioErrorsAsync()
   at DevOpsMigrationPlatform.Infrastructure.Tests.Features.MigrationConfigurationValidationFeature.ScenarioCleanupAsync()
   at DevOpsMigrationPlatform.Infrastructure.Tests.Features.MigrationConfigurationValidationFeature.ExportModeWithoutSourceFailsValidation() in C:\Users\MartinHinshelwoodNKD\source\repos\azure-devops-migration-platform\tests\DevOpsMigrationPlatform.Infrastructure.Tests\Features\config-validation.feature:line 51
--- End of stack trace from previous location ---

  Standard Output Messages:
 
 
 TestContext Messages:
 Given the platform is configured to validate on start
 -> binding error: Binding error(s) found: 
 This Cucumber Expression has a problem at column 3:

(\d+) work items exist in the project: (\d+) under {string} and (\d+) under {string}
  ^
Only the characters '{', '}', '(', ')', '\', '/' and whitespace can be escaped.
If you did mean to use an '\' you can use '\\' to escape it
 This Cucumber Expression has a problem at column 3:

(\d+) work items have an AreaPath matching {string} and (\d+) does not
  ^
Only the characters '{', '}', '(', ')', '\', '/' and whitespace can be escaped.
If you did mean to use an '\' you can use '\\' to escape it
 This Cucumber Expression has a problem at column 3:

(\d+) work item has an AreaPath matching {string} and (\d+) do not
  ^
Only the characters '{', '}', '(', ')', '\', '/' and whitespace can be escaped.
If you did mean to use an '\' you can use '\\' to escape it
 Given a migration config with mode "Export"
 -> binding error: Binding error(s) found: 
 This Cucumber Expression has a problem at column 3:

(\d+) work items exist in the project: (\d+) under {string} and (\d+) under {string}
  ^
Only the characters '{', '}', '(', ')', '\', '/' and whitespace can be escaped.
If you did mean to use an '\' you can use '\\' to escape it
 This Cucumber Expression has a problem at column 3:

(\d+) work items have an AreaPath matching {string} and (\d+) does not
  ^
Only the characters '{', '}', '(', ')', '\', '/' and whitespace can be escaped.
If you did mean to use an '\' you can use '\\' to escape it
 This Cucumber Expression has a problem at column 3:

(\d+) work item has an AreaPath matching {string} and (\d+) do not
  ^
Only the characters '{', '}', '(', ')', '\', '/' and whitespace can be escaped.
If you did mean to use an '\' you can use '\\' to escape it
 And the config has no source endpoint
 -> binding error: Binding error(s) found: 
 This Cucumber Expression has a problem at column 3:

(\d+) work items exist in the project: (\d+) under {string} and (\d+) under {string}
  ^
Only the characters '{', '}', '(', ')', '\', '/' and whitespace can be escaped.
If you did mean to use an '\' you can use '\\' to escape it
 This Cucumber Expression has a problem at column 3:

(\d+) work items have an AreaPath matching {string} and (\d+) does not
  ^
Only the characters '{', '}', '(', ')', '\', '/' and whitespace can be escaped.
If you did mean to use an '\' you can use '\\' to escape it
 This Cucumber Expression has a problem at column 3:

(\d+) work item has an AreaPath matching {string} and (\d+) do not
  ^
Only the characters '{', '}', '(', ')', '\', '/' and whitespace can be escaped.
If you did mean to use an '\' you can use '\\' to escape it
 And the config has an artefacts path of "D:\exports\run-001"
 -> binding error: Binding error(s) found: 
 This Cucumber Expression has a problem at column 3:

(\d+) work items exist in the project: (\d+) under {string} and (\d+) under {string}
  ^
Only the characters '{', '}', '(', ')', '\', '/' and whitespace can be escaped.
If you did mean to use an '\' you can use '\\' to escape it
 This Cucumber Expression has a problem at column 3:

(\d+) work items have an AreaPath matching {string} and (\d+) does not
  ^
Only the characters '{', '}', '(', ')', '\', '/' and whitespace can be escaped.
If you did mean to use an '\' you can use '\\' to escape it
 This Cucumber Expression has a problem at column 3:

(\d+) work item has an AreaPath matching {string} and (\d+) do not
  ^
Only the characters '{', '}', '(', ')', '\', '/' and whitespace can be escaped.
If you did mean to use an '\' you can use '\\' to escape it
 When the config is validated
 -> binding error: Binding error(s) found: 
 This Cucumber Expression has a problem at column 3:

(\d+) work items exist in the project: (\d+) under {string} and (\d+) under {string}
  ^
Only the characters '{', '}', '(', ')', '\', '/' and whitespace can be escaped.
If you did mean to use an '\' you can use '\\' to escape it
 This Cucumber Expression has a problem at column 3:

(\d+) work items have an AreaPath matching {string} and (\d+) does not
  ^
Only the characters '{', '}', '(', ')', '\', '/' and whitespace can be escaped.
If you did mean to use an '\' you can use '\\' to escape it
 This Cucumber Expression has a problem at column 3:

(\d+) work item has an AreaPath matching {string} and (\d+) do not
  ^
Only the characters '{', '}', '(', ')', '\', '/' and whitespace can be escaped.
If you did mean to use an '\' you can use '\\' to escape it
 Then the validation fails
 -> binding error: Binding error(s) found: 
 This Cucumber Expression has a problem at column 3:

(\d+) work items exist in the project: (\d+) under {string} and (\d+) under {string}
  ^
Only the characters '{', '}', '(', ')', '\', '/' and whitespace can be escaped.
If you did mean to use an '\' you can use '\\' to escape it
 This Cucumber Expression has a problem at column 3:

(\d+) work items have an AreaPath matching {string} and (\d+) does not
  ^
Only the characters '{', '}', '(', ')', '\', '/' and whitespace can be escaped.
If you did mean to use an '\' you can use '\\' to escape it
 This Cucumber Expression has a problem at column 3:

(\d+) work item has an AreaPath matching {string} and (\d+) do not
  ^
Only the characters '{', '}', '(', ')', '\', '/' and whitespace can be escaped.
If you did mean to use an '\' you can use '\\' to escape it
 And the error mentions "Source"
 -> binding error: Binding error(s) found: 
 This Cucumber Expression has a problem at column 3:

(\d+) work items exist in the project: (\d+) under {string} and (\d+) under {string}
  ^
Only the characters '{', '}', '(', ')', '\', '/' and whitespace can be escaped.
If you did mean to use an '\' you can use '\\' to escape it
 This Cucumber Expression has a problem at column 3:

(\d+) work items have an AreaPath matching {string} and (\d+) does not
  ^
Only the characters '{', '}', '(', ')', '\', '/' and whitespace can be escaped.
If you did mean to use an '\' you can use '\\' to escape it
 This Cucumber Expression has a problem at column 3:

(\d+) work item has an AreaPath matching {string} and (\d+) do not
  ^
Only the characters '{', '}', '(', ')', '\', '/' and whitespace can be escaped.
If you did mean to use an '\' you can use '\\' to escape it


  Failed ImportModeWithoutTargetFailsValidation [1 ms]
  Error Message:
   Test method DevOpsMigrationPlatform.Infrastructure.Tests.Features.MigrationConfigurationValidationFeature.ImportModeWithoutTargetFailsValidation threw exception: 
Reqnroll.BindingException: Binding error(s) found: 
This Cucumber Expression has a problem at column 3:

(\d+) work items exist in the project: (\d+) under {string} and (\d+) under {string}
  ^
Only the characters '{', '}', '(', ')', '\', '/' and whitespace can be escaped.
If you did mean to use an '\' you can use '\\' to escape it
This Cucumber Expression has a problem at column 3:

(\d+) work items have an AreaPath matching {string} and (\d+) does not
  ^
Only the characters '{', '}', '(', ')', '\', '/' and whitespace can be escaped.
If you did mean to use an '\' you can use '\\' to escape it
This Cucumber Expression has a problem at column 3:

(\d+) work item has an AreaPath matching {string} and (\d+) do not
  ^
Only the characters '{', '}', '(', ')', '\', '/' and whitespace can be escaped.
If you did mean to use an '\' you can use '\\' to escape it
  Stack Trace:
     at Reqnroll.ErrorHandling.ErrorProvider.GetInvalidBindingRegistryError(IEnumerable`1 errors)
   at Reqnroll.Infrastructure.TestExecutionEngine.GetStepMatch(StepInstance stepInstance)
   at Reqnroll.Infrastructure.TestExecutionEngine.ExecuteStepAsync(IContextManager contextManager, StepInstance stepInstance)
   at Reqnroll.Infrastructure.TestExecutionEngine.OnAfterLastStepAsync()
   at Reqnroll.TestRunner.CollectScenarioErrorsAsync()
   at DevOpsMigrationPlatform.Infrastructure.Tests.Features.MigrationConfigurationValidationFeature.ScenarioCleanupAsync()
   at DevOpsMigrationPlatform.Infrastructure.Tests.Features.MigrationConfigurationValidationFeature.ImportModeWithoutTargetFailsValidation() in C:\Users\MartinHinshelwoodNKD\source\repos\azure-devops-migration-platform\tests\DevOpsMigrationPlatform.Infrastructure.Tests\Features\config-validation.feature:line 59
--- End of stack trace from previous location ---

  Standard Output Messages:
 
 
 TestContext Messages:
 Given the platform is configured to validate on start
 -> binding error: Binding error(s) found: 
 This Cucumber Expression has a problem at column 3:

(\d+) work items exist in the project: (\d+) under {string} and (\d+) under {string}
  ^
Only the characters '{', '}', '(', ')', '\', '/' and whitespace can be escaped.
If you did mean to use an '\' you can use '\\' to escape it
 This Cucumber Expression has a problem at column 3:

(\d+) work items have an AreaPath matching {string} and (\d+) does not
  ^
Only the characters '{', '}', '(', ')', '\', '/' and whitespace can be escaped.
If you did mean to use an '\' you can use '\\' to escape it
 This Cucumber Expression has a problem at column 3:

(\d+) work item has an AreaPath matching {string} and (\d+) do not
  ^
Only the characters '{', '}', '(', ')', '\', '/' and whitespace can be escaped.
If you did mean to use an '\' you can use '\\' to escape it
 Given a migration config with mode "Import"
 -> binding error: Binding error(s) found: 
 This Cucumber Expression has a problem at column 3:

(\d+) work items exist in the project: (\d+) under {string} and (\d+) under {string}
  ^
Only the characters '{', '}', '(', ')', '\', '/' and whitespace can be escaped.
If you did mean to use an '\' you can use '\\' to escape it
 This Cucumber Expression has a problem at column 3:

(\d+) work items have an AreaPath matching {string} and (\d+) does not
  ^
Only the characters '{', '}', '(', ')', '\', '/' and whitespace can be escaped.
If you did mean to use an '\' you can use '\\' to escape it
 This Cucumber Expression has a problem at column 3:

(\d+) work item has an AreaPath matching {string} and (\d+) do not
  ^
Only the characters '{', '}', '(', ')', '\', '/' and whitespace can be escaped.
If you did mean to use an '\' you can use '\\' to escape it
 And the config has no target endpoint
 -> binding error: Binding error(s) found: 
 This Cucumber Expression has a problem at column 3:

(\d+) work items exist in the project: (\d+) under {string} and (\d+) under {string}
  ^
Only the characters '{', '}', '(', ')', '\', '/' and whitespace can be escaped.
If you did mean to use an '\' you can use '\\' to escape it
 This Cucumber Expression has a problem at column 3:

(\d+) work items have an AreaPath matching {string} and (\d+) does not
  ^
Only the characters '{', '}', '(', ')', '\', '/' and whitespace can be escaped.
If you did mean to use an '\' you can use '\\' to escape it
 This Cucumber Expression has a problem at column 3:

(\d+) work item has an AreaPath matching {string} and (\d+) do not
  ^
Only the characters '{', '}', '(', ')', '\', '/' and whitespace can be escaped.
If you did mean to use an '\' you can use '\\' to escape it
 And the config has an artefacts path of "D:\exports\run-001"
 -> binding error: Binding error(s) found: 
 This Cucumber Expression has a problem at column 3:

(\d+) work items exist in the project: (\d+) under {string} and (\d+) under {string}
  ^
Only the characters '{', '}', '(', ')', '\', '/' and whitespace can be escaped.
If you did mean to use an '\' you can use '\\' to escape it
 This Cucumber Expression has a problem at column 3:

(\d+) work items have an AreaPath matching {string} and (\d+) does not
  ^
Only the characters '{', '}', '(', ')', '\', '/' and whitespace can be escaped.
If you did mean to use an '\' you can use '\\' to escape it
 This Cucumber Expression has a problem at column 3:

(\d+) work item has an AreaPath matching {string} and (\d+) do not
  ^
Only the characters '{', '}', '(', ')', '\', '/' and whitespace can be escaped.
If you did mean to use an '\' you can use '\\' to escape it
 When the config is validated
 -> binding error: Binding error(s) found: 
 This Cucumber Expression has a problem at column 3:

(\d+) work items exist in the project: (\d+) under {string} and (\d+) under {string}
  ^
Only the characters '{', '}', '(', ')', '\', '/' and whitespace can be escaped.
If you did mean to use an '\' you can use '\\' to escape it
 This Cucumber Expression has a problem at column 3:

(\d+) work items have an AreaPath matching {string} and (\d+) does not
  ^
Only the characters '{', '}', '(', ')', '\', '/' and whitespace can be escaped.
If you did mean to use an '\' you can use '\\' to escape it
 This Cucumber Expression has a problem at column 3:

(\d+) work item has an AreaPath matching {string} and (\d+) do not
  ^
Only the characters '{', '}', '(', ')', '\', '/' and whitespace can be escaped.
If you did mean to use an '\' you can use '\\' to escape it
 Then the validation fails
 -> binding error: Binding error(s) found: 
 This Cucumber Expression has a problem at column 3:

(\d+) work items exist in the project: (\d+) under {string} and (\d+) under {string}
  ^
Only the characters '{', '}', '(', ')', '\', '/' and whitespace can be escaped.
If you did mean to use an '\' you can use '\\' to escape it
 This Cucumber Expression has a problem at column 3:

(\d+) work items have an AreaPath matching {string} and (\d+) does not
  ^
Only the characters '{', '}', '(', ')', '\', '/' and whitespace can be escaped.
If you did mean to use an '\' you can use '\\' to escape it
 This Cucumber Expression has a problem at column 3:

(\d+) work item has an AreaPath matching {string} and (\d+) do not
  ^
Only the characters '{', '}', '(', ')', '\', '/' and whitespace can be escaped.
If you did mean to use an '\' you can use '\\' to escape it
 And the error mentions "Target"
 -> binding error: Binding error(s) found: 
 This Cucumber Expression has a problem at column 3:

(\d+) work items exist in the project: (\d+) under {string} and (\d+) under {string}
  ^
Only the characters '{', '}', '(', ')', '\', '/' and whitespace can be escaped.
If you did mean to use an '\' you can use '\\' to escape it
 This Cucumber Expression has a problem at column 3:

(\d+) work items have an AreaPath matching {string} and (\d+) does not
  ^
Only the characters '{', '}', '(', ')', '\', '/' and whitespace can be escaped.
If you did mean to use an '\' you can use '\\' to escape it
 This Cucumber Expression has a problem at column 3:

(\d+) work item has an AreaPath matching {string} and (\d+) do not
  ^
Only the characters '{', '}', '(', ')', '\', '/' and whitespace can be escaped.
If you did mean to use an '\' you can use '\\' to escape it


  Failed MissingArtefactsPathFailsValidation [1 ms]
  Error Message:
   Test method DevOpsMigrationPlatform.Infrastructure.Tests.Features.MigrationConfigurationValidationFeature.MissingArtefactsPathFailsValidation threw exception: 
Reqnroll.BindingException: Binding error(s) found: 
This Cucumber Expression has a problem at column 3:

(\d+) work items exist in the project: (\d+) under {string} and (\d+) under {string}
  ^
Only the characters '{', '}', '(', ')', '\', '/' and whitespace can be escaped.
If you did mean to use an '\' you can use '\\' to escape it
This Cucumber Expression has a problem at column 3:

(\d+) work items have an AreaPath matching {string} and (\d+) does not
  ^
Only the characters '{', '}', '(', ')', '\', '/' and whitespace can be escaped.
If you did mean to use an '\' you can use '\\' to escape it
This Cucumber Expression has a problem at column 3:

(\d+) work item has an AreaPath matching {string} and (\d+) do not
  ^
Only the characters '{', '}', '(', ')', '\', '/' and whitespace can be escaped.
If you did mean to use an '\' you can use '\\' to escape it
  Stack Trace:
     at Reqnroll.ErrorHandling.ErrorProvider.GetInvalidBindingRegistryError(IEnumerable`1 errors)
   at Reqnroll.Infrastructure.TestExecutionEngine.GetStepMatch(StepInstance stepInstance)
   at Reqnroll.Infrastructure.TestExecutionEngine.ExecuteStepAsync(IContextManager contextManager, StepInstance stepInstance)
   at Reqnroll.Infrastructure.TestExecutionEngine.OnAfterLastStepAsync()
   at Reqnroll.TestRunner.CollectScenarioErrorsAsync()
   at DevOpsMigrationPlatform.Infrastructure.Tests.Features.MigrationConfigurationValidationFeature.ScenarioCleanupAsync()
   at DevOpsMigrationPlatform.Infrastructure.Tests.Features.MigrationConfigurationValidationFeature.MissingArtefactsPathFailsValidation() in C:\Users\MartinHinshelwoodNKD\source\repos\azure-devops-migration-platform\tests\DevOpsMigrationPlatform.Infrastructure.Tests\Features\config-validation.feature:line 67
--- End of stack trace from previous location ---

  Standard Output Messages:
 
 
 TestContext Messages:
 Given the platform is configured to validate on start
 -> binding error: Binding error(s) found: 
 This Cucumber Expression has a problem at column 3:

(\d+) work items exist in the project: (\d+) under {string} and (\d+) under {string}
  ^
Only the characters '{', '}', '(', ')', '\', '/' and whitespace can be escaped.
If you did mean to use an '\' you can use '\\' to escape it
 This Cucumber Expression has a problem at column 3:

(\d+) work items have an AreaPath matching {string} and (\d+) does not
  ^
Only the characters '{', '}', '(', ')', '\', '/' and whitespace can be escaped.
If you did mean to use an '\' you can use '\\' to escape it
 This Cucumber Expression has a problem at column 3:

(\d+) work item has an AreaPath matching {string} and (\d+) do not
  ^
Only the characters '{', '}', '(', ')', '\', '/' and whitespace can be escaped.
If you did mean to use an '\' you can use '\\' to escape it
 Given a migration config with mode "Export"
 -> binding error: Binding error(s) found: 
 This Cucumber Expression has a problem at column 3:

(\d+) work items exist in the project: (\d+) under {string} and (\d+) under {string}
  ^
Only the characters '{', '}', '(', ')', '\', '/' and whitespace can be escaped.
If you did mean to use an '\' you can use '\\' to escape it
 This Cucumber Expression has a problem at column 3:

(\d+) work items have an AreaPath matching {string} and (\d+) does not
  ^
Only the characters '{', '}', '(', ')', '\', '/' and whitespace can be escaped.
If you did mean to use an '\' you can use '\\' to escape it
 This Cucumber Expression has a problem at column 3:

(\d+) work item has an AreaPath matching {string} and (\d+) do not
  ^
Only the characters '{', '}', '(', ')', '\', '/' and whitespace can be escaped.
If you did mean to use an '\' you can use '\\' to escape it
 And the config has a source endpoint of type "AzureDevOpsServices"
 -> binding error: Binding error(s) found: 
 This Cucumber Expression has a problem at column 3:

(\d+) work items exist in the project: (\d+) under {string} and (\d+) under {string}
  ^
Only the characters '{', '}', '(', ')', '\', '/' and whitespace can be escaped.
If you did mean to use an '\' you can use '\\' to escape it
 This Cucumber Expression has a problem at column 3:

(\d+) work items have an AreaPath matching {string} and (\d+) does not
  ^
Only the characters '{', '}', '(', ')', '\', '/' and whitespace can be escaped.
If you did mean to use an '\' you can use '\\' to escape it
 This Cucumber Expression has a problem at column 3:

(\d+) work item has an AreaPath matching {string} and (\d+) do not
  ^
Only the characters '{', '}', '(', ')', '\', '/' and whitespace can be escaped.
If you did mean to use an '\' you can use '\\' to escape it
 And the config has an artefacts path of ""
 -> binding error: Binding error(s) found: 
 This Cucumber Expression has a problem at column 3:

(\d+) work items exist in the project: (\d+) under {string} and (\d+) under {string}
  ^
Only the characters '{', '}', '(', ')', '\', '/' and whitespace can be escaped.
If you did mean to use an '\' you can use '\\' to escape it
 This Cucumber Expression has a problem at column 3:

(\d+) work items have an AreaPath matching {string} and (\d+) does not
  ^
Only the characters '{', '}', '(', ')', '\', '/' and whitespace can be escaped.
If you did mean to use an '\' you can use '\\' to escape it
 This Cucumber Expression has a problem at column 3:

(\d+) work item has an AreaPath matching {string} and (\d+) do not
  ^
Only the characters '{', '}', '(', ')', '\', '/' and whitespace can be escaped.
If you did mean to use an '\' you can use '\\' to escape it
 When the config is validated
 -> binding error: Binding error(s) found: 
 This Cucumber Expression has a problem at column 3:

(\d+) work items exist in the project: (\d+) under {string} and (\d+) under {string}
  ^
Only the characters '{', '}', '(', ')', '\', '/' and whitespace can be escaped.
If you did mean to use an '\' you can use '\\' to escape it
 This Cucumber Expression has a problem at column 3:

(\d+) work items have an AreaPath matching {string} and (\d+) does not
  ^
Only the characters '{', '}', '(', ')', '\', '/' and whitespace can be escaped.
If you did mean to use an '\' you can use '\\' to escape it
 This Cucumber Expression has a problem at column 3:

(\d+) work item has an AreaPath matching {string} and (\d+) do not
  ^
Only the characters '{', '}', '(', ')', '\', '/' and whitespace can be escaped.
If you did mean to use an '\' you can use '\\' to escape it
 Then the validation fails
 -> binding error: Binding error(s) found: 
 This Cucumber Expression has a problem at column 3:

(\d+) work items exist in the project: (\d+) under {string} and (\d+) under {string}
  ^
Only the characters '{', '}', '(', ')', '\', '/' and whitespace can be escaped.
If you did mean to use an '\' you can use '\\' to escape it
 This Cucumber Expression has a problem at column 3:

(\d+) work items have an AreaPath matching {string} and (\d+) does not
  ^
Only the characters '{', '}', '(', ')', '\', '/' and whitespace can be escaped.
If you did mean to use an '\' you can use '\\' to escape it
 This Cucumber Expression has a problem at column 3:

(\d+) work item has an AreaPath matching {string} and (\d+) do not
  ^
Only the characters '{', '}', '(', ')', '\', '/' and whitespace can be escaped.
If you did mean to use an '\' you can use '\\' to escape it
 And the error mentions "Artefacts"
 -> binding error: Binding error(s) found: 
 This Cucumber Expression has a problem at column 3:

(\d+) work items exist in the project: (\d+) under {string} and (\d+) under {string}
  ^
Only the characters '{', '}', '(', ')', '\', '/' and whitespace can be escaped.
If you did mean to use an '\' you can use '\\' to escape it
 This Cucumber Expression has a problem at column 3:

(\d+) work items have an AreaPath matching {string} and (\d+) does not
  ^
Only the characters '{', '}', '(', ')', '\', '/' and whitespace can be escaped.
If you did mean to use an '\' you can use '\\' to escape it
 This Cucumber Expression has a problem at column 3:

(\d+) work item has an AreaPath matching {string} and (\d+) do not
  ^
Only the characters '{', '}', '(', ')', '\', '/' and whitespace can be escaped.
If you did mean to use an '\' you can use '\\' to escape it


  Failed CursorFileIsCreatedOnTheFirstSuccessfulWrite [2 ms]
  Error Message:
   Test method DevOpsMigrationPlatform.Infrastructure.Tests.Features.Cursor_BasedResumeAndCheckpointingFeature.CursorFileIsCreatedOnTheFirstSuccessfulWrite threw exception: 
Reqnroll.BindingException: Binding error(s) found: 
This Cucumber Expression has a problem at column 3:

(\d+) work items exist in the project: (\d+) under {string} and (\d+) under {string}
  ^
Only the characters '{', '}', '(', ')', '\', '/' and whitespace can be escaped.
If you did mean to use an '\' you can use '\\' to escape it
This Cucumber Expression has a problem at column 3:

(\d+) work items have an AreaPath matching {string} and (\d+) does not
  ^
Only the characters '{', '}', '(', ')', '\', '/' and whitespace can be escaped.
If you did mean to use an '\' you can use '\\' to escape it
This Cucumber Expression has a problem at column 3:

(\d+) work item has an AreaPath matching {string} and (\d+) do not
  ^
Only the characters '{', '}', '(', ')', '\', '/' and whitespace can be escaped.
If you did mean to use an '\' you can use '\\' to escape it
  Stack Trace:
     at Reqnroll.ErrorHandling.ErrorProvider.GetInvalidBindingRegistryError(IEnumerable`1 errors)
   at Reqnroll.Infrastructure.TestExecutionEngine.GetStepMatch(StepInstance stepInstance)
   at Reqnroll.Infrastructure.TestExecutionEngine.ExecuteStepAsync(IContextManager contextManager, StepInstance stepInstance)
   at Reqnroll.Infrastructure.TestExecutionEngine.OnAfterLastStepAsync()
   at Reqnroll.TestRunner.CollectScenarioErrorsAsync()
   at DevOpsMigrationPlatform.Infrastructure.Tests.Features.Cursor_BasedResumeAndCheckpointingFeature.ScenarioCleanupAsync()
   at DevOpsMigrationPlatform.Infrastructure.Tests.Features.Cursor_BasedResumeAndCheckpointingFeature.CursorFileIsCreatedOnTheFirstSuccessfulWrite() in C:\Users\MartinHinshelwoodNKD\source\repos\azure-devops-migration-platform\tests\DevOpsMigrationPlatform.Infrastructure.Tests\Features\cursor-resume.feature:line 14
--- End of stack trace from previous location ---

  Standard Output Messages:
 
 
 TestContext Messages:
 Given the migration platform is configured to checkpoint progress after each unit of work
 -> binding error: Binding error(s) found: 
 This Cucumber Expression has a problem at column 3:

(\d+) work items exist in the project: (\d+) under {string} and (\d+) under {string}
  ^
Only the characters '{', '}', '(', ')', '\', '/' and whitespace can be escaped.
If you did mean to use an '\' you can use '\\' to escape it
 This Cucumber Expression has a problem at column 3:

(\d+) work items have an AreaPath matching {string} and (\d+) does not
  ^
Only the characters '{', '}', '(', ')', '\', '/' and whitespace can be escaped.
If you did mean to use an '\' you can use '\\' to escape it
 This Cucumber Expression has a problem at column 3:

(\d+) work item has an AreaPath matching {string} and (\d+) do not
  ^
Only the characters '{', '}', '(', ')', '\', '/' and whitespace can be escaped.
If you did mean to use an '\' you can use '\\' to escape it
 And the checkpoint location is "Checkpoints/<module>.cursor.json"
 -> binding error: Binding error(s) found: 
 This Cucumber Expression has a problem at column 3:

(\d+) work items exist in the project: (\d+) under {string} and (\d+) under {string}
  ^
Only the characters '{', '}', '(', ')', '\', '/' and whitespace can be escaped.
If you did mean to use an '\' you can use '\\' to escape it
 This Cucumber Expression has a problem at column 3:

(\d+) work items have an AreaPath matching {string} and (\d+) does not
  ^
Only the characters '{', '}', '(', ')', '\', '/' and whitespace can be escaped.
If you did mean to use an '\' you can use '\\' to escape it
 This Cucumber Expression has a problem at column 3:

(\d+) work item has an AreaPath matching {string} and (\d+) do not
  ^
Only the characters '{', '}', '(', ')', '\', '/' and whitespace can be escaped.
If you did mean to use an '\' you can use '\\' to escape it
 Given no cursor file exists for the WorkItems module
 -> binding error: Binding error(s) found: 
 This Cucumber Expression has a problem at column 3:

(\d+) work items exist in the project: (\d+) under {string} and (\d+) under {string}
  ^
Only the characters '{', '}', '(', ')', '\', '/' and whitespace can be escaped.
If you did mean to use an '\' you can use '\\' to escape it
 This Cucumber Expression has a problem at column 3:

(\d+) work items have an AreaPath matching {string} and (\d+) does not
  ^
Only the characters '{', '}', '(', ')', '\', '/' and whitespace can be escaped.
If you did mean to use an '\' you can use '\\' to escape it
 This Cucumber Expression has a problem at column 3:

(\d+) work item has an AreaPath matching {string} and (\d+) do not
  ^
Only the characters '{', '}', '(', ')', '\', '/' and whitespace can be escaped.
If you did mean to use an '\' you can use '\\' to escape it
 When the WorkItems module successfully processes its first revision folder
 -> binding error: Binding error(s) found: 
 This Cucumber Expression has a problem at column 3:

(\d+) work items exist in the project: (\d+) under {string} and (\d+) under {string}
  ^
Only the characters '{', '}', '(', ')', '\', '/' and whitespace can be escaped.
If you did mean to use an '\' you can use '\\' to escape it
 This Cucumber Expression has a problem at column 3:

(\d+) work items have an AreaPath matching {string} and (\d+) does not
  ^
Only the characters '{', '}', '(', ')', '\', '/' and whitespace can be escaped.
If you did mean to use an '\' you can use '\\' to escape it
 This Cucumber Expression has a problem at column 3:

(\d+) work item has an AreaPath matching {string} and (\d+) do not
  ^
Only the characters '{', '}', '(', ')', '\', '/' and whitespace can be escaped.
If you did mean to use an '\' you can use '\\' to escape it
 Then "Checkpoints/workitems.cursor.json" is created
 -> binding error: Binding error(s) found: 
 This Cucumber Expression has a problem at column 3:

(\d+) work items exist in the project: (\d+) under {string} and (\d+) under {string}
  ^
Only the characters '{', '}', '(', ')', '\', '/' and whitespace can be escaped.
If you did mean to use an '\' you can use '\\' to escape it
 This Cucumber Expression has a problem at column 3:

(\d+) work items have an AreaPath matching {string} and (\d+) does not
  ^
Only the characters '{', '}', '(', ')', '\', '/' and whitespace can be escaped.
If you did mean to use an '\' you can use '\\' to escape it
 This Cucumber Expression has a problem at column 3:

(\d+) work item has an AreaPath matching {string} and (\d+) do not
  ^
Only the characters '{', '}', '(', ')', '\', '/' and whitespace can be escaped.
If you did mean to use an '\' you can use '\\' to escape it
 And the cursor records the path of the last successfully processed folder
 -> binding error: Binding error(s) found: 
 This Cucumber Expression has a problem at column 3:

(\d+) work items exist in the project: (\d+) under {string} and (\d+) under {string}
  ^
Only the characters '{', '}', '(', ')', '\', '/' and whitespace can be escaped.
If you did mean to use an '\' you can use '\\' to escape it
 This Cucumber Expression has a problem at column 3:

(\d+) work items have an AreaPath matching {string} and (\d+) does not
  ^
Only the characters '{', '}', '(', ')', '\', '/' and whitespace can be escaped.
If you did mean to use an '\' you can use '\\' to escape it
 This Cucumber Expression has a problem at column 3:

(\d+) work item has an AreaPath matching {string} and (\d+) do not
  ^
Only the characters '{', '}', '(', ')', '\', '/' and whitespace can be escaped.
If you did mean to use an '\' you can use '\\' to escape it


  Failed CursorFileIsUpdatedAfterEachSuccessfullyProcessedRevision [1 ms]
  Error Message:
   Test method DevOpsMigrationPlatform.Infrastructure.Tests.Features.Cursor_BasedResumeAndCheckpointingFeature.CursorFileIsUpdatedAfterEachSuccessfullyProcessedRevision threw exception: 
Reqnroll.BindingException: Binding error(s) found: 
This Cucumber Expression has a problem at column 3:

(\d+) work items exist in the project: (\d+) under {string} and (\d+) under {string}
  ^
Only the characters '{', '}', '(', ')', '\', '/' and whitespace can be escaped.
If you did mean to use an '\' you can use '\\' to escape it
This Cucumber Expression has a problem at column 3:

(\d+) work items have an AreaPath matching {string} and (\d+) does not
  ^
Only the characters '{', '}', '(', ')', '\', '/' and whitespace can be escaped.
If you did mean to use an '\' you can use '\\' to escape it
This Cucumber Expression has a problem at column 3:

(\d+) work item has an AreaPath matching {string} and (\d+) do not
  ^
Only the characters '{', '}', '(', ')', '\', '/' and whitespace can be escaped.
If you did mean to use an '\' you can use '\\' to escape it
  Stack Trace:
     at Reqnroll.ErrorHandling.ErrorProvider.GetInvalidBindingRegistryError(IEnumerable`1 errors)
   at Reqnroll.Infrastructure.TestExecutionEngine.GetStepMatch(StepInstance stepInstance)
   at Reqnroll.Infrastructure.TestExecutionEngine.ExecuteStepAsync(IContextManager contextManager, StepInstance stepInstance)
   at Reqnroll.Infrastructure.TestExecutionEngine.OnAfterLastStepAsync()
   at Reqnroll.TestRunner.CollectScenarioErrorsAsync()
   at DevOpsMigrationPlatform.Infrastructure.Tests.Features.Cursor_BasedResumeAndCheckpointingFeature.ScenarioCleanupAsync()
   at DevOpsMigrationPlatform.Infrastructure.Tests.Features.Cursor_BasedResumeAndCheckpointingFeature.CursorFileIsUpdatedAfterEachSuccessfullyProcessedRevision() in C:\Users\MartinHinshelwoodNKD\source\repos\azure-devops-migration-platform\tests\DevOpsMigrationPlatform.Infrastructure.Tests\Features\cursor-resume.feature:line 19
--- End of stack trace from previous location ---

  Standard Output Messages:
 
 
 TestContext Messages:
 Given the migration platform is configured to checkpoint progress after each unit of work
 -> binding error: Binding error(s) found: 
 This Cucumber Expression has a problem at column 3:

(\d+) work items exist in the project: (\d+) under {string} and (\d+) under {string}
  ^
Only the characters '{', '}', '(', ')', '\', '/' and whitespace can be escaped.
If you did mean to use an '\' you can use '\\' to escape it
 This Cucumber Expression has a problem at column 3:

(\d+) work items have an AreaPath matching {string} and (\d+) does not
  ^
Only the characters '{', '}', '(', ')', '\', '/' and whitespace can be escaped.
If you did mean to use an '\' you can use '\\' to escape it
 This Cucumber Expression has a problem at column 3:

(\d+) work item has an AreaPath matching {string} and (\d+) do not
  ^
Only the characters '{', '}', '(', ')', '\', '/' and whitespace can be escaped.
If you did mean to use an '\' you can use '\\' to escape it
 And the checkpoint location is "Checkpoints/<module>.cursor.json"
 -> binding error: Binding error(s) found: 
 This Cucumber Expression has a problem at column 3:

(\d+) work items exist in the project: (\d+) under {string} and (\d+) under {string}
  ^
Only the characters '{', '}', '(', ')', '\', '/' and whitespace can be escaped.
If you did mean to use an '\' you can use '\\' to escape it
 This Cucumber Expression has a problem at column 3:

(\d+) work items have an AreaPath matching {string} and (\d+) does not
  ^
Only the characters '{', '}', '(', ')', '\', '/' and whitespace can be escaped.
If you did mean to use an '\' you can use '\\' to escape it
 This Cucumber Expression has a problem at column 3:

(\d+) work item has an AreaPath matching {string} and (\d+) do not
  ^
Only the characters '{', '}', '(', ')', '\', '/' and whitespace can be escaped.
If you did mean to use an '\' you can use '\\' to escape it
 Given the WorkItems module has already processed 10 revision folders
 -> binding error: Binding error(s) found: 
 This Cucumber Expression has a problem at column 3:

(\d+) work items exist in the project: (\d+) under {string} and (\d+) under {string}
  ^
Only the characters '{', '}', '(', ')', '\', '/' and whitespace can be escaped.
If you did mean to use an '\' you can use '\\' to escape it
 This Cucumber Expression has a problem at column 3:

(\d+) work items have an AreaPath matching {string} and (\d+) does not
  ^
Only the characters '{', '}', '(', ')', '\', '/' and whitespace can be escaped.
If you did mean to use an '\' you can use '\\' to escape it
 This Cucumber Expression has a problem at column 3:

(\d+) work item has an AreaPath matching {string} and (\d+) do not
  ^
Only the characters '{', '}', '(', ')', '\', '/' and whitespace can be escaped.
If you did mean to use an '\' you can use '\\' to escape it
 When the WorkItems module processes the 11th revision folder
 -> binding error: Binding error(s) found: 
 This Cucumber Expression has a problem at column 3:

(\d+) work items exist in the project: (\d+) under {string} and (\d+) under {string}
  ^
Only the characters '{', '}', '(', ')', '\', '/' and whitespace can be escaped.
If you did mean to use an '\' you can use '\\' to escape it
 This Cucumber Expression has a problem at column 3:

(\d+) work items have an AreaPath matching {string} and (\d+) does not
  ^
Only the characters '{', '}', '(', ')', '\', '/' and whitespace can be escaped.
If you did mean to use an '\' you can use '\\' to escape it
 This Cucumber Expression has a problem at column 3:

(\d+) work item has an AreaPath matching {string} and (\d+) do not
  ^
Only the characters '{', '}', '(', ')', '\', '/' and whitespace can be escaped.
If you did mean to use an '\' you can use '\\' to escape it
 Then "Checkpoints/workitems.cursor.json" is updated to record the 11th folder path
 -> binding error: Binding error(s) found: 
 This Cucumber Expression has a problem at column 3:

(\d+) work items exist in the project: (\d+) under {string} and (\d+) under {string}
  ^
Only the characters '{', '}', '(', ')', '\', '/' and whitespace can be escaped.
If you did mean to use an '\' you can use '\\' to escape it
 This Cucumber Expression has a problem at column 3:

(\d+) work items have an AreaPath matching {string} and (\d+) does not
  ^
Only the characters '{', '}', '(', ')', '\', '/' and whitespace can be escaped.
If you did mean to use an '\' you can use '\\' to escape it
 This Cucumber Expression has a problem at column 3:

(\d+) work item has an AreaPath matching {string} and (\d+) do not
  ^
Only the characters '{', '}', '(', ')', '\', '/' and whitespace can be escaped.
If you did mean to use an '\' you can use '\\' to escape it


  Failed ResumeSkipsAllRevisionFoldersUpToAndIncludingTheCursorPosition [1 ms]
  Error Message:
   Test method DevOpsMigrationPlatform.Infrastructure.Tests.Features.Cursor_BasedResumeAndCheckpointingFeature.ResumeSkipsAllRevisionFoldersUpToAndIncludingTheCursorPosition threw exception: 
Reqnroll.BindingException: Binding error(s) found: 
This Cucumber Expression has a problem at column 3:

(\d+) work items exist in the project: (\d+) under {string} and (\d+) under {string}
  ^
Only the characters '{', '}', '(', ')', '\', '/' and whitespace can be escaped.
If you did mean to use an '\' you can use '\\' to escape it
This Cucumber Expression has a problem at column 3:

(\d+) work items have an AreaPath matching {string} and (\d+) does not
  ^
Only the characters '{', '}', '(', ')', '\', '/' and whitespace can be escaped.
If you did mean to use an '\' you can use '\\' to escape it
This Cucumber Expression has a problem at column 3:

(\d+) work item has an AreaPath matching {string} and (\d+) do not
  ^
Only the characters '{', '}', '(', ')', '\', '/' and whitespace can be escaped.
If you did mean to use an '\' you can use '\\' to escape it
  Stack Trace:
     at Reqnroll.ErrorHandling.ErrorProvider.GetInvalidBindingRegistryError(IEnumerable`1 errors)
   at Reqnroll.Infrastructure.TestExecutionEngine.GetStepMatch(StepInstance stepInstance)
   at Reqnroll.Infrastructure.TestExecutionEngine.ExecuteStepAsync(IContextManager contextManager, StepInstance stepInstance)
   at Reqnroll.Infrastructure.TestExecutionEngine.OnAfterLastStepAsync()
   at Reqnroll.TestRunner.CollectScenarioErrorsAsync()
   at DevOpsMigrationPlatform.Infrastructure.Tests.Features.Cursor_BasedResumeAndCheckpointingFeature.ScenarioCleanupAsync()
   at DevOpsMigrationPlatform.Infrastructure.Tests.Features.Cursor_BasedResumeAndCheckpointingFeature.ResumeSkipsAllRevisionFoldersUpToAndIncludingTheCursorPosition() in C:\Users\MartinHinshelwoodNKD\source\repos\azure-devops-migration-platform\tests\DevOpsMigrationPlatform.Infrastructure.Tests\Features\cursor-resume.feature:line 25
--- End of stack trace from previous location ---

  Standard Output Messages:
 
 
 TestContext Messages:
 Given the migration platform is configured to checkpoint progress after each unit of work
 -> binding error: Binding error(s) found: 
 This Cucumber Expression has a problem at column 3:

(\d+) work items exist in the project: (\d+) under {string} and (\d+) under {string}
  ^
Only the characters '{', '}', '(', ')', '\', '/' and whitespace can be escaped.
If you did mean to use an '\' you can use '\\' to escape it
 This Cucumber Expression has a problem at column 3:

(\d+) work items have an AreaPath matching {string} and (\d+) does not
  ^
Only the characters '{', '}', '(', ')', '\', '/' and whitespace can be escaped.
If you did mean to use an '\' you can use '\\' to escape it
 This Cucumber Expression has a problem at column 3:

(\d+) work item has an AreaPath matching {string} and (\d+) do not
  ^
Only the characters '{', '}', '(', ')', '\', '/' and whitespace can be escaped.
If you did mean to use an '\' you can use '\\' to escape it
 And the checkpoint location is "Checkpoints/<module>.cursor.json"
 -> binding error: Binding error(s) found: 
 This Cucumber Expression has a problem at column 3:

(\d+) work items exist in the project: (\d+) under {string} and (\d+) under {string}
  ^
Only the characters '{', '}', '(', ')', '\', '/' and whitespace can be escaped.
If you did mean to use an '\' you can use '\\' to escape it
 This Cucumber Expression has a problem at column 3:

(\d+) work items have an AreaPath matching {string} and (\d+) does not
  ^
Only the characters '{', '}', '(', ')', '\', '/' and whitespace can be escaped.
If you did mean to use an '\' you can use '\\' to escape it
 This Cucumber Expression has a problem at column 3:

(\d+) work item has an AreaPath matching {string} and (\d+) do not
  ^
Only the characters '{', '}', '(', ')', '\', '/' and whitespace can be escaped.
If you did mean to use an '\' you can use '\\' to escape it
 Given "Checkpoints/workitems.cursor.json" records "WorkItems/2024-03-10/00638500000000-100-4/"
 -> binding error: Binding error(s) found: 
 This Cucumber Expression has a problem at column 3:

(\d+) work items exist in the project: (\d+) under {string} and (\d+) under {string}
  ^
Only the characters '{', '}', '(', ')', '\', '/' and whitespace can be escaped.
If you did mean to use an '\' you can use '\\' to escape it
 This Cucumber Expression has a problem at column 3:

(\d+) work items have an AreaPath matching {string} and (\d+) does not
  ^
Only the characters '{', '}', '(', ')', '\', '/' and whitespace can be escaped.
If you did mean to use an '\' you can use '\\' to escape it
 This Cucumber Expression has a problem at column 3:

(\d+) work item has an AreaPath matching {string} and (\d+) do not
  ^
Only the characters '{', '}', '(', ')', '\', '/' and whitespace can be escaped.
If you did mean to use an '\' you can use '\\' to escape it
 When the WorkItems module starts on a second run
 -> binding error: Binding error(s) found: 
 This Cucumber Expression has a problem at column 3:

(\d+) work items exist in the project: (\d+) under {string} and (\d+) under {string}
  ^
Only the characters '{', '}', '(', ')', '\', '/' and whitespace can be escaped.
If you did mean to use an '\' you can use '\\' to escape it
 This Cucumber Expression has a problem at column 3:

(\d+) work items have an AreaPath matching {string} and (\d+) does not
  ^
Only the characters '{', '}', '(', ')', '\', '/' and whitespace can be escaped.
If you did mean to use an '\' you can use '\\' to escape it
 This Cucumber Expression has a problem at column 3:

(\d+) work item has an AreaPath matching {string} and (\d+) do not
  ^
Only the characters '{', '}', '(', ')', '\', '/' and whitespace can be escaped.
If you did mean to use an '\' you can use '\\' to escape it
 Then all folders lexicographically less than or equal to "WorkItems/2024-03-10/00638500000000-100-4/" are skipped
 -> binding error: Binding error(s) found: 
 This Cucumber Expression has a problem at column 3:

(\d+) work items exist in the project: (\d+) under {string} and (\d+) under {string}
  ^
Only the characters '{', '}', '(', ')', '\', '/' and whitespace can be escaped.
If you did mean to use an '\' you can use '\\' to escape it
 This Cucumber Expression has a problem at column 3:

(\d+) work items have an AreaPath matching {string} and (\d+) does not
  ^
Only the characters '{', '}', '(', ')', '\', '/' and whitespace can be escaped.
If you did mean to use an '\' you can use '\\' to escape it
 This Cucumber Expression has a problem at column 3:

(\d+) work item has an AreaPath matching {string} and (\d+) do not
  ^
Only the characters '{', '}', '(', ')', '\', '/' and whitespace can be escaped.
If you did mean to use an '\' you can use '\\' to escape it
 And the module resumes processing from the next folder after the cursor position
 -> binding error: Binding error(s) found: 
 This Cucumber Expression has a problem at column 3:

(\d+) work items exist in the project: (\d+) under {string} and (\d+) under {string}
  ^
Only the characters '{', '}', '(', ')', '\', '/' and whitespace can be escaped.
If you did mean to use an '\' you can use '\\' to escape it
 This Cucumber Expression has a problem at column 3:

(\d+) work items have an AreaPath matching {string} and (\d+) does not
  ^
Only the characters '{', '}', '(', ')', '\', '/' and whitespace can be escaped.
If you did mean to use an '\' you can use '\\' to escape it
 This Cucumber Expression has a problem at column 3:

(\d+) work item has an AreaPath matching {string} and (\d+) do not
  ^
Only the characters '{', '}', '(', ')', '\', '/' and whitespace can be escaped.
If you did mean to use an '\' you can use '\\' to escape it


  Failed ARunWithNoCursorStartsFromTheBeginningOfThePackage [1 ms]
  Error Message:
   Test method DevOpsMigrationPlatform.Infrastructure.Tests.Features.Cursor_BasedResumeAndCheckpointingFeature.ARunWithNoCursorStartsFromTheBeginningOfThePackage threw exception: 
Reqnroll.BindingException: Binding error(s) found: 
This Cucumber Expression has a problem at column 3:

(\d+) work items exist in the project: (\d+) under {string} and (\d+) under {string}
  ^
Only the characters '{', '}', '(', ')', '\', '/' and whitespace can be escaped.
If you did mean to use an '\' you can use '\\' to escape it
This Cucumber Expression has a problem at column 3:

(\d+) work items have an AreaPath matching {string} and (\d+) does not
  ^
Only the characters '{', '}', '(', ')', '\', '/' and whitespace can be escaped.
If you did mean to use an '\' you can use '\\' to escape it
This Cucumber Expression has a problem at column 3:

(\d+) work item has an AreaPath matching {string} and (\d+) do not
  ^
Only the characters '{', '}', '(', ')', '\', '/' and whitespace can be escaped.
If you did mean to use an '\' you can use '\\' to escape it
  Stack Trace:
     at Reqnroll.ErrorHandling.ErrorProvider.GetInvalidBindingRegistryError(IEnumerable`1 errors)
   at Reqnroll.Infrastructure.TestExecutionEngine.GetStepMatch(StepInstance stepInstance)
   at Reqnroll.Infrastructure.TestExecutionEngine.ExecuteStepAsync(IContextManager contextManager, StepInstance stepInstance)
   at Reqnroll.Infrastructure.TestExecutionEngine.OnAfterLastStepAsync()
   at Reqnroll.TestRunner.CollectScenarioErrorsAsync()
   at DevOpsMigrationPlatform.Infrastructure.Tests.Features.Cursor_BasedResumeAndCheckpointingFeature.ScenarioCleanupAsync()
   at DevOpsMigrationPlatform.Infrastructure.Tests.Features.Cursor_BasedResumeAndCheckpointingFeature.ARunWithNoCursorStartsFromTheBeginningOfThePackage() in C:\Users\MartinHinshelwoodNKD\source\repos\azure-devops-migration-platform\tests\DevOpsMigrationPlatform.Infrastructure.Tests\Features\cursor-resume.feature:line 30
--- End of stack trace from previous location ---

  Standard Output Messages:
 
 
 TestContext Messages:
 Given the migration platform is configured to checkpoint progress after each unit of work
 -> binding error: Binding error(s) found: 
 This Cucumber Expression has a problem at column 3:

(\d+) work items exist in the project: (\d+) under {string} and (\d+) under {string}
  ^
Only the characters '{', '}', '(', ')', '\', '/' and whitespace can be escaped.
If you did mean to use an '\' you can use '\\' to escape it
 This Cucumber Expression has a problem at column 3:

(\d+) work items have an AreaPath matching {string} and (\d+) does not
  ^
Only the characters '{', '}', '(', ')', '\', '/' and whitespace can be escaped.
If you did mean to use an '\' you can use '\\' to escape it
 This Cucumber Expression has a problem at column 3:

(\d+) work item has an AreaPath matching {string} and (\d+) do not
  ^
Only the characters '{', '}', '(', ')', '\', '/' and whitespace can be escaped.
If you did mean to use an '\' you can use '\\' to escape it
 And the checkpoint location is "Checkpoints/<module>.cursor.json"
 -> binding error: Binding error(s) found: 
 This Cucumber Expression has a problem at column 3:

(\d+) work items exist in the project: (\d+) under {string} and (\d+) under {string}
  ^
Only the characters '{', '}', '(', ')', '\', '/' and whitespace can be escaped.
If you did mean to use an '\' you can use '\\' to escape it
 This Cucumber Expression has a problem at column 3:

(\d+) work items have an AreaPath matching {string} and (\d+) does not
  ^
Only the characters '{', '}', '(', ')', '\', '/' and whitespace can be escaped.
If you did mean to use an '\' you can use '\\' to escape it
 This Cucumber Expression has a problem at column 3:

(\d+) work item has an AreaPath matching {string} and (\d+) do not
  ^
Only the characters '{', '}', '(', ')', '\', '/' and whitespace can be escaped.
If you did mean to use an '\' you can use '\\' to escape it
 Given "Checkpoints/workitems.cursor.json" does not exist
 -> binding error: Binding error(s) found: 
 This Cucumber Expression has a problem at column 3:

(\d+) work items exist in the project: (\d+) under {string} and (\d+) under {string}
  ^
Only the characters '{', '}', '(', ')', '\', '/' and whitespace can be escaped.
If you did mean to use an '\' you can use '\\' to escape it
 This Cucumber Expression has a problem at column 3:

(\d+) work items have an AreaPath matching {string} and (\d+) does not
  ^
Only the characters '{', '}', '(', ')', '\', '/' and whitespace can be escaped.
If you did mean to use an '\' you can use '\\' to escape it
 This Cucumber Expression has a problem at column 3:

(\d+) work item has an AreaPath matching {string} and (\d+) do not
  ^
Only the characters '{', '}', '(', ')', '\', '/' and whitespace can be escaped.
If you did mean to use an '\' you can use '\\' to escape it
 When the WorkItems module starts
 -> binding error: Binding error(s) found: 
 This Cucumber Expression has a problem at column 3:

(\d+) work items exist in the project: (\d+) under {string} and (\d+) under {string}
  ^
Only the characters '{', '}', '(', ')', '\', '/' and whitespace can be escaped.
If you did mean to use an '\' you can use '\\' to escape it
 This Cucumber Expression has a problem at column 3:

(\d+) work items have an AreaPath matching {string} and (\d+) does not
  ^
Only the characters '{', '}', '(', ')', '\', '/' and whitespace can be escaped.
If you did mean to use an '\' you can use '\\' to escape it
 This Cucumber Expression has a problem at column 3:

(\d+) work item has an AreaPath matching {string} and (\d+) do not
  ^
Only the characters '{', '}', '(', ')', '\', '/' and whitespace can be escaped.
If you did mean to use an '\' you can use '\\' to escape it
 Then the module processes all revision folders from the first lexicographic path
 -> binding error: Binding error(s) found: 
 This Cucumber Expression has a problem at column 3:

(\d+) work items exist in the project: (\d+) under {string} and (\d+) under {string}
  ^
Only the characters '{', '}', '(', ')', '\', '/' and whitespace can be escaped.
If you did mean to use an '\' you can use '\\' to escape it
 This Cucumber Expression has a problem at column 3:

(\d+) work items have an AreaPath matching {string} and (\d+) does not
  ^
Only the characters '{', '}', '(', ')', '\', '/' and whitespace can be escaped.
If you did mean to use an '\' you can use '\\' to escape it
 This Cucumber Expression has a problem at column 3:

(\d+) work item has an AreaPath matching {string} and (\d+) do not
  ^
Only the characters '{', '}', '(', ')', '\', '/' and whitespace can be escaped.
If you did mean to use an '\' you can use '\\' to escape it


  Failed ACrashedRunLeavesTheCursorAtTheLastSuccessfullyProcessedFolder [1 ms]
  Error Message:
   Test method DevOpsMigrationPlatform.Infrastructure.Tests.Features.Cursor_BasedResumeAndCheckpointingFeature.ACrashedRunLeavesTheCursorAtTheLastSuccessfullyProcessedFolder threw exception: 
Reqnroll.BindingException: Binding error(s) found: 
This Cucumber Expression has a problem at column 3:

(\d+) work items exist in the project: (\d+) under {string} and (\d+) under {string}
  ^
Only the characters '{', '}', '(', ')', '\', '/' and whitespace can be escaped.
If you did mean to use an '\' you can use '\\' to escape it
This Cucumber Expression has a problem at column 3:

(\d+) work items have an AreaPath matching {string} and (\d+) does not
  ^
Only the characters '{', '}', '(', ')', '\', '/' and whitespace can be escaped.
If you did mean to use an '\' you can use '\\' to escape it
This Cucumber Expression has a problem at column 3:

(\d+) work item has an AreaPath matching {string} and (\d+) do not
  ^
Only the characters '{', '}', '(', ')', '\', '/' and whitespace can be escaped.
If you did mean to use an '\' you can use '\\' to escape it
  Stack Trace:
     at Reqnroll.ErrorHandling.ErrorProvider.GetInvalidBindingRegistryError(IEnumerable`1 errors)
   at Reqnroll.Infrastructure.TestExecutionEngine.GetStepMatch(StepInstance stepInstance)
   at Reqnroll.Infrastructure.TestExecutionEngine.ExecuteStepAsync(IContextManager contextManager, StepInstance stepInstance)
   at Reqnroll.Infrastructure.TestExecutionEngine.OnAfterLastStepAsync()
   at Reqnroll.TestRunner.CollectScenarioErrorsAsync()
   at DevOpsMigrationPlatform.Infrastructure.Tests.Features.Cursor_BasedResumeAndCheckpointingFeature.ScenarioCleanupAsync()
   at DevOpsMigrationPlatform.Infrastructure.Tests.Features.Cursor_BasedResumeAndCheckpointingFeature.ACrashedRunLeavesTheCursorAtTheLastSuccessfullyProcessedFolder() in C:\Users\MartinHinshelwoodNKD\source\repos\azure-devops-migration-platform\tests\DevOpsMigrationPlatform.Infrastructure.Tests\Features\cursor-resume.feature:line 37
--- End of stack trace from previous location ---

  Standard Output Messages:
 
 
 TestContext Messages:
 Given the migration platform is configured to checkpoint progress after each unit of work
 -> binding error: Binding error(s) found: 
 This Cucumber Expression has a problem at column 3:

(\d+) work items exist in the project: (\d+) under {string} and (\d+) under {string}
  ^
Only the characters '{', '}', '(', ')', '\', '/' and whitespace can be escaped.
If you did mean to use an '\' you can use '\\' to escape it
 This Cucumber Expression has a problem at column 3:

(\d+) work items have an AreaPath matching {string} and (\d+) does not
  ^
Only the characters '{', '}', '(', ')', '\', '/' and whitespace can be escaped.
If you did mean to use an '\' you can use '\\' to escape it
 This Cucumber Expression has a problem at column 3:

(\d+) work item has an AreaPath matching {string} and (\d+) do not
  ^
Only the characters '{', '}', '(', ')', '\', '/' and whitespace can be escaped.
If you did mean to use an '\' you can use '\\' to escape it
 And the checkpoint location is "Checkpoints/<module>.cursor.json"
 -> binding error: Binding error(s) found: 
 This Cucumber Expression has a problem at column 3:

(\d+) work items exist in the project: (\d+) under {string} and (\d+) under {string}
  ^
Only the characters '{', '}', '(', ')', '\', '/' and whitespace can be escaped.
If you did mean to use an '\' you can use '\\' to escape it
 This Cucumber Expression has a problem at column 3:

(\d+) work items have an AreaPath matching {string} and (\d+) does not
  ^
Only the characters '{', '}', '(', ')', '\', '/' and whitespace can be escaped.
If you did mean to use an '\' you can use '\\' to escape it
 This Cucumber Expression has a problem at column 3:

(\d+) work item has an AreaPath matching {string} and (\d+) do not
  ^
Only the characters '{', '}', '(', ')', '\', '/' and whitespace can be escaped.
If you did mean to use an '\' you can use '\\' to escape it
 Given the WorkItems module has processed 20 revision folders
 -> binding error: Binding error(s) found: 
 This Cucumber Expression has a problem at column 3:

(\d+) work items exist in the project: (\d+) under {string} and (\d+) under {string}
  ^
Only the characters '{', '}', '(', ')', '\', '/' and whitespace can be escaped.
If you did mean to use an '\' you can use '\\' to escape it
 This Cucumber Expression has a problem at column 3:

(\d+) work items have an AreaPath matching {string} and (\d+) does not
  ^
Only the characters '{', '}', '(', ')', '\', '/' and whitespace can be escaped.
If you did mean to use an '\' you can use '\\' to escape it
 This Cucumber Expression has a problem at column 3:

(\d+) work item has an AreaPath matching {string} and (\d+) do not
  ^
Only the characters '{', '}', '(', ')', '\', '/' and whitespace can be escaped.
If you did mean to use an '\' you can use '\\' to escape it
 And the process crashes while processing the 21st folder
 -> binding error: Binding error(s) found: 
 This Cucumber Expression has a problem at column 3:

(\d+) work items exist in the project: (\d+) under {string} and (\d+) under {string}
  ^
Only the characters '{', '}', '(', ')', '\', '/' and whitespace can be escaped.
If you did mean to use an '\' you can use '\\' to escape it
 This Cucumber Expression has a problem at column 3:

(\d+) work items have an AreaPath matching {string} and (\d+) does not
  ^
Only the characters '{', '}', '(', ')', '\', '/' and whitespace can be escaped.
If you did mean to use an '\' you can use '\\' to escape it
 This Cucumber Expression has a problem at column 3:

(\d+) work item has an AreaPath matching {string} and (\d+) do not
  ^
Only the characters '{', '}', '(', ')', '\', '/' and whitespace can be escaped.
If you did mean to use an '\' you can use '\\' to escape it
 When the WorkItems module is restarted
 -> binding error: Binding error(s) found: 
 This Cucumber Expression has a problem at column 3:

(\d+) work items exist in the project: (\d+) under {string} and (\d+) under {string}
  ^
Only the characters '{', '}', '(', ')', '\', '/' and whitespace can be escaped.
If you did mean to use an '\' you can use '\\' to escape it
 This Cucumber Expression has a problem at column 3:

(\d+) work items have an AreaPath matching {string} and (\d+) does not
  ^
Only the characters '{', '}', '(', ')', '\', '/' and whitespace can be escaped.
If you did mean to use an '\' you can use '\\' to escape it
 This Cucumber Expression has a problem at column 3:

(\d+) work item has an AreaPath matching {string} and (\d+) do not
  ^
Only the characters '{', '}', '(', ')', '\', '/' and whitespace can be escaped.
If you did mean to use an '\' you can use '\\' to escape it
 Then the cursor still records the 20th folder path
 -> binding error: Binding error(s) found: 
 This Cucumber Expression has a problem at column 3:

(\d+) work items exist in the project: (\d+) under {string} and (\d+) under {string}
  ^
Only the characters '{', '}', '(', ')', '\', '/' and whitespace can be escaped.
If you did mean to use an '\' you can use '\\' to escape it
 This Cucumber Expression has a problem at column 3:

(\d+) work items have an AreaPath matching {string} and (\d+) does not
  ^
Only the characters '{', '}', '(', ')', '\', '/' and whitespace can be escaped.
If you did mean to use an '\' you can use '\\' to escape it
 This Cucumber Expression has a problem at column 3:

(\d+) work item has an AreaPath matching {string} and (\d+) do not
  ^
Only the characters '{', '}', '(', ')', '\', '/' and whitespace can be escaped.
If you did mean to use an '\' you can use '\\' to escape it
 And the 21st folder is reprocessed from the beginning
 -> binding error: Binding error(s) found: 
 This Cucumber Expression has a problem at column 3:

(\d+) work items exist in the project: (\d+) under {string} and (\d+) under {string}
  ^
Only the characters '{', '}', '(', ')', '\', '/' and whitespace can be escaped.
If you did mean to use an '\' you can use '\\' to escape it
 This Cucumber Expression has a problem at column 3:

(\d+) work items have an AreaPath matching {string} and (\d+) does not
  ^
Only the characters '{', '}', '(', ')', '\', '/' and whitespace can be escaped.
If you did mean to use an '\' you can use '\\' to escape it
 This Cucumber Expression has a problem at column 3:

(\d+) work item has an AreaPath matching {string} and (\d+) do not
  ^
Only the characters '{', '}', '(', ')', '\', '/' and whitespace can be escaped.
If you did mean to use an '\' you can use '\\' to escape it


  Failed CursorIsPersistedByThePlatformAndNotWrittenDirectlyByTheModule [1 ms]
  Error Message:
   Test method DevOpsMigrationPlatform.Infrastructure.Tests.Features.Cursor_BasedResumeAndCheckpointingFeature.CursorIsPersistedByThePlatformAndNotWrittenDirectlyByTheModule threw exception: 
Reqnroll.BindingException: Binding error(s) found: 
This Cucumber Expression has a problem at column 3:

(\d+) work items exist in the project: (\d+) under {string} and (\d+) under {string}
  ^
Only the characters '{', '}', '(', ')', '\', '/' and whitespace can be escaped.
If you did mean to use an '\' you can use '\\' to escape it
This Cucumber Expression has a problem at column 3:

(\d+) work items have an AreaPath matching {string} and (\d+) does not
  ^
Only the characters '{', '}', '(', ')', '\', '/' and whitespace can be escaped.
If you did mean to use an '\' you can use '\\' to escape it
This Cucumber Expression has a problem at column 3:

(\d+) work item has an AreaPath matching {string} and (\d+) do not
  ^
Only the characters '{', '}', '(', ')', '\', '/' and whitespace can be escaped.
If you did mean to use an '\' you can use '\\' to escape it
  Stack Trace:
     at Reqnroll.ErrorHandling.ErrorProvider.GetInvalidBindingRegistryError(IEnumerable`1 errors)
   at Reqnroll.Infrastructure.TestExecutionEngine.GetStepMatch(StepInstance stepInstance)
   at Reqnroll.Infrastructure.TestExecutionEngine.ExecuteStepAsync(IContextManager contextManager, StepInstance stepInstance)
   at Reqnroll.Infrastructure.TestExecutionEngine.OnAfterLastStepAsync()
   at Reqnroll.TestRunner.CollectScenarioErrorsAsync()
   at DevOpsMigrationPlatform.Infrastructure.Tests.Features.Cursor_BasedResumeAndCheckpointingFeature.ScenarioCleanupAsync()
   at DevOpsMigrationPlatform.Infrastructure.Tests.Features.Cursor_BasedResumeAndCheckpointingFeature.CursorIsPersistedByThePlatformAndNotWrittenDirectlyByTheModule() in C:\Users\MartinHinshelwoodNKD\source\repos\azure-devops-migration-platform\tests\DevOpsMigrationPlatform.Infrastructure.Tests\Features\cursor-resume.feature:line 43
--- End of stack trace from previous location ---

  Standard Output Messages:
 
 
 TestContext Messages:
 Given the migration platform is configured to checkpoint progress after each unit of work
 -> binding error: Binding error(s) found: 
 This Cucumber Expression has a problem at column 3:

(\d+) work items exist in the project: (\d+) under {string} and (\d+) under {string}
  ^
Only the characters '{', '}', '(', ')', '\', '/' and whitespace can be escaped.
If you did mean to use an '\' you can use '\\' to escape it
 This Cucumber Expression has a problem at column 3:

(\d+) work items have an AreaPath matching {string} and (\d+) does not
  ^
Only the characters '{', '}', '(', ')', '\', '/' and whitespace can be escaped.
If you did mean to use an '\' you can use '\\' to escape it
 This Cucumber Expression has a problem at column 3:

(\d+) work item has an AreaPath matching {string} and (\d+) do not
  ^
Only the characters '{', '}', '(', ')', '\', '/' and whitespace can be escaped.
If you did mean to use an '\' you can use '\\' to escape it
 And the checkpoint location is "Checkpoints/<module>.cursor.json"
 -> binding error: Binding error(s) found: 
 This Cucumber Expression has a problem at column 3:

(\d+) work items exist in the project: (\d+) under {string} and (\d+) under {string}
  ^
Only the characters '{', '}', '(', ')', '\', '/' and whitespace can be escaped.
If you did mean to use an '\' you can use '\\' to escape it
 This Cucumber Expression has a problem at column 3:

(\d+) work items have an AreaPath matching {string} and (\d+) does not
  ^
Only the characters '{', '}', '(', ')', '\', '/' and whitespace can be escaped.
If you did mean to use an '\' you can use '\\' to escape it
 This Cucumber Expression has a problem at column 3:

(\d+) work item has an AreaPath matching {string} and (\d+) do not
  ^
Only the characters '{', '}', '(', ')', '\', '/' and whitespace can be escaped.
If you did mean to use an '\' you can use '\\' to escape it
 Given the WorkItems module is processing revisions
 -> binding error: Binding error(s) found: 
 This Cucumber Expression has a problem at column 3:

(\d+) work items exist in the project: (\d+) under {string} and (\d+) under {string}
  ^
Only the characters '{', '}', '(', ')', '\', '/' and whitespace can be escaped.
If you did mean to use an '\' you can use '\\' to escape it
 This Cucumber Expression has a problem at column 3:

(\d+) work items have an AreaPath matching {string} and (\d+) does not
  ^
Only the characters '{', '}', '(', ')', '\', '/' and whitespace can be escaped.
If you did mean to use an '\' you can use '\\' to escape it
 This Cucumber Expression has a problem at column 3:

(\d+) work item has an AreaPath matching {string} and (\d+) do not
  ^
Only the characters '{', '}', '(', ')', '\', '/' and whitespace can be escaped.
If you did mean to use an '\' you can use '\\' to escape it
 When the cursor is updated
 -> binding error: Binding error(s) found: 
 This Cucumber Expression has a problem at column 3:

(\d+) work items exist in the project: (\d+) under {string} and (\d+) under {string}
  ^
Only the characters '{', '}', '(', ')', '\', '/' and whitespace can be escaped.
If you did mean to use an '\' you can use '\\' to escape it
 This Cucumber Expression has a problem at column 3:

(\d+) work items have an AreaPath matching {string} and (\d+) does not
  ^
Only the characters '{', '}', '(', ')', '\', '/' and whitespace can be escaped.
If you did mean to use an '\' you can use '\\' to escape it
 This Cucumber Expression has a problem at column 3:

(\d+) work item has an AreaPath matching {string} and (\d+) do not
  ^
Only the characters '{', '}', '(', ')', '\', '/' and whitespace can be escaped.
If you did mean to use an '\' you can use '\\' to escape it
 Then the cursor is saved by the platform checkpointing service
 -> binding error: Binding error(s) found: 
 This Cucumber Expression has a problem at column 3:

(\d+) work items exist in the project: (\d+) under {string} and (\d+) under {string}
  ^
Only the characters '{', '}', '(', ')', '\', '/' and whitespace can be escaped.
If you did mean to use an '\' you can use '\\' to escape it
 This Cucumber Expression has a problem at column 3:

(\d+) work items have an AreaPath matching {string} and (\d+) does not
  ^
Only the characters '{', '}', '(', ')', '\', '/' and whitespace can be escaped.
If you did mean to use an '\' you can use '\\' to escape it
 This Cucumber Expression has a problem at column 3:

(\d+) work item has an AreaPath matching {string} and (\d+) do not
  ^
Only the characters '{', '}', '(', ')', '\', '/' and whitespace can be escaped.
If you did mean to use an '\' you can use '\\' to escape it
 And the module does not write cursor data directly to the filesystem
 -> binding error: Binding error(s) found: 
 This Cucumber Expression has a problem at column 3:

(\d+) work items exist in the project: (\d+) under {string} and (\d+) under {string}
  ^
Only the characters '{', '}', '(', ')', '\', '/' and whitespace can be escaped.
If you did mean to use an '\' you can use '\\' to escape it
 This Cucumber Expression has a problem at column 3:

(\d+) work items have an AreaPath matching {string} and (\d+) does not
  ^
Only the characters '{', '}', '(', ')', '\', '/' and whitespace can be escaped.
If you did mean to use an '\' you can use '\\' to escape it
 This Cucumber Expression has a problem at column 3:

(\d+) work item has an AreaPath matching {string} and (\d+) do not
  ^
Only the characters '{', '}', '(', ')', '\', '/' and whitespace can be escaped.
If you did mean to use an '\' you can use '\\' to escape it


  Failed MultipleModulesMaintainIndependentCursorsWithoutInterference [1 ms]
  Error Message:
   Test method DevOpsMigrationPlatform.Infrastructure.Tests.Features.Cursor_BasedResumeAndCheckpointingFeature.MultipleModulesMaintainIndependentCursorsWithoutInterference threw exception: 
Reqnroll.BindingException: Binding error(s) found: 
This Cucumber Expression has a problem at column 3:

(\d+) work items exist in the project: (\d+) under {string} and (\d+) under {string}
  ^
Only the characters '{', '}', '(', ')', '\', '/' and whitespace can be escaped.
If you did mean to use an '\' you can use '\\' to escape it
This Cucumber Expression has a problem at column 3:

(\d+) work items have an AreaPath matching {string} and (\d+) does not
  ^
Only the characters '{', '}', '(', ')', '\', '/' and whitespace can be escaped.
If you did mean to use an '\' you can use '\\' to escape it
This Cucumber Expression has a problem at column 3:

(\d+) work item has an AreaPath matching {string} and (\d+) do not
  ^
Only the characters '{', '}', '(', ')', '\', '/' and whitespace can be escaped.
If you did mean to use an '\' you can use '\\' to escape it
  Stack Trace:
     at Reqnroll.ErrorHandling.ErrorProvider.GetInvalidBindingRegistryError(IEnumerable`1 errors)
   at Reqnroll.Infrastructure.TestExecutionEngine.GetStepMatch(StepInstance stepInstance)
   at Reqnroll.Infrastructure.TestExecutionEngine.ExecuteStepAsync(IContextManager contextManager, StepInstance stepInstance)
   at Reqnroll.Infrastructure.TestExecutionEngine.OnAfterLastStepAsync()
   at Reqnroll.TestRunner.CollectScenarioErrorsAsync()
   at DevOpsMigrationPlatform.Infrastructure.Tests.Features.Cursor_BasedResumeAndCheckpointingFeature.ScenarioCleanupAsync()
   at DevOpsMigrationPlatform.Infrastructure.Tests.Features.Cursor_BasedResumeAndCheckpointingFeature.MultipleModulesMaintainIndependentCursorsWithoutInterference() in C:\Users\MartinHinshelwoodNKD\source\repos\azure-devops-migration-platform\tests\DevOpsMigrationPlatform.Infrastructure.Tests\Features\cursor-resume.feature:line 49
--- End of stack trace from previous location ---

  Standard Output Messages:
 
 
 TestContext Messages:
 Given the migration platform is configured to checkpoint progress after each unit of work
 -> binding error: Binding error(s) found: 
 This Cucumber Expression has a problem at column 3:

(\d+) work items exist in the project: (\d+) under {string} and (\d+) under {string}
  ^
Only the characters '{', '}', '(', ')', '\', '/' and whitespace can be escaped.
If you did mean to use an '\' you can use '\\' to escape it
 This Cucumber Expression has a problem at column 3:

(\d+) work items have an AreaPath matching {string} and (\d+) does not
  ^
Only the characters '{', '}', '(', ')', '\', '/' and whitespace can be escaped.
If you did mean to use an '\' you can use '\\' to escape it
 This Cucumber Expression has a problem at column 3:

(\d+) work item has an AreaPath matching {string} and (\d+) do not
  ^
Only the characters '{', '}', '(', ')', '\', '/' and whitespace can be escaped.
If you did mean to use an '\' you can use '\\' to escape it
 And the checkpoint location is "Checkpoints/<module>.cursor.json"
 -> binding error: Binding error(s) found: 
 This Cucumber Expression has a problem at column 3:

(\d+) work items exist in the project: (\d+) under {string} and (\d+) under {string}
  ^
Only the characters '{', '}', '(', ')', '\', '/' and whitespace can be escaped.
If you did mean to use an '\' you can use '\\' to escape it
 This Cucumber Expression has a problem at column 3:

(\d+) work items have an AreaPath matching {string} and (\d+) does not
  ^
Only the characters '{', '}', '(', ')', '\', '/' and whitespace can be escaped.
If you did mean to use an '\' you can use '\\' to escape it
 This Cucumber Expression has a problem at column 3:

(\d+) work item has an AreaPath matching {string} and (\d+) do not
  ^
Only the characters '{', '}', '(', ')', '\', '/' and whitespace can be escaped.
If you did mean to use an '\' you can use '\\' to escape it
 Given both the WorkItems module and the AreaPaths module are running
 -> binding error: Binding error(s) found: 
 This Cucumber Expression has a problem at column 3:

(\d+) work items exist in the project: (\d+) under {string} and (\d+) under {string}
  ^
Only the characters '{', '}', '(', ')', '\', '/' and whitespace can be escaped.
If you did mean to use an '\' you can use '\\' to escape it
 This Cucumber Expression has a problem at column 3:

(\d+) work items have an AreaPath matching {string} and (\d+) does not
  ^
Only the characters '{', '}', '(', ')', '\', '/' and whitespace can be escaped.
If you did mean to use an '\' you can use '\\' to escape it
 This Cucumber Expression has a problem at column 3:

(\d+) work item has an AreaPath matching {string} and (\d+) do not
  ^
Only the characters '{', '}', '(', ')', '\', '/' and whitespace can be escaped.
If you did mean to use an '\' you can use '\\' to escape it
 When each module processes its respective data
 -> binding error: Binding error(s) found: 
 This Cucumber Expression has a problem at column 3:

(\d+) work items exist in the project: (\d+) under {string} and (\d+) under {string}
  ^
Only the characters '{', '}', '(', ')', '\', '/' and whitespace can be escaped.
If you did mean to use an '\' you can use '\\' to escape it
 This Cucumber Expression has a problem at column 3:

(\d+) work items have an AreaPath matching {string} and (\d+) does not
  ^
Only the characters '{', '}', '(', ')', '\', '/' and whitespace can be escaped.
If you did mean to use an '\' you can use '\\' to escape it
 This Cucumber Expression has a problem at column 3:

(\d+) work item has an AreaPath matching {string} and (\d+) do not
  ^
Only the characters '{', '}', '(', ')', '\', '/' and whitespace can be escaped.
If you did mean to use an '\' you can use '\\' to escape it
 Then "Checkpoints/workitems.cursor.json" and "Checkpoints/areapaths.cursor.json" are independent files
 -> binding error: Binding error(s) found: 
 This Cucumber Expression has a problem at column 3:

(\d+) work items exist in the project: (\d+) under {string} and (\d+) under {string}
  ^
Only the characters '{', '}', '(', ')', '\', '/' and whitespace can be escaped.
If you did mean to use an '\' you can use '\\' to escape it
 This Cucumber Expression has a problem at column 3:

(\d+) work items have an AreaPath matching {string} and (\d+) does not
  ^
Only the characters '{', '}', '(', ')', '\', '/' and whitespace can be escaped.
If you did mean to use an '\' you can use '\\' to escape it
 This Cucumber Expression has a problem at column 3:

(\d+) work item has an AreaPath matching {string} and (\d+) do not
  ^
Only the characters '{', '}', '(', ')', '\', '/' and whitespace can be escaped.
If you did mean to use an '\' you can use '\\' to escape it
 And updating one cursor does not affect the other
 -> binding error: Binding error(s) found: 
 This Cucumber Expression has a problem at column 3:

(\d+) work items exist in the project: (\d+) under {string} and (\d+) under {string}
  ^
Only the characters '{', '}', '(', ')', '\', '/' and whitespace can be escaped.
If you did mean to use an '\' you can use '\\' to escape it
 This Cucumber Expression has a problem at column 3:

(\d+) work items have an AreaPath matching {string} and (\d+) does not
  ^
Only the characters '{', '}', '(', ')', '\', '/' and whitespace can be escaped.
If you did mean to use an '\' you can use '\\' to escape it
 This Cucumber Expression has a problem at column 3:

(\d+) work item has an AreaPath matching {string} and (\d+) do not
  ^
Only the characters '{', '}', '(', ')', '\', '/' and whitespace can be escaped.
If you did mean to use an '\' you can use '\\' to escape it


  Failed AttachmentIsStoredBesideRevision_JsonInTheSameRevisionFolder [2 ms]
  Error Message:
   Test method DevOpsMigrationPlatform.Infrastructure.Tests.Features.ExportAttachmentsFeature.AttachmentIsStoredBesideRevision_JsonInTheSameRevisionFolder threw exception: 
Reqnroll.BindingException: Binding error(s) found: 
This Cucumber Expression has a problem at column 3:

(\d+) work items exist in the project: (\d+) under {string} and (\d+) under {string}
  ^
Only the characters '{', '}', '(', ')', '\', '/' and whitespace can be escaped.
If you did mean to use an '\' you can use '\\' to escape it
This Cucumber Expression has a problem at column 3:

(\d+) work items have an AreaPath matching {string} and (\d+) does not
  ^
Only the characters '{', '}', '(', ')', '\', '/' and whitespace can be escaped.
If you did mean to use an '\' you can use '\\' to escape it
This Cucumber Expression has a problem at column 3:

(\d+) work item has an AreaPath matching {string} and (\d+) do not
  ^
Only the characters '{', '}', '(', ')', '\', '/' and whitespace can be escaped.
If you did mean to use an '\' you can use '\\' to escape it
  Stack Trace:
     at Reqnroll.ErrorHandling.ErrorProvider.GetInvalidBindingRegistryError(IEnumerable`1 errors)
   at Reqnroll.Infrastructure.TestExecutionEngine.GetStepMatch(StepInstance stepInstance)
   at Reqnroll.Infrastructure.TestExecutionEngine.ExecuteStepAsync(IContextManager contextManager, StepInstance stepInstance)
   at Reqnroll.Infrastructure.TestExecutionEngine.OnAfterLastStepAsync()
   at Reqnroll.TestRunner.CollectScenarioErrorsAsync()
   at DevOpsMigrationPlatform.Infrastructure.Tests.Features.ExportAttachmentsFeature.ScenarioCleanupAsync()
   at DevOpsMigrationPlatform.Infrastructure.Tests.Features.ExportAttachmentsFeature.AttachmentIsStoredBesideRevision_JsonInTheSameRevisionFolder() in C:\Users\MartinHinshelwoodNKD\source\repos\azure-devops-migration-platform\tests\DevOpsMigrationPlatform.Infrastructure.Tests\Features\export-attachments.feature:line 14
--- End of stack trace from previous location ---

  Standard Output Messages:
 
 
 TestContext Messages:
 Given the source project contains work items with file attachments
 -> binding error: Binding error(s) found: 
 This Cucumber Expression has a problem at column 3:

(\d+) work items exist in the project: (\d+) under {string} and (\d+) under {string}
  ^
Only the characters '{', '}', '(', ')', '\', '/' and whitespace can be escaped.
If you did mean to use an '\' you can use '\\' to escape it
 This Cucumber Expression has a problem at column 3:

(\d+) work items have an AreaPath matching {string} and (\d+) does not
  ^
Only the characters '{', '}', '(', ')', '\', '/' and whitespace can be escaped.
If you did mean to use an '\' you can use '\\' to escape it
 This Cucumber Expression has a problem at column 3:

(\d+) work item has an AreaPath matching {string} and (\d+) do not
  ^
Only the characters '{', '}', '(', ')', '\', '/' and whitespace can be escaped.
If you did mean to use an '\' you can use '\\' to escape it
 Given revision 2 of work item 99 has an attachment named "screenshot.png"
 -> binding error: Binding error(s) found: 
 This Cucumber Expression has a problem at column 3:

(\d+) work items exist in the project: (\d+) under {string} and (\d+) under {string}
  ^
Only the characters '{', '}', '(', ')', '\', '/' and whitespace can be escaped.
If you did mean to use an '\' you can use '\\' to escape it
 This Cucumber Expression has a problem at column 3:

(\d+) work items have an AreaPath matching {string} and (\d+) does not
  ^
Only the characters '{', '}', '(', ')', '\', '/' and whitespace can be escaped.
If you did mean to use an '\' you can use '\\' to escape it
 This Cucumber Expression has a problem at column 3:

(\d+) work item has an AreaPath matching {string} and (\d+) do not
  ^
Only the characters '{', '}', '(', ')', '\', '/' and whitespace can be escaped.
If you did mean to use an '\' you can use '\\' to escape it
 When the WorkItems export module runs
 -> binding error: Binding error(s) found: 
 This Cucumber Expression has a problem at column 3:

(\d+) work items exist in the project: (\d+) under {string} and (\d+) under {string}
  ^
Only the characters '{', '}', '(', ')', '\', '/' and whitespace can be escaped.
If you did mean to use an '\' you can use '\\' to escape it
 This Cucumber Expression has a problem at column 3:

(\d+) work items have an AreaPath matching {string} and (\d+) does not
  ^
Only the characters '{', '}', '(', ')', '\', '/' and whitespace can be escaped.
If you did mean to use an '\' you can use '\\' to escape it
 This Cucumber Expression has a problem at column 3:

(\d+) work item has an AreaPath matching {string} and (\d+) do not
  ^
Only the characters '{', '}', '(', ')', '\', '/' and whitespace can be escaped.
If you did mean to use an '\' you can use '\\' to escape it
 Then "screenshot.png" is stored at "WorkItems/yyyy-MM-dd/<ticks>-99-2/screenshot.png"
 -> binding error: Binding error(s) found: 
 This Cucumber Expression has a problem at column 3:

(\d+) work items exist in the project: (\d+) under {string} and (\d+) under {string}
  ^
Only the characters '{', '}', '(', ')', '\', '/' and whitespace can be escaped.
If you did mean to use an '\' you can use '\\' to escape it
 This Cucumber Expression has a problem at column 3:

(\d+) work items have an AreaPath matching {string} and (\d+) does not
  ^
Only the characters '{', '}', '(', ')', '\', '/' and whitespace can be escaped.
If you did mean to use an '\' you can use '\\' to escape it
 This Cucumber Expression has a problem at column 3:

(\d+) work item has an AreaPath matching {string} and (\d+) do not
  ^
Only the characters '{', '}', '(', ')', '\', '/' and whitespace can be escaped.
If you did mean to use an '\' you can use '\\' to escape it
 And "revision.json" in the same folder references "screenshot.png" by relative path
 -> binding error: Binding error(s) found: 
 This Cucumber Expression has a problem at column 3:

(\d+) work items exist in the project: (\d+) under {string} and (\d+) under {string}
  ^
Only the characters '{', '}', '(', ')', '\', '/' and whitespace can be escaped.
If you did mean to use an '\' you can use '\\' to escape it
 This Cucumber Expression has a problem at column 3:

(\d+) work items have an AreaPath matching {string} and (\d+) does not
  ^
Only the characters '{', '}', '(', ')', '\', '/' and whitespace can be escaped.
If you did mean to use an '\' you can use '\\' to escape it
 This Cucumber Expression has a problem at column 3:

(\d+) work item has an AreaPath matching {string} and (\d+) do not
  ^
Only the characters '{', '}', '(', ')', '\', '/' and whitespace can be escaped.
If you did mean to use an '\' you can use '\\' to escape it


  Failed NoGlobalAttachmentsRootDirectoryIsCreated [1 ms]
  Error Message:
   Test method DevOpsMigrationPlatform.Infrastructure.Tests.Features.ExportAttachmentsFeature.NoGlobalAttachmentsRootDirectoryIsCreated threw exception: 
Reqnroll.BindingException: Binding error(s) found: 
This Cucumber Expression has a problem at column 3:

(\d+) work items exist in the project: (\d+) under {string} and (\d+) under {string}
  ^
Only the characters '{', '}', '(', ')', '\', '/' and whitespace can be escaped.
If you did mean to use an '\' you can use '\\' to escape it
This Cucumber Expression has a problem at column 3:

(\d+) work items have an AreaPath matching {string} and (\d+) does not
  ^
Only the characters '{', '}', '(', ')', '\', '/' and whitespace can be escaped.
If you did mean to use an '\' you can use '\\' to escape it
This Cucumber Expression has a problem at column 3:

(\d+) work item has an AreaPath matching {string} and (\d+) do not
  ^
Only the characters '{', '}', '(', ')', '\', '/' and whitespace can be escaped.
If you did mean to use an '\' you can use '\\' to escape it
  Stack Trace:
     at Reqnroll.ErrorHandling.ErrorProvider.GetInvalidBindingRegistryError(IEnumerable`1 errors)
   at Reqnroll.Infrastructure.TestExecutionEngine.GetStepMatch(StepInstance stepInstance)
   at Reqnroll.Infrastructure.TestExecutionEngine.ExecuteStepAsync(IContextManager contextManager, StepInstance stepInstance)
   at Reqnroll.Infrastructure.TestExecutionEngine.OnAfterLastStepAsync()
   at Reqnroll.TestRunner.CollectScenarioErrorsAsync()
   at DevOpsMigrationPlatform.Infrastructure.Tests.Features.ExportAttachmentsFeature.ScenarioCleanupAsync()
   at DevOpsMigrationPlatform.Infrastructure.Tests.Features.ExportAttachmentsFeature.NoGlobalAttachmentsRootDirectoryIsCreated() in C:\Users\MartinHinshelwoodNKD\source\repos\azure-devops-migration-platform\tests\DevOpsMigrationPlatform.Infrastructure.Tests\Features\export-attachments.feature:line 21
--- End of stack trace from previous location ---

  Standard Output Messages:
 
 
 TestContext Messages:
 Given the source project contains work items with file attachments
 -> binding error: Binding error(s) found: 
 This Cucumber Expression has a problem at column 3:

(\d+) work items exist in the project: (\d+) under {string} and (\d+) under {string}
  ^
Only the characters '{', '}', '(', ')', '\', '/' and whitespace can be escaped.
If you did mean to use an '\' you can use '\\' to escape it
 This Cucumber Expression has a problem at column 3:

(\d+) work items have an AreaPath matching {string} and (\d+) does not
  ^
Only the characters '{', '}', '(', ')', '\', '/' and whitespace can be escaped.
If you did mean to use an '\' you can use '\\' to escape it
 This Cucumber Expression has a problem at column 3:

(\d+) work item has an AreaPath matching {string} and (\d+) do not
  ^
Only the characters '{', '}', '(', ')', '\', '/' and whitespace can be escaped.
If you did mean to use an '\' you can use '\\' to escape it
 Given any work item with attachments is exported
 -> binding error: Binding error(s) found: 
 This Cucumber Expression has a problem at column 3:

(\d+) work items exist in the project: (\d+) under {string} and (\d+) under {string}
  ^
Only the characters '{', '}', '(', ')', '\', '/' and whitespace can be escaped.
If you did mean to use an '\' you can use '\\' to escape it
 This Cucumber Expression has a problem at column 3:

(\d+) work items have an AreaPath matching {string} and (\d+) does not
  ^
Only the characters '{', '}', '(', ')', '\', '/' and whitespace can be escaped.
If you did mean to use an '\' you can use '\\' to escape it
 This Cucumber Expression has a problem at column 3:

(\d+) work item has an AreaPath matching {string} and (\d+) do not
  ^
Only the characters '{', '}', '(', ')', '\', '/' and whitespace can be escaped.
If you did mean to use an '\' you can use '\\' to escape it
 When the WorkItems export module runs
 -> binding error: Binding error(s) found: 
 This Cucumber Expression has a problem at column 3:

(\d+) work items exist in the project: (\d+) under {string} and (\d+) under {string}
  ^
Only the characters '{', '}', '(', ')', '\', '/' and whitespace can be escaped.
If you did mean to use an '\' you can use '\\' to escape it
 This Cucumber Expression has a problem at column 3:

(\d+) work items have an AreaPath matching {string} and (\d+) does not
  ^
Only the characters '{', '}', '(', ')', '\', '/' and whitespace can be escaped.
If you did mean to use an '\' you can use '\\' to escape it
 This Cucumber Expression has a problem at column 3:

(\d+) work item has an AreaPath matching {string} and (\d+) do not
  ^
Only the characters '{', '}', '(', ')', '\', '/' and whitespace can be escaped.
If you did mean to use an '\' you can use '\\' to escape it
 Then no directory named "Attachments/" exists at the package root
 -> binding error: Binding error(s) found: 
 This Cucumber Expression has a problem at column 3:

(\d+) work items exist in the project: (\d+) under {string} and (\d+) under {string}
  ^
Only the characters '{', '}', '(', ')', '\', '/' and whitespace can be escaped.
If you did mean to use an '\' you can use '\\' to escape it
 This Cucumber Expression has a problem at column 3:

(\d+) work items have an AreaPath matching {string} and (\d+) does not
  ^
Only the characters '{', '}', '(', ')', '\', '/' and whitespace can be escaped.
If you did mean to use an '\' you can use '\\' to escape it
 This Cucumber Expression has a problem at column 3:

(\d+) work item has an AreaPath matching {string} and (\d+) do not
  ^
Only the characters '{', '}', '(', ')', '\', '/' and whitespace can be escaped.
If you did mean to use an '\' you can use '\\' to escape it
 And no directory named "Attachments/" exists at the "WorkItems/" level
 -> binding error: Binding error(s) found: 
 This Cucumber Expression has a problem at column 3:

(\d+) work items exist in the project: (\d+) under {string} and (\d+) under {string}
  ^
Only the characters '{', '}', '(', ')', '\', '/' and whitespace can be escaped.
If you did mean to use an '\' you can use '\\' to escape it
 This Cucumber Expression has a problem at column 3:

(\d+) work items have an AreaPath matching {string} and (\d+) does not
  ^
Only the characters '{', '}', '(', ')', '\', '/' and whitespace can be escaped.
If you did mean to use an '\' you can use '\\' to escape it
 This Cucumber Expression has a problem at column 3:

(\d+) work item has an AreaPath matching {string} and (\d+) do not
  ^
Only the characters '{', '}', '(', ')', '\', '/' and whitespace can be escaped.
If you did mean to use an '\' you can use '\\' to escape it


  Failed MultipleAttachmentsOnTheSameRevisionAreAllStoredInTheRevisionFolder [1 ms]
  Error Message:
   Test method DevOpsMigrationPlatform.Infrastructure.Tests.Features.ExportAttachmentsFeature.MultipleAttachmentsOnTheSameRevisionAreAllStoredInTheRevisionFolder threw exception: 
Reqnroll.BindingException: Binding error(s) found: 
This Cucumber Expression has a problem at column 3:

(\d+) work items exist in the project: (\d+) under {string} and (\d+) under {string}
  ^
Only the characters '{', '}', '(', ')', '\', '/' and whitespace can be escaped.
If you did mean to use an '\' you can use '\\' to escape it
This Cucumber Expression has a problem at column 3:

(\d+) work items have an AreaPath matching {string} and (\d+) does not
  ^
Only the characters '{', '}', '(', ')', '\', '/' and whitespace can be escaped.
If you did mean to use an '\' you can use '\\' to escape it
This Cucumber Expression has a problem at column 3:

(\d+) work item has an AreaPath matching {string} and (\d+) do not
  ^
Only the characters '{', '}', '(', ')', '\', '/' and whitespace can be escaped.
If you did mean to use an '\' you can use '\\' to escape it
  Stack Trace:
     at Reqnroll.ErrorHandling.ErrorProvider.GetInvalidBindingRegistryError(IEnumerable`1 errors)
   at Reqnroll.Infrastructure.TestExecutionEngine.GetStepMatch(StepInstance stepInstance)
   at Reqnroll.Infrastructure.TestExecutionEngine.ExecuteStepAsync(IContextManager contextManager, StepInstance stepInstance)
   at Reqnroll.Infrastructure.TestExecutionEngine.OnAfterLastStepAsync()
   at Reqnroll.TestRunner.CollectScenarioErrorsAsync()
   at DevOpsMigrationPlatform.Infrastructure.Tests.Features.ExportAttachmentsFeature.ScenarioCleanupAsync()
   at DevOpsMigrationPlatform.Infrastructure.Tests.Features.ExportAttachmentsFeature.MultipleAttachmentsOnTheSameRevisionAreAllStoredInTheRevisionFolder() in C:\Users\MartinHinshelwoodNKD\source\repos\azure-devops-migration-platform\tests\DevOpsMigrationPlatform.Infrastructure.Tests\Features\export-attachments.feature:line 28
--- End of stack trace from previous location ---

  Standard Output Messages:
 
 
 TestContext Messages:
 Given the source project contains work items with file attachments
 -> binding error: Binding error(s) found: 
 This Cucumber Expression has a problem at column 3:

(\d+) work items exist in the project: (\d+) under {string} and (\d+) under {string}
  ^
Only the characters '{', '}', '(', ')', '\', '/' and whitespace can be escaped.
If you did mean to use an '\' you can use '\\' to escape it
 This Cucumber Expression has a problem at column 3:

(\d+) work items have an AreaPath matching {string} and (\d+) does not
  ^
Only the characters '{', '}', '(', ')', '\', '/' and whitespace can be escaped.
If you did mean to use an '\' you can use '\\' to escape it
 This Cucumber Expression has a problem at column 3:

(\d+) work item has an AreaPath matching {string} and (\d+) do not
  ^
Only the characters '{', '}', '(', ')', '\', '/' and whitespace can be escaped.
If you did mean to use an '\' you can use '\\' to escape it
 Given revision 1 of work item 7 has 3 attachments: "spec.docx", "design.png", "notes.txt"
 -> binding error: Binding error(s) found: 
 This Cucumber Expression has a problem at column 3:

(\d+) work items exist in the project: (\d+) under {string} and (\d+) under {string}
  ^
Only the characters '{', '}', '(', ')', '\', '/' and whitespace can be escaped.
If you did mean to use an '\' you can use '\\' to escape it
 This Cucumber Expression has a problem at column 3:

(\d+) work items have an AreaPath matching {string} and (\d+) does not
  ^
Only the characters '{', '}', '(', ')', '\', '/' and whitespace can be escaped.
If you did mean to use an '\' you can use '\\' to escape it
 This Cucumber Expression has a problem at column 3:

(\d+) work item has an AreaPath matching {string} and (\d+) do not
  ^
Only the characters '{', '}', '(', ')', '\', '/' and whitespace can be escaped.
If you did mean to use an '\' you can use '\\' to escape it
 When the WorkItems export module runs
 -> binding error: Binding error(s) found: 
 This Cucumber Expression has a problem at column 3:

(\d+) work items exist in the project: (\d+) under {string} and (\d+) under {string}
  ^
Only the characters '{', '}', '(', ')', '\', '/' and whitespace can be escaped.
If you did mean to use an '\' you can use '\\' to escape it
 This Cucumber Expression has a problem at column 3:

(\d+) work items have an AreaPath matching {string} and (\d+) does not
  ^
Only the characters '{', '}', '(', ')', '\', '/' and whitespace can be escaped.
If you did mean to use an '\' you can use '\\' to escape it
 This Cucumber Expression has a problem at column 3:

(\d+) work item has an AreaPath matching {string} and (\d+) do not
  ^
Only the characters '{', '}', '(', ')', '\', '/' and whitespace can be escaped.
If you did mean to use an '\' you can use '\\' to escape it
 Then "WorkItems/yyyy-MM-dd/<ticks>-7-1/" contains "spec.docx", "design.png", and "notes.txt"
 -> binding error: Binding error(s) found: 
 This Cucumber Expression has a problem at column 3:

(\d+) work items exist in the project: (\d+) under {string} and (\d+) under {string}
  ^
Only the characters '{', '}', '(', ')', '\', '/' and whitespace can be escaped.
If you did mean to use an '\' you can use '\\' to escape it
 This Cucumber Expression has a problem at column 3:

(\d+) work items have an AreaPath matching {string} and (\d+) does not
  ^
Only the characters '{', '}', '(', ')', '\', '/' and whitespace can be escaped.
If you did mean to use an '\' you can use '\\' to escape it
 This Cucumber Expression has a problem at column 3:

(\d+) work item has an AreaPath matching {string} and (\d+) do not
  ^
Only the characters '{', '}', '(', ')', '\', '/' and whitespace can be escaped.
If you did mean to use an '\' you can use '\\' to escape it
 And "revision.json" lists all three attachments
 -> binding error: Binding error(s) found: 
 This Cucumber Expression has a problem at column 3:

(\d+) work items exist in the project: (\d+) under {string} and (\d+) under {string}
  ^
Only the characters '{', '}', '(', ')', '\', '/' and whitespace can be escaped.
If you did mean to use an '\' you can use '\\' to escape it
 This Cucumber Expression has a problem at column 3:

(\d+) work items have an AreaPath matching {string} and (\d+) does not
  ^
Only the characters '{', '}', '(', ')', '\', '/' and whitespace can be escaped.
If you did mean to use an '\' you can use '\\' to escape it
 This Cucumber Expression has a problem at column 3:

(\d+) work item has an AreaPath matching {string} and (\d+) do not
  ^
Only the characters '{', '}', '(', ')', '\', '/' and whitespace can be escaped.
If you did mean to use an '\' you can use '\\' to escape it


  Failed RevisionWithoutAttachmentsExportsOnlyRevision_Json [1 ms]
  Error Message:
   Test method DevOpsMigrationPlatform.Infrastructure.Tests.Features.ExportAttachmentsFeature.RevisionWithoutAttachmentsExportsOnlyRevision_Json threw exception: 
Reqnroll.BindingException: Binding error(s) found: 
This Cucumber Expression has a problem at column 3:

(\d+) work items exist in the project: (\d+) under {string} and (\d+) under {string}
  ^
Only the characters '{', '}', '(', ')', '\', '/' and whitespace can be escaped.
If you did mean to use an '\' you can use '\\' to escape it
This Cucumber Expression has a problem at column 3:

(\d+) work items have an AreaPath matching {string} and (\d+) does not
  ^
Only the characters '{', '}', '(', ')', '\', '/' and whitespace can be escaped.
If you did mean to use an '\' you can use '\\' to escape it
This Cucumber Expression has a problem at column 3:

(\d+) work item has an AreaPath matching {string} and (\d+) do not
  ^
Only the characters '{', '}', '(', ')', '\', '/' and whitespace can be escaped.
If you did mean to use an '\' you can use '\\' to escape it
  Stack Trace:
     at Reqnroll.ErrorHandling.ErrorProvider.GetInvalidBindingRegistryError(IEnumerable`1 errors)
   at Reqnroll.Infrastructure.TestExecutionEngine.GetStepMatch(StepInstance stepInstance)
   at Reqnroll.Infrastructure.TestExecutionEngine.ExecuteStepAsync(IContextManager contextManager, StepInstance stepInstance)
   at Reqnroll.Infrastructure.TestExecutionEngine.OnAfterLastStepAsync()
   at Reqnroll.TestRunner.CollectScenarioErrorsAsync()
   at DevOpsMigrationPlatform.Infrastructure.Tests.Features.ExportAttachmentsFeature.ScenarioCleanupAsync()
   at DevOpsMigrationPlatform.Infrastructure.Tests.Features.ExportAttachmentsFeature.RevisionWithoutAttachmentsExportsOnlyRevision_Json() in C:\Users\MartinHinshelwoodNKD\source\repos\azure-devops-migration-platform\tests\DevOpsMigrationPlatform.Infrastructure.Tests\Features\export-attachments.feature:line 34
--- End of stack trace from previous location ---

  Standard Output Messages:
 
 
 TestContext Messages:
 Given the source project contains work items with file attachments
 -> binding error: Binding error(s) found: 
 This Cucumber Expression has a problem at column 3:

(\d+) work items exist in the project: (\d+) under {string} and (\d+) under {string}
  ^
Only the characters '{', '}', '(', ')', '\', '/' and whitespace can be escaped.
If you did mean to use an '\' you can use '\\' to escape it
 This Cucumber Expression has a problem at column 3:

(\d+) work items have an AreaPath matching {string} and (\d+) does not
  ^
Only the characters '{', '}', '(', ')', '\', '/' and whitespace can be escaped.
If you did mean to use an '\' you can use '\\' to escape it
 This Cucumber Expression has a problem at column 3:

(\d+) work item has an AreaPath matching {string} and (\d+) do not
  ^
Only the characters '{', '}', '(', ')', '\', '/' and whitespace can be escaped.
If you did mean to use an '\' you can use '\\' to escape it
 Given revision 0 of work item 55 has no attachments
 -> binding error: Binding error(s) found: 
 This Cucumber Expression has a problem at column 3:

(\d+) work items exist in the project: (\d+) under {string} and (\d+) under {string}
  ^
Only the characters '{', '}', '(', ')', '\', '/' and whitespace can be escaped.
If you did mean to use an '\' you can use '\\' to escape it
 This Cucumber Expression has a problem at column 3:

(\d+) work items have an AreaPath matching {string} and (\d+) does not
  ^
Only the characters '{', '}', '(', ')', '\', '/' and whitespace can be escaped.
If you did mean to use an '\' you can use '\\' to escape it
 This Cucumber Expression has a problem at column 3:

(\d+) work item has an AreaPath matching {string} and (\d+) do not
  ^
Only the characters '{', '}', '(', ')', '\', '/' and whitespace can be escaped.
If you did mean to use an '\' you can use '\\' to escape it
 When the WorkItems export module runs
 -> binding error: Binding error(s) found: 
 This Cucumber Expression has a problem at column 3:

(\d+) work items exist in the project: (\d+) under {string} and (\d+) under {string}
  ^
Only the characters '{', '}', '(', ')', '\', '/' and whitespace can be escaped.
If you did mean to use an '\' you can use '\\' to escape it
 This Cucumber Expression has a problem at column 3:

(\d+) work items have an AreaPath matching {string} and (\d+) does not
  ^
Only the characters '{', '}', '(', ')', '\', '/' and whitespace can be escaped.
If you did mean to use an '\' you can use '\\' to escape it
 This Cucumber Expression has a problem at column 3:

(\d+) work item has an AreaPath matching {string} and (\d+) do not
  ^
Only the characters '{', '}', '(', ')', '\', '/' and whitespace can be escaped.
If you did mean to use an '\' you can use '\\' to escape it
 Then "WorkItems/yyyy-MM-dd/<ticks>-55-0/" contains only "revision.json"
 -> binding error: Binding error(s) found: 
 This Cucumber Expression has a problem at column 3:

(\d+) work items exist in the project: (\d+) under {string} and (\d+) under {string}
  ^
Only the characters '{', '}', '(', ')', '\', '/' and whitespace can be escaped.
If you did mean to use an '\' you can use '\\' to escape it
 This Cucumber Expression has a problem at column 3:

(\d+) work items have an AreaPath matching {string} and (\d+) does not
  ^
Only the characters '{', '}', '(', ')', '\', '/' and whitespace can be escaped.
If you did mean to use an '\' you can use '\\' to escape it
 This Cucumber Expression has a problem at column 3:

(\d+) work item has an AreaPath matching {string} and (\d+) do not
  ^
Only the characters '{', '}', '(', ')', '\', '/' and whitespace can be escaped.
If you did mean to use an '\' you can use '\\' to escape it


  Failed AttachmentExportDoesNotWriteFilesOutsideThePackageStructure [1 ms]
  Error Message:
   Test method DevOpsMigrationPlatform.Infrastructure.Tests.Features.ExportAttachmentsFeature.AttachmentExportDoesNotWriteFilesOutsideThePackageStructure threw exception: 
Reqnroll.BindingException: Binding error(s) found: 
This Cucumber Expression has a problem at column 3:

(\d+) work items exist in the project: (\d+) under {string} and (\d+) under {string}
  ^
Only the characters '{', '}', '(', ')', '\', '/' and whitespace can be escaped.
If you did mean to use an '\' you can use '\\' to escape it
This Cucumber Expression has a problem at column 3:

(\d+) work items have an AreaPath matching {string} and (\d+) does not
  ^
Only the characters '{', '}', '(', ')', '\', '/' and whitespace can be escaped.
If you did mean to use an '\' you can use '\\' to escape it
This Cucumber Expression has a problem at column 3:

(\d+) work item has an AreaPath matching {string} and (\d+) do not
  ^
Only the characters '{', '}', '(', ')', '\', '/' and whitespace can be escaped.
If you did mean to use an '\' you can use '\\' to escape it
  Stack Trace:
     at Reqnroll.ErrorHandling.ErrorProvider.GetInvalidBindingRegistryError(IEnumerable`1 errors)
   at Reqnroll.Infrastructure.TestExecutionEngine.GetStepMatch(StepInstance stepInstance)
   at Reqnroll.Infrastructure.TestExecutionEngine.ExecuteStepAsync(IContextManager contextManager, StepInstance stepInstance)
   at Reqnroll.Infrastructure.TestExecutionEngine.OnAfterLastStepAsync()
   at Reqnroll.TestRunner.CollectScenarioErrorsAsync()
   at DevOpsMigrationPlatform.Infrastructure.Tests.Features.ExportAttachmentsFeature.ScenarioCleanupAsync()
   at DevOpsMigrationPlatform.Infrastructure.Tests.Features.ExportAttachmentsFeature.AttachmentExportDoesNotWriteFilesOutsideThePackageStructure() in C:\Users\MartinHinshelwoodNKD\source\repos\azure-devops-migration-platform\tests\DevOpsMigrationPlatform.Infrastructure.Tests\Features\export-attachments.feature:line 41
--- End of stack trace from previous location ---

  Standard Output Messages:
 
 
 TestContext Messages:
 Given the source project contains work items with file attachments
 -> binding error: Binding error(s) found: 
 This Cucumber Expression has a problem at column 3:

(\d+) work items exist in the project: (\d+) under {string} and (\d+) under {string}
  ^
Only the characters '{', '}', '(', ')', '\', '/' and whitespace can be escaped.
If you did mean to use an '\' you can use '\\' to escape it
 This Cucumber Expression has a problem at column 3:

(\d+) work items have an AreaPath matching {string} and (\d+) does not
  ^
Only the characters '{', '}', '(', ')', '\', '/' and whitespace can be escaped.
If you did mean to use an '\' you can use '\\' to escape it
 This Cucumber Expression has a problem at column 3:

(\d+) work item has an AreaPath matching {string} and (\d+) do not
  ^
Only the characters '{', '}', '(', ')', '\', '/' and whitespace can be escaped.
If you did mean to use an '\' you can use '\\' to escape it
 Given a revision with an attachment
 -> binding error: Binding error(s) found: 
 This Cucumber Expression has a problem at column 3:

(\d+) work items exist in the project: (\d+) under {string} and (\d+) under {string}
  ^
Only the characters '{', '}', '(', ')', '\', '/' and whitespace can be escaped.
If you did mean to use an '\' you can use '\\' to escape it
 This Cucumber Expression has a problem at column 3:

(\d+) work items have an AreaPath matching {string} and (\d+) does not
  ^
Only the characters '{', '}', '(', ')', '\', '/' and whitespace can be escaped.
If you did mean to use an '\' you can use '\\' to escape it
 This Cucumber Expression has a problem at column 3:

(\d+) work item has an AreaPath matching {string} and (\d+) do not
  ^
Only the characters '{', '}', '(', ')', '\', '/' and whitespace can be escaped.
If you did mean to use an '\' you can use '\\' to escape it
 When the attachment is exported
 -> binding error: Binding error(s) found: 
 This Cucumber Expression has a problem at column 3:

(\d+) work items exist in the project: (\d+) under {string} and (\d+) under {string}
  ^
Only the characters '{', '}', '(', ')', '\', '/' and whitespace can be escaped.
If you did mean to use an '\' you can use '\\' to escape it
 This Cucumber Expression has a problem at column 3:

(\d+) work items have an AreaPath matching {string} and (\d+) does not
  ^
Only the characters '{', '}', '(', ')', '\', '/' and whitespace can be escaped.
If you did mean to use an '\' you can use '\\' to escape it
 This Cucumber Expression has a problem at column 3:

(\d+) work item has an AreaPath matching {string} and (\d+) do not
  ^
Only the characters '{', '}', '(', ')', '\', '/' and whitespace can be escaped.
If you did mean to use an '\' you can use '\\' to escape it
 Then the attachment binary is written into the package at the correct revision path
 -> binding error: Binding error(s) found: 
 This Cucumber Expression has a problem at column 3:

(\d+) work items exist in the project: (\d+) under {string} and (\d+) under {string}
  ^
Only the characters '{', '}', '(', ')', '\', '/' and whitespace can be escaped.
If you did mean to use an '\' you can use '\\' to escape it
 This Cucumber Expression has a problem at column 3:

(\d+) work items have an AreaPath matching {string} and (\d+) does not
  ^
Only the characters '{', '}', '(', ')', '\', '/' and whitespace can be escaped.
If you did mean to use an '\' you can use '\\' to escape it
 This Cucumber Expression has a problem at column 3:

(\d+) work item has an AreaPath matching {string} and (\d+) do not
  ^
Only the characters '{', '}', '(', ')', '\', '/' and whitespace can be escaped.
If you did mean to use an '\' you can use '\\' to escape it
 And no attachment files are created outside the package folder hierarchy
 -> binding error: Binding error(s) found: 
 This Cucumber Expression has a problem at column 3:

(\d+) work items exist in the project: (\d+) under {string} and (\d+) under {string}
  ^
Only the characters '{', '}', '(', ')', '\', '/' and whitespace can be escaped.
If you did mean to use an '\' you can use '\\' to escape it
 This Cucumber Expression has a problem at column 3:

(\d+) work items have an AreaPath matching {string} and (\d+) does not
  ^
Only the characters '{', '}', '(', ')', '\', '/' and whitespace can be escaped.
If you did mean to use an '\' you can use '\\' to escape it
 This Cucumber Expression has a problem at column 3:

(\d+) work item has an AreaPath matching {string} and (\d+) do not
  ^
Only the characters '{', '}', '(', ')', '\', '/' and whitespace can be escaped.
If you did mean to use an '\' you can use '\\' to escape it


  Failed OnlyLinksAddedInTheCurrentRevisionAreExported [2 ms]
  Error Message:
   Test method DevOpsMigrationPlatform.Infrastructure.Tests.Features.ExportWorkItemLinksFeature.OnlyLinksAddedInTheCurrentRevisionAreExported threw exception: 
Reqnroll.BindingException: Binding error(s) found: 
This Cucumber Expression has a problem at column 3:

(\d+) work items exist in the project: (\d+) under {string} and (\d+) under {string}
  ^
Only the characters '{', '}', '(', ')', '\', '/' and whitespace can be escaped.
If you did mean to use an '\' you can use '\\' to escape it
This Cucumber Expression has a problem at column 3:

(\d+) work items have an AreaPath matching {string} and (\d+) does not
  ^
Only the characters '{', '}', '(', ')', '\', '/' and whitespace can be escaped.
If you did mean to use an '\' you can use '\\' to escape it
This Cucumber Expression has a problem at column 3:

(\d+) work item has an AreaPath matching {string} and (\d+) do not
  ^
Only the characters '{', '}', '(', ')', '\', '/' and whitespace can be escaped.
If you did mean to use an '\' you can use '\\' to escape it
  Stack Trace:
     at Reqnroll.ErrorHandling.ErrorProvider.GetInvalidBindingRegistryError(IEnumerable`1 errors)
   at Reqnroll.Infrastructure.TestExecutionEngine.GetStepMatch(StepInstance stepInstance)
   at Reqnroll.Infrastructure.TestExecutionEngine.ExecuteStepAsync(IContextManager contextManager, StepInstance stepInstance)
   at Reqnroll.Infrastructure.TestExecutionEngine.OnAfterLastStepAsync()
   at Reqnroll.TestRunner.CollectScenarioErrorsAsync()
   at DevOpsMigrationPlatform.Infrastructure.Tests.Features.ExportWorkItemLinksFeature.ScenarioCleanupAsync()
   at DevOpsMigrationPlatform.Infrastructure.Tests.Features.ExportWorkItemLinksFeature.OnlyLinksAddedInTheCurrentRevisionAreExported() in C:\Users\MartinHinshelwoodNKD\source\repos\azure-devops-migration-platform\tests\DevOpsMigrationPlatform.Infrastructure.Tests\Features\export-work-item-links.feature:line 16
--- End of stack trace from previous location ---

  Standard Output Messages:
 
 
 TestContext Messages:
 Given the source project contains work items with one or more link types
 -> binding error: Binding error(s) found: 
 This Cucumber Expression has a problem at column 3:

(\d+) work items exist in the project: (\d+) under {string} and (\d+) under {string}
  ^
Only the characters '{', '}', '(', ')', '\', '/' and whitespace can be escaped.
If you did mean to use an '\' you can use '\\' to escape it
 This Cucumber Expression has a problem at column 3:

(\d+) work items have an AreaPath matching {string} and (\d+) does not
  ^
Only the characters '{', '}', '(', ')', '\', '/' and whitespace can be escaped.
If you did mean to use an '\' you can use '\\' to escape it
 This Cucumber Expression has a problem at column 3:

(\d+) work item has an AreaPath matching {string} and (\d+) do not
  ^
Only the characters '{', '}', '(', ')', '\', '/' and whitespace can be escaped.
If you did mean to use an '\' you can use '\\' to escape it
 Given work item 10 has 2 revisions
 -> binding error: Binding error(s) found: 
 This Cucumber Expression has a problem at column 3:

(\d+) work items exist in the project: (\d+) under {string} and (\d+) under {string}
  ^
Only the characters '{', '}', '(', ')', '\', '/' and whitespace can be escaped.
If you did mean to use an '\' you can use '\\' to escape it
 This Cucumber Expression has a problem at column 3:

(\d+) work items have an AreaPath matching {string} and (\d+) does not
  ^
Only the characters '{', '}', '(', ')', '\', '/' and whitespace can be escaped.
If you did mean to use an '\' you can use '\\' to escape it
 This Cucumber Expression has a problem at column 3:

(\d+) work item has an AreaPath matching {string} and (\d+) do not
  ^
Only the characters '{', '}', '(', ')', '\', '/' and whitespace can be escaped.
If you did mean to use an '\' you can use '\\' to escape it
 And revision 0 has no links
 -> binding error: Binding error(s) found: 
 This Cucumber Expression has a problem at column 3:

(\d+) work items exist in the project: (\d+) under {string} and (\d+) under {string}
  ^
Only the characters '{', '}', '(', ')', '\', '/' and whitespace can be escaped.
If you did mean to use an '\' you can use '\\' to escape it
 This Cucumber Expression has a problem at column 3:

(\d+) work items have an AreaPath matching {string} and (\d+) does not
  ^
Only the characters '{', '}', '(', ')', '\', '/' and whitespace can be escaped.
If you did mean to use an '\' you can use '\\' to escape it
 This Cucumber Expression has a problem at column 3:

(\d+) work item has an AreaPath matching {string} and (\d+) do not
  ^
Only the characters '{', '}', '(', ')', '\', '/' and whitespace can be escaped.
If you did mean to use an '\' you can use '\\' to escape it
 And revision 1 adds a related link to work item 20
 -> binding error: Binding error(s) found: 
 This Cucumber Expression has a problem at column 3:

(\d+) work items exist in the project: (\d+) under {string} and (\d+) under {string}
  ^
Only the characters '{', '}', '(', ')', '\', '/' and whitespace can be escaped.
If you did mean to use an '\' you can use '\\' to escape it
 This Cucumber Expression has a problem at column 3:

(\d+) work items have an AreaPath matching {string} and (\d+) does not
  ^
Only the characters '{', '}', '(', ')', '\', '/' and whitespace can be escaped.
If you did mean to use an '\' you can use '\\' to escape it
 This Cucumber Expression has a problem at column 3:

(\d+) work item has an AreaPath matching {string} and (\d+) do not
  ^
Only the characters '{', '}', '(', ')', '\', '/' and whitespace can be escaped.
If you did mean to use an '\' you can use '\\' to escape it
 When the WorkItems export module processes work item 10
 -> binding error: Binding error(s) found: 
 This Cucumber Expression has a problem at column 3:

(\d+) work items exist in the project: (\d+) under {string} and (\d+) under {string}
  ^
Only the characters '{', '}', '(', ')', '\', '/' and whitespace can be escaped.
If you did mean to use an '\' you can use '\\' to escape it
 This Cucumber Expression has a problem at column 3:

(\d+) work items have an AreaPath matching {string} and (\d+) does not
  ^
Only the characters '{', '}', '(', ')', '\', '/' and whitespace can be escaped.
If you did mean to use an '\' you can use '\\' to escape it
 This Cucumber Expression has a problem at column 3:

(\d+) work item has an AreaPath matching {string} and (\d+) do not
  ^
Only the characters '{', '}', '(', ')', '\', '/' and whitespace can be escaped.
If you did mean to use an '\' you can use '\\' to escape it
 Then revision 0's "revision.json" contains an empty links collection
 -> binding error: Binding error(s) found: 
 This Cucumber Expression has a problem at column 3:

(\d+) work items exist in the project: (\d+) under {string} and (\d+) under {string}
  ^
Only the characters '{', '}', '(', ')', '\', '/' and whitespace can be escaped.
If you did mean to use an '\' you can use '\\' to escape it
 This Cucumber Expression has a problem at column 3:

(\d+) work items have an AreaPath matching {string} and (\d+) does not
  ^
Only the characters '{', '}', '(', ')', '\', '/' and whitespace can be escaped.
If you did mean to use an '\' you can use '\\' to escape it
 This Cucumber Expression has a problem at column 3:

(\d+) work item has an AreaPath matching {string} and (\d+) do not
  ^
Only the characters '{', '}', '(', ')', '\', '/' and whitespace can be escaped.
If you did mean to use an '\' you can use '\\' to escape it
 And revision 1's "revision.json" contains exactly the new related link to work item 20
 -> binding error: Binding error(s) found: 
 This Cucumber Expression has a problem at column 3:

(\d+) work items exist in the project: (\d+) under {string} and (\d+) under {string}
  ^
Only the characters '{', '}', '(', ')', '\', '/' and whitespace can be escaped.
If you did mean to use an '\' you can use '\\' to escape it
 This Cucumber Expression has a problem at column 3:

(\d+) work items have an AreaPath matching {string} and (\d+) does not
  ^
Only the characters '{', '}', '(', ')', '\', '/' and whitespace can be escaped.
If you did mean to use an '\' you can use '\\' to escape it
 This Cucumber Expression has a problem at column 3:

(\d+) work item has an AreaPath matching {string} and (\d+) do not
  ^
Only the characters '{', '}', '(', ')', '\', '/' and whitespace can be escaped.
If you did mean to use an '\' you can use '\\' to escape it


  Failed ExternalLinkIsCapturedWithArtifactURIAndLinkTypeName [1 ms]
  Error Message:
   Test method DevOpsMigrationPlatform.Infrastructure.Tests.Features.ExportWorkItemLinksFeature.ExternalLinkIsCapturedWithArtifactURIAndLinkTypeName threw exception: 
Reqnroll.BindingException: Binding error(s) found: 
This Cucumber Expression has a problem at column 3:

(\d+) work items exist in the project: (\d+) under {string} and (\d+) under {string}
  ^
Only the characters '{', '}', '(', ')', '\', '/' and whitespace can be escaped.
If you did mean to use an '\' you can use '\\' to escape it
This Cucumber Expression has a problem at column 3:

(\d+) work items have an AreaPath matching {string} and (\d+) does not
  ^
Only the characters '{', '}', '(', ')', '\', '/' and whitespace can be escaped.
If you did mean to use an '\' you can use '\\' to escape it
This Cucumber Expression has a problem at column 3:

(\d+) work item has an AreaPath matching {string} and (\d+) do not
  ^
Only the characters '{', '}', '(', ')', '\', '/' and whitespace can be escaped.
If you did mean to use an '\' you can use '\\' to escape it
  Stack Trace:
     at Reqnroll.ErrorHandling.ErrorProvider.GetInvalidBindingRegistryError(IEnumerable`1 errors)
   at Reqnroll.Infrastructure.TestExecutionEngine.GetStepMatch(StepInstance stepInstance)
   at Reqnroll.Infrastructure.TestExecutionEngine.ExecuteStepAsync(IContextManager contextManager, StepInstance stepInstance)
   at Reqnroll.Infrastructure.TestExecutionEngine.OnAfterLastStepAsync()
   at Reqnroll.TestRunner.CollectScenarioErrorsAsync()
   at DevOpsMigrationPlatform.Infrastructure.Tests.Features.ExportWorkItemLinksFeature.ScenarioCleanupAsync()
   at DevOpsMigrationPlatform.Infrastructure.Tests.Features.ExportWorkItemLinksFeature.ExternalLinkIsCapturedWithArtifactURIAndLinkTypeName() in C:\Users\MartinHinshelwoodNKD\source\repos\azure-devops-migration-platform\tests\DevOpsMigrationPlatform.Infrastructure.Tests\Features\export-work-item-links.feature:line 23
--- End of stack trace from previous location ---

  Standard Output Messages:
 
 
 TestContext Messages:
 Given the source project contains work items with one or more link types
 -> binding error: Binding error(s) found: 
 This Cucumber Expression has a problem at column 3:

(\d+) work items exist in the project: (\d+) under {string} and (\d+) under {string}
  ^
Only the characters '{', '}', '(', ')', '\', '/' and whitespace can be escaped.
If you did mean to use an '\' you can use '\\' to escape it
 This Cucumber Expression has a problem at column 3:

(\d+) work items have an AreaPath matching {string} and (\d+) does not
  ^
Only the characters '{', '}', '(', ')', '\', '/' and whitespace can be escaped.
If you did mean to use an '\' you can use '\\' to escape it
 This Cucumber Expression has a problem at column 3:

(\d+) work item has an AreaPath matching {string} and (\d+) do not
  ^
Only the characters '{', '}', '(', ')', '\', '/' and whitespace can be escaped.
If you did mean to use an '\' you can use '\\' to escape it
 Given revision 2 of work item 5 adds an external link with uri "vstfs:///Git/Commit/abc123" and type "Fixed in Changeset"
 -> binding error: Binding error(s) found: 
 This Cucumber Expression has a problem at column 3:

(\d+) work items exist in the project: (\d+) under {string} and (\d+) under {string}
  ^
Only the characters '{', '}', '(', ')', '\', '/' and whitespace can be escaped.
If you did mean to use an '\' you can use '\\' to escape it
 This Cucumber Expression has a problem at column 3:

(\d+) work items have an AreaPath matching {string} and (\d+) does not
  ^
Only the characters '{', '}', '(', ')', '\', '/' and whitespace can be escaped.
If you did mean to use an '\' you can use '\\' to escape it
 This Cucumber Expression has a problem at column 3:

(\d+) work item has an AreaPath matching {string} and (\d+) do not
  ^
Only the characters '{', '}', '(', ')', '\', '/' and whitespace can be escaped.
If you did mean to use an '\' you can use '\\' to escape it
 When the WorkItems export module processes revision 2 of work item 5
 -> binding error: Binding error(s) found: 
 This Cucumber Expression has a problem at column 3:

(\d+) work items exist in the project: (\d+) under {string} and (\d+) under {string}
  ^
Only the characters '{', '}', '(', ')', '\', '/' and whitespace can be escaped.
If you did mean to use an '\' you can use '\\' to escape it
 This Cucumber Expression has a problem at column 3:

(\d+) work items have an AreaPath matching {string} and (\d+) does not
  ^
Only the characters '{', '}', '(', ')', '\', '/' and whitespace can be escaped.
If you did mean to use an '\' you can use '\\' to escape it
 This Cucumber Expression has a problem at column 3:

(\d+) work item has an AreaPath matching {string} and (\d+) do not
  ^
Only the characters '{', '}', '(', ')', '\', '/' and whitespace can be escaped.
If you did mean to use an '\' you can use '\\' to escape it
 Then "revision.json" contains an external link entry with linkedArtifactUri "vstfs:///Git/Commit/abc123"
 -> binding error: Binding error(s) found: 
 This Cucumber Expression has a problem at column 3:

(\d+) work items exist in the project: (\d+) under {string} and (\d+) under {string}
  ^
Only the characters '{', '}', '(', ')', '\', '/' and whitespace can be escaped.
If you did mean to use an '\' you can use '\\' to escape it
 This Cucumber Expression has a problem at column 3:

(\d+) work items have an AreaPath matching {string} and (\d+) does not
  ^
Only the characters '{', '}', '(', ')', '\', '/' and whitespace can be escaped.
If you did mean to use an '\' you can use '\\' to escape it
 This Cucumber Expression has a problem at column 3:

(\d+) work item has an AreaPath matching {string} and (\d+) do not
  ^
Only the characters '{', '}', '(', ')', '\', '/' and whitespace can be escaped.
If you did mean to use an '\' you can use '\\' to escape it
 And the external link entry records artifactLinkType "Fixed in Changeset"
 -> binding error: Binding error(s) found: 
 This Cucumber Expression has a problem at column 3:

(\d+) work items exist in the project: (\d+) under {string} and (\d+) under {string}
  ^
Only the characters '{', '}', '(', ')', '\', '/' and whitespace can be escaped.
If you did mean to use an '\' you can use '\\' to escape it
 This Cucumber Expression has a problem at column 3:

(\d+) work items have an AreaPath matching {string} and (\d+) does not
  ^
Only the characters '{', '}', '(', ')', '\', '/' and whitespace can be escaped.
If you did mean to use an '\' you can use '\\' to escape it
 This Cucumber Expression has a problem at column 3:

(\d+) work item has an AreaPath matching {string} and (\d+) do not
  ^
Only the characters '{', '}', '(', ')', '\', '/' and whitespace can be escaped.
If you did mean to use an '\' you can use '\\' to escape it


  Failed RelatedLinkIsCapturedWithLinkTypeEndNameAndRelatedWorkItemId [1 ms]
  Error Message:
   Test method DevOpsMigrationPlatform.Infrastructure.Tests.Features.ExportWorkItemLinksFeature.RelatedLinkIsCapturedWithLinkTypeEndNameAndRelatedWorkItemId threw exception: 
Reqnroll.BindingException: Binding error(s) found: 
This Cucumber Expression has a problem at column 3:

(\d+) work items exist in the project: (\d+) under {string} and (\d+) under {string}
  ^
Only the characters '{', '}', '(', ')', '\', '/' and whitespace can be escaped.
If you did mean to use an '\' you can use '\\' to escape it
This Cucumber Expression has a problem at column 3:

(\d+) work items have an AreaPath matching {string} and (\d+) does not
  ^
Only the characters '{', '}', '(', ')', '\', '/' and whitespace can be escaped.
If you did mean to use an '\' you can use '\\' to escape it
This Cucumber Expression has a problem at column 3:

(\d+) work item has an AreaPath matching {string} and (\d+) do not
  ^
Only the characters '{', '}', '(', ')', '\', '/' and whitespace can be escaped.
If you did mean to use an '\' you can use '\\' to escape it
  Stack Trace:
     at Reqnroll.ErrorHandling.ErrorProvider.GetInvalidBindingRegistryError(IEnumerable`1 errors)
   at Reqnroll.Infrastructure.TestExecutionEngine.GetStepMatch(StepInstance stepInstance)
   at Reqnroll.Infrastructure.TestExecutionEngine.ExecuteStepAsync(IContextManager contextManager, StepInstance stepInstance)
   at Reqnroll.Infrastructure.TestExecutionEngine.OnAfterLastStepAsync()
   at Reqnroll.TestRunner.CollectScenarioErrorsAsync()
   at DevOpsMigrationPlatform.Infrastructure.Tests.Features.ExportWorkItemLinksFeature.ScenarioCleanupAsync()
   at DevOpsMigrationPlatform.Infrastructure.Tests.Features.ExportWorkItemLinksFeature.RelatedLinkIsCapturedWithLinkTypeEndNameAndRelatedWorkItemId() in C:\Users\MartinHinshelwoodNKD\source\repos\azure-devops-migration-platform\tests\DevOpsMigrationPlatform.Infrastructure.Tests\Features\export-work-item-links.feature:line 30
--- End of stack trace from previous location ---

  Standard Output Messages:
 
 
 TestContext Messages:
 Given the source project contains work items with one or more link types
 -> binding error: Binding error(s) found: 
 This Cucumber Expression has a problem at column 3:

(\d+) work items exist in the project: (\d+) under {string} and (\d+) under {string}
  ^
Only the characters '{', '}', '(', ')', '\', '/' and whitespace can be escaped.
If you did mean to use an '\' you can use '\\' to escape it
 This Cucumber Expression has a problem at column 3:

(\d+) work items have an AreaPath matching {string} and (\d+) does not
  ^
Only the characters '{', '}', '(', ')', '\', '/' and whitespace can be escaped.
If you did mean to use an '\' you can use '\\' to escape it
 This Cucumber Expression has a problem at column 3:

(\d+) work item has an AreaPath matching {string} and (\d+) do not
  ^
Only the characters '{', '}', '(', ')', '\', '/' and whitespace can be escaped.
If you did mean to use an '\' you can use '\\' to escape it
 Given revision 3 of work item 7 adds a related link to work item 42 with link type end "Child"
 -> binding error: Binding error(s) found: 
 This Cucumber Expression has a problem at column 3:

(\d+) work items exist in the project: (\d+) under {string} and (\d+) under {string}
  ^
Only the characters '{', '}', '(', ')', '\', '/' and whitespace can be escaped.
If you did mean to use an '\' you can use '\\' to escape it
 This Cucumber Expression has a problem at column 3:

(\d+) work items have an AreaPath matching {string} and (\d+) does not
  ^
Only the characters '{', '}', '(', ')', '\', '/' and whitespace can be escaped.
If you did mean to use an '\' you can use '\\' to escape it
 This Cucumber Expression has a problem at column 3:

(\d+) work item has an AreaPath matching {string} and (\d+) do not
  ^
Only the characters '{', '}', '(', ')', '\', '/' and whitespace can be escaped.
If you did mean to use an '\' you can use '\\' to escape it
 When the WorkItems export module processes revision 3 of work item 7
 -> binding error: Binding error(s) found: 
 This Cucumber Expression has a problem at column 3:

(\d+) work items exist in the project: (\d+) under {string} and (\d+) under {string}
  ^
Only the characters '{', '}', '(', ')', '\', '/' and whitespace can be escaped.
If you did mean to use an '\' you can use '\\' to escape it
 This Cucumber Expression has a problem at column 3:

(\d+) work items have an AreaPath matching {string} and (\d+) does not
  ^
Only the characters '{', '}', '(', ')', '\', '/' and whitespace can be escaped.
If you did mean to use an '\' you can use '\\' to escape it
 This Cucumber Expression has a problem at column 3:

(\d+) work item has an AreaPath matching {string} and (\d+) do not
  ^
Only the characters '{', '}', '(', ')', '\', '/' and whitespace can be escaped.
If you did mean to use an '\' you can use '\\' to escape it
 Then "revision.json" contains a related link entry with relatedWorkItemId 42
 -> binding error: Binding error(s) found: 
 This Cucumber Expression has a problem at column 3:

(\d+) work items exist in the project: (\d+) under {string} and (\d+) under {string}
  ^
Only the characters '{', '}', '(', ')', '\', '/' and whitespace can be escaped.
If you did mean to use an '\' you can use '\\' to escape it
 This Cucumber Expression has a problem at column 3:

(\d+) work items have an AreaPath matching {string} and (\d+) does not
  ^
Only the characters '{', '}', '(', ')', '\', '/' and whitespace can be escaped.
If you did mean to use an '\' you can use '\\' to escape it
 This Cucumber Expression has a problem at column 3:

(\d+) work item has an AreaPath matching {string} and (\d+) do not
  ^
Only the characters '{', '}', '(', ')', '\', '/' and whitespace can be escaped.
If you did mean to use an '\' you can use '\\' to escape it
 And the related link entry records linkTypeEnd "Child"
 -> binding error: Binding error(s) found: 
 This Cucumber Expression has a problem at column 3:

(\d+) work items exist in the project: (\d+) under {string} and (\d+) under {string}
  ^
Only the characters '{', '}', '(', ')', '\', '/' and whitespace can be escaped.
If you did mean to use an '\' you can use '\\' to escape it
 This Cucumber Expression has a problem at column 3:

(\d+) work items have an AreaPath matching {string} and (\d+) does not
  ^
Only the characters '{', '}', '(', ')', '\', '/' and whitespace can be escaped.
If you did mean to use an '\' you can use '\\' to escape it
 This Cucumber Expression has a problem at column 3:

(\d+) work item has an AreaPath matching {string} and (\d+) do not
  ^
Only the characters '{', '}', '(', ')', '\', '/' and whitespace can be escaped.
If you did mean to use an '\' you can use '\\' to escape it


  Failed HyperlinkIsCapturedWithItsURLLocation [1 ms]
  Error Message:
   Test method DevOpsMigrationPlatform.Infrastructure.Tests.Features.ExportWorkItemLinksFeature.HyperlinkIsCapturedWithItsURLLocation threw exception: 
Reqnroll.BindingException: Binding error(s) found: 
This Cucumber Expression has a problem at column 3:

(\d+) work items exist in the project: (\d+) under {string} and (\d+) under {string}
  ^
Only the characters '{', '}', '(', ')', '\', '/' and whitespace can be escaped.
If you did mean to use an '\' you can use '\\' to escape it
This Cucumber Expression has a problem at column 3:

(\d+) work items have an AreaPath matching {string} and (\d+) does not
  ^
Only the characters '{', '}', '(', ')', '\', '/' and whitespace can be escaped.
If you did mean to use an '\' you can use '\\' to escape it
This Cucumber Expression has a problem at column 3:

(\d+) work item has an AreaPath matching {string} and (\d+) do not
  ^
Only the characters '{', '}', '(', ')', '\', '/' and whitespace can be escaped.
If you did mean to use an '\' you can use '\\' to escape it
  Stack Trace:
     at Reqnroll.ErrorHandling.ErrorProvider.GetInvalidBindingRegistryError(IEnumerable`1 errors)
   at Reqnroll.Infrastructure.TestExecutionEngine.GetStepMatch(StepInstance stepInstance)
   at Reqnroll.Infrastructure.TestExecutionEngine.ExecuteStepAsync(IContextManager contextManager, StepInstance stepInstance)
   at Reqnroll.Infrastructure.TestExecutionEngine.OnAfterLastStepAsync()
   at Reqnroll.TestRunner.CollectScenarioErrorsAsync()
   at DevOpsMigrationPlatform.Infrastructure.Tests.Features.ExportWorkItemLinksFeature.ScenarioCleanupAsync()
   at DevOpsMigrationPlatform.Infrastructure.Tests.Features.ExportWorkItemLinksFeature.HyperlinkIsCapturedWithItsURLLocation() in C:\Users\MartinHinshelwoodNKD\source\repos\azure-devops-migration-platform\tests\DevOpsMigrationPlatform.Infrastructure.Tests\Features\export-work-item-links.feature:line 36
--- End of stack trace from previous location ---

  Standard Output Messages:
 
 
 TestContext Messages:
 Given the source project contains work items with one or more link types
 -> binding error: Binding error(s) found: 
 This Cucumber Expression has a problem at column 3:

(\d+) work items exist in the project: (\d+) under {string} and (\d+) under {string}
  ^
Only the characters '{', '}', '(', ')', '\', '/' and whitespace can be escaped.
If you did mean to use an '\' you can use '\\' to escape it
 This Cucumber Expression has a problem at column 3:

(\d+) work items have an AreaPath matching {string} and (\d+) does not
  ^
Only the characters '{', '}', '(', ')', '\', '/' and whitespace can be escaped.
If you did mean to use an '\' you can use '\\' to escape it
 This Cucumber Expression has a problem at column 3:

(\d+) work item has an AreaPath matching {string} and (\d+) do not
  ^
Only the characters '{', '}', '(', ')', '\', '/' and whitespace can be escaped.
If you did mean to use an '\' you can use '\\' to escape it
 Given revision 1 of work item 11 adds a hyperlink to "https://docs.example.com/spec"
 -> binding error: Binding error(s) found: 
 This Cucumber Expression has a problem at column 3:

(\d+) work items exist in the project: (\d+) under {string} and (\d+) under {string}
  ^
Only the characters '{', '}', '(', ')', '\', '/' and whitespace can be escaped.
If you did mean to use an '\' you can use '\\' to escape it
 This Cucumber Expression has a problem at column 3:

(\d+) work items have an AreaPath matching {string} and (\d+) does not
  ^
Only the characters '{', '}', '(', ')', '\', '/' and whitespace can be escaped.
If you did mean to use an '\' you can use '\\' to escape it
 This Cucumber Expression has a problem at column 3:

(\d+) work item has an AreaPath matching {string} and (\d+) do not
  ^
Only the characters '{', '}', '(', ')', '\', '/' and whitespace can be escaped.
If you did mean to use an '\' you can use '\\' to escape it
 When the WorkItems export module processes revision 1 of work item 11
 -> binding error: Binding error(s) found: 
 This Cucumber Expression has a problem at column 3:

(\d+) work items exist in the project: (\d+) under {string} and (\d+) under {string}
  ^
Only the characters '{', '}', '(', ')', '\', '/' and whitespace can be escaped.
If you did mean to use an '\' you can use '\\' to escape it
 This Cucumber Expression has a problem at column 3:

(\d+) work items have an AreaPath matching {string} and (\d+) does not
  ^
Only the characters '{', '}', '(', ')', '\', '/' and whitespace can be escaped.
If you did mean to use an '\' you can use '\\' to escape it
 This Cucumber Expression has a problem at column 3:

(\d+) work item has an AreaPath matching {string} and (\d+) do not
  ^
Only the characters '{', '}', '(', ')', '\', '/' and whitespace can be escaped.
If you did mean to use an '\' you can use '\\' to escape it
 Then "revision.json" contains a hyperlink entry with location "https://docs.example.com/spec"
 -> binding error: Binding error(s) found: 
 This Cucumber Expression has a problem at column 3:

(\d+) work items exist in the project: (\d+) under {string} and (\d+) under {string}
  ^
Only the characters '{', '}', '(', ')', '\', '/' and whitespace can be escaped.
If you did mean to use an '\' you can use '\\' to escape it
 This Cucumber Expression has a problem at column 3:

(\d+) work items have an AreaPath matching {string} and (\d+) does not
  ^
Only the characters '{', '}', '(', ')', '\', '/' and whitespace can be escaped.
If you did mean to use an '\' you can use '\\' to escape it
 This Cucumber Expression has a problem at column 3:

(\d+) work item has an AreaPath matching {string} and (\d+) do not
  ^
Only the characters '{', '}', '(', ')', '\', '/' and whitespace can be escaped.
If you did mean to use an '\' you can use '\\' to escape it


  Failed DuplicateLinksThatAlreadyExistInAPreviousRevisionAreNotRe_Exported [1 ms]
  Error Message:
   Test method DevOpsMigrationPlatform.Infrastructure.Tests.Features.ExportWorkItemLinksFeature.DuplicateLinksThatAlreadyExistInAPreviousRevisionAreNotRe_Exported threw exception: 
Reqnroll.BindingException: Binding error(s) found: 
This Cucumber Expression has a problem at column 3:

(\d+) work items exist in the project: (\d+) under {string} and (\d+) under {string}
  ^
Only the characters '{', '}', '(', ')', '\', '/' and whitespace can be escaped.
If you did mean to use an '\' you can use '\\' to escape it
This Cucumber Expression has a problem at column 3:

(\d+) work items have an AreaPath matching {string} and (\d+) does not
  ^
Only the characters '{', '}', '(', ')', '\', '/' and whitespace can be escaped.
If you did mean to use an '\' you can use '\\' to escape it
This Cucumber Expression has a problem at column 3:

(\d+) work item has an AreaPath matching {string} and (\d+) do not
  ^
Only the characters '{', '}', '(', ')', '\', '/' and whitespace can be escaped.
If you did mean to use an '\' you can use '\\' to escape it
  Stack Trace:
     at Reqnroll.ErrorHandling.ErrorProvider.GetInvalidBindingRegistryError(IEnumerable`1 errors)
   at Reqnroll.Infrastructure.TestExecutionEngine.GetStepMatch(StepInstance stepInstance)
   at Reqnroll.Infrastructure.TestExecutionEngine.ExecuteStepAsync(IContextManager contextManager, StepInstance stepInstance)
   at Reqnroll.Infrastructure.TestExecutionEngine.OnAfterLastStepAsync()
   at Reqnroll.TestRunner.CollectScenarioErrorsAsync()
   at DevOpsMigrationPlatform.Infrastructure.Tests.Features.ExportWorkItemLinksFeature.ScenarioCleanupAsync()
   at DevOpsMigrationPlatform.Infrastructure.Tests.Features.ExportWorkItemLinksFeature.DuplicateLinksThatAlreadyExistInAPreviousRevisionAreNotRe_Exported() in C:\Users\MartinHinshelwoodNKD\source\repos\azure-devops-migration-platform\tests\DevOpsMigrationPlatform.Infrastructure.Tests\Features\export-work-item-links.feature:line 43
--- End of stack trace from previous location ---

  Standard Output Messages:
 
 
 TestContext Messages:
 Given the source project contains work items with one or more link types
 -> binding error: Binding error(s) found: 
 This Cucumber Expression has a problem at column 3:

(\d+) work items exist in the project: (\d+) under {string} and (\d+) under {string}
  ^
Only the characters '{', '}', '(', ')', '\', '/' and whitespace can be escaped.
If you did mean to use an '\' you can use '\\' to escape it
 This Cucumber Expression has a problem at column 3:

(\d+) work items have an AreaPath matching {string} and (\d+) does not
  ^
Only the characters '{', '}', '(', ')', '\', '/' and whitespace can be escaped.
If you did mean to use an '\' you can use '\\' to escape it
 This Cucumber Expression has a problem at column 3:

(\d+) work item has an AreaPath matching {string} and (\d+) do not
  ^
Only the characters '{', '}', '(', ')', '\', '/' and whitespace can be escaped.
If you did mean to use an '\' you can use '\\' to escape it
 Given revision 0 of work item 15 adds a related link to work item 30
 -> binding error: Binding error(s) found: 
 This Cucumber Expression has a problem at column 3:

(\d+) work items exist in the project: (\d+) under {string} and (\d+) under {string}
  ^
Only the characters '{', '}', '(', ')', '\', '/' and whitespace can be escaped.
If you did mean to use an '\' you can use '\\' to escape it
 This Cucumber Expression has a problem at column 3:

(\d+) work items have an AreaPath matching {string} and (\d+) does not
  ^
Only the characters '{', '}', '(', ')', '\', '/' and whitespace can be escaped.
If you did mean to use an '\' you can use '\\' to escape it
 This Cucumber Expression has a problem at column 3:

(\d+) work item has an AreaPath matching {string} and (\d+) do not
  ^
Only the characters '{', '}', '(', ')', '\', '/' and whitespace can be escaped.
If you did mean to use an '\' you can use '\\' to escape it
 And revision 1 of work item 15 retains that same related link without adding any new link
 -> binding error: Binding error(s) found: 
 This Cucumber Expression has a problem at column 3:

(\d+) work items exist in the project: (\d+) under {string} and (\d+) under {string}
  ^
Only the characters '{', '}', '(', ')', '\', '/' and whitespace can be escaped.
If you did mean to use an '\' you can use '\\' to escape it
 This Cucumber Expression has a problem at column 3:

(\d+) work items have an AreaPath matching {string} and (\d+) does not
  ^
Only the characters '{', '}', '(', ')', '\', '/' and whitespace can be escaped.
If you did mean to use an '\' you can use '\\' to escape it
 This Cucumber Expression has a problem at column 3:

(\d+) work item has an AreaPath matching {string} and (\d+) do not
  ^
Only the characters '{', '}', '(', ')', '\', '/' and whitespace can be escaped.
If you did mean to use an '\' you can use '\\' to escape it
 When the WorkItems export module processes work item 15
 -> binding error: Binding error(s) found: 
 This Cucumber Expression has a problem at column 3:

(\d+) work items exist in the project: (\d+) under {string} and (\d+) under {string}
  ^
Only the characters '{', '}', '(', ')', '\', '/' and whitespace can be escaped.
If you did mean to use an '\' you can use '\\' to escape it
 This Cucumber Expression has a problem at column 3:

(\d+) work items have an AreaPath matching {string} and (\d+) does not
  ^
Only the characters '{', '}', '(', ')', '\', '/' and whitespace can be escaped.
If you did mean to use an '\' you can use '\\' to escape it
 This Cucumber Expression has a problem at column 3:

(\d+) work item has an AreaPath matching {string} and (\d+) do not
  ^
Only the characters '{', '}', '(', ')', '\', '/' and whitespace can be escaped.
If you did mean to use an '\' you can use '\\' to escape it
 Then revision 1's "revision.json" contains an empty links collection
 -> binding error: Binding error(s) found: 
 This Cucumber Expression has a problem at column 3:

(\d+) work items exist in the project: (\d+) under {string} and (\d+) under {string}
  ^
Only the characters '{', '}', '(', ')', '\', '/' and whitespace can be escaped.
If you did mean to use an '\' you can use '\\' to escape it
 This Cucumber Expression has a problem at column 3:

(\d+) work items have an AreaPath matching {string} and (\d+) does not
  ^
Only the characters '{', '}', '(', ')', '\', '/' and whitespace can be escaped.
If you did mean to use an '\' you can use '\\' to escape it
 This Cucumber Expression has a problem at column 3:

(\d+) work item has an AreaPath matching {string} and (\d+) do not
  ^
Only the characters '{', '}', '(', ')', '\', '/' and whitespace can be escaped.
If you did mean to use an '\' you can use '\\' to escape it


  Failed MultipleLinkTypesAddedInTheSameRevisionAreAllExported [1 ms]
  Error Message:
   Test method DevOpsMigrationPlatform.Infrastructure.Tests.Features.ExportWorkItemLinksFeature.MultipleLinkTypesAddedInTheSameRevisionAreAllExported threw exception: 
Reqnroll.BindingException: Binding error(s) found: 
This Cucumber Expression has a problem at column 3:

(\d+) work items exist in the project: (\d+) under {string} and (\d+) under {string}
  ^
Only the characters '{', '}', '(', ')', '\', '/' and whitespace can be escaped.
If you did mean to use an '\' you can use '\\' to escape it
This Cucumber Expression has a problem at column 3:

(\d+) work items have an AreaPath matching {string} and (\d+) does not
  ^
Only the characters '{', '}', '(', ')', '\', '/' and whitespace can be escaped.
If you did mean to use an '\' you can use '\\' to escape it
This Cucumber Expression has a problem at column 3:

(\d+) work item has an AreaPath matching {string} and (\d+) do not
  ^
Only the characters '{', '}', '(', ')', '\', '/' and whitespace can be escaped.
If you did mean to use an '\' you can use '\\' to escape it
  Stack Trace:
     at Reqnroll.ErrorHandling.ErrorProvider.GetInvalidBindingRegistryError(IEnumerable`1 errors)
   at Reqnroll.Infrastructure.TestExecutionEngine.GetStepMatch(StepInstance stepInstance)
   at Reqnroll.Infrastructure.TestExecutionEngine.ExecuteStepAsync(IContextManager contextManager, StepInstance stepInstance)
   at Reqnroll.Infrastructure.TestExecutionEngine.OnAfterLastStepAsync()
   at Reqnroll.TestRunner.CollectScenarioErrorsAsync()
   at DevOpsMigrationPlatform.Infrastructure.Tests.Features.ExportWorkItemLinksFeature.ScenarioCleanupAsync()
   at DevOpsMigrationPlatform.Infrastructure.Tests.Features.ExportWorkItemLinksFeature.MultipleLinkTypesAddedInTheSameRevisionAreAllExported() in C:\Users\MartinHinshelwoodNKD\source\repos\azure-devops-migration-platform\tests\DevOpsMigrationPlatform.Infrastructure.Tests\Features\export-work-item-links.feature:line 51
--- End of stack trace from previous location ---

  Standard Output Messages:
 
 
 TestContext Messages:
 Given the source project contains work items with one or more link types
 -> binding error: Binding error(s) found: 
 This Cucumber Expression has a problem at column 3:

(\d+) work items exist in the project: (\d+) under {string} and (\d+) under {string}
  ^
Only the characters '{', '}', '(', ')', '\', '/' and whitespace can be escaped.
If you did mean to use an '\' you can use '\\' to escape it
 This Cucumber Expression has a problem at column 3:

(\d+) work items have an AreaPath matching {string} and (\d+) does not
  ^
Only the characters '{', '}', '(', ')', '\', '/' and whitespace can be escaped.
If you did mean to use an '\' you can use '\\' to escape it
 This Cucumber Expression has a problem at column 3:

(\d+) work item has an AreaPath matching {string} and (\d+) do not
  ^
Only the characters '{', '}', '(', ')', '\', '/' and whitespace can be escaped.
If you did mean to use an '\' you can use '\\' to escape it
 Given revision 2 of work item 99 simultaneously adds one external link, one related link, and one hyperlink
 -> binding error: Binding error(s) found: 
 This Cucumber Expression has a problem at column 3:

(\d+) work items exist in the project: (\d+) under {string} and (\d+) under {string}
  ^
Only the characters '{', '}', '(', ')', '\', '/' and whitespace can be escaped.
If you did mean to use an '\' you can use '\\' to escape it
 This Cucumber Expression has a problem at column 3:

(\d+) work items have an AreaPath matching {string} and (\d+) does not
  ^
Only the characters '{', '}', '(', ')', '\', '/' and whitespace can be escaped.
If you did mean to use an '\' you can use '\\' to escape it
 This Cucumber Expression has a problem at column 3:

(\d+) work item has an AreaPath matching {string} and (\d+) do not
  ^
Only the characters '{', '}', '(', ')', '\', '/' and whitespace can be escaped.
If you did mean to use an '\' you can use '\\' to escape it
 When the WorkItems export module processes revision 2 of work item 99
 -> binding error: Binding error(s) found: 
 This Cucumber Expression has a problem at column 3:

(\d+) work items exist in the project: (\d+) under {string} and (\d+) under {string}
  ^
Only the characters '{', '}', '(', ')', '\', '/' and whitespace can be escaped.
If you did mean to use an '\' you can use '\\' to escape it
 This Cucumber Expression has a problem at column 3:

(\d+) work items have an AreaPath matching {string} and (\d+) does not
  ^
Only the characters '{', '}', '(', ')', '\', '/' and whitespace can be escaped.
If you did mean to use an '\' you can use '\\' to escape it
 This Cucumber Expression has a problem at column 3:

(\d+) work item has an AreaPath matching {string} and (\d+) do not
  ^
Only the characters '{', '}', '(', ')', '\', '/' and whitespace can be escaped.
If you did mean to use an '\' you can use '\\' to escape it
 Then "revision.json" contains exactly one external link entry
 -> binding error: Binding error(s) found: 
 This Cucumber Expression has a problem at column 3:

(\d+) work items exist in the project: (\d+) under {string} and (\d+) under {string}
  ^
Only the characters '{', '}', '(', ')', '\', '/' and whitespace can be escaped.
If you did mean to use an '\' you can use '\\' to escape it
 This Cucumber Expression has a problem at column 3:

(\d+) work items have an AreaPath matching {string} and (\d+) does not
  ^
Only the characters '{', '}', '(', ')', '\', '/' and whitespace can be escaped.
If you did mean to use an '\' you can use '\\' to escape it
 This Cucumber Expression has a problem at column 3:

(\d+) work item has an AreaPath matching {string} and (\d+) do not
  ^
Only the characters '{', '}', '(', ')', '\', '/' and whitespace can be escaped.
If you did mean to use an '\' you can use '\\' to escape it
 And "revision.json" contains exactly one related link entry
 -> binding error: Binding error(s) found: 
 This Cucumber Expression has a problem at column 3:

(\d+) work items exist in the project: (\d+) under {string} and (\d+) under {string}
  ^
Only the characters '{', '}', '(', ')', '\', '/' and whitespace can be escaped.
If you did mean to use an '\' you can use '\\' to escape it
 This Cucumber Expression has a problem at column 3:

(\d+) work items have an AreaPath matching {string} and (\d+) does not
  ^
Only the characters '{', '}', '(', ')', '\', '/' and whitespace can be escaped.
If you did mean to use an '\' you can use '\\' to escape it
 This Cucumber Expression has a problem at column 3:

(\d+) work item has an AreaPath matching {string} and (\d+) do not
  ^
Only the characters '{', '}', '(', ')', '\', '/' and whitespace can be escaped.
If you did mean to use an '\' you can use '\\' to escape it
 And "revision.json" contains exactly one hyperlink entry
 -> binding error: Binding error(s) found: 
 This Cucumber Expression has a problem at column 3:

(\d+) work items exist in the project: (\d+) under {string} and (\d+) under {string}
  ^
Only the characters '{', '}', '(', ')', '\', '/' and whitespace can be escaped.
If you did mean to use an '\' you can use '\\' to escape it
 This Cucumber Expression has a problem at column 3:

(\d+) work items have an AreaPath matching {string} and (\d+) does not
  ^
Only the characters '{', '}', '(', ')', '\', '/' and whitespace can be escaped.
If you did mean to use an '\' you can use '\\' to escape it
 This Cucumber Expression has a problem at column 3:

(\d+) work item has an AreaPath matching {string} and (\d+) do not
  ^
Only the characters '{', '}', '(', ')', '\', '/' and whitespace can be escaped.
If you did mean to use an '\' you can use '\\' to escape it


  Failed AnUnrecognisedLinkTypeCausesTheExportToFailWithAClearError [1 ms]
  Error Message:
   Test method DevOpsMigrationPlatform.Infrastructure.Tests.Features.ExportWorkItemLinksFeature.AnUnrecognisedLinkTypeCausesTheExportToFailWithAClearError threw exception: 
Reqnroll.BindingException: Binding error(s) found: 
This Cucumber Expression has a problem at column 3:

(\d+) work items exist in the project: (\d+) under {string} and (\d+) under {string}
  ^
Only the characters '{', '}', '(', ')', '\', '/' and whitespace can be escaped.
If you did mean to use an '\' you can use '\\' to escape it
This Cucumber Expression has a problem at column 3:

(\d+) work items have an AreaPath matching {string} and (\d+) does not
  ^
Only the characters '{', '}', '(', ')', '\', '/' and whitespace can be escaped.
If you did mean to use an '\' you can use '\\' to escape it
This Cucumber Expression has a problem at column 3:

(\d+) work item has an AreaPath matching {string} and (\d+) do not
  ^
Only the characters '{', '}', '(', ')', '\', '/' and whitespace can be escaped.
If you did mean to use an '\' you can use '\\' to escape it
  Stack Trace:
     at Reqnroll.ErrorHandling.ErrorProvider.GetInvalidBindingRegistryError(IEnumerable`1 errors)
   at Reqnroll.Infrastructure.TestExecutionEngine.GetStepMatch(StepInstance stepInstance)
   at Reqnroll.Infrastructure.TestExecutionEngine.ExecuteStepAsync(IContextManager contextManager, StepInstance stepInstance)
   at Reqnroll.Infrastructure.TestExecutionEngine.OnAfterLastStepAsync()
   at Reqnroll.TestRunner.CollectScenarioErrorsAsync()
   at DevOpsMigrationPlatform.Infrastructure.Tests.Features.ExportWorkItemLinksFeature.ScenarioCleanupAsync()
   at DevOpsMigrationPlatform.Infrastructure.Tests.Features.ExportWorkItemLinksFeature.AnUnrecognisedLinkTypeCausesTheExportToFailWithAClearError() in C:\Users\MartinHinshelwoodNKD\source\repos\azure-devops-migration-platform\tests\DevOpsMigrationPlatform.Infrastructure.Tests\Features\export-work-item-links.feature:line 58
--- End of stack trace from previous location ---

  Standard Output Messages:
 
 
 TestContext Messages:
 Given the source project contains work items with one or more link types
 -> binding error: Binding error(s) found: 
 This Cucumber Expression has a problem at column 3:

(\d+) work items exist in the project: (\d+) under {string} and (\d+) under {string}
  ^
Only the characters '{', '}', '(', ')', '\', '/' and whitespace can be escaped.
If you did mean to use an '\' you can use '\\' to escape it
 This Cucumber Expression has a problem at column 3:

(\d+) work items have an AreaPath matching {string} and (\d+) does not
  ^
Only the characters '{', '}', '(', ')', '\', '/' and whitespace can be escaped.
If you did mean to use an '\' you can use '\\' to escape it
 This Cucumber Expression has a problem at column 3:

(\d+) work item has an AreaPath matching {string} and (\d+) do not
  ^
Only the characters '{', '}', '(', ')', '\', '/' and whitespace can be escaped.
If you did mean to use an '\' you can use '\\' to escape it
 Given revision 4 of work item 8 contains a link of an unsupported type
 -> binding error: Binding error(s) found: 
 This Cucumber Expression has a problem at column 3:

(\d+) work items exist in the project: (\d+) under {string} and (\d+) under {string}
  ^
Only the characters '{', '}', '(', ')', '\', '/' and whitespace can be escaped.
If you did mean to use an '\' you can use '\\' to escape it
 This Cucumber Expression has a problem at column 3:

(\d+) work items have an AreaPath matching {string} and (\d+) does not
  ^
Only the characters '{', '}', '(', ')', '\', '/' and whitespace can be escaped.
If you did mean to use an '\' you can use '\\' to escape it
 This Cucumber Expression has a problem at column 3:

(\d+) work item has an AreaPath matching {string} and (\d+) do not
  ^
Only the characters '{', '}', '(', ')', '\', '/' and whitespace can be escaped.
If you did mean to use an '\' you can use '\\' to escape it
 When the WorkItems export module processes revision 4 of work item 8
 -> binding error: Binding error(s) found: 
 This Cucumber Expression has a problem at column 3:

(\d+) work items exist in the project: (\d+) under {string} and (\d+) under {string}
  ^
Only the characters '{', '}', '(', ')', '\', '/' and whitespace can be escaped.
If you did mean to use an '\' you can use '\\' to escape it
 This Cucumber Expression has a problem at column 3:

(\d+) work items have an AreaPath matching {string} and (\d+) does not
  ^
Only the characters '{', '}', '(', ')', '\', '/' and whitespace can be escaped.
If you did mean to use an '\' you can use '\\' to escape it
 This Cucumber Expression has a problem at column 3:

(\d+) work item has an AreaPath matching {string} and (\d+) do not
  ^
Only the characters '{', '}', '(', ')', '\', '/' and whitespace can be escaped.
If you did mean to use an '\' you can use '\\' to escape it
 Then the export stops with a clear error identifying the unrecognised link type
 -> binding error: Binding error(s) found: 
 This Cucumber Expression has a problem at column 3:

(\d+) work items exist in the project: (\d+) under {string} and (\d+) under {string}
  ^
Only the characters '{', '}', '(', ')', '\', '/' and whitespace can be escaped.
If you did mean to use an '\' you can use '\\' to escape it
 This Cucumber Expression has a problem at column 3:

(\d+) work items have an AreaPath matching {string} and (\d+) does not
  ^
Only the characters '{', '}', '(', ')', '\', '/' and whitespace can be escaped.
If you did mean to use an '\' you can use '\\' to escape it
 This Cucumber Expression has a problem at column 3:

(\d+) work item has an AreaPath matching {string} and (\d+) do not
  ^
Only the characters '{', '}', '(', ')', '\', '/' and whitespace can be escaped.
If you did mean to use an '\' you can use '\\' to escape it
 And no "revision.json" is written for that revision
 -> binding error: Binding error(s) found: 
 This Cucumber Expression has a problem at column 3:

(\d+) work items exist in the project: (\d+) under {string} and (\d+) under {string}
  ^
Only the characters '{', '}', '(', ')', '\', '/' and whitespace can be escaped.
If you did mean to use an '\' you can use '\\' to escape it
 This Cucumber Expression has a problem at column 3:

(\d+) work items have an AreaPath matching {string} and (\d+) does not
  ^
Only the characters '{', '}', '(', ')', '\', '/' and whitespace can be escaped.
If you did mean to use an '\' you can use '\\' to escape it
 This Cucumber Expression has a problem at column 3:

(\d+) work item has an AreaPath matching {string} and (\d+) do not
  ^
Only the characters '{', '}', '(', ')', '\', '/' and whitespace can be escaped.
If you did mean to use an '\' you can use '\\' to escape it


  Failed LinkMetricsAreRecordedPerLinkProcessed [1 ms]
  Error Message:
   Test method DevOpsMigrationPlatform.Infrastructure.Tests.Features.ExportWorkItemLinksFeature.LinkMetricsAreRecordedPerLinkProcessed threw exception: 
Reqnroll.BindingException: Binding error(s) found: 
This Cucumber Expression has a problem at column 3:

(\d+) work items exist in the project: (\d+) under {string} and (\d+) under {string}
  ^
Only the characters '{', '}', '(', ')', '\', '/' and whitespace can be escaped.
If you did mean to use an '\' you can use '\\' to escape it
This Cucumber Expression has a problem at column 3:

(\d+) work items have an AreaPath matching {string} and (\d+) does not
  ^
Only the characters '{', '}', '(', ')', '\', '/' and whitespace can be escaped.
If you did mean to use an '\' you can use '\\' to escape it
This Cucumber Expression has a problem at column 3:

(\d+) work item has an AreaPath matching {string} and (\d+) do not
  ^
Only the characters '{', '}', '(', ')', '\', '/' and whitespace can be escaped.
If you did mean to use an '\' you can use '\\' to escape it
  Stack Trace:
     at Reqnroll.ErrorHandling.ErrorProvider.GetInvalidBindingRegistryError(IEnumerable`1 errors)
   at Reqnroll.Infrastructure.TestExecutionEngine.GetStepMatch(StepInstance stepInstance)
   at Reqnroll.Infrastructure.TestExecutionEngine.ExecuteStepAsync(IContextManager contextManager, StepInstance stepInstance)
   at Reqnroll.Infrastructure.TestExecutionEngine.OnAfterLastStepAsync()
   at Reqnroll.TestRunner.CollectScenarioErrorsAsync()
   at DevOpsMigrationPlatform.Infrastructure.Tests.Features.ExportWorkItemLinksFeature.ScenarioCleanupAsync()
   at DevOpsMigrationPlatform.Infrastructure.Tests.Features.ExportWorkItemLinksFeature.LinkMetricsAreRecordedPerLinkProcessed() in C:\Users\MartinHinshelwoodNKD\source\repos\azure-devops-migration-platform\tests\DevOpsMigrationPlatform.Infrastructure.Tests\Features\export-work-item-links.feature:line 65
--- End of stack trace from previous location ---

  Standard Output Messages:
 
 
 TestContext Messages:
 Given the source project contains work items with one or more link types
 -> binding error: Binding error(s) found: 
 This Cucumber Expression has a problem at column 3:

(\d+) work items exist in the project: (\d+) under {string} and (\d+) under {string}
  ^
Only the characters '{', '}', '(', ')', '\', '/' and whitespace can be escaped.
If you did mean to use an '\' you can use '\\' to escape it
 This Cucumber Expression has a problem at column 3:

(\d+) work items have an AreaPath matching {string} and (\d+) does not
  ^
Only the characters '{', '}', '(', ')', '\', '/' and whitespace can be escaped.
If you did mean to use an '\' you can use '\\' to escape it
 This Cucumber Expression has a problem at column 3:

(\d+) work item has an AreaPath matching {string} and (\d+) do not
  ^
Only the characters '{', '}', '(', ')', '\', '/' and whitespace can be escaped.
If you did mean to use an '\' you can use '\\' to escape it
 Given a revision adds 3 links of different types
 -> binding error: Binding error(s) found: 
 This Cucumber Expression has a problem at column 3:

(\d+) work items exist in the project: (\d+) under {string} and (\d+) under {string}
  ^
Only the characters '{', '}', '(', ')', '\', '/' and whitespace can be escaped.
If you did mean to use an '\' you can use '\\' to escape it
 This Cucumber Expression has a problem at column 3:

(\d+) work items have an AreaPath matching {string} and (\d+) does not
  ^
Only the characters '{', '}', '(', ')', '\', '/' and whitespace can be escaped.
If you did mean to use an '\' you can use '\\' to escape it
 This Cucumber Expression has a problem at column 3:

(\d+) work item has an AreaPath matching {string} and (\d+) do not
  ^
Only the characters '{', '}', '(', ')', '\', '/' and whitespace can be escaped.
If you did mean to use an '\' you can use '\\' to escape it
 When the WorkItems export module processes that revision
 -> binding error: Binding error(s) found: 
 This Cucumber Expression has a problem at column 3:

(\d+) work items exist in the project: (\d+) under {string} and (\d+) under {string}
  ^
Only the characters '{', '}', '(', ')', '\', '/' and whitespace can be escaped.
If you did mean to use an '\' you can use '\\' to escape it
 This Cucumber Expression has a problem at column 3:

(\d+) work items have an AreaPath matching {string} and (\d+) does not
  ^
Only the characters '{', '}', '(', ')', '\', '/' and whitespace can be escaped.
If you did mean to use an '\' you can use '\\' to escape it
 This Cucumber Expression has a problem at column 3:

(\d+) work item has an AreaPath matching {string} and (\d+) do not
  ^
Only the characters '{', '}', '(', ')', '\', '/' and whitespace can be escaped.
If you did mean to use an '\' you can use '\\' to escape it
 Then the platform records a successful export metric for each link
 -> binding error: Binding error(s) found: 
 This Cucumber Expression has a problem at column 3:

(\d+) work items exist in the project: (\d+) under {string} and (\d+) under {string}
  ^
Only the characters '{', '}', '(', ')', '\', '/' and whitespace can be escaped.
If you did mean to use an '\' you can use '\\' to escape it
 This Cucumber Expression has a problem at column 3:

(\d+) work items have an AreaPath matching {string} and (\d+) does not
  ^
Only the characters '{', '}', '(', ')', '\', '/' and whitespace can be escaped.
If you did mean to use an '\' you can use '\\' to escape it
 This Cucumber Expression has a problem at column 3:

(\d+) work item has an AreaPath matching {string} and (\d+) do not
  ^
Only the characters '{', '}', '(', ')', '\', '/' and whitespace can be escaped.
If you did mean to use an '\' you can use '\\' to escape it
 And the platform records the processing duration for each link
 -> binding error: Binding error(s) found: 
 This Cucumber Expression has a problem at column 3:

(\d+) work items exist in the project: (\d+) under {string} and (\d+) under {string}
  ^
Only the characters '{', '}', '(', ')', '\', '/' and whitespace can be escaped.
If you did mean to use an '\' you can use '\\' to escape it
 This Cucumber Expression has a problem at column 3:

(\d+) work items have an AreaPath matching {string} and (\d+) does not
  ^
Only the characters '{', '}', '(', ')', '\', '/' and whitespace can be escaped.
If you did mean to use an '\' you can use '\\' to escape it
 This Cucumber Expression has a problem at column 3:

(\d+) work item has an AreaPath matching {string} and (\d+) do not
  ^
Only the characters '{', '}', '(', ')', '\', '/' and whitespace can be escaped.
If you did mean to use an '\' you can use '\\' to escape it


  Failed ExportASingleWorkItemWithMultipleRevisionsToTheCanonicalFolderLayout [2 ms]
  Error Message:
   Test method DevOpsMigrationPlatform.Infrastructure.Tests.Features.ExportWorkItemRevisionsFeature.ExportASingleWorkItemWithMultipleRevisionsToTheCanonicalFolderLayout threw exception: 
Reqnroll.BindingException: Binding error(s) found: 
This Cucumber Expression has a problem at column 3:

(\d+) work items exist in the project: (\d+) under {string} and (\d+) under {string}
  ^
Only the characters '{', '}', '(', ')', '\', '/' and whitespace can be escaped.
If you did mean to use an '\' you can use '\\' to escape it
This Cucumber Expression has a problem at column 3:

(\d+) work items have an AreaPath matching {string} and (\d+) does not
  ^
Only the characters '{', '}', '(', ')', '\', '/' and whitespace can be escaped.
If you did mean to use an '\' you can use '\\' to escape it
This Cucumber Expression has a problem at column 3:

(\d+) work item has an AreaPath matching {string} and (\d+) do not
  ^
Only the characters '{', '}', '(', ')', '\', '/' and whitespace can be escaped.
If you did mean to use an '\' you can use '\\' to escape it
  Stack Trace:
     at Reqnroll.ErrorHandling.ErrorProvider.GetInvalidBindingRegistryError(IEnumerable`1 errors)
   at Reqnroll.Infrastructure.TestExecutionEngine.GetStepMatch(StepInstance stepInstance)
   at Reqnroll.Infrastructure.TestExecutionEngine.ExecuteStepAsync(IContextManager contextManager, StepInstance stepInstance)
   at Reqnroll.Infrastructure.TestExecutionEngine.OnAfterLastStepAsync()
   at Reqnroll.TestRunner.CollectScenarioErrorsAsync()
   at DevOpsMigrationPlatform.Infrastructure.Tests.Features.ExportWorkItemRevisionsFeature.ScenarioCleanupAsync()
   at DevOpsMigrationPlatform.Infrastructure.Tests.Features.ExportWorkItemRevisionsFeature.ExportASingleWorkItemWithMultipleRevisionsToTheCanonicalFolderLayout() in C:\Users\MartinHinshelwoodNKD\source\repos\azure-devops-migration-platform\tests\DevOpsMigrationPlatform.Infrastructure.Tests\Features\export-work-item-revisions.feature:line 16
--- End of stack trace from previous location ---

  Standard Output Messages:
 
 
 TestContext Messages:
 Given the source project contains work items with multiple revisions
 -> binding error: Binding error(s) found: 
 This Cucumber Expression has a problem at column 3:

(\d+) work items exist in the project: (\d+) under {string} and (\d+) under {string}
  ^
Only the characters '{', '}', '(', ')', '\', '/' and whitespace can be escaped.
If you did mean to use an '\' you can use '\\' to escape it
 This Cucumber Expression has a problem at column 3:

(\d+) work items have an AreaPath matching {string} and (\d+) does not
  ^
Only the characters '{', '}', '(', ')', '\', '/' and whitespace can be escaped.
If you did mean to use an '\' you can use '\\' to escape it
 This Cucumber Expression has a problem at column 3:

(\d+) work item has an AreaPath matching {string} and (\d+) do not
  ^
Only the characters '{', '}', '(', ')', '\', '/' and whitespace can be escaped.
If you did mean to use an '\' you can use '\\' to escape it
 And the export module is configured with valid source credentials
 -> binding error: Binding error(s) found: 
 This Cucumber Expression has a problem at column 3:

(\d+) work items exist in the project: (\d+) under {string} and (\d+) under {string}
  ^
Only the characters '{', '}', '(', ')', '\', '/' and whitespace can be escaped.
If you did mean to use an '\' you can use '\\' to escape it
 This Cucumber Expression has a problem at column 3:

(\d+) work items have an AreaPath matching {string} and (\d+) does not
  ^
Only the characters '{', '}', '(', ')', '\', '/' and whitespace can be escaped.
If you did mean to use an '\' you can use '\\' to escape it
 This Cucumber Expression has a problem at column 3:

(\d+) work item has an AreaPath matching {string} and (\d+) do not
  ^
Only the characters '{', '}', '(', ')', '\', '/' and whitespace can be escaped.
If you did mean to use an '\' you can use '\\' to escape it
 Given a work item with id 42 has 3 revisions
 -> binding error: Binding error(s) found: 
 This Cucumber Expression has a problem at column 3:

(\d+) work items exist in the project: (\d+) under {string} and (\d+) under {string}
  ^
Only the characters '{', '}', '(', ')', '\', '/' and whitespace can be escaped.
If you did mean to use an '\' you can use '\\' to escape it
 This Cucumber Expression has a problem at column 3:

(\d+) work items have an AreaPath matching {string} and (\d+) does not
  ^
Only the characters '{', '}', '(', ')', '\', '/' and whitespace can be escaped.
If you did mean to use an '\' you can use '\\' to escape it
 This Cucumber Expression has a problem at column 3:

(\d+) work item has an AreaPath matching {string} and (\d+) do not
  ^
Only the characters '{', '}', '(', ')', '\', '/' and whitespace can be escaped.
If you did mean to use an '\' you can use '\\' to escape it
 When the WorkItems export module runs
 -> binding error: Binding error(s) found: 
 This Cucumber Expression has a problem at column 3:

(\d+) work items exist in the project: (\d+) under {string} and (\d+) under {string}
  ^
Only the characters '{', '}', '(', ')', '\', '/' and whitespace can be escaped.
If you did mean to use an '\' you can use '\\' to escape it
 This Cucumber Expression has a problem at column 3:

(\d+) work items have an AreaPath matching {string} and (\d+) does not
  ^
Only the characters '{', '}', '(', ')', '\', '/' and whitespace can be escaped.
If you did mean to use an '\' you can use '\\' to escape it
 This Cucumber Expression has a problem at column 3:

(\d+) work item has an AreaPath matching {string} and (\d+) do not
  ^
Only the characters '{', '}', '(', ')', '\', '/' and whitespace can be escaped.
If you did mean to use an '\' you can use '\\' to escape it
 Then the package contains folders matching the pattern "WorkItems/yyyy-MM-dd/<ticks>-42-0/", "WorkItems/yyyy-MM-dd/<ticks>-42-1/", and "WorkItems/yyyy-MM-dd/<ticks>-42-2/"
 -> binding error: Binding error(s) found: 
 This Cucumber Expression has a problem at column 3:

(\d+) work items exist in the project: (\d+) under {string} and (\d+) under {string}
  ^
Only the characters '{', '}', '(', ')', '\', '/' and whitespace can be escaped.
If you did mean to use an '\' you can use '\\' to escape it
 This Cucumber Expression has a problem at column 3:

(\d+) work items have an AreaPath matching {string} and (\d+) does not
  ^
Only the characters '{', '}', '(', ')', '\', '/' and whitespace can be escaped.
If you did mean to use an '\' you can use '\\' to escape it
 This Cucumber Expression has a problem at column 3:

(\d+) work item has an AreaPath matching {string} and (\d+) do not
  ^
Only the characters '{', '}', '(', ')', '\', '/' and whitespace can be escaped.
If you did mean to use an '\' you can use '\\' to escape it
 And each folder contains a "revision.json" file
 -> binding error: Binding error(s) found: 
 This Cucumber Expression has a problem at column 3:

(\d+) work items exist in the project: (\d+) under {string} and (\d+) under {string}
  ^
Only the characters '{', '}', '(', ')', '\', '/' and whitespace can be escaped.
If you did mean to use an '\' you can use '\\' to escape it
 This Cucumber Expression has a problem at column 3:

(\d+) work items have an AreaPath matching {string} and (\d+) does not
  ^
Only the characters '{', '}', '(', ')', '\', '/' and whitespace can be escaped.
If you did mean to use an '\' you can use '\\' to escape it
 This Cucumber Expression has a problem at column 3:

(\d+) work item has an AreaPath matching {string} and (\d+) do not
  ^
Only the characters '{', '}', '(', ')', '\', '/' and whitespace can be escaped.
If you did mean to use an '\' you can use '\\' to escape it
 And the folders are ordered lexicographically ascending by folder name
 -> binding error: Binding error(s) found: 
 This Cucumber Expression has a problem at column 3:

(\d+) work items exist in the project: (\d+) under {string} and (\d+) under {string}
  ^
Only the characters '{', '}', '(', ')', '\', '/' and whitespace can be escaped.
If you did mean to use an '\' you can use '\\' to escape it
 This Cucumber Expression has a problem at column 3:

(\d+) work items have an AreaPath matching {string} and (\d+) does not
  ^
Only the characters '{', '}', '(', ')', '\', '/' and whitespace can be escaped.
If you did mean to use an '\' you can use '\\' to escape it
 This Cucumber Expression has a problem at column 3:

(\d+) work item has an AreaPath matching {string} and (\d+) do not
  ^
Only the characters '{', '}', '(', ')', '\', '/' and whitespace can be escaped.
If you did mean to use an '\' you can use '\\' to escape it


  Failed ExportDoesNotWriteFilesOutsideThePackageStructure [1 ms]
  Error Message:
   Test method DevOpsMigrationPlatform.Infrastructure.Tests.Features.ExportWorkItemRevisionsFeature.ExportDoesNotWriteFilesOutsideThePackageStructure threw exception: 
Reqnroll.BindingException: Binding error(s) found: 
This Cucumber Expression has a problem at column 3:

(\d+) work items exist in the project: (\d+) under {string} and (\d+) under {string}
  ^
Only the characters '{', '}', '(', ')', '\', '/' and whitespace can be escaped.
If you did mean to use an '\' you can use '\\' to escape it
This Cucumber Expression has a problem at column 3:

(\d+) work items have an AreaPath matching {string} and (\d+) does not
  ^
Only the characters '{', '}', '(', ')', '\', '/' and whitespace can be escaped.
If you did mean to use an '\' you can use '\\' to escape it
This Cucumber Expression has a problem at column 3:

(\d+) work item has an AreaPath matching {string} and (\d+) do not
  ^
Only the characters '{', '}', '(', ')', '\', '/' and whitespace can be escaped.
If you did mean to use an '\' you can use '\\' to escape it
  Stack Trace:
     at Reqnroll.ErrorHandling.ErrorProvider.GetInvalidBindingRegistryError(IEnumerable`1 errors)
   at Reqnroll.Infrastructure.TestExecutionEngine.GetStepMatch(StepInstance stepInstance)
   at Reqnroll.Infrastructure.TestExecutionEngine.ExecuteStepAsync(IContextManager contextManager, StepInstance stepInstance)
   at Reqnroll.Infrastructure.TestExecutionEngine.OnAfterLastStepAsync()
   at Reqnroll.TestRunner.CollectScenarioErrorsAsync()
   at DevOpsMigrationPlatform.Infrastructure.Tests.Features.ExportWorkItemRevisionsFeature.ScenarioCleanupAsync()
   at DevOpsMigrationPlatform.Infrastructure.Tests.Features.ExportWorkItemRevisionsFeature.ExportDoesNotWriteFilesOutsideThePackageStructure() in C:\Users\MartinHinshelwoodNKD\source\repos\azure-devops-migration-platform\tests\DevOpsMigrationPlatform.Infrastructure.Tests\Features\export-work-item-revisions.feature:line 22
--- End of stack trace from previous location ---

  Standard Output Messages:
 
 
 TestContext Messages:
 Given the source project contains work items with multiple revisions
 -> binding error: Binding error(s) found: 
 This Cucumber Expression has a problem at column 3:

(\d+) work items exist in the project: (\d+) under {string} and (\d+) under {string}
  ^
Only the characters '{', '}', '(', ')', '\', '/' and whitespace can be escaped.
If you did mean to use an '\' you can use '\\' to escape it
 This Cucumber Expression has a problem at column 3:

(\d+) work items have an AreaPath matching {string} and (\d+) does not
  ^
Only the characters '{', '}', '(', ')', '\', '/' and whitespace can be escaped.
If you did mean to use an '\' you can use '\\' to escape it
 This Cucumber Expression has a problem at column 3:

(\d+) work item has an AreaPath matching {string} and (\d+) do not
  ^
Only the characters '{', '}', '(', ')', '\', '/' and whitespace can be escaped.
If you did mean to use an '\' you can use '\\' to escape it
 And the export module is configured with valid source credentials
 -> binding error: Binding error(s) found: 
 This Cucumber Expression has a problem at column 3:

(\d+) work items exist in the project: (\d+) under {string} and (\d+) under {string}
  ^
Only the characters '{', '}', '(', ')', '\', '/' and whitespace can be escaped.
If you did mean to use an '\' you can use '\\' to escape it
 This Cucumber Expression has a problem at column 3:

(\d+) work items have an AreaPath matching {string} and (\d+) does not
  ^
Only the characters '{', '}', '(', ')', '\', '/' and whitespace can be escaped.
If you did mean to use an '\' you can use '\\' to escape it
 This Cucumber Expression has a problem at column 3:

(\d+) work item has an AreaPath matching {string} and (\d+) do not
  ^
Only the characters '{', '}', '(', ')', '\', '/' and whitespace can be escaped.
If you did mean to use an '\' you can use '\\' to escape it
 Given the export module is configured
 -> binding error: Binding error(s) found: 
 This Cucumber Expression has a problem at column 3:

(\d+) work items exist in the project: (\d+) under {string} and (\d+) under {string}
  ^
Only the characters '{', '}', '(', ')', '\', '/' and whitespace can be escaped.
If you did mean to use an '\' you can use '\\' to escape it
 This Cucumber Expression has a problem at column 3:

(\d+) work items have an AreaPath matching {string} and (\d+) does not
  ^
Only the characters '{', '}', '(', ')', '\', '/' and whitespace can be escaped.
If you did mean to use an '\' you can use '\\' to escape it
 This Cucumber Expression has a problem at column 3:

(\d+) work item has an AreaPath matching {string} and (\d+) do not
  ^
Only the characters '{', '}', '(', ')', '\', '/' and whitespace can be escaped.
If you did mean to use an '\' you can use '\\' to escape it
 When the WorkItems export module runs
 -> binding error: Binding error(s) found: 
 This Cucumber Expression has a problem at column 3:

(\d+) work items exist in the project: (\d+) under {string} and (\d+) under {string}
  ^
Only the characters '{', '}', '(', ')', '\', '/' and whitespace can be escaped.
If you did mean to use an '\' you can use '\\' to escape it
 This Cucumber Expression has a problem at column 3:

(\d+) work items have an AreaPath matching {string} and (\d+) does not
  ^
Only the characters '{', '}', '(', ')', '\', '/' and whitespace can be escaped.
If you did mean to use an '\' you can use '\\' to escape it
 This Cucumber Expression has a problem at column 3:

(\d+) work item has an AreaPath matching {string} and (\d+) do not
  ^
Only the characters '{', '}', '(', ')', '\', '/' and whitespace can be escaped.
If you did mean to use an '\' you can use '\\' to escape it
 Then all revision data is written inside the package root
 -> binding error: Binding error(s) found: 
 This Cucumber Expression has a problem at column 3:

(\d+) work items exist in the project: (\d+) under {string} and (\d+) under {string}
  ^
Only the characters '{', '}', '(', ')', '\', '/' and whitespace can be escaped.
If you did mean to use an '\' you can use '\\' to escape it
 This Cucumber Expression has a problem at column 3:

(\d+) work items have an AreaPath matching {string} and (\d+) does not
  ^
Only the characters '{', '}', '(', ')', '\', '/' and whitespace can be escaped.
If you did mean to use an '\' you can use '\\' to escape it
 This Cucumber Expression has a problem at column 3:

(\d+) work item has an AreaPath matching {string} and (\d+) do not
  ^
Only the characters '{', '}', '(', ')', '\', '/' and whitespace can be escaped.
If you did mean to use an '\' you can use '\\' to escape it
 And no files are created outside the package folder hierarchy
 -> binding error: Binding error(s) found: 
 This Cucumber Expression has a problem at column 3:

(\d+) work items exist in the project: (\d+) under {string} and (\d+) under {string}
  ^
Only the characters '{', '}', '(', ')', '\', '/' and whitespace can be escaped.
If you did mean to use an '\' you can use '\\' to escape it
 This Cucumber Expression has a problem at column 3:

(\d+) work items have an AreaPath matching {string} and (\d+) does not
  ^
Only the characters '{', '}', '(', ')', '\', '/' and whitespace can be escaped.
If you did mean to use an '\' you can use '\\' to escape it
 This Cucumber Expression has a problem at column 3:

(\d+) work item has an AreaPath matching {string} and (\d+) do not
  ^
Only the characters '{', '}', '(', ')', '\', '/' and whitespace can be escaped.
If you did mean to use an '\' you can use '\\' to escape it


  Failed ExportRecordsACursorAfterEachRevisionIsWritten [1 ms]
  Error Message:
   Test method DevOpsMigrationPlatform.Infrastructure.Tests.Features.ExportWorkItemRevisionsFeature.ExportRecordsACursorAfterEachRevisionIsWritten threw exception: 
Reqnroll.BindingException: Binding error(s) found: 
This Cucumber Expression has a problem at column 3:

(\d+) work items exist in the project: (\d+) under {string} and (\d+) under {string}
  ^
Only the characters '{', '}', '(', ')', '\', '/' and whitespace can be escaped.
If you did mean to use an '\' you can use '\\' to escape it
This Cucumber Expression has a problem at column 3:

(\d+) work items have an AreaPath matching {string} and (\d+) does not
  ^
Only the characters '{', '}', '(', ')', '\', '/' and whitespace can be escaped.
If you did mean to use an '\' you can use '\\' to escape it
This Cucumber Expression has a problem at column 3:

(\d+) work item has an AreaPath matching {string} and (\d+) do not
  ^
Only the characters '{', '}', '(', ')', '\', '/' and whitespace can be escaped.
If you did mean to use an '\' you can use '\\' to escape it
  Stack Trace:
     at Reqnroll.ErrorHandling.ErrorProvider.GetInvalidBindingRegistryError(IEnumerable`1 errors)
   at Reqnroll.Infrastructure.TestExecutionEngine.GetStepMatch(StepInstance stepInstance)
   at Reqnroll.Infrastructure.TestExecutionEngine.ExecuteStepAsync(IContextManager contextManager, StepInstance stepInstance)
   at Reqnroll.Infrastructure.TestExecutionEngine.OnAfterLastStepAsync()
   at Reqnroll.TestRunner.CollectScenarioErrorsAsync()
   at DevOpsMigrationPlatform.Infrastructure.Tests.Features.ExportWorkItemRevisionsFeature.ScenarioCleanupAsync()
   at DevOpsMigrationPlatform.Infrastructure.Tests.Features.ExportWorkItemRevisionsFeature.ExportRecordsACursorAfterEachRevisionIsWritten() in C:\Users\MartinHinshelwoodNKD\source\repos\azure-devops-migration-platform\tests\DevOpsMigrationPlatform.Infrastructure.Tests\Features\export-work-item-revisions.feature:line 27
--- End of stack trace from previous location ---

  Standard Output Messages:
 
 
 TestContext Messages:
 Given the source project contains work items with multiple revisions
 -> binding error: Binding error(s) found: 
 This Cucumber Expression has a problem at column 3:

(\d+) work items exist in the project: (\d+) under {string} and (\d+) under {string}
  ^
Only the characters '{', '}', '(', ')', '\', '/' and whitespace can be escaped.
If you did mean to use an '\' you can use '\\' to escape it
 This Cucumber Expression has a problem at column 3:

(\d+) work items have an AreaPath matching {string} and (\d+) does not
  ^
Only the characters '{', '}', '(', ')', '\', '/' and whitespace can be escaped.
If you did mean to use an '\' you can use '\\' to escape it
 This Cucumber Expression has a problem at column 3:

(\d+) work item has an AreaPath matching {string} and (\d+) do not
  ^
Only the characters '{', '}', '(', ')', '\', '/' and whitespace can be escaped.
If you did mean to use an '\' you can use '\\' to escape it
 And the export module is configured with valid source credentials
 -> binding error: Binding error(s) found: 
 This Cucumber Expression has a problem at column 3:

(\d+) work items exist in the project: (\d+) under {string} and (\d+) under {string}
  ^
Only the characters '{', '}', '(', ')', '\', '/' and whitespace can be escaped.
If you did mean to use an '\' you can use '\\' to escape it
 This Cucumber Expression has a problem at column 3:

(\d+) work items have an AreaPath matching {string} and (\d+) does not
  ^
Only the characters '{', '}', '(', ')', '\', '/' and whitespace can be escaped.
If you did mean to use an '\' you can use '\\' to escape it
 This Cucumber Expression has a problem at column 3:

(\d+) work item has an AreaPath matching {string} and (\d+) do not
  ^
Only the characters '{', '}', '(', ')', '\', '/' and whitespace can be escaped.
If you did mean to use an '\' you can use '\\' to escape it
 Given the export module begins writing revision folders
 -> binding error: Binding error(s) found: 
 This Cucumber Expression has a problem at column 3:

(\d+) work items exist in the project: (\d+) under {string} and (\d+) under {string}
  ^
Only the characters '{', '}', '(', ')', '\', '/' and whitespace can be escaped.
If you did mean to use an '\' you can use '\\' to escape it
 This Cucumber Expression has a problem at column 3:

(\d+) work items have an AreaPath matching {string} and (\d+) does not
  ^
Only the characters '{', '}', '(', ')', '\', '/' and whitespace can be escaped.
If you did mean to use an '\' you can use '\\' to escape it
 This Cucumber Expression has a problem at column 3:

(\d+) work item has an AreaPath matching {string} and (\d+) do not
  ^
Only the characters '{', '}', '(', ')', '\', '/' and whitespace can be escaped.
If you did mean to use an '\' you can use '\\' to escape it
 When the export module successfully writes a revision folder
 -> binding error: Binding error(s) found: 
 This Cucumber Expression has a problem at column 3:

(\d+) work items exist in the project: (\d+) under {string} and (\d+) under {string}
  ^
Only the characters '{', '}', '(', ')', '\', '/' and whitespace can be escaped.
If you did mean to use an '\' you can use '\\' to escape it
 This Cucumber Expression has a problem at column 3:

(\d+) work items have an AreaPath matching {string} and (\d+) does not
  ^
Only the characters '{', '}', '(', ')', '\', '/' and whitespace can be escaped.
If you did mean to use an '\' you can use '\\' to escape it
 This Cucumber Expression has a problem at column 3:

(\d+) work item has an AreaPath matching {string} and (\d+) do not
  ^
Only the characters '{', '}', '(', ')', '\', '/' and whitespace can be escaped.
If you did mean to use an '\' you can use '\\' to escape it
 Then the cursor file at "Checkpoints/workitems.cursor.json" is updated with the last processed revision path
 -> binding error: Binding error(s) found: 
 This Cucumber Expression has a problem at column 3:

(\d+) work items exist in the project: (\d+) under {string} and (\d+) under {string}
  ^
Only the characters '{', '}', '(', ')', '\', '/' and whitespace can be escaped.
If you did mean to use an '\' you can use '\\' to escape it
 This Cucumber Expression has a problem at column 3:

(\d+) work items have an AreaPath matching {string} and (\d+) does not
  ^
Only the characters '{', '}', '(', ')', '\', '/' and whitespace can be escaped.
If you did mean to use an '\' you can use '\\' to escape it
 This Cucumber Expression has a problem at column 3:

(\d+) work item has an AreaPath matching {string} and (\d+) do not
  ^
Only the characters '{', '}', '(', ')', '\', '/' and whitespace can be escaped.
If you did mean to use an '\' you can use '\\' to escape it


  Failed ExportResumesFromTheCursorAfterAnInterruption [1 ms]
  Error Message:
   Test method DevOpsMigrationPlatform.Infrastructure.Tests.Features.ExportWorkItemRevisionsFeature.ExportResumesFromTheCursorAfterAnInterruption threw exception: 
Reqnroll.BindingException: Binding error(s) found: 
This Cucumber Expression has a problem at column 3:

(\d+) work items exist in the project: (\d+) under {string} and (\d+) under {string}
  ^
Only the characters '{', '}', '(', ')', '\', '/' and whitespace can be escaped.
If you did mean to use an '\' you can use '\\' to escape it
This Cucumber Expression has a problem at column 3:

(\d+) work items have an AreaPath matching {string} and (\d+) does not
  ^
Only the characters '{', '}', '(', ')', '\', '/' and whitespace can be escaped.
If you did mean to use an '\' you can use '\\' to escape it
This Cucumber Expression has a problem at column 3:

(\d+) work item has an AreaPath matching {string} and (\d+) do not
  ^
Only the characters '{', '}', '(', ')', '\', '/' and whitespace can be escaped.
If you did mean to use an '\' you can use '\\' to escape it
  Stack Trace:
     at Reqnroll.ErrorHandling.ErrorProvider.GetInvalidBindingRegistryError(IEnumerable`1 errors)
   at Reqnroll.Infrastructure.TestExecutionEngine.GetStepMatch(StepInstance stepInstance)
   at Reqnroll.Infrastructure.TestExecutionEngine.ExecuteStepAsync(IContextManager contextManager, StepInstance stepInstance)
   at Reqnroll.Infrastructure.TestExecutionEngine.OnAfterLastStepAsync()
   at Reqnroll.TestRunner.CollectScenarioErrorsAsync()
   at DevOpsMigrationPlatform.Infrastructure.Tests.Features.ExportWorkItemRevisionsFeature.ScenarioCleanupAsync()
   at DevOpsMigrationPlatform.Infrastructure.Tests.Features.ExportWorkItemRevisionsFeature.ExportResumesFromTheCursorAfterAnInterruption() in C:\Users\MartinHinshelwoodNKD\source\repos\azure-devops-migration-platform\tests\DevOpsMigrationPlatform.Infrastructure.Tests\Features\export-work-item-revisions.feature:line 33
--- End of stack trace from previous location ---

  Standard Output Messages:
 
 
 TestContext Messages:
 Given the source project contains work items with multiple revisions
 -> binding error: Binding error(s) found: 
 This Cucumber Expression has a problem at column 3:

(\d+) work items exist in the project: (\d+) under {string} and (\d+) under {string}
  ^
Only the characters '{', '}', '(', ')', '\', '/' and whitespace can be escaped.
If you did mean to use an '\' you can use '\\' to escape it
 This Cucumber Expression has a problem at column 3:

(\d+) work items have an AreaPath matching {string} and (\d+) does not
  ^
Only the characters '{', '}', '(', ')', '\', '/' and whitespace can be escaped.
If you did mean to use an '\' you can use '\\' to escape it
 This Cucumber Expression has a problem at column 3:

(\d+) work item has an AreaPath matching {string} and (\d+) do not
  ^
Only the characters '{', '}', '(', ')', '\', '/' and whitespace can be escaped.
If you did mean to use an '\' you can use '\\' to escape it
 And the export module is configured with valid source credentials
 -> binding error: Binding error(s) found: 
 This Cucumber Expression has a problem at column 3:

(\d+) work items exist in the project: (\d+) under {string} and (\d+) under {string}
  ^
Only the characters '{', '}', '(', ')', '\', '/' and whitespace can be escaped.
If you did mean to use an '\' you can use '\\' to escape it
 This Cucumber Expression has a problem at column 3:

(\d+) work items have an AreaPath matching {string} and (\d+) does not
  ^
Only the characters '{', '}', '(', ')', '\', '/' and whitespace can be escaped.
If you did mean to use an '\' you can use '\\' to escape it
 This Cucumber Expression has a problem at column 3:

(\d+) work item has an AreaPath matching {string} and (\d+) do not
  ^
Only the characters '{', '}', '(', ')', '\', '/' and whitespace can be escaped.
If you did mean to use an '\' you can use '\\' to escape it
 Given the cursor file at "Checkpoints/workitems.cursor.json" records the last processed folder as "WorkItems/2024-01-15/00638412345678-42-1/"
 -> binding error: Binding error(s) found: 
 This Cucumber Expression has a problem at column 3:

(\d+) work items exist in the project: (\d+) under {string} and (\d+) under {string}
  ^
Only the characters '{', '}', '(', ')', '\', '/' and whitespace can be escaped.
If you did mean to use an '\' you can use '\\' to escape it
 This Cucumber Expression has a problem at column 3:

(\d+) work items have an AreaPath matching {string} and (\d+) does not
  ^
Only the characters '{', '}', '(', ')', '\', '/' and whitespace can be escaped.
If you did mean to use an '\' you can use '\\' to escape it
 This Cucumber Expression has a problem at column 3:

(\d+) work item has an AreaPath matching {string} and (\d+) do not
  ^
Only the characters '{', '}', '(', ')', '\', '/' and whitespace can be escaped.
If you did mean to use an '\' you can use '\\' to escape it
 When the export module is re-run
 -> binding error: Binding error(s) found: 
 This Cucumber Expression has a problem at column 3:

(\d+) work items exist in the project: (\d+) under {string} and (\d+) under {string}
  ^
Only the characters '{', '}', '(', ')', '\', '/' and whitespace can be escaped.
If you did mean to use an '\' you can use '\\' to escape it
 This Cucumber Expression has a problem at column 3:

(\d+) work items have an AreaPath matching {string} and (\d+) does not
  ^
Only the characters '{', '}', '(', ')', '\', '/' and whitespace can be escaped.
If you did mean to use an '\' you can use '\\' to escape it
 This Cucumber Expression has a problem at column 3:

(\d+) work item has an AreaPath matching {string} and (\d+) do not
  ^
Only the characters '{', '}', '(', ')', '\', '/' and whitespace can be escaped.
If you did mean to use an '\' you can use '\\' to escape it
 Then the export skips all revision folders at or before "WorkItems/2024-01-15/00638412345678-42-1/"
 -> binding error: Binding error(s) found: 
 This Cucumber Expression has a problem at column 3:

(\d+) work items exist in the project: (\d+) under {string} and (\d+) under {string}
  ^
Only the characters '{', '}', '(', ')', '\', '/' and whitespace can be escaped.
If you did mean to use an '\' you can use '\\' to escape it
 This Cucumber Expression has a problem at column 3:

(\d+) work items have an AreaPath matching {string} and (\d+) does not
  ^
Only the characters '{', '}', '(', ')', '\', '/' and whitespace can be escaped.
If you did mean to use an '\' you can use '\\' to escape it
 This Cucumber Expression has a problem at column 3:

(\d+) work item has an AreaPath matching {string} and (\d+) do not
  ^
Only the characters '{', '}', '(', ')', '\', '/' and whitespace can be escaped.
If you did mean to use an '\' you can use '\\' to escape it
 And the export continues from the next unprocessed revision
 -> binding error: Binding error(s) found: 
 This Cucumber Expression has a problem at column 3:

(\d+) work items exist in the project: (\d+) under {string} and (\d+) under {string}
  ^
Only the characters '{', '}', '(', ')', '\', '/' and whitespace can be escaped.
If you did mean to use an '\' you can use '\\' to escape it
 This Cucumber Expression has a problem at column 3:

(\d+) work items have an AreaPath matching {string} and (\d+) does not
  ^
Only the characters '{', '}', '(', ')', '\', '/' and whitespace can be escaped.
If you did mean to use an '\' you can use '\\' to escape it
 This Cucumber Expression has a problem at column 3:

(\d+) work item has an AreaPath matching {string} and (\d+) do not
  ^
Only the characters '{', '}', '(', ')', '\', '/' and whitespace can be escaped.
If you did mean to use an '\' you can use '\\' to escape it


  Failed ExportWithZeroRevisionsWritesNoFoldersAndNoCursor [1 ms]
  Error Message:
   Test method DevOpsMigrationPlatform.Infrastructure.Tests.Features.ExportWorkItemRevisionsFeature.ExportWithZeroRevisionsWritesNoFoldersAndNoCursor threw exception: 
Reqnroll.BindingException: Binding error(s) found: 
This Cucumber Expression has a problem at column 3:

(\d+) work items exist in the project: (\d+) under {string} and (\d+) under {string}
  ^
Only the characters '{', '}', '(', ')', '\', '/' and whitespace can be escaped.
If you did mean to use an '\' you can use '\\' to escape it
This Cucumber Expression has a problem at column 3:

(\d+) work items have an AreaPath matching {string} and (\d+) does not
  ^
Only the characters '{', '}', '(', ')', '\', '/' and whitespace can be escaped.
If you did mean to use an '\' you can use '\\' to escape it
This Cucumber Expression has a problem at column 3:

(\d+) work item has an AreaPath matching {string} and (\d+) do not
  ^
Only the characters '{', '}', '(', ')', '\', '/' and whitespace can be escaped.
If you did mean to use an '\' you can use '\\' to escape it
  Stack Trace:
     at Reqnroll.ErrorHandling.ErrorProvider.GetInvalidBindingRegistryError(IEnumerable`1 errors)
   at Reqnroll.Infrastructure.TestExecutionEngine.GetStepMatch(StepInstance stepInstance)
   at Reqnroll.Infrastructure.TestExecutionEngine.ExecuteStepAsync(IContextManager contextManager, StepInstance stepInstance)
   at Reqnroll.Infrastructure.TestExecutionEngine.OnAfterLastStepAsync()
   at Reqnroll.TestRunner.CollectScenarioErrorsAsync()
   at DevOpsMigrationPlatform.Infrastructure.Tests.Features.ExportWorkItemRevisionsFeature.ScenarioCleanupAsync()
   at DevOpsMigrationPlatform.Infrastructure.Tests.Features.ExportWorkItemRevisionsFeature.ExportWithZeroRevisionsWritesNoFoldersAndNoCursor() in C:\Users\MartinHinshelwoodNKD\source\repos\azure-devops-migration-platform\tests\DevOpsMigrationPlatform.Infrastructure.Tests\Features\export-work-item-revisions.feature:line 39
--- End of stack trace from previous location ---

  Standard Output Messages:
 
 
 TestContext Messages:
 Given the source project contains work items with multiple revisions
 -> binding error: Binding error(s) found: 
 This Cucumber Expression has a problem at column 3:

(\d+) work items exist in the project: (\d+) under {string} and (\d+) under {string}
  ^
Only the characters '{', '}', '(', ')', '\', '/' and whitespace can be escaped.
If you did mean to use an '\' you can use '\\' to escape it
 This Cucumber Expression has a problem at column 3:

(\d+) work items have an AreaPath matching {string} and (\d+) does not
  ^
Only the characters '{', '}', '(', ')', '\', '/' and whitespace can be escaped.
If you did mean to use an '\' you can use '\\' to escape it
 This Cucumber Expression has a problem at column 3:

(\d+) work item has an AreaPath matching {string} and (\d+) do not
  ^
Only the characters '{', '}', '(', ')', '\', '/' and whitespace can be escaped.
If you did mean to use an '\' you can use '\\' to escape it
 And the export module is configured with valid source credentials
 -> binding error: Binding error(s) found: 
 This Cucumber Expression has a problem at column 3:

(\d+) work items exist in the project: (\d+) under {string} and (\d+) under {string}
  ^
Only the characters '{', '}', '(', ')', '\', '/' and whitespace can be escaped.
If you did mean to use an '\' you can use '\\' to escape it
 This Cucumber Expression has a problem at column 3:

(\d+) work items have an AreaPath matching {string} and (\d+) does not
  ^
Only the characters '{', '}', '(', ')', '\', '/' and whitespace can be escaped.
If you did mean to use an '\' you can use '\\' to escape it
 This Cucumber Expression has a problem at column 3:

(\d+) work item has an AreaPath matching {string} and (\d+) do not
  ^
Only the characters '{', '}', '(', ')', '\', '/' and whitespace can be escaped.
If you did mean to use an '\' you can use '\\' to escape it
 Given a source project with no work items
 -> binding error: Binding error(s) found: 
 This Cucumber Expression has a problem at column 3:

(\d+) work items exist in the project: (\d+) under {string} and (\d+) under {string}
  ^
Only the characters '{', '}', '(', ')', '\', '/' and whitespace can be escaped.
If you did mean to use an '\' you can use '\\' to escape it
 This Cucumber Expression has a problem at column 3:

(\d+) work items have an AreaPath matching {string} and (\d+) does not
  ^
Only the characters '{', '}', '(', ')', '\', '/' and whitespace can be escaped.
If you did mean to use an '\' you can use '\\' to escape it
 This Cucumber Expression has a problem at column 3:

(\d+) work item has an AreaPath matching {string} and (\d+) do not
  ^
Only the characters '{', '}', '(', ')', '\', '/' and whitespace can be escaped.
If you did mean to use an '\' you can use '\\' to escape it
 When the WorkItems export module runs
 -> binding error: Binding error(s) found: 
 This Cucumber Expression has a problem at column 3:

(\d+) work items exist in the project: (\d+) under {string} and (\d+) under {string}
  ^
Only the characters '{', '}', '(', ')', '\', '/' and whitespace can be escaped.
If you did mean to use an '\' you can use '\\' to escape it
 This Cucumber Expression has a problem at column 3:

(\d+) work items have an AreaPath matching {string} and (\d+) does not
  ^
Only the characters '{', '}', '(', ')', '\', '/' and whitespace can be escaped.
If you did mean to use an '\' you can use '\\' to escape it
 This Cucumber Expression has a problem at column 3:

(\d+) work item has an AreaPath matching {string} and (\d+) do not
  ^
Only the characters '{', '}', '(', ')', '\', '/' and whitespace can be escaped.
If you did mean to use an '\' you can use '\\' to escape it
 Then no folders are created under "WorkItems/"
 -> binding error: Binding error(s) found: 
 This Cucumber Expression has a problem at column 3:

(\d+) work items exist in the project: (\d+) under {string} and (\d+) under {string}
  ^
Only the characters '{', '}', '(', ')', '\', '/' and whitespace can be escaped.
If you did mean to use an '\' you can use '\\' to escape it
 This Cucumber Expression has a problem at column 3:

(\d+) work items have an AreaPath matching {string} and (\d+) does not
  ^
Only the characters '{', '}', '(', ')', '\', '/' and whitespace can be escaped.
If you did mean to use an '\' you can use '\\' to escape it
 This Cucumber Expression has a problem at column 3:

(\d+) work item has an AreaPath matching {string} and (\d+) do not
  ^
Only the characters '{', '}', '(', ')', '\', '/' and whitespace can be escaped.
If you did mean to use an '\' you can use '\\' to escape it
 And no cursor file is created
 -> binding error: Binding error(s) found: 
 This Cucumber Expression has a problem at column 3:

(\d+) work items exist in the project: (\d+) under {string} and (\d+) under {string}
  ^
Only the characters '{', '}', '(', ')', '\', '/' and whitespace can be escaped.
If you did mean to use an '\' you can use '\\' to escape it
 This Cucumber Expression has a problem at column 3:

(\d+) work items have an AreaPath matching {string} and (\d+) does not
  ^
Only the characters '{', '}', '(', ')', '\', '/' and whitespace can be escaped.
If you did mean to use an '\' you can use '\\' to escape it
 This Cucumber Expression has a problem at column 3:

(\d+) work item has an AreaPath matching {string} and (\d+) do not
  ^
Only the characters '{', '}', '(', ')', '\', '/' and whitespace can be escaped.
If you did mean to use an '\' you can use '\\' to escape it


  Failed ExportOfALargeWorkItemSetDoesNotLoadAllRevisionsIntoMemory [1 ms]
  Error Message:
   Test method DevOpsMigrationPlatform.Infrastructure.Tests.Features.ExportWorkItemRevisionsFeature.ExportOfALargeWorkItemSetDoesNotLoadAllRevisionsIntoMemory threw exception: 
Reqnroll.BindingException: Binding error(s) found: 
This Cucumber Expression has a problem at column 3:

(\d+) work items exist in the project: (\d+) under {string} and (\d+) under {string}
  ^
Only the characters '{', '}', '(', ')', '\', '/' and whitespace can be escaped.
If you did mean to use an '\' you can use '\\' to escape it
This Cucumber Expression has a problem at column 3:

(\d+) work items have an AreaPath matching {string} and (\d+) does not
  ^
Only the characters '{', '}', '(', ')', '\', '/' and whitespace can be escaped.
If you did mean to use an '\' you can use '\\' to escape it
This Cucumber Expression has a problem at column 3:

(\d+) work item has an AreaPath matching {string} and (\d+) do not
  ^
Only the characters '{', '}', '(', ')', '\', '/' and whitespace can be escaped.
If you did mean to use an '\' you can use '\\' to escape it
  Stack Trace:
     at Reqnroll.ErrorHandling.ErrorProvider.GetInvalidBindingRegistryError(IEnumerable`1 errors)
   at Reqnroll.Infrastructure.TestExecutionEngine.GetStepMatch(StepInstance stepInstance)
   at Reqnroll.Infrastructure.TestExecutionEngine.ExecuteStepAsync(IContextManager contextManager, StepInstance stepInstance)
   at Reqnroll.Infrastructure.TestExecutionEngine.OnAfterLastStepAsync()
   at Reqnroll.TestRunner.CollectScenarioErrorsAsync()
   at DevOpsMigrationPlatform.Infrastructure.Tests.Features.ExportWorkItemRevisionsFeature.ScenarioCleanupAsync()
   at DevOpsMigrationPlatform.Infrastructure.Tests.Features.ExportWorkItemRevisionsFeature.ExportOfALargeWorkItemSetDoesNotLoadAllRevisionsIntoMemory() in C:\Users\MartinHinshelwoodNKD\source\repos\azure-devops-migration-platform\tests\DevOpsMigrationPlatform.Infrastructure.Tests\Features\export-work-item-revisions.feature:line 45
--- End of stack trace from previous location ---

  Standard Output Messages:
 
 
 TestContext Messages:
 Given the source project contains work items with multiple revisions
 -> binding error: Binding error(s) found: 
 This Cucumber Expression has a problem at column 3:

(\d+) work items exist in the project: (\d+) under {string} and (\d+) under {string}
  ^
Only the characters '{', '}', '(', ')', '\', '/' and whitespace can be escaped.
If you did mean to use an '\' you can use '\\' to escape it
 This Cucumber Expression has a problem at column 3:

(\d+) work items have an AreaPath matching {string} and (\d+) does not
  ^
Only the characters '{', '}', '(', ')', '\', '/' and whitespace can be escaped.
If you did mean to use an '\' you can use '\\' to escape it
 This Cucumber Expression has a problem at column 3:

(\d+) work item has an AreaPath matching {string} and (\d+) do not
  ^
Only the characters '{', '}', '(', ')', '\', '/' and whitespace can be escaped.
If you did mean to use an '\' you can use '\\' to escape it
 And the export module is configured with valid source credentials
 -> binding error: Binding error(s) found: 
 This Cucumber Expression has a problem at column 3:

(\d+) work items exist in the project: (\d+) under {string} and (\d+) under {string}
  ^
Only the characters '{', '}', '(', ')', '\', '/' and whitespace can be escaped.
If you did mean to use an '\' you can use '\\' to escape it
 This Cucumber Expression has a problem at column 3:

(\d+) work items have an AreaPath matching {string} and (\d+) does not
  ^
Only the characters '{', '}', '(', ')', '\', '/' and whitespace can be escaped.
If you did mean to use an '\' you can use '\\' to escape it
 This Cucumber Expression has a problem at column 3:

(\d+) work item has an AreaPath matching {string} and (\d+) do not
  ^
Only the characters '{', '}', '(', ')', '\', '/' and whitespace can be escaped.
If you did mean to use an '\' you can use '\\' to escape it
 Given the source project contains 50000 work item revisions
 -> binding error: Binding error(s) found: 
 This Cucumber Expression has a problem at column 3:

(\d+) work items exist in the project: (\d+) under {string} and (\d+) under {string}
  ^
Only the characters '{', '}', '(', ')', '\', '/' and whitespace can be escaped.
If you did mean to use an '\' you can use '\\' to escape it
 This Cucumber Expression has a problem at column 3:

(\d+) work items have an AreaPath matching {string} and (\d+) does not
  ^
Only the characters '{', '}', '(', ')', '\', '/' and whitespace can be escaped.
If you did mean to use an '\' you can use '\\' to escape it
 This Cucumber Expression has a problem at column 3:

(\d+) work item has an AreaPath matching {string} and (\d+) do not
  ^
Only the characters '{', '}', '(', ')', '\', '/' and whitespace can be escaped.
If you did mean to use an '\' you can use '\\' to escape it
 When the WorkItems export module runs
 -> binding error: Binding error(s) found: 
 This Cucumber Expression has a problem at column 3:

(\d+) work items exist in the project: (\d+) under {string} and (\d+) under {string}
  ^
Only the characters '{', '}', '(', ')', '\', '/' and whitespace can be escaped.
If you did mean to use an '\' you can use '\\' to escape it
 This Cucumber Expression has a problem at column 3:

(\d+) work items have an AreaPath matching {string} and (\d+) does not
  ^
Only the characters '{', '}', '(', ')', '\', '/' and whitespace can be escaped.
If you did mean to use an '\' you can use '\\' to escape it
 This Cucumber Expression has a problem at column 3:

(\d+) work item has an AreaPath matching {string} and (\d+) do not
  ^
Only the characters '{', '}', '(', ')', '\', '/' and whitespace can be escaped.
If you did mean to use an '\' you can use '\\' to escape it
 Then work item revisions are processed one at a time
 -> binding error: Binding error(s) found: 
 This Cucumber Expression has a problem at column 3:

(\d+) work items exist in the project: (\d+) under {string} and (\d+) under {string}
  ^
Only the characters '{', '}', '(', ')', '\', '/' and whitespace can be escaped.
If you did mean to use an '\' you can use '\\' to escape it
 This Cucumber Expression has a problem at column 3:

(\d+) work items have an AreaPath matching {string} and (\d+) does not
  ^
Only the characters '{', '}', '(', ')', '\', '/' and whitespace can be escaped.
If you did mean to use an '\' you can use '\\' to escape it
 This Cucumber Expression has a problem at column 3:

(\d+) work item has an AreaPath matching {string} and (\d+) do not
  ^
Only the characters '{', '}', '(', ')', '\', '/' and whitespace can be escaped.
If you did mean to use an '\' you can use '\\' to escape it
 And peak memory usage does not grow proportionally to the total revision count
 -> binding error: Binding error(s) found: 
 This Cucumber Expression has a problem at column 3:

(\d+) work items exist in the project: (\d+) under {string} and (\d+) under {string}
  ^
Only the characters '{', '}', '(', ')', '\', '/' and whitespace can be escaped.
If you did mean to use an '\' you can use '\\' to escape it
 This Cucumber Expression has a problem at column 3:

(\d+) work items have an AreaPath matching {string} and (\d+) does not
  ^
Only the characters '{', '}', '(', ')', '\', '/' and whitespace can be escaped.
If you did mean to use an '\' you can use '\\' to escape it
 This Cucumber Expression has a problem at column 3:

(\d+) work item has an AreaPath matching {string} and (\d+) do not
  ^
Only the characters '{', '}', '(', ')', '\', '/' and whitespace can be escaped.
If you did mean to use an '\' you can use '\\' to escape it


  Failed SourceIdentityIsMappedToTheCorrectTargetIdentityDuringImport [2 ms]
  Error Message:
   Test method DevOpsMigrationPlatform.Infrastructure.Tests.Features.IdentityMappingAndResolutionFeature.SourceIdentityIsMappedToTheCorrectTargetIdentityDuringImport threw exception: 
Reqnroll.BindingException: Binding error(s) found: 
This Cucumber Expression has a problem at column 3:

(\d+) work items exist in the project: (\d+) under {string} and (\d+) under {string}
  ^
Only the characters '{', '}', '(', ')', '\', '/' and whitespace can be escaped.
If you did mean to use an '\' you can use '\\' to escape it
This Cucumber Expression has a problem at column 3:

(\d+) work items have an AreaPath matching {string} and (\d+) does not
  ^
Only the characters '{', '}', '(', ')', '\', '/' and whitespace can be escaped.
If you did mean to use an '\' you can use '\\' to escape it
This Cucumber Expression has a problem at column 3:

(\d+) work item has an AreaPath matching {string} and (\d+) do not
  ^
Only the characters '{', '}', '(', ')', '\', '/' and whitespace can be escaped.
If you did mean to use an '\' you can use '\\' to escape it
  Stack Trace:
     at Reqnroll.ErrorHandling.ErrorProvider.GetInvalidBindingRegistryError(IEnumerable`1 errors)
   at Reqnroll.Infrastructure.TestExecutionEngine.GetStepMatch(StepInstance stepInstance)
   at Reqnroll.Infrastructure.TestExecutionEngine.ExecuteStepAsync(IContextManager contextManager, StepInstance stepInstance)
   at Reqnroll.Infrastructure.TestExecutionEngine.OnAfterLastStepAsync()
   at Reqnroll.TestRunner.CollectScenarioErrorsAsync()
   at DevOpsMigrationPlatform.Infrastructure.Tests.Features.IdentityMappingAndResolutionFeature.ScenarioCleanupAsync()
   at DevOpsMigrationPlatform.Infrastructure.Tests.Features.IdentityMappingAndResolutionFeature.SourceIdentityIsMappedToTheCorrectTargetIdentityDuringImport() in C:\Users\MartinHinshelwoodNKD\source\repos\azure-devops-migration-platform\tests\DevOpsMigrationPlatform.Infrastructure.Tests\Features\identity-mapping.feature:line 13
--- End of stack trace from previous location ---

  Standard Output Messages:
 
 
 TestContext Messages:
 Given the identities export has completed before any import module runs
 -> binding error: Binding error(s) found: 
 This Cucumber Expression has a problem at column 3:

(\d+) work items exist in the project: (\d+) under {string} and (\d+) under {string}
  ^
Only the characters '{', '}', '(', ')', '\', '/' and whitespace can be escaped.
If you did mean to use an '\' you can use '\\' to escape it
 This Cucumber Expression has a problem at column 3:

(\d+) work items have an AreaPath matching {string} and (\d+) does not
  ^
Only the characters '{', '}', '(', ')', '\', '/' and whitespace can be escaped.
If you did mean to use an '\' you can use '\\' to escape it
 This Cucumber Expression has a problem at column 3:

(\d+) work item has an AreaPath matching {string} and (\d+) do not
  ^
Only the characters '{', '}', '(', ')', '\', '/' and whitespace can be escaped.
If you did mean to use an '\' you can use '\\' to escape it
 Given a revision.json assigns a work item to source user "jsmith@source.example.com"
 -> binding error: Binding error(s) found: 
 This Cucumber Expression has a problem at column 3:

(\d+) work items exist in the project: (\d+) under {string} and (\d+) under {string}
  ^
Only the characters '{', '}', '(', ')', '\', '/' and whitespace can be escaped.
If you did mean to use an '\' you can use '\\' to escape it
 This Cucumber Expression has a problem at column 3:

(\d+) work items have an AreaPath matching {string} and (\d+) does not
  ^
Only the characters '{', '}', '(', ')', '\', '/' and whitespace can be escaped.
If you did mean to use an '\' you can use '\\' to escape it
 This Cucumber Expression has a problem at column 3:

(\d+) work item has an AreaPath matching {string} and (\d+) do not
  ^
Only the characters '{', '}', '(', ')', '\', '/' and whitespace can be escaped.
If you did mean to use an '\' you can use '\\' to escape it
 And an identity mapping exists from "jsmith@source.example.com" to "john.smith@target.example.com"
 -> binding error: Binding error(s) found: 
 This Cucumber Expression has a problem at column 3:

(\d+) work items exist in the project: (\d+) under {string} and (\d+) under {string}
  ^
Only the characters '{', '}', '(', ')', '\', '/' and whitespace can be escaped.
If you did mean to use an '\' you can use '\\' to escape it
 This Cucumber Expression has a problem at column 3:

(\d+) work items have an AreaPath matching {string} and (\d+) does not
  ^
Only the characters '{', '}', '(', ')', '\', '/' and whitespace can be escaped.
If you did mean to use an '\' you can use '\\' to escape it
 This Cucumber Expression has a problem at column 3:

(\d+) work item has an AreaPath matching {string} and (\d+) do not
  ^
Only the characters '{', '}', '(', ')', '\', '/' and whitespace can be escaped.
If you did mean to use an '\' you can use '\\' to escape it
 When the WorkItems import module applies the revision
 -> binding error: Binding error(s) found: 
 This Cucumber Expression has a problem at column 3:

(\d+) work items exist in the project: (\d+) under {string} and (\d+) under {string}
  ^
Only the characters '{', '}', '(', ')', '\', '/' and whitespace can be escaped.
If you did mean to use an '\' you can use '\\' to escape it
 This Cucumber Expression has a problem at column 3:

(\d+) work items have an AreaPath matching {string} and (\d+) does not
  ^
Only the characters '{', '}', '(', ')', '\', '/' and whitespace can be escaped.
If you did mean to use an '\' you can use '\\' to escape it
 This Cucumber Expression has a problem at column 3:

(\d+) work item has an AreaPath matching {string} and (\d+) do not
  ^
Only the characters '{', '}', '(', ')', '\', '/' and whitespace can be escaped.
If you did mean to use an '\' you can use '\\' to escape it
 Then the target work item is assigned to "john.smith@target.example.com"
 -> binding error: Binding error(s) found: 
 This Cucumber Expression has a problem at column 3:

(\d+) work items exist in the project: (\d+) under {string} and (\d+) under {string}
  ^
Only the characters '{', '}', '(', ')', '\', '/' and whitespace can be escaped.
If you did mean to use an '\' you can use '\\' to escape it
 This Cucumber Expression has a problem at column 3:

(\d+) work items have an AreaPath matching {string} and (\d+) does not
  ^
Only the characters '{', '}', '(', ')', '\', '/' and whitespace can be escaped.
If you did mean to use an '\' you can use '\\' to escape it
 This Cucumber Expression has a problem at column 3:

(\d+) work item has an AreaPath matching {string} and (\d+) do not
  ^
Only the characters '{', '}', '(', ')', '\', '/' and whitespace can be escaped.
If you did mean to use an '\' you can use '\\' to escape it


  Failed UnmappedIdentityFallsBackToTheConfiguredDefaultIdentity [1 ms]
  Error Message:
   Test method DevOpsMigrationPlatform.Infrastructure.Tests.Features.IdentityMappingAndResolutionFeature.UnmappedIdentityFallsBackToTheConfiguredDefaultIdentity threw exception: 
Reqnroll.BindingException: Binding error(s) found: 
This Cucumber Expression has a problem at column 3:

(\d+) work items exist in the project: (\d+) under {string} and (\d+) under {string}
  ^
Only the characters '{', '}', '(', ')', '\', '/' and whitespace can be escaped.
If you did mean to use an '\' you can use '\\' to escape it
This Cucumber Expression has a problem at column 3:

(\d+) work items have an AreaPath matching {string} and (\d+) does not
  ^
Only the characters '{', '}', '(', ')', '\', '/' and whitespace can be escaped.
If you did mean to use an '\' you can use '\\' to escape it
This Cucumber Expression has a problem at column 3:

(\d+) work item has an AreaPath matching {string} and (\d+) do not
  ^
Only the characters '{', '}', '(', ')', '\', '/' and whitespace can be escaped.
If you did mean to use an '\' you can use '\\' to escape it
  Stack Trace:
     at Reqnroll.ErrorHandling.ErrorProvider.GetInvalidBindingRegistryError(IEnumerable`1 errors)
   at Reqnroll.Infrastructure.TestExecutionEngine.GetStepMatch(StepInstance stepInstance)
   at Reqnroll.Infrastructure.TestExecutionEngine.ExecuteStepAsync(IContextManager contextManager, StepInstance stepInstance)
   at Reqnroll.Infrastructure.TestExecutionEngine.OnAfterLastStepAsync()
   at Reqnroll.TestRunner.CollectScenarioErrorsAsync()
   at DevOpsMigrationPlatform.Infrastructure.Tests.Features.IdentityMappingAndResolutionFeature.ScenarioCleanupAsync()
   at DevOpsMigrationPlatform.Infrastructure.Tests.Features.IdentityMappingAndResolutionFeature.UnmappedIdentityFallsBackToTheConfiguredDefaultIdentity() in C:\Users\MartinHinshelwoodNKD\source\repos\azure-devops-migration-platform\tests\DevOpsMigrationPlatform.Infrastructure.Tests\Features\identity-mapping.feature:line 21
--- End of stack trace from previous location ---

  Standard Output Messages:
 
 
 TestContext Messages:
 Given the identities export has completed before any import module runs
 -> binding error: Binding error(s) found: 
 This Cucumber Expression has a problem at column 3:

(\d+) work items exist in the project: (\d+) under {string} and (\d+) under {string}
  ^
Only the characters '{', '}', '(', ')', '\', '/' and whitespace can be escaped.
If you did mean to use an '\' you can use '\\' to escape it
 This Cucumber Expression has a problem at column 3:

(\d+) work items have an AreaPath matching {string} and (\d+) does not
  ^
Only the characters '{', '}', '(', ')', '\', '/' and whitespace can be escaped.
If you did mean to use an '\' you can use '\\' to escape it
 This Cucumber Expression has a problem at column 3:

(\d+) work item has an AreaPath matching {string} and (\d+) do not
  ^
Only the characters '{', '}', '(', ')', '\', '/' and whitespace can be escaped.
If you did mean to use an '\' you can use '\\' to escape it
 Given a revision.json assigns a work item to source user "legacy@old.example.com"
 -> binding error: Binding error(s) found: 
 This Cucumber Expression has a problem at column 3:

(\d+) work items exist in the project: (\d+) under {string} and (\d+) under {string}
  ^
Only the characters '{', '}', '(', ')', '\', '/' and whitespace can be escaped.
If you did mean to use an '\' you can use '\\' to escape it
 This Cucumber Expression has a problem at column 3:

(\d+) work items have an AreaPath matching {string} and (\d+) does not
  ^
Only the characters '{', '}', '(', ')', '\', '/' and whitespace can be escaped.
If you did mean to use an '\' you can use '\\' to escape it
 This Cucumber Expression has a problem at column 3:

(\d+) work item has an AreaPath matching {string} and (\d+) do not
  ^
Only the characters '{', '}', '(', ')', '\', '/' and whitespace can be escaped.
If you did mean to use an '\' you can use '\\' to escape it
 And no mapping exists for "legacy@old.example.com"
 -> binding error: Binding error(s) found: 
 This Cucumber Expression has a problem at column 3:

(\d+) work items exist in the project: (\d+) under {string} and (\d+) under {string}
  ^
Only the characters '{', '}', '(', ')', '\', '/' and whitespace can be escaped.
If you did mean to use an '\' you can use '\\' to escape it
 This Cucumber Expression has a problem at column 3:

(\d+) work items have an AreaPath matching {string} and (\d+) does not
  ^
Only the characters '{', '}', '(', ')', '\', '/' and whitespace can be escaped.
If you did mean to use an '\' you can use '\\' to escape it
 This Cucumber Expression has a problem at column 3:

(\d+) work item has an AreaPath matching {string} and (\d+) do not
  ^
Only the characters '{', '}', '(', ')', '\', '/' and whitespace can be escaped.
If you did mean to use an '\' you can use '\\' to escape it
 And the configuration specifies a fallback identity of "migration-bot@target.example.com"
 -> binding error: Binding error(s) found: 
 This Cucumber Expression has a problem at column 3:

(\d+) work items exist in the project: (\d+) under {string} and (\d+) under {string}
  ^
Only the characters '{', '}', '(', ')', '\', '/' and whitespace can be escaped.
If you did mean to use an '\' you can use '\\' to escape it
 This Cucumber Expression has a problem at column 3:

(\d+) work items have an AreaPath matching {string} and (\d+) does not
  ^
Only the characters '{', '}', '(', ')', '\', '/' and whitespace can be escaped.
If you did mean to use an '\' you can use '\\' to escape it
 This Cucumber Expression has a problem at column 3:

(\d+) work item has an AreaPath matching {string} and (\d+) do not
  ^
Only the characters '{', '}', '(', ')', '\', '/' and whitespace can be escaped.
If you did mean to use an '\' you can use '\\' to escape it
 When the WorkItems import module applies the revision
 -> binding error: Binding error(s) found: 
 This Cucumber Expression has a problem at column 3:

(\d+) work items exist in the project: (\d+) under {string} and (\d+) under {string}
  ^
Only the characters '{', '}', '(', ')', '\', '/' and whitespace can be escaped.
If you did mean to use an '\' you can use '\\' to escape it
 This Cucumber Expression has a problem at column 3:

(\d+) work items have an AreaPath matching {string} and (\d+) does not
  ^
Only the characters '{', '}', '(', ')', '\', '/' and whitespace can be escaped.
If you did mean to use an '\' you can use '\\' to escape it
 This Cucumber Expression has a problem at column 3:

(\d+) work item has an AreaPath matching {string} and (\d+) do not
  ^
Only the characters '{', '}', '(', ')', '\', '/' and whitespace can be escaped.
If you did mean to use an '\' you can use '\\' to escape it
 Then the target work item is assigned to "migration-bot@target.example.com"
 -> binding error: Binding error(s) found: 
 This Cucumber Expression has a problem at column 3:

(\d+) work items exist in the project: (\d+) under {string} and (\d+) under {string}
  ^
Only the characters '{', '}', '(', ')', '\', '/' and whitespace can be escaped.
If you did mean to use an '\' you can use '\\' to escape it
 This Cucumber Expression has a problem at column 3:

(\d+) work items have an AreaPath matching {string} and (\d+) does not
  ^
Only the characters '{', '}', '(', ')', '\', '/' and whitespace can be escaped.
If you did mean to use an '\' you can use '\\' to escape it
 This Cucumber Expression has a problem at column 3:

(\d+) work item has an AreaPath matching {string} and (\d+) do not
  ^
Only the characters '{', '}', '(', ')', '\', '/' and whitespace can be escaped.
If you did mean to use an '\' you can use '\\' to escape it
 And a warning is recorded in "Logs/" for the unmapped identity
 -> binding error: Binding error(s) found: 
 This Cucumber Expression has a problem at column 3:

(\d+) work items exist in the project: (\d+) under {string} and (\d+) under {string}
  ^
Only the characters '{', '}', '(', ')', '\', '/' and whitespace can be escaped.
If you did mean to use an '\' you can use '\\' to escape it
 This Cucumber Expression has a problem at column 3:

(\d+) work items have an AreaPath matching {string} and (\d+) does not
  ^
Only the characters '{', '}', '(', ')', '\', '/' and whitespace can be escaped.
If you did mean to use an '\' you can use '\\' to escape it
 This Cucumber Expression has a problem at column 3:

(\d+) work item has an AreaPath matching {string} and (\d+) do not
  ^
Only the characters '{', '}', '(', ')', '\', '/' and whitespace can be escaped.
If you did mean to use an '\' you can use '\\' to escape it


  Failed NoModulePerformsInlineIdentityResolution [1 ms]
  Error Message:
   Test method DevOpsMigrationPlatform.Infrastructure.Tests.Features.IdentityMappingAndResolutionFeature.NoModulePerformsInlineIdentityResolution threw exception: 
Reqnroll.BindingException: Binding error(s) found: 
This Cucumber Expression has a problem at column 3:

(\d+) work items exist in the project: (\d+) under {string} and (\d+) under {string}
  ^
Only the characters '{', '}', '(', ')', '\', '/' and whitespace can be escaped.
If you did mean to use an '\' you can use '\\' to escape it
This Cucumber Expression has a problem at column 3:

(\d+) work items have an AreaPath matching {string} and (\d+) does not
  ^
Only the characters '{', '}', '(', ')', '\', '/' and whitespace can be escaped.
If you did mean to use an '\' you can use '\\' to escape it
This Cucumber Expression has a problem at column 3:

(\d+) work item has an AreaPath matching {string} and (\d+) do not
  ^
Only the characters '{', '}', '(', ')', '\', '/' and whitespace can be escaped.
If you did mean to use an '\' you can use '\\' to escape it
  Stack Trace:
     at Reqnroll.ErrorHandling.ErrorProvider.GetInvalidBindingRegistryError(IEnumerable`1 errors)
   at Reqnroll.Infrastructure.TestExecutionEngine.GetStepMatch(StepInstance stepInstance)
   at Reqnroll.Infrastructure.TestExecutionEngine.ExecuteStepAsync(IContextManager contextManager, StepInstance stepInstance)
   at Reqnroll.Infrastructure.TestExecutionEngine.OnAfterLastStepAsync()
   at Reqnroll.TestRunner.CollectScenarioErrorsAsync()
   at DevOpsMigrationPlatform.Infrastructure.Tests.Features.IdentityMappingAndResolutionFeature.ScenarioCleanupAsync()
   at DevOpsMigrationPlatform.Infrastructure.Tests.Features.IdentityMappingAndResolutionFeature.NoModulePerformsInlineIdentityResolution() in C:\Users\MartinHinshelwoodNKD\source\repos\azure-devops-migration-platform\tests\DevOpsMigrationPlatform.Infrastructure.Tests\Features\identity-mapping.feature:line 27
--- End of stack trace from previous location ---

  Standard Output Messages:
 
 
 TestContext Messages:
 Given the identities export has completed before any import module runs
 -> binding error: Binding error(s) found: 
 This Cucumber Expression has a problem at column 3:

(\d+) work items exist in the project: (\d+) under {string} and (\d+) under {string}
  ^
Only the characters '{', '}', '(', ')', '\', '/' and whitespace can be escaped.
If you did mean to use an '\' you can use '\\' to escape it
 This Cucumber Expression has a problem at column 3:

(\d+) work items have an AreaPath matching {string} and (\d+) does not
  ^
Only the characters '{', '}', '(', ')', '\', '/' and whitespace can be escaped.
If you did mean to use an '\' you can use '\\' to escape it
 This Cucumber Expression has a problem at column 3:

(\d+) work item has an AreaPath matching {string} and (\d+) do not
  ^
Only the characters '{', '}', '(', ')', '\', '/' and whitespace can be escaped.
If you did mean to use an '\' you can use '\\' to escape it
 Given any module that writes user references during import
 -> binding error: Binding error(s) found: 
 This Cucumber Expression has a problem at column 3:

(\d+) work items exist in the project: (\d+) under {string} and (\d+) under {string}
  ^
Only the characters '{', '}', '(', ')', '\', '/' and whitespace can be escaped.
If you did mean to use an '\' you can use '\\' to escape it
 This Cucumber Expression has a problem at column 3:

(\d+) work items have an AreaPath matching {string} and (\d+) does not
  ^
Only the characters '{', '}', '(', ')', '\', '/' and whitespace can be escaped.
If you did mean to use an '\' you can use '\\' to escape it
 This Cucumber Expression has a problem at column 3:

(\d+) work item has an AreaPath matching {string} and (\d+) do not
  ^
Only the characters '{', '}', '(', ')', '\', '/' and whitespace can be escaped.
If you did mean to use an '\' you can use '\\' to escape it
 When the module applies a revision
 -> binding error: Binding error(s) found: 
 This Cucumber Expression has a problem at column 3:

(\d+) work items exist in the project: (\d+) under {string} and (\d+) under {string}
  ^
Only the characters '{', '}', '(', ')', '\', '/' and whitespace can be escaped.
If you did mean to use an '\' you can use '\\' to escape it
 This Cucumber Expression has a problem at column 3:

(\d+) work items have an AreaPath matching {string} and (\d+) does not
  ^
Only the characters '{', '}', '(', ')', '\', '/' and whitespace can be escaped.
If you did mean to use an '\' you can use '\\' to escape it
 This Cucumber Expression has a problem at column 3:

(\d+) work item has an AreaPath matching {string} and (\d+) do not
  ^
Only the characters '{', '}', '(', ')', '\', '/' and whitespace can be escaped.
If you did mean to use an '\' you can use '\\' to escape it
 Then all identity lookups are handled by the central identity mapping configuration
 -> binding error: Binding error(s) found: 
 This Cucumber Expression has a problem at column 3:

(\d+) work items exist in the project: (\d+) under {string} and (\d+) under {string}
  ^
Only the characters '{', '}', '(', ')', '\', '/' and whitespace can be escaped.
If you did mean to use an '\' you can use '\\' to escape it
 This Cucumber Expression has a problem at column 3:

(\d+) work items have an AreaPath matching {string} and (\d+) does not
  ^
Only the characters '{', '}', '(', ')', '\', '/' and whitespace can be escaped.
If you did mean to use an '\' you can use '\\' to escape it
 This Cucumber Expression has a problem at column 3:

(\d+) work item has an AreaPath matching {string} and (\d+) do not
  ^
Only the characters '{', '}', '(', ')', '\', '/' and whitespace can be escaped.
If you did mean to use an '\' you can use '\\' to escape it
 And the import module does not contact the identity service directly
 -> binding error: Binding error(s) found: 
 This Cucumber Expression has a problem at column 3:

(\d+) work items exist in the project: (\d+) under {string} and (\d+) under {string}
  ^
Only the characters '{', '}', '(', ')', '\', '/' and whitespace can be escaped.
If you did mean to use an '\' you can use '\\' to escape it
 This Cucumber Expression has a problem at column 3:

(\d+) work items have an AreaPath matching {string} and (\d+) does not
  ^
Only the characters '{', '}', '(', ')', '\', '/' and whitespace can be escaped.
If you did mean to use an '\' you can use '\\' to escape it
 This Cucumber Expression has a problem at column 3:

(\d+) work item has an AreaPath matching {string} and (\d+) do not
  ^
Only the characters '{', '}', '(', ')', '\', '/' and whitespace can be escaped.
If you did mean to use an '\' you can use '\\' to escape it


  Failed IdentitiesExportMustCompleteBeforeWorkItemsImportBegins [1 ms]
  Error Message:
   Test method DevOpsMigrationPlatform.Infrastructure.Tests.Features.IdentityMappingAndResolutionFeature.IdentitiesExportMustCompleteBeforeWorkItemsImportBegins threw exception: 
Reqnroll.BindingException: Binding error(s) found: 
This Cucumber Expression has a problem at column 3:

(\d+) work items exist in the project: (\d+) under {string} and (\d+) under {string}
  ^
Only the characters '{', '}', '(', ')', '\', '/' and whitespace can be escaped.
If you did mean to use an '\' you can use '\\' to escape it
This Cucumber Expression has a problem at column 3:

(\d+) work items have an AreaPath matching {string} and (\d+) does not
  ^
Only the characters '{', '}', '(', ')', '\', '/' and whitespace can be escaped.
If you did mean to use an '\' you can use '\\' to escape it
This Cucumber Expression has a problem at column 3:

(\d+) work item has an AreaPath matching {string} and (\d+) do not
  ^
Only the characters '{', '}', '(', ')', '\', '/' and whitespace can be escaped.
If you did mean to use an '\' you can use '\\' to escape it
  Stack Trace:
     at Reqnroll.ErrorHandling.ErrorProvider.GetInvalidBindingRegistryError(IEnumerable`1 errors)
   at Reqnroll.Infrastructure.TestExecutionEngine.GetStepMatch(StepInstance stepInstance)
   at Reqnroll.Infrastructure.TestExecutionEngine.ExecuteStepAsync(IContextManager contextManager, StepInstance stepInstance)
   at Reqnroll.Infrastructure.TestExecutionEngine.OnAfterLastStepAsync()
   at Reqnroll.TestRunner.CollectScenarioErrorsAsync()
   at DevOpsMigrationPlatform.Infrastructure.Tests.Features.IdentityMappingAndResolutionFeature.ScenarioCleanupAsync()
   at DevOpsMigrationPlatform.Infrastructure.Tests.Features.IdentityMappingAndResolutionFeature.IdentitiesExportMustCompleteBeforeWorkItemsImportBegins() in C:\Users\MartinHinshelwoodNKD\source\repos\azure-devops-migration-platform\tests\DevOpsMigrationPlatform.Infrastructure.Tests\Features\identity-mapping.feature:line 33
--- End of stack trace from previous location ---

  Standard Output Messages:
 
 
 TestContext Messages:
 Given the identities export has completed before any import module runs
 -> binding error: Binding error(s) found: 
 This Cucumber Expression has a problem at column 3:

(\d+) work items exist in the project: (\d+) under {string} and (\d+) under {string}
  ^
Only the characters '{', '}', '(', ')', '\', '/' and whitespace can be escaped.
If you did mean to use an '\' you can use '\\' to escape it
 This Cucumber Expression has a problem at column 3:

(\d+) work items have an AreaPath matching {string} and (\d+) does not
  ^
Only the characters '{', '}', '(', ')', '\', '/' and whitespace can be escaped.
If you did mean to use an '\' you can use '\\' to escape it
 This Cucumber Expression has a problem at column 3:

(\d+) work item has an AreaPath matching {string} and (\d+) do not
  ^
Only the characters '{', '}', '(', ')', '\', '/' and whitespace can be escaped.
If you did mean to use an '\' you can use '\\' to escape it
 Given the identities export has not yet completed
 -> binding error: Binding error(s) found: 
 This Cucumber Expression has a problem at column 3:

(\d+) work items exist in the project: (\d+) under {string} and (\d+) under {string}
  ^
Only the characters '{', '}', '(', ')', '\', '/' and whitespace can be escaped.
If you did mean to use an '\' you can use '\\' to escape it
 This Cucumber Expression has a problem at column 3:

(\d+) work items have an AreaPath matching {string} and (\d+) does not
  ^
Only the characters '{', '}', '(', ')', '\', '/' and whitespace can be escaped.
If you did mean to use an '\' you can use '\\' to escape it
 This Cucumber Expression has a problem at column 3:

(\d+) work item has an AreaPath matching {string} and (\d+) do not
  ^
Only the characters '{', '}', '(', ')', '\', '/' and whitespace can be escaped.
If you did mean to use an '\' you can use '\\' to escape it
 When the work items import is invoked
 -> binding error: Binding error(s) found: 
 This Cucumber Expression has a problem at column 3:

(\d+) work items exist in the project: (\d+) under {string} and (\d+) under {string}
  ^
Only the characters '{', '}', '(', ')', '\', '/' and whitespace can be escaped.
If you did mean to use an '\' you can use '\\' to escape it
 This Cucumber Expression has a problem at column 3:

(\d+) work items have an AreaPath matching {string} and (\d+) does not
  ^
Only the characters '{', '}', '(', ')', '\', '/' and whitespace can be escaped.
If you did mean to use an '\' you can use '\\' to escape it
 This Cucumber Expression has a problem at column 3:

(\d+) work item has an AreaPath matching {string} and (\d+) do not
  ^
Only the characters '{', '}', '(', ')', '\', '/' and whitespace can be escaped.
If you did mean to use an '\' you can use '\\' to escape it
 Then the work items import does not begin until the identities export is complete
 -> binding error: Binding error(s) found: 
 This Cucumber Expression has a problem at column 3:

(\d+) work items exist in the project: (\d+) under {string} and (\d+) under {string}
  ^
Only the characters '{', '}', '(', ')', '\', '/' and whitespace can be escaped.
If you did mean to use an '\' you can use '\\' to escape it
 This Cucumber Expression has a problem at column 3:

(\d+) work items have an AreaPath matching {string} and (\d+) does not
  ^
Only the characters '{', '}', '(', ')', '\', '/' and whitespace can be escaped.
If you did mean to use an '\' you can use '\\' to escape it
 This Cucumber Expression has a problem at column 3:

(\d+) work item has an AreaPath matching {string} and (\d+) do not
  ^
Only the characters '{', '}', '(', ')', '\', '/' and whitespace can be escaped.
If you did mean to use an '\' you can use '\\' to escape it
 And the work items import is configured to require the identities export as a prerequisite
 -> binding error: Binding error(s) found: 
 This Cucumber Expression has a problem at column 3:

(\d+) work items exist in the project: (\d+) under {string} and (\d+) under {string}
  ^
Only the characters '{', '}', '(', ')', '\', '/' and whitespace can be escaped.
If you did mean to use an '\' you can use '\\' to escape it
 This Cucumber Expression has a problem at column 3:

(\d+) work items have an AreaPath matching {string} and (\d+) does not
  ^
Only the characters '{', '}', '(', ')', '\', '/' and whitespace can be escaped.
If you did mean to use an '\' you can use '\\' to escape it
 This Cucumber Expression has a problem at column 3:

(\d+) work item has an AreaPath matching {string} and (\d+) do not
  ^
Only the characters '{', '}', '(', ')', '\', '/' and whitespace can be escaped.
If you did mean to use an '\' you can use '\\' to escape it


  Failed CommentSub_FoldersAreImportedIntoTheCorrectTargetWorkItem [2 ms]
  Error Message:
   Test method DevOpsMigrationPlatform.Infrastructure.Tests.Features.ImportWorkItemCommentsFeature.CommentSub_FoldersAreImportedIntoTheCorrectTargetWorkItem threw exception: 
Reqnroll.BindingException: Binding error(s) found: 
This Cucumber Expression has a problem at column 3:

(\d+) work items exist in the project: (\d+) under {string} and (\d+) under {string}
  ^
Only the characters '{', '}', '(', ')', '\', '/' and whitespace can be escaped.
If you did mean to use an '\' you can use '\\' to escape it
This Cucumber Expression has a problem at column 3:

(\d+) work items have an AreaPath matching {string} and (\d+) does not
  ^
Only the characters '{', '}', '(', ')', '\', '/' and whitespace can be escaped.
If you did mean to use an '\' you can use '\\' to escape it
This Cucumber Expression has a problem at column 3:

(\d+) work item has an AreaPath matching {string} and (\d+) do not
  ^
Only the characters '{', '}', '(', ')', '\', '/' and whitespace can be escaped.
If you did mean to use an '\' you can use '\\' to escape it
  Stack Trace:
     at Reqnroll.ErrorHandling.ErrorProvider.GetInvalidBindingRegistryError(IEnumerable`1 errors)
   at Reqnroll.Infrastructure.TestExecutionEngine.GetStepMatch(StepInstance stepInstance)
   at Reqnroll.Infrastructure.TestExecutionEngine.ExecuteStepAsync(IContextManager contextManager, StepInstance stepInstance)
   at Reqnroll.Infrastructure.TestExecutionEngine.OnAfterLastStepAsync()
   at Reqnroll.TestRunner.CollectScenarioErrorsAsync()
   at DevOpsMigrationPlatform.Infrastructure.Tests.Features.ImportWorkItemCommentsFeature.ScenarioCleanupAsync()
   at DevOpsMigrationPlatform.Infrastructure.Tests.Features.ImportWorkItemCommentsFeature.CommentSub_FoldersAreImportedIntoTheCorrectTargetWorkItem() in C:\Users\MartinHinshelwoodNKD\source\repos\azure-devops-migration-platform\tests\DevOpsMigrationPlatform.Infrastructure.Tests\Features\import-comments.feature:line 16
--- End of stack trace from previous location ---

  Standard Output Messages:
 
 
 TestContext Messages:
 Given a valid migration package exists at the configured package root
 -> binding error: Binding error(s) found: 
 This Cucumber Expression has a problem at column 3:

(\d+) work items exist in the project: (\d+) under {string} and (\d+) under {string}
  ^
Only the characters '{', '}', '(', ')', '\', '/' and whitespace can be escaped.
If you did mean to use an '\' you can use '\\' to escape it
 This Cucumber Expression has a problem at column 3:

(\d+) work items have an AreaPath matching {string} and (\d+) does not
  ^
Only the characters '{', '}', '(', ')', '\', '/' and whitespace can be escaped.
If you did mean to use an '\' you can use '\\' to escape it
 This Cucumber Expression has a problem at column 3:

(\d+) work item has an AreaPath matching {string} and (\d+) do not
  ^
Only the characters '{', '}', '(', ')', '\', '/' and whitespace can be escaped.
If you did mean to use an '\' you can use '\\' to escape it
 And the package contains work item revision folders in canonical chronological order
 -> binding error: Binding error(s) found: 
 This Cucumber Expression has a problem at column 3:

(\d+) work items exist in the project: (\d+) under {string} and (\d+) under {string}
  ^
Only the characters '{', '}', '(', ')', '\', '/' and whitespace can be escaped.
If you did mean to use an '\' you can use '\\' to escape it
 This Cucumber Expression has a problem at column 3:

(\d+) work items have an AreaPath matching {string} and (\d+) does not
  ^
Only the characters '{', '}', '(', ')', '\', '/' and whitespace can be escaped.
If you did mean to use an '\' you can use '\\' to escape it
 This Cucumber Expression has a problem at column 3:

(\d+) work item has an AreaPath matching {string} and (\d+) do not
  ^
Only the characters '{', '}', '(', ')', '\', '/' and whitespace can be escaped.
If you did mean to use an '\' you can use '\\' to escape it
 Given the package contains a comment folder with name matching "<ticks>-<workItemId>-c<commentId>"
 -> binding error: Binding error(s) found: 
 This Cucumber Expression has a problem at column 3:

(\d+) work items exist in the project: (\d+) under {string} and (\d+) under {string}
  ^
Only the characters '{', '}', '(', ')', '\', '/' and whitespace can be escaped.
If you did mean to use an '\' you can use '\\' to escape it
 This Cucumber Expression has a problem at column 3:

(\d+) work items have an AreaPath matching {string} and (\d+) does not
  ^
Only the characters '{', '}', '(', ')', '\', '/' and whitespace can be escaped.
If you did mean to use an '\' you can use '\\' to escape it
 This Cucumber Expression has a problem at column 3:

(\d+) work item has an AreaPath matching {string} and (\d+) do not
  ^
Only the characters '{', '}', '(', ')', '\', '/' and whitespace can be escaped.
If you did mean to use an '\' you can use '\\' to escape it
 And the source work item ID is mapped to a target work item ID in idmap.db
 -> binding error: Binding error(s) found: 
 This Cucumber Expression has a problem at column 3:

(\d+) work items exist in the project: (\d+) under {string} and (\d+) under {string}
  ^
Only the characters '{', '}', '(', ')', '\', '/' and whitespace can be escaped.
If you did mean to use an '\' you can use '\\' to escape it
 This Cucumber Expression has a problem at column 3:

(\d+) work items have an AreaPath matching {string} and (\d+) does not
  ^
Only the characters '{', '}', '(', ')', '\', '/' and whitespace can be escaped.
If you did mean to use an '\' you can use '\\' to escape it
 This Cucumber Expression has a problem at column 3:

(\d+) work item has an AreaPath matching {string} and (\d+) do not
  ^
Only the characters '{', '}', '(', ')', '\', '/' and whitespace can be escaped.
If you did mean to use an '\' you can use '\\' to escape it
 When the import processes that comment folder (Comments extension is enabled)
 -> binding error: Binding error(s) found: 
 This Cucumber Expression has a problem at column 3:

(\d+) work items exist in the project: (\d+) under {string} and (\d+) under {string}
  ^
Only the characters '{', '}', '(', ')', '\', '/' and whitespace can be escaped.
If you did mean to use an '\' you can use '\\' to escape it
 This Cucumber Expression has a problem at column 3:

(\d+) work items have an AreaPath matching {string} and (\d+) does not
  ^
Only the characters '{', '}', '(', ')', '\', '/' and whitespace can be escaped.
If you did mean to use an '\' you can use '\\' to escape it
 This Cucumber Expression has a problem at column 3:

(\d+) work item has an AreaPath matching {string} and (\d+) do not
  ^
Only the characters '{', '}', '(', ')', '\', '/' and whitespace can be escaped.
If you did mean to use an '\' you can use '\\' to escape it
 Then the comment text from "comment.json" is created on the target work item via the Comments API
 -> binding error: Binding error(s) found: 
 This Cucumber Expression has a problem at column 3:

(\d+) work items exist in the project: (\d+) under {string} and (\d+) under {string}
  ^
Only the characters '{', '}', '(', ')', '\', '/' and whitespace can be escaped.
If you did mean to use an '\' you can use '\\' to escape it
 This Cucumber Expression has a problem at column 3:

(\d+) work items have an AreaPath matching {string} and (\d+) does not
  ^
Only the characters '{', '}', '(', ')', '\', '/' and whitespace can be escaped.
If you did mean to use an '\' you can use '\\' to escape it
 This Cucumber Expression has a problem at column 3:

(\d+) work item has an AreaPath matching {string} and (\d+) do not
  ^
Only the characters '{', '}', '(', ')', '\', '/' and whitespace can be escaped.
If you did mean to use an '\' you can use '\\' to escape it
 And the cursor is written with stage "Completed" for that comment folder
 -> binding error: Binding error(s) found: 
 This Cucumber Expression has a problem at column 3:

(\d+) work items exist in the project: (\d+) under {string} and (\d+) under {string}
  ^
Only the characters '{', '}', '(', ')', '\', '/' and whitespace can be escaped.
If you did mean to use an '\' you can use '\\' to escape it
 This Cucumber Expression has a problem at column 3:

(\d+) work items have an AreaPath matching {string} and (\d+) does not
  ^
Only the characters '{', '}', '(', ')', '\', '/' and whitespace can be escaped.
If you did mean to use an '\' you can use '\\' to escape it
 This Cucumber Expression has a problem at column 3:

(\d+) work item has an AreaPath matching {string} and (\d+) do not
  ^
Only the characters '{', '}', '(', ')', '\', '/' and whitespace can be escaped.
If you did mean to use an '\' you can use '\\' to escape it


  Failed CommentSub_FoldersAreSkippedWhenCommentsExtensionIsDisabled [1 ms]
  Error Message:
   Test method DevOpsMigrationPlatform.Infrastructure.Tests.Features.ImportWorkItemCommentsFeature.CommentSub_FoldersAreSkippedWhenCommentsExtensionIsDisabled threw exception: 
Reqnroll.BindingException: Binding error(s) found: 
This Cucumber Expression has a problem at column 3:

(\d+) work items exist in the project: (\d+) under {string} and (\d+) under {string}
  ^
Only the characters '{', '}', '(', ')', '\', '/' and whitespace can be escaped.
If you did mean to use an '\' you can use '\\' to escape it
This Cucumber Expression has a problem at column 3:

(\d+) work items have an AreaPath matching {string} and (\d+) does not
  ^
Only the characters '{', '}', '(', ')', '\', '/' and whitespace can be escaped.
If you did mean to use an '\' you can use '\\' to escape it
This Cucumber Expression has a problem at column 3:

(\d+) work item has an AreaPath matching {string} and (\d+) do not
  ^
Only the characters '{', '}', '(', ')', '\', '/' and whitespace can be escaped.
If you did mean to use an '\' you can use '\\' to escape it
  Stack Trace:
     at Reqnroll.ErrorHandling.ErrorProvider.GetInvalidBindingRegistryError(IEnumerable`1 errors)
   at Reqnroll.Infrastructure.TestExecutionEngine.GetStepMatch(StepInstance stepInstance)
   at Reqnroll.Infrastructure.TestExecutionEngine.ExecuteStepAsync(IContextManager contextManager, StepInstance stepInstance)
   at Reqnroll.Infrastructure.TestExecutionEngine.OnAfterLastStepAsync()
   at Reqnroll.TestRunner.CollectScenarioErrorsAsync()
   at DevOpsMigrationPlatform.Infrastructure.Tests.Features.ImportWorkItemCommentsFeature.ScenarioCleanupAsync()
   at DevOpsMigrationPlatform.Infrastructure.Tests.Features.ImportWorkItemCommentsFeature.CommentSub_FoldersAreSkippedWhenCommentsExtensionIsDisabled() in C:\Users\MartinHinshelwoodNKD\source\repos\azure-devops-migration-platform\tests\DevOpsMigrationPlatform.Infrastructure.Tests\Features\import-comments.feature:line 24
--- End of stack trace from previous location ---

  Standard Output Messages:
 
 
 TestContext Messages:
 Given a valid migration package exists at the configured package root
 -> binding error: Binding error(s) found: 
 This Cucumber Expression has a problem at column 3:

(\d+) work items exist in the project: (\d+) under {string} and (\d+) under {string}
  ^
Only the characters '{', '}', '(', ')', '\', '/' and whitespace can be escaped.
If you did mean to use an '\' you can use '\\' to escape it
 This Cucumber Expression has a problem at column 3:

(\d+) work items have an AreaPath matching {string} and (\d+) does not
  ^
Only the characters '{', '}', '(', ')', '\', '/' and whitespace can be escaped.
If you did mean to use an '\' you can use '\\' to escape it
 This Cucumber Expression has a problem at column 3:

(\d+) work item has an AreaPath matching {string} and (\d+) do not
  ^
Only the characters '{', '}', '(', ')', '\', '/' and whitespace can be escaped.
If you did mean to use an '\' you can use '\\' to escape it
 And the package contains work item revision folders in canonical chronological order
 -> binding error: Binding error(s) found: 
 This Cucumber Expression has a problem at column 3:

(\d+) work items exist in the project: (\d+) under {string} and (\d+) under {string}
  ^
Only the characters '{', '}', '(', ')', '\', '/' and whitespace can be escaped.
If you did mean to use an '\' you can use '\\' to escape it
 This Cucumber Expression has a problem at column 3:

(\d+) work items have an AreaPath matching {string} and (\d+) does not
  ^
Only the characters '{', '}', '(', ')', '\', '/' and whitespace can be escaped.
If you did mean to use an '\' you can use '\\' to escape it
 This Cucumber Expression has a problem at column 3:

(\d+) work item has an AreaPath matching {string} and (\d+) do not
  ^
Only the characters '{', '}', '(', ')', '\', '/' and whitespace can be escaped.
If you did mean to use an '\' you can use '\\' to escape it
 Given the package contains comment folders
 -> binding error: Binding error(s) found: 
 This Cucumber Expression has a problem at column 3:

(\d+) work items exist in the project: (\d+) under {string} and (\d+) under {string}
  ^
Only the characters '{', '}', '(', ')', '\', '/' and whitespace can be escaped.
If you did mean to use an '\' you can use '\\' to escape it
 This Cucumber Expression has a problem at column 3:

(\d+) work items have an AreaPath matching {string} and (\d+) does not
  ^
Only the characters '{', '}', '(', ')', '\', '/' and whitespace can be escaped.
If you did mean to use an '\' you can use '\\' to escape it
 This Cucumber Expression has a problem at column 3:

(\d+) work item has an AreaPath matching {string} and (\d+) do not
  ^
Only the characters '{', '}', '(', ')', '\', '/' and whitespace can be escaped.
If you did mean to use an '\' you can use '\\' to escape it
 And the Comments extension is set to disabled in the module configuration
 -> binding error: Binding error(s) found: 
 This Cucumber Expression has a problem at column 3:

(\d+) work items exist in the project: (\d+) under {string} and (\d+) under {string}
  ^
Only the characters '{', '}', '(', ')', '\', '/' and whitespace can be escaped.
If you did mean to use an '\' you can use '\\' to escape it
 This Cucumber Expression has a problem at column 3:

(\d+) work items have an AreaPath matching {string} and (\d+) does not
  ^
Only the characters '{', '}', '(', ')', '\', '/' and whitespace can be escaped.
If you did mean to use an '\' you can use '\\' to escape it
 This Cucumber Expression has a problem at column 3:

(\d+) work item has an AreaPath matching {string} and (\d+) do not
  ^
Only the characters '{', '}', '(', ')', '\', '/' and whitespace can be escaped.
If you did mean to use an '\' you can use '\\' to escape it
 When the import runs
 -> binding error: Binding error(s) found: 
 This Cucumber Expression has a problem at column 3:

(\d+) work items exist in the project: (\d+) under {string} and (\d+) under {string}
  ^
Only the characters '{', '}', '(', ')', '\', '/' and whitespace can be escaped.
If you did mean to use an '\' you can use '\\' to escape it
 This Cucumber Expression has a problem at column 3:

(\d+) work items have an AreaPath matching {string} and (\d+) does not
  ^
Only the characters '{', '}', '(', ')', '\', '/' and whitespace can be escaped.
If you did mean to use an '\' you can use '\\' to escape it
 This Cucumber Expression has a problem at column 3:

(\d+) work item has an AreaPath matching {string} and (\d+) do not
  ^
Only the characters '{', '}', '(', ')', '\', '/' and whitespace can be escaped.
If you did mean to use an '\' you can use '\\' to escape it
 Then comment folders are skipped
 -> binding error: Binding error(s) found: 
 This Cucumber Expression has a problem at column 3:

(\d+) work items exist in the project: (\d+) under {string} and (\d+) under {string}
  ^
Only the characters '{', '}', '(', ')', '\', '/' and whitespace can be escaped.
If you did mean to use an '\' you can use '\\' to escape it
 This Cucumber Expression has a problem at column 3:

(\d+) work items have an AreaPath matching {string} and (\d+) does not
  ^
Only the characters '{', '}', '(', ')', '\', '/' and whitespace can be escaped.
If you did mean to use an '\' you can use '\\' to escape it
 This Cucumber Expression has a problem at column 3:

(\d+) work item has an AreaPath matching {string} and (\d+) do not
  ^
Only the characters '{', '}', '(', ')', '\', '/' and whitespace can be escaped.
If you did mean to use an '\' you can use '\\' to escape it
 And the cursor is advanced past each comment folder without calling the Comments API
 -> binding error: Binding error(s) found: 
 This Cucumber Expression has a problem at column 3:

(\d+) work items exist in the project: (\d+) under {string} and (\d+) under {string}
  ^
Only the characters '{', '}', '(', ')', '\', '/' and whitespace can be escaped.
If you did mean to use an '\' you can use '\\' to escape it
 This Cucumber Expression has a problem at column 3:

(\d+) work items have an AreaPath matching {string} and (\d+) does not
  ^
Only the characters '{', '}', '(', ')', '\', '/' and whitespace can be escaped.
If you did mean to use an '\' you can use '\\' to escape it
 This Cucumber Expression has a problem at column 3:

(\d+) work item has an AreaPath matching {string} and (\d+) do not
  ^
Only the characters '{', '}', '(', ')', '\', '/' and whitespace can be escaped.
If you did mean to use an '\' you can use '\\' to escape it


  Failed InlineCommentsInRevisionFoldersAreImported [1 ms]
  Error Message:
   Test method DevOpsMigrationPlatform.Infrastructure.Tests.Features.ImportWorkItemCommentsFeature.InlineCommentsInRevisionFoldersAreImported threw exception: 
Reqnroll.BindingException: Binding error(s) found: 
This Cucumber Expression has a problem at column 3:

(\d+) work items exist in the project: (\d+) under {string} and (\d+) under {string}
  ^
Only the characters '{', '}', '(', ')', '\', '/' and whitespace can be escaped.
If you did mean to use an '\' you can use '\\' to escape it
This Cucumber Expression has a problem at column 3:

(\d+) work items have an AreaPath matching {string} and (\d+) does not
  ^
Only the characters '{', '}', '(', ')', '\', '/' and whitespace can be escaped.
If you did mean to use an '\' you can use '\\' to escape it
This Cucumber Expression has a problem at column 3:

(\d+) work item has an AreaPath matching {string} and (\d+) do not
  ^
Only the characters '{', '}', '(', ')', '\', '/' and whitespace can be escaped.
If you did mean to use an '\' you can use '\\' to escape it
  Stack Trace:
     at Reqnroll.ErrorHandling.ErrorProvider.GetInvalidBindingRegistryError(IEnumerable`1 errors)
   at Reqnroll.Infrastructure.TestExecutionEngine.GetStepMatch(StepInstance stepInstance)
   at Reqnroll.Infrastructure.TestExecutionEngine.ExecuteStepAsync(IContextManager contextManager, StepInstance stepInstance)
   at Reqnroll.Infrastructure.TestExecutionEngine.OnAfterLastStepAsync()
   at Reqnroll.TestRunner.CollectScenarioErrorsAsync()
   at DevOpsMigrationPlatform.Infrastructure.Tests.Features.ImportWorkItemCommentsFeature.ScenarioCleanupAsync()
   at DevOpsMigrationPlatform.Infrastructure.Tests.Features.ImportWorkItemCommentsFeature.InlineCommentsInRevisionFoldersAreImported() in C:\Users\MartinHinshelwoodNKD\source\repos\azure-devops-migration-platform\tests\DevOpsMigrationPlatform.Infrastructure.Tests\Features\import-comments.feature:line 31
--- End of stack trace from previous location ---

  Standard Output Messages:
 
 
 TestContext Messages:
 Given a valid migration package exists at the configured package root
 -> binding error: Binding error(s) found: 
 This Cucumber Expression has a problem at column 3:

(\d+) work items exist in the project: (\d+) under {string} and (\d+) under {string}
  ^
Only the characters '{', '}', '(', ')', '\', '/' and whitespace can be escaped.
If you did mean to use an '\' you can use '\\' to escape it
 This Cucumber Expression has a problem at column 3:

(\d+) work items have an AreaPath matching {string} and (\d+) does not
  ^
Only the characters '{', '}', '(', ')', '\', '/' and whitespace can be escaped.
If you did mean to use an '\' you can use '\\' to escape it
 This Cucumber Expression has a problem at column 3:

(\d+) work item has an AreaPath matching {string} and (\d+) do not
  ^
Only the characters '{', '}', '(', ')', '\', '/' and whitespace can be escaped.
If you did mean to use an '\' you can use '\\' to escape it
 And the package contains work item revision folders in canonical chronological order
 -> binding error: Binding error(s) found: 
 This Cucumber Expression has a problem at column 3:

(\d+) work items exist in the project: (\d+) under {string} and (\d+) under {string}
  ^
Only the characters '{', '}', '(', ')', '\', '/' and whitespace can be escaped.
If you did mean to use an '\' you can use '\\' to escape it
 This Cucumber Expression has a problem at column 3:

(\d+) work items have an AreaPath matching {string} and (\d+) does not
  ^
Only the characters '{', '}', '(', ')', '\', '/' and whitespace can be escaped.
If you did mean to use an '\' you can use '\\' to escape it
 This Cucumber Expression has a problem at column 3:

(\d+) work item has an AreaPath matching {string} and (\d+) do not
  ^
Only the characters '{', '}', '(', ')', '\', '/' and whitespace can be escaped.
If you did mean to use an '\' you can use '\\' to escape it
 Given a revision folder contains a "comment.json" array with non-deleted comments
 -> binding error: Binding error(s) found: 
 This Cucumber Expression has a problem at column 3:

(\d+) work items exist in the project: (\d+) under {string} and (\d+) under {string}
  ^
Only the characters '{', '}', '(', ')', '\', '/' and whitespace can be escaped.
If you did mean to use an '\' you can use '\\' to escape it
 This Cucumber Expression has a problem at column 3:

(\d+) work items have an AreaPath matching {string} and (\d+) does not
  ^
Only the characters '{', '}', '(', ')', '\', '/' and whitespace can be escaped.
If you did mean to use an '\' you can use '\\' to escape it
 This Cucumber Expression has a problem at column 3:

(\d+) work item has an AreaPath matching {string} and (\d+) do not
  ^
Only the characters '{', '}', '(', ')', '\', '/' and whitespace can be escaped.
If you did mean to use an '\' you can use '\\' to escape it
 And the Comments extension is enabled
 -> binding error: Binding error(s) found: 
 This Cucumber Expression has a problem at column 3:

(\d+) work items exist in the project: (\d+) under {string} and (\d+) under {string}
  ^
Only the characters '{', '}', '(', ')', '\', '/' and whitespace can be escaped.
If you did mean to use an '\' you can use '\\' to escape it
 This Cucumber Expression has a problem at column 3:

(\d+) work items have an AreaPath matching {string} and (\d+) does not
  ^
Only the characters '{', '}', '(', ')', '\', '/' and whitespace can be escaped.
If you did mean to use an '\' you can use '\\' to escape it
 This Cucumber Expression has a problem at column 3:

(\d+) work item has an AreaPath matching {string} and (\d+) do not
  ^
Only the characters '{', '}', '(', ')', '\', '/' and whitespace can be escaped.
If you did mean to use an '\' you can use '\\' to escape it
 When the import processes that revision folder after Stage D
 -> binding error: Binding error(s) found: 
 This Cucumber Expression has a problem at column 3:

(\d+) work items exist in the project: (\d+) under {string} and (\d+) under {string}
  ^
Only the characters '{', '}', '(', ')', '\', '/' and whitespace can be escaped.
If you did mean to use an '\' you can use '\\' to escape it
 This Cucumber Expression has a problem at column 3:

(\d+) work items have an AreaPath matching {string} and (\d+) does not
  ^
Only the characters '{', '}', '(', ')', '\', '/' and whitespace can be escaped.
If you did mean to use an '\' you can use '\\' to escape it
 This Cucumber Expression has a problem at column 3:

(\d+) work item has an AreaPath matching {string} and (\d+) do not
  ^
Only the characters '{', '}', '(', ')', '\', '/' and whitespace can be escaped.
If you did mean to use an '\' you can use '\\' to escape it
 Then each non-deleted comment is created on the target work item via the Comments API
 -> binding error: Binding error(s) found: 
 This Cucumber Expression has a problem at column 3:

(\d+) work items exist in the project: (\d+) under {string} and (\d+) under {string}
  ^
Only the characters '{', '}', '(', ')', '\', '/' and whitespace can be escaped.
If you did mean to use an '\' you can use '\\' to escape it
 This Cucumber Expression has a problem at column 3:

(\d+) work items have an AreaPath matching {string} and (\d+) does not
  ^
Only the characters '{', '}', '(', ')', '\', '/' and whitespace can be escaped.
If you did mean to use an '\' you can use '\\' to escape it
 This Cucumber Expression has a problem at column 3:

(\d+) work item has an AreaPath matching {string} and (\d+) do not
  ^
Only the characters '{', '}', '(', ')', '\', '/' and whitespace can be escaped.
If you did mean to use an '\' you can use '\\' to escape it


  Failed DeletedCommentsAreNotImported [10 ms]
  Error Message:
   Test method DevOpsMigrationPlatform.Infrastructure.Tests.Features.ImportWorkItemCommentsFeature.DeletedCommentsAreNotImported threw exception: 
Reqnroll.BindingException: Binding error(s) found: 
This Cucumber Expression has a problem at column 3:

(\d+) work items exist in the project: (\d+) under {string} and (\d+) under {string}
  ^
Only the characters '{', '}', '(', ')', '\', '/' and whitespace can be escaped.
If you did mean to use an '\' you can use '\\' to escape it
This Cucumber Expression has a problem at column 3:

(\d+) work items have an AreaPath matching {string} and (\d+) does not
  ^
Only the characters '{', '}', '(', ')', '\', '/' and whitespace can be escaped.
If you did mean to use an '\' you can use '\\' to escape it
This Cucumber Expression has a problem at column 3:

(\d+) work item has an AreaPath matching {string} and (\d+) do not
  ^
Only the characters '{', '}', '(', ')', '\', '/' and whitespace can be escaped.
If you did mean to use an '\' you can use '\\' to escape it
  Stack Trace:
     at Reqnroll.ErrorHandling.ErrorProvider.GetInvalidBindingRegistryError(IEnumerable`1 errors)
   at Reqnroll.Infrastructure.TestExecutionEngine.GetStepMatch(StepInstance stepInstance)
   at Reqnroll.Infrastructure.TestExecutionEngine.ExecuteStepAsync(IContextManager contextManager, StepInstance stepInstance)
   at Reqnroll.Infrastructure.TestExecutionEngine.OnAfterLastStepAsync()
   at Reqnroll.TestRunner.CollectScenarioErrorsAsync()
   at DevOpsMigrationPlatform.Infrastructure.Tests.Features.ImportWorkItemCommentsFeature.ScenarioCleanupAsync()
   at DevOpsMigrationPlatform.Infrastructure.Tests.Features.ImportWorkItemCommentsFeature.DeletedCommentsAreNotImported() in C:\Users\MartinHinshelwoodNKD\source\repos\azure-devops-migration-platform\tests\DevOpsMigrationPlatform.Infrastructure.Tests\Features\import-comments.feature:line 37
--- End of stack trace from previous location ---

  Standard Output Messages:
 
 
 TestContext Messages:
 Given a valid migration package exists at the configured package root
 -> binding error: Binding error(s) found: 
 This Cucumber Expression has a problem at column 3:

(\d+) work items exist in the project: (\d+) under {string} and (\d+) under {string}
  ^
Only the characters '{', '}', '(', ')', '\', '/' and whitespace can be escaped.
If you did mean to use an '\' you can use '\\' to escape it
 This Cucumber Expression has a problem at column 3:

(\d+) work items have an AreaPath matching {string} and (\d+) does not
  ^
Only the characters '{', '}', '(', ')', '\', '/' and whitespace can be escaped.
If you did mean to use an '\' you can use '\\' to escape it
 This Cucumber Expression has a problem at column 3:

(\d+) work item has an AreaPath matching {string} and (\d+) do not
  ^
Only the characters '{', '}', '(', ')', '\', '/' and whitespace can be escaped.
If you did mean to use an '\' you can use '\\' to escape it
 And the package contains work item revision folders in canonical chronological order
 -> binding error: Binding error(s) found: 
 This Cucumber Expression has a problem at column 3:

(\d+) work items exist in the project: (\d+) under {string} and (\d+) under {string}
  ^
Only the characters '{', '}', '(', ')', '\', '/' and whitespace can be escaped.
If you did mean to use an '\' you can use '\\' to escape it
 This Cucumber Expression has a problem at column 3:

(\d+) work items have an AreaPath matching {string} and (\d+) does not
  ^
Only the characters '{', '}', '(', ')', '\', '/' and whitespace can be escaped.
If you did mean to use an '\' you can use '\\' to escape it
 This Cucumber Expression has a problem at column 3:

(\d+) work item has an AreaPath matching {string} and (\d+) do not
  ^
Only the characters '{', '}', '(', ')', '\', '/' and whitespace can be escaped.
If you did mean to use an '\' you can use '\\' to escape it
 Given a revision folder contains a "comment.json" with a comment where "isDeleted" is true
 -> binding error: Binding error(s) found: 
 This Cucumber Expression has a problem at column 3:

(\d+) work items exist in the project: (\d+) under {string} and (\d+) under {string}
  ^
Only the characters '{', '}', '(', ')', '\', '/' and whitespace can be escaped.
If you did mean to use an '\' you can use '\\' to escape it
 This Cucumber Expression has a problem at column 3:

(\d+) work items have an AreaPath matching {string} and (\d+) does not
  ^
Only the characters '{', '}', '(', ')', '\', '/' and whitespace can be escaped.
If you did mean to use an '\' you can use '\\' to escape it
 This Cucumber Expression has a problem at column 3:

(\d+) work item has an AreaPath matching {string} and (\d+) do not
  ^
Only the characters '{', '}', '(', ')', '\', '/' and whitespace can be escaped.
If you did mean to use an '\' you can use '\\' to escape it
 When the import processes the inline comments
 -> binding error: Binding error(s) found: 
 This Cucumber Expression has a problem at column 3:

(\d+) work items exist in the project: (\d+) under {string} and (\d+) under {string}
  ^
Only the characters '{', '}', '(', ')', '\', '/' and whitespace can be escaped.
If you did mean to use an '\' you can use '\\' to escape it
 This Cucumber Expression has a problem at column 3:

(\d+) work items have an AreaPath matching {string} and (\d+) does not
  ^
Only the characters '{', '}', '(', ')', '\', '/' and whitespace can be escaped.
If you did mean to use an '\' you can use '\\' to escape it
 This Cucumber Expression has a problem at column 3:

(\d+) work item has an AreaPath matching {string} and (\d+) do not
  ^
Only the characters '{', '}', '(', ')', '\', '/' and whitespace can be escaped.
If you did mean to use an '\' you can use '\\' to escape it
 Then the deleted comment is not created on the target work item
 -> binding error: Binding error(s) found: 
 This Cucumber Expression has a problem at column 3:

(\d+) work items exist in the project: (\d+) under {string} and (\d+) under {string}
  ^
Only the characters '{', '}', '(', ')', '\', '/' and whitespace can be escaped.
If you did mean to use an '\' you can use '\\' to escape it
 This Cucumber Expression has a problem at column 3:

(\d+) work items have an AreaPath matching {string} and (\d+) does not
  ^
Only the characters '{', '}', '(', ')', '\', '/' and whitespace can be escaped.
If you did mean to use an '\' you can use '\\' to escape it
 This Cucumber Expression has a problem at column 3:

(\d+) work item has an AreaPath matching {string} and (\d+) do not
  ^
Only the characters '{', '}', '(', ')', '\', '/' and whitespace can be escaped.
If you did mean to use an '\' you can use '\\' to escape it


  Failed InterruptedImportResumesFromTheLastCursorPosition [3 ms]
  Error Message:
   Test method DevOpsMigrationPlatform.Infrastructure.Tests.Features.ImportCursorResumeFeature.InterruptedImportResumesFromTheLastCursorPosition threw exception: 
Reqnroll.BindingException: Binding error(s) found: 
This Cucumber Expression has a problem at column 3:

(\d+) work items exist in the project: (\d+) under {string} and (\d+) under {string}
  ^
Only the characters '{', '}', '(', ')', '\', '/' and whitespace can be escaped.
If you did mean to use an '\' you can use '\\' to escape it
This Cucumber Expression has a problem at column 3:

(\d+) work items have an AreaPath matching {string} and (\d+) does not
  ^
Only the characters '{', '}', '(', ')', '\', '/' and whitespace can be escaped.
If you did mean to use an '\' you can use '\\' to escape it
This Cucumber Expression has a problem at column 3:

(\d+) work item has an AreaPath matching {string} and (\d+) do not
  ^
Only the characters '{', '}', '(', ')', '\', '/' and whitespace can be escaped.
If you did mean to use an '\' you can use '\\' to escape it
  Stack Trace:
     at Reqnroll.ErrorHandling.ErrorProvider.GetInvalidBindingRegistryError(IEnumerable`1 errors)
   at Reqnroll.Infrastructure.TestExecutionEngine.GetStepMatch(StepInstance stepInstance)
   at Reqnroll.Infrastructure.TestExecutionEngine.ExecuteStepAsync(IContextManager contextManager, StepInstance stepInstance)
   at Reqnroll.Infrastructure.TestExecutionEngine.OnAfterLastStepAsync()
   at Reqnroll.TestRunner.CollectScenarioErrorsAsync()
   at DevOpsMigrationPlatform.Infrastructure.Tests.Features.ImportCursorResumeFeature.ScenarioCleanupAsync()
   at DevOpsMigrationPlatform.Infrastructure.Tests.Features.ImportCursorResumeFeature.InterruptedImportResumesFromTheLastCursorPosition() in C:\Users\MartinHinshelwoodNKD\source\repos\azure-devops-migration-platform\tests\DevOpsMigrationPlatform.Infrastructure.Tests\Features\import-cursor-resume.feature:line 16
--- End of stack trace from previous location ---

  Standard Output Messages:
 
 
 TestContext Messages:
 Given a valid migration package exists at the configured package root
 -> binding error: Binding error(s) found: 
 This Cucumber Expression has a problem at column 3:

(\d+) work items exist in the project: (\d+) under {string} and (\d+) under {string}
  ^
Only the characters '{', '}', '(', ')', '\', '/' and whitespace can be escaped.
If you did mean to use an '\' you can use '\\' to escape it
 This Cucumber Expression has a problem at column 3:

(\d+) work items have an AreaPath matching {string} and (\d+) does not
  ^
Only the characters '{', '}', '(', ')', '\', '/' and whitespace can be escaped.
If you did mean to use an '\' you can use '\\' to escape it
 This Cucumber Expression has a problem at column 3:

(\d+) work item has an AreaPath matching {string} and (\d+) do not
  ^
Only the characters '{', '}', '(', ')', '\', '/' and whitespace can be escaped.
If you did mean to use an '\' you can use '\\' to escape it
 And the package contains work item revision folders in canonical chronological order
 -> binding error: Binding error(s) found: 
 This Cucumber Expression has a problem at column 3:

(\d+) work items exist in the project: (\d+) under {string} and (\d+) under {string}
  ^
Only the characters '{', '}', '(', ')', '\', '/' and whitespace can be escaped.
If you did mean to use an '\' you can use '\\' to escape it
 This Cucumber Expression has a problem at column 3:

(\d+) work items have an AreaPath matching {string} and (\d+) does not
  ^
Only the characters '{', '}', '(', ')', '\', '/' and whitespace can be escaped.
If you did mean to use an '\' you can use '\\' to escape it
 This Cucumber Expression has a problem at column 3:

(\d+) work item has an AreaPath matching {string} and (\d+) do not
  ^
Only the characters '{', '}', '(', ')', '\', '/' and whitespace can be escaped.
If you did mean to use an '\' you can use '\\' to escape it
 Given an import has previously processed some revision folders
 -> binding error: Binding error(s) found: 
 This Cucumber Expression has a problem at column 3:

(\d+) work items exist in the project: (\d+) under {string} and (\d+) under {string}
  ^
Only the characters '{', '}', '(', ')', '\', '/' and whitespace can be escaped.
If you did mean to use an '\' you can use '\\' to escape it
 This Cucumber Expression has a problem at column 3:

(\d+) work items have an AreaPath matching {string} and (\d+) does not
  ^
Only the characters '{', '}', '(', ')', '\', '/' and whitespace can be escaped.
If you did mean to use an '\' you can use '\\' to escape it
 This Cucumber Expression has a problem at column 3:

(\d+) work item has an AreaPath matching {string} and (\d+) do not
  ^
Only the characters '{', '}', '(', ')', '\', '/' and whitespace can be escaped.
If you did mean to use an '\' you can use '\\' to escape it
 And a cursor file exists at "Checkpoints/workitems.cursor.json" with stage "Completed"
 -> binding error: Binding error(s) found: 
 This Cucumber Expression has a problem at column 3:

(\d+) work items exist in the project: (\d+) under {string} and (\d+) under {string}
  ^
Only the characters '{', '}', '(', ')', '\', '/' and whitespace can be escaped.
If you did mean to use an '\' you can use '\\' to escape it
 This Cucumber Expression has a problem at column 3:

(\d+) work items have an AreaPath matching {string} and (\d+) does not
  ^
Only the characters '{', '}', '(', ')', '\', '/' and whitespace can be escaped.
If you did mean to use an '\' you can use '\\' to escape it
 This Cucumber Expression has a problem at column 3:

(\d+) work item has an AreaPath matching {string} and (\d+) do not
  ^
Only the characters '{', '}', '(', ')', '\', '/' and whitespace can be escaped.
If you did mean to use an '\' you can use '\\' to escape it
 When the import is restarted
 -> binding error: Binding error(s) found: 
 This Cucumber Expression has a problem at column 3:

(\d+) work items exist in the project: (\d+) under {string} and (\d+) under {string}
  ^
Only the characters '{', '}', '(', ')', '\', '/' and whitespace can be escaped.
If you did mean to use an '\' you can use '\\' to escape it
 This Cucumber Expression has a problem at column 3:

(\d+) work items have an AreaPath matching {string} and (\d+) does not
  ^
Only the characters '{', '}', '(', ')', '\', '/' and whitespace can be escaped.
If you did mean to use an '\' you can use '\\' to escape it
 This Cucumber Expression has a problem at column 3:

(\d+) work item has an AreaPath matching {string} and (\d+) do not
  ^
Only the characters '{', '}', '(', ')', '\', '/' and whitespace can be escaped.
If you did mean to use an '\' you can use '\\' to escape it
 Then all revision folders at or before the cursor "lastProcessed" value are skipped
 -> binding error: Binding error(s) found: 
 This Cucumber Expression has a problem at column 3:

(\d+) work items exist in the project: (\d+) under {string} and (\d+) under {string}
  ^
Only the characters '{', '}', '(', ')', '\', '/' and whitespace can be escaped.
If you did mean to use an '\' you can use '\\' to escape it
 This Cucumber Expression has a problem at column 3:

(\d+) work items have an AreaPath matching {string} and (\d+) does not
  ^
Only the characters '{', '}', '(', ')', '\', '/' and whitespace can be escaped.
If you did mean to use an '\' you can use '\\' to escape it
 This Cucumber Expression has a problem at column 3:

(\d+) work item has an AreaPath matching {string} and (\d+) do not
  ^
Only the characters '{', '}', '(', ')', '\', '/' and whitespace can be escaped.
If you did mean to use an '\' you can use '\\' to escape it
 And import processing resumes from the first folder after the cursor position
 -> binding error: Binding error(s) found: 
 This Cucumber Expression has a problem at column 3:

(\d+) work items exist in the project: (\d+) under {string} and (\d+) under {string}
  ^
Only the characters '{', '}', '(', ')', '\', '/' and whitespace can be escaped.
If you did mean to use an '\' you can use '\\' to escape it
 This Cucumber Expression has a problem at column 3:

(\d+) work items have an AreaPath matching {string} and (\d+) does not
  ^
Only the characters '{', '}', '(', ')', '\', '/' and whitespace can be escaped.
If you did mean to use an '\' you can use '\\' to escape it
 This Cucumber Expression has a problem at column 3:

(\d+) work item has an AreaPath matching {string} and (\d+) do not
  ^
Only the characters '{', '}', '(', ')', '\', '/' and whitespace can be escaped.
If you did mean to use an '\' you can use '\\' to escape it


  Failed Mid_FolderResumeContinuesFromTheInterruptedStage [1 ms]
  Error Message:
   Test method DevOpsMigrationPlatform.Infrastructure.Tests.Features.ImportCursorResumeFeature.Mid_FolderResumeContinuesFromTheInterruptedStage threw exception: 
Reqnroll.BindingException: Binding error(s) found: 
This Cucumber Expression has a problem at column 3:

(\d+) work items exist in the project: (\d+) under {string} and (\d+) under {string}
  ^
Only the characters '{', '}', '(', ')', '\', '/' and whitespace can be escaped.
If you did mean to use an '\' you can use '\\' to escape it
This Cucumber Expression has a problem at column 3:

(\d+) work items have an AreaPath matching {string} and (\d+) does not
  ^
Only the characters '{', '}', '(', ')', '\', '/' and whitespace can be escaped.
If you did mean to use an '\' you can use '\\' to escape it
This Cucumber Expression has a problem at column 3:

(\d+) work item has an AreaPath matching {string} and (\d+) do not
  ^
Only the characters '{', '}', '(', ')', '\', '/' and whitespace can be escaped.
If you did mean to use an '\' you can use '\\' to escape it
  Stack Trace:
     at Reqnroll.ErrorHandling.ErrorProvider.GetInvalidBindingRegistryError(IEnumerable`1 errors)
   at Reqnroll.Infrastructure.TestExecutionEngine.GetStepMatch(StepInstance stepInstance)
   at Reqnroll.Infrastructure.TestExecutionEngine.ExecuteStepAsync(IContextManager contextManager, StepInstance stepInstance)
   at Reqnroll.Infrastructure.TestExecutionEngine.OnAfterLastStepAsync()
   at Reqnroll.TestRunner.CollectScenarioErrorsAsync()
   at DevOpsMigrationPlatform.Infrastructure.Tests.Features.ImportCursorResumeFeature.ScenarioCleanupAsync()
   at DevOpsMigrationPlatform.Infrastructure.Tests.Features.ImportCursorResumeFeature.Mid_FolderResumeContinuesFromTheInterruptedStage() in C:\Users\MartinHinshelwoodNKD\source\repos\azure-devops-migration-platform\tests\DevOpsMigrationPlatform.Infrastructure.Tests\Features\import-cursor-resume.feature:line 24
--- End of stack trace from previous location ---

  Standard Output Messages:
 
 
 TestContext Messages:
 Given a valid migration package exists at the configured package root
 -> binding error: Binding error(s) found: 
 This Cucumber Expression has a problem at column 3:

(\d+) work items exist in the project: (\d+) under {string} and (\d+) under {string}
  ^
Only the characters '{', '}', '(', ')', '\', '/' and whitespace can be escaped.
If you did mean to use an '\' you can use '\\' to escape it
 This Cucumber Expression has a problem at column 3:

(\d+) work items have an AreaPath matching {string} and (\d+) does not
  ^
Only the characters '{', '}', '(', ')', '\', '/' and whitespace can be escaped.
If you did mean to use an '\' you can use '\\' to escape it
 This Cucumber Expression has a problem at column 3:

(\d+) work item has an AreaPath matching {string} and (\d+) do not
  ^
Only the characters '{', '}', '(', ')', '\', '/' and whitespace can be escaped.
If you did mean to use an '\' you can use '\\' to escape it
 And the package contains work item revision folders in canonical chronological order
 -> binding error: Binding error(s) found: 
 This Cucumber Expression has a problem at column 3:

(\d+) work items exist in the project: (\d+) under {string} and (\d+) under {string}
  ^
Only the characters '{', '}', '(', ')', '\', '/' and whitespace can be escaped.
If you did mean to use an '\' you can use '\\' to escape it
 This Cucumber Expression has a problem at column 3:

(\d+) work items have an AreaPath matching {string} and (\d+) does not
  ^
Only the characters '{', '}', '(', ')', '\', '/' and whitespace can be escaped.
If you did mean to use an '\' you can use '\\' to escape it
 This Cucumber Expression has a problem at column 3:

(\d+) work item has an AreaPath matching {string} and (\d+) do not
  ^
Only the characters '{', '}', '(', ')', '\', '/' and whitespace can be escaped.
If you did mean to use an '\' you can use '\\' to escape it
 Given an import was interrupted after completing stage "AppliedFields" for a revision folder
 -> binding error: Binding error(s) found: 
 This Cucumber Expression has a problem at column 3:

(\d+) work items exist in the project: (\d+) under {string} and (\d+) under {string}
  ^
Only the characters '{', '}', '(', ')', '\', '/' and whitespace can be escaped.
If you did mean to use an '\' you can use '\\' to escape it
 This Cucumber Expression has a problem at column 3:

(\d+) work items have an AreaPath matching {string} and (\d+) does not
  ^
Only the characters '{', '}', '(', ')', '\', '/' and whitespace can be escaped.
If you did mean to use an '\' you can use '\\' to escape it
 This Cucumber Expression has a problem at column 3:

(\d+) work item has an AreaPath matching {string} and (\d+) do not
  ^
Only the characters '{', '}', '(', ')', '\', '/' and whitespace can be escaped.
If you did mean to use an '\' you can use '\\' to escape it
 And the cursor file records stage "AppliedFields" for that folder
 -> binding error: Binding error(s) found: 
 This Cucumber Expression has a problem at column 3:

(\d+) work items exist in the project: (\d+) under {string} and (\d+) under {string}
  ^
Only the characters '{', '}', '(', ')', '\', '/' and whitespace can be escaped.
If you did mean to use an '\' you can use '\\' to escape it
 This Cucumber Expression has a problem at column 3:

(\d+) work items have an AreaPath matching {string} and (\d+) does not
  ^
Only the characters '{', '}', '(', ')', '\', '/' and whitespace can be escaped.
If you did mean to use an '\' you can use '\\' to escape it
 This Cucumber Expression has a problem at column 3:

(\d+) work item has an AreaPath matching {string} and (\d+) do not
  ^
Only the characters '{', '}', '(', ')', '\', '/' and whitespace can be escaped.
If you did mean to use an '\' you can use '\\' to escape it
 When the import is restarted
 -> binding error: Binding error(s) found: 
 This Cucumber Expression has a problem at column 3:

(\d+) work items exist in the project: (\d+) under {string} and (\d+) under {string}
  ^
Only the characters '{', '}', '(', ')', '\', '/' and whitespace can be escaped.
If you did mean to use an '\' you can use '\\' to escape it
 This Cucumber Expression has a problem at column 3:

(\d+) work items have an AreaPath matching {string} and (\d+) does not
  ^
Only the characters '{', '}', '(', ')', '\', '/' and whitespace can be escaped.
If you did mean to use an '\' you can use '\\' to escape it
 This Cucumber Expression has a problem at column 3:

(\d+) work item has an AreaPath matching {string} and (\d+) do not
  ^
Only the characters '{', '}', '(', ')', '\', '/' and whitespace can be escaped.
If you did mean to use an '\' you can use '\\' to escape it
 Then the importer skips stages "CreatedOrUpdated" and "AppliedFields" for that folder
 -> binding error: Binding error(s) found: 
 This Cucumber Expression has a problem at column 3:

(\d+) work items exist in the project: (\d+) under {string} and (\d+) under {string}
  ^
Only the characters '{', '}', '(', ')', '\', '/' and whitespace can be escaped.
If you did mean to use an '\' you can use '\\' to escape it
 This Cucumber Expression has a problem at column 3:

(\d+) work items have an AreaPath matching {string} and (\d+) does not
  ^
Only the characters '{', '}', '(', ')', '\', '/' and whitespace can be escaped.
If you did mean to use an '\' you can use '\\' to escape it
 This Cucumber Expression has a problem at column 3:

(\d+) work item has an AreaPath matching {string} and (\d+) do not
  ^
Only the characters '{', '}', '(', ')', '\', '/' and whitespace can be escaped.
If you did mean to use an '\' you can use '\\' to escape it
 And processing continues from stage "AppliedLinks" within the same revision folder
 -> binding error: Binding error(s) found: 
 This Cucumber Expression has a problem at column 3:

(\d+) work items exist in the project: (\d+) under {string} and (\d+) under {string}
  ^
Only the characters '{', '}', '(', ')', '\', '/' and whitespace can be escaped.
If you did mean to use an '\' you can use '\\' to escape it
 This Cucumber Expression has a problem at column 3:

(\d+) work items have an AreaPath matching {string} and (\d+) does not
  ^
Only the characters '{', '}', '(', ')', '\', '/' and whitespace can be escaped.
If you did mean to use an '\' you can use '\\' to escape it
 This Cucumber Expression has a problem at column 3:

(\d+) work item has an AreaPath matching {string} and (\d+) do not
  ^
Only the characters '{', '}', '(', ')', '\', '/' and whitespace can be escaped.
If you did mean to use an '\' you can use '\\' to escape it


  Failed Force_FreshDeletesTheCursorButPreservesTheIDMap [1 ms]
  Error Message:
   Test method DevOpsMigrationPlatform.Infrastructure.Tests.Features.ImportCursorResumeFeature.Force_FreshDeletesTheCursorButPreservesTheIDMap threw exception: 
Reqnroll.BindingException: Binding error(s) found: 
This Cucumber Expression has a problem at column 3:

(\d+) work items exist in the project: (\d+) under {string} and (\d+) under {string}
  ^
Only the characters '{', '}', '(', ')', '\', '/' and whitespace can be escaped.
If you did mean to use an '\' you can use '\\' to escape it
This Cucumber Expression has a problem at column 3:

(\d+) work items have an AreaPath matching {string} and (\d+) does not
  ^
Only the characters '{', '}', '(', ')', '\', '/' and whitespace can be escaped.
If you did mean to use an '\' you can use '\\' to escape it
This Cucumber Expression has a problem at column 3:

(\d+) work item has an AreaPath matching {string} and (\d+) do not
  ^
Only the characters '{', '}', '(', ')', '\', '/' and whitespace can be escaped.
If you did mean to use an '\' you can use '\\' to escape it
  Stack Trace:
     at Reqnroll.ErrorHandling.ErrorProvider.GetInvalidBindingRegistryError(IEnumerable`1 errors)
   at Reqnroll.Infrastructure.TestExecutionEngine.GetStepMatch(StepInstance stepInstance)
   at Reqnroll.Infrastructure.TestExecutionEngine.ExecuteStepAsync(IContextManager contextManager, StepInstance stepInstance)
   at Reqnroll.Infrastructure.TestExecutionEngine.OnAfterLastStepAsync()
   at Reqnroll.TestRunner.CollectScenarioErrorsAsync()
   at DevOpsMigrationPlatform.Infrastructure.Tests.Features.ImportCursorResumeFeature.ScenarioCleanupAsync()
   at DevOpsMigrationPlatform.Infrastructure.Tests.Features.ImportCursorResumeFeature.Force_FreshDeletesTheCursorButPreservesTheIDMap() in C:\Users\MartinHinshelwoodNKD\source\repos\azure-devops-migration-platform\tests\DevOpsMigrationPlatform.Infrastructure.Tests\Features\import-cursor-resume.feature:line 33
--- End of stack trace from previous location ---

  Standard Output Messages:
 
 
 TestContext Messages:
 Given a valid migration package exists at the configured package root
 -> binding error: Binding error(s) found: 
 This Cucumber Expression has a problem at column 3:

(\d+) work items exist in the project: (\d+) under {string} and (\d+) under {string}
  ^
Only the characters '{', '}', '(', ')', '\', '/' and whitespace can be escaped.
If you did mean to use an '\' you can use '\\' to escape it
 This Cucumber Expression has a problem at column 3:

(\d+) work items have an AreaPath matching {string} and (\d+) does not
  ^
Only the characters '{', '}', '(', ')', '\', '/' and whitespace can be escaped.
If you did mean to use an '\' you can use '\\' to escape it
 This Cucumber Expression has a problem at column 3:

(\d+) work item has an AreaPath matching {string} and (\d+) do not
  ^
Only the characters '{', '}', '(', ')', '\', '/' and whitespace can be escaped.
If you did mean to use an '\' you can use '\\' to escape it
 And the package contains work item revision folders in canonical chronological order
 -> binding error: Binding error(s) found: 
 This Cucumber Expression has a problem at column 3:

(\d+) work items exist in the project: (\d+) under {string} and (\d+) under {string}
  ^
Only the characters '{', '}', '(', ')', '\', '/' and whitespace can be escaped.
If you did mean to use an '\' you can use '\\' to escape it
 This Cucumber Expression has a problem at column 3:

(\d+) work items have an AreaPath matching {string} and (\d+) does not
  ^
Only the characters '{', '}', '(', ')', '\', '/' and whitespace can be escaped.
If you did mean to use an '\' you can use '\\' to escape it
 This Cucumber Expression has a problem at column 3:

(\d+) work item has an AreaPath matching {string} and (\d+) do not
  ^
Only the characters '{', '}', '(', ')', '\', '/' and whitespace can be escaped.
If you did mean to use an '\' you can use '\\' to escape it
 Given an existing cursor file at "Checkpoints/workitems.cursor.json"
 -> binding error: Binding error(s) found: 
 This Cucumber Expression has a problem at column 3:

(\d+) work items exist in the project: (\d+) under {string} and (\d+) under {string}
  ^
Only the characters '{', '}', '(', ')', '\', '/' and whitespace can be escaped.
If you did mean to use an '\' you can use '\\' to escape it
 This Cucumber Expression has a problem at column 3:

(\d+) work items have an AreaPath matching {string} and (\d+) does not
  ^
Only the characters '{', '}', '(', ')', '\', '/' and whitespace can be escaped.
If you did mean to use an '\' you can use '\\' to escape it
 This Cucumber Expression has a problem at column 3:

(\d+) work item has an AreaPath matching {string} and (\d+) do not
  ^
Only the characters '{', '}', '(', ')', '\', '/' and whitespace can be escaped.
If you did mean to use an '\' you can use '\\' to escape it
 And an existing ID map database at "Checkpoints/idmap.db"
 -> binding error: Binding error(s) found: 
 This Cucumber Expression has a problem at column 3:

(\d+) work items exist in the project: (\d+) under {string} and (\d+) under {string}
  ^
Only the characters '{', '}', '(', ')', '\', '/' and whitespace can be escaped.
If you did mean to use an '\' you can use '\\' to escape it
 This Cucumber Expression has a problem at column 3:

(\d+) work items have an AreaPath matching {string} and (\d+) does not
  ^
Only the characters '{', '}', '(', ')', '\', '/' and whitespace can be escaped.
If you did mean to use an '\' you can use '\\' to escape it
 This Cucumber Expression has a problem at column 3:

(\d+) work item has an AreaPath matching {string} and (\d+) do not
  ^
Only the characters '{', '}', '(', ')', '\', '/' and whitespace can be escaped.
If you did mean to use an '\' you can use '\\' to escape it
 When the import is run with the "--force-fresh" flag
 -> binding error: Binding error(s) found: 
 This Cucumber Expression has a problem at column 3:

(\d+) work items exist in the project: (\d+) under {string} and (\d+) under {string}
  ^
Only the characters '{', '}', '(', ')', '\', '/' and whitespace can be escaped.
If you did mean to use an '\' you can use '\\' to escape it
 This Cucumber Expression has a problem at column 3:

(\d+) work items have an AreaPath matching {string} and (\d+) does not
  ^
Only the characters '{', '}', '(', ')', '\', '/' and whitespace can be escaped.
If you did mean to use an '\' you can use '\\' to escape it
 This Cucumber Expression has a problem at column 3:

(\d+) work item has an AreaPath matching {string} and (\d+) do not
  ^
Only the characters '{', '}', '(', ')', '\', '/' and whitespace can be escaped.
If you did mean to use an '\' you can use '\\' to escape it
 Then the cursor file is deleted before import begins
 -> binding error: Binding error(s) found: 
 This Cucumber Expression has a problem at column 3:

(\d+) work items exist in the project: (\d+) under {string} and (\d+) under {string}
  ^
Only the characters '{', '}', '(', ')', '\', '/' and whitespace can be escaped.
If you did mean to use an '\' you can use '\\' to escape it
 This Cucumber Expression has a problem at column 3:

(\d+) work items have an AreaPath matching {string} and (\d+) does not
  ^
Only the characters '{', '}', '(', ')', '\', '/' and whitespace can be escaped.
If you did mean to use an '\' you can use '\\' to escape it
 This Cucumber Expression has a problem at column 3:

(\d+) work item has an AreaPath matching {string} and (\d+) do not
  ^
Only the characters '{', '}', '(', ')', '\', '/' and whitespace can be escaped.
If you did mean to use an '\' you can use '\\' to escape it
 And the ID map database is preserved
 -> binding error: Binding error(s) found: 
 This Cucumber Expression has a problem at column 3:

(\d+) work items exist in the project: (\d+) under {string} and (\d+) under {string}
  ^
Only the characters '{', '}', '(', ')', '\', '/' and whitespace can be escaped.
If you did mean to use an '\' you can use '\\' to escape it
 This Cucumber Expression has a problem at column 3:

(\d+) work items have an AreaPath matching {string} and (\d+) does not
  ^
Only the characters '{', '}', '(', ')', '\', '/' and whitespace can be escaped.
If you did mean to use an '\' you can use '\\' to escape it
 This Cucumber Expression has a problem at column 3:

(\d+) work item has an AreaPath matching {string} and (\d+) do not
  ^
Only the characters '{', '}', '(', ')', '\', '/' and whitespace can be escaped.
If you did mean to use an '\' you can use '\\' to escape it
 And import processing starts from the first revision folder in the package
 -> binding error: Binding error(s) found: 
 This Cucumber Expression has a problem at column 3:

(\d+) work items exist in the project: (\d+) under {string} and (\d+) under {string}
  ^
Only the characters '{', '}', '(', ')', '\', '/' and whitespace can be escaped.
If you did mean to use an '\' you can use '\\' to escape it
 This Cucumber Expression has a problem at column 3:

(\d+) work items have an AreaPath matching {string} and (\d+) does not
  ^
Only the characters '{', '}', '(', ')', '\', '/' and whitespace can be escaped.
If you did mean to use an '\' you can use '\\' to escape it
 This Cucumber Expression has a problem at column 3:

(\d+) work item has an AreaPath matching {string} and (\d+) do not
  ^
Only the characters '{', '}', '(', ')', '\', '/' and whitespace can be escaped.
If you did mean to use an '\' you can use '\\' to escape it


  Failed EmbeddedImagesAreUploadedAndURLsAreRewrittenInFieldValues [2 ms]
  Error Message:
   Test method DevOpsMigrationPlatform.Infrastructure.Tests.Features.ImportEmbeddedImageURLRewritingFeature.EmbeddedImagesAreUploadedAndURLsAreRewrittenInFieldValues threw exception: 
Reqnroll.BindingException: Binding error(s) found: 
This Cucumber Expression has a problem at column 3:

(\d+) work items exist in the project: (\d+) under {string} and (\d+) under {string}
  ^
Only the characters '{', '}', '(', ')', '\', '/' and whitespace can be escaped.
If you did mean to use an '\' you can use '\\' to escape it
This Cucumber Expression has a problem at column 3:

(\d+) work items have an AreaPath matching {string} and (\d+) does not
  ^
Only the characters '{', '}', '(', ')', '\', '/' and whitespace can be escaped.
If you did mean to use an '\' you can use '\\' to escape it
This Cucumber Expression has a problem at column 3:

(\d+) work item has an AreaPath matching {string} and (\d+) do not
  ^
Only the characters '{', '}', '(', ')', '\', '/' and whitespace can be escaped.
If you did mean to use an '\' you can use '\\' to escape it
  Stack Trace:
     at Reqnroll.ErrorHandling.ErrorProvider.GetInvalidBindingRegistryError(IEnumerable`1 errors)
   at Reqnroll.Infrastructure.TestExecutionEngine.GetStepMatch(StepInstance stepInstance)
   at Reqnroll.Infrastructure.TestExecutionEngine.ExecuteStepAsync(IContextManager contextManager, StepInstance stepInstance)
   at Reqnroll.Infrastructure.TestExecutionEngine.OnAfterLastStepAsync()
   at Reqnroll.TestRunner.CollectScenarioErrorsAsync()
   at DevOpsMigrationPlatform.Infrastructure.Tests.Features.ImportEmbeddedImageURLRewritingFeature.ScenarioCleanupAsync()
   at DevOpsMigrationPlatform.Infrastructure.Tests.Features.ImportEmbeddedImageURLRewritingFeature.EmbeddedImagesAreUploadedAndURLsAreRewrittenInFieldValues() in C:\Users\MartinHinshelwoodNKD\source\repos\azure-devops-migration-platform\tests\DevOpsMigrationPlatform.Infrastructure.Tests\Features\import-embedded-images.feature:line 17
--- End of stack trace from previous location ---

  Standard Output Messages:
 
 
 TestContext Messages:
 Given a valid migration package exists at the configured package root
 -> binding error: Binding error(s) found: 
 This Cucumber Expression has a problem at column 3:

(\d+) work items exist in the project: (\d+) under {string} and (\d+) under {string}
  ^
Only the characters '{', '}', '(', ')', '\', '/' and whitespace can be escaped.
If you did mean to use an '\' you can use '\\' to escape it
 This Cucumber Expression has a problem at column 3:

(\d+) work items have an AreaPath matching {string} and (\d+) does not
  ^
Only the characters '{', '}', '(', ')', '\', '/' and whitespace can be escaped.
If you did mean to use an '\' you can use '\\' to escape it
 This Cucumber Expression has a problem at column 3:

(\d+) work item has an AreaPath matching {string} and (\d+) do not
  ^
Only the characters '{', '}', '(', ')', '\', '/' and whitespace can be escaped.
If you did mean to use an '\' you can use '\\' to escape it
 And a revision folder contains embedded image files
 -> binding error: Binding error(s) found: 
 This Cucumber Expression has a problem at column 3:

(\d+) work items exist in the project: (\d+) under {string} and (\d+) under {string}
  ^
Only the characters '{', '}', '(', ')', '\', '/' and whitespace can be escaped.
If you did mean to use an '\' you can use '\\' to escape it
 This Cucumber Expression has a problem at column 3:

(\d+) work items have an AreaPath matching {string} and (\d+) does not
  ^
Only the characters '{', '}', '(', ')', '\', '/' and whitespace can be escaped.
If you did mean to use an '\' you can use '\\' to escape it
 This Cucumber Expression has a problem at column 3:

(\d+) work item has an AreaPath matching {string} and (\d+) do not
  ^
Only the characters '{', '}', '(', ')', '\', '/' and whitespace can be escaped.
If you did mean to use an '\' you can use '\\' to escape it
 Given a revision's "embeddedImages" list contains an entry with "originalUrl" and "relativePath"
 -> binding error: Binding error(s) found: 
 This Cucumber Expression has a problem at column 3:

(\d+) work items exist in the project: (\d+) under {string} and (\d+) under {string}
  ^
Only the characters '{', '}', '(', ')', '\', '/' and whitespace can be escaped.
If you did mean to use an '\' you can use '\\' to escape it
 This Cucumber Expression has a problem at column 3:

(\d+) work items have an AreaPath matching {string} and (\d+) does not
  ^
Only the characters '{', '}', '(', ')', '\', '/' and whitespace can be escaped.
If you did mean to use an '\' you can use '\\' to escape it
 This Cucumber Expression has a problem at column 3:

(\d+) work item has an AreaPath matching {string} and (\d+) do not
  ^
Only the characters '{', '}', '(', ')', '\', '/' and whitespace can be escaped.
If you did mean to use an '\' you can use '\\' to escape it
 And the EmbeddedImages extension is enabled
 -> binding error: Binding error(s) found: 
 This Cucumber Expression has a problem at column 3:

(\d+) work items exist in the project: (\d+) under {string} and (\d+) under {string}
  ^
Only the characters '{', '}', '(', ')', '\', '/' and whitespace can be escaped.
If you did mean to use an '\' you can use '\\' to escape it
 This Cucumber Expression has a problem at column 3:

(\d+) work items have an AreaPath matching {string} and (\d+) does not
  ^
Only the characters '{', '}', '(', ')', '\', '/' and whitespace can be escaped.
If you did mean to use an '\' you can use '\\' to escape it
 This Cucumber Expression has a problem at column 3:

(\d+) work item has an AreaPath matching {string} and (\d+) do not
  ^
Only the characters '{', '}', '(', ')', '\', '/' and whitespace can be escaped.
If you did mean to use an '\' you can use '\\' to escape it
 When the import processes that revision before applying fields (Stage B)
 -> binding error: Binding error(s) found: 
 This Cucumber Expression has a problem at column 3:

(\d+) work items exist in the project: (\d+) under {string} and (\d+) under {string}
  ^
Only the characters '{', '}', '(', ')', '\', '/' and whitespace can be escaped.
If you did mean to use an '\' you can use '\\' to escape it
 This Cucumber Expression has a problem at column 3:

(\d+) work items have an AreaPath matching {string} and (\d+) does not
  ^
Only the characters '{', '}', '(', ')', '\', '/' and whitespace can be escaped.
If you did mean to use an '\' you can use '\\' to escape it
 This Cucumber Expression has a problem at column 3:

(\d+) work item has an AreaPath matching {string} and (\d+) do not
  ^
Only the characters '{', '}', '(', ')', '\', '/' and whitespace can be escaped.
If you did mean to use an '\' you can use '\\' to escape it
 Then the image binary is uploaded to the target via UploadEmbeddedImageAsync
 -> binding error: Binding error(s) found: 
 This Cucumber Expression has a problem at column 3:

(\d+) work items exist in the project: (\d+) under {string} and (\d+) under {string}
  ^
Only the characters '{', '}', '(', ')', '\', '/' and whitespace can be escaped.
If you did mean to use an '\' you can use '\\' to escape it
 This Cucumber Expression has a problem at column 3:

(\d+) work items have an AreaPath matching {string} and (\d+) does not
  ^
Only the characters '{', '}', '(', ')', '\', '/' and whitespace can be escaped.
If you did mean to use an '\' you can use '\\' to escape it
 This Cucumber Expression has a problem at column 3:

(\d+) work item has an AreaPath matching {string} and (\d+) do not
  ^
Only the characters '{', '}', '(', ')', '\', '/' and whitespace can be escaped.
If you did mean to use an '\' you can use '\\' to escape it
 And all occurrences of "originalUrl" in field HTML values are replaced with the returned target URL
 -> binding error: Binding error(s) found: 
 This Cucumber Expression has a problem at column 3:

(\d+) work items exist in the project: (\d+) under {string} and (\d+) under {string}
  ^
Only the characters '{', '}', '(', ')', '\', '/' and whitespace can be escaped.
If you did mean to use an '\' you can use '\\' to escape it
 This Cucumber Expression has a problem at column 3:

(\d+) work items have an AreaPath matching {string} and (\d+) does not
  ^
Only the characters '{', '}', '(', ')', '\', '/' and whitespace can be escaped.
If you did mean to use an '\' you can use '\\' to escape it
 This Cucumber Expression has a problem at column 3:

(\d+) work item has an AreaPath matching {string} and (\d+) do not
  ^
Only the characters '{', '}', '(', ')', '\', '/' and whitespace can be escaped.
If you did mean to use an '\' you can use '\\' to escape it
 And the updated field values are applied to the target work item
 -> binding error: Binding error(s) found: 
 This Cucumber Expression has a problem at column 3:

(\d+) work items exist in the project: (\d+) under {string} and (\d+) under {string}
  ^
Only the characters '{', '}', '(', ')', '\', '/' and whitespace can be escaped.
If you did mean to use an '\' you can use '\\' to escape it
 This Cucumber Expression has a problem at column 3:

(\d+) work items have an AreaPath matching {string} and (\d+) does not
  ^
Only the characters '{', '}', '(', ')', '\', '/' and whitespace can be escaped.
If you did mean to use an '\' you can use '\\' to escape it
 This Cucumber Expression has a problem at column 3:

(\d+) work item has an AreaPath matching {string} and (\d+) do not
  ^
Only the characters '{', '}', '(', ')', '\', '/' and whitespace can be escaped.
If you did mean to use an '\' you can use '\\' to escape it


  Failed EmbeddedImageProcessingIsSkippedWhenExtensionIsDisabled [1 ms]
  Error Message:
   Test method DevOpsMigrationPlatform.Infrastructure.Tests.Features.ImportEmbeddedImageURLRewritingFeature.EmbeddedImageProcessingIsSkippedWhenExtensionIsDisabled threw exception: 
Reqnroll.BindingException: Binding error(s) found: 
This Cucumber Expression has a problem at column 3:

(\d+) work items exist in the project: (\d+) under {string} and (\d+) under {string}
  ^
Only the characters '{', '}', '(', ')', '\', '/' and whitespace can be escaped.
If you did mean to use an '\' you can use '\\' to escape it
This Cucumber Expression has a problem at column 3:

(\d+) work items have an AreaPath matching {string} and (\d+) does not
  ^
Only the characters '{', '}', '(', ')', '\', '/' and whitespace can be escaped.
If you did mean to use an '\' you can use '\\' to escape it
This Cucumber Expression has a problem at column 3:

(\d+) work item has an AreaPath matching {string} and (\d+) do not
  ^
Only the characters '{', '}', '(', ')', '\', '/' and whitespace can be escaped.
If you did mean to use an '\' you can use '\\' to escape it
  Stack Trace:
     at Reqnroll.ErrorHandling.ErrorProvider.GetInvalidBindingRegistryError(IEnumerable`1 errors)
   at Reqnroll.Infrastructure.TestExecutionEngine.GetStepMatch(StepInstance stepInstance)
   at Reqnroll.Infrastructure.TestExecutionEngine.ExecuteStepAsync(IContextManager contextManager, StepInstance stepInstance)
   at Reqnroll.Infrastructure.TestExecutionEngine.OnAfterLastStepAsync()
   at Reqnroll.TestRunner.CollectScenarioErrorsAsync()
   at DevOpsMigrationPlatform.Infrastructure.Tests.Features.ImportEmbeddedImageURLRewritingFeature.ScenarioCleanupAsync()
   at DevOpsMigrationPlatform.Infrastructure.Tests.Features.ImportEmbeddedImageURLRewritingFeature.EmbeddedImageProcessingIsSkippedWhenExtensionIsDisabled() in C:\Users\MartinHinshelwoodNKD\source\repos\azure-devops-migration-platform\tests\DevOpsMigrationPlatform.Infrastructure.Tests\Features\import-embedded-images.feature:line 25
--- End of stack trace from previous location ---

  Standard Output Messages:
 
 
 TestContext Messages:
 Given a valid migration package exists at the configured package root
 -> binding error: Binding error(s) found: 
 This Cucumber Expression has a problem at column 3:

(\d+) work items exist in the project: (\d+) under {string} and (\d+) under {string}
  ^
Only the characters '{', '}', '(', ')', '\', '/' and whitespace can be escaped.
If you did mean to use an '\' you can use '\\' to escape it
 This Cucumber Expression has a problem at column 3:

(\d+) work items have an AreaPath matching {string} and (\d+) does not
  ^
Only the characters '{', '}', '(', ')', '\', '/' and whitespace can be escaped.
If you did mean to use an '\' you can use '\\' to escape it
 This Cucumber Expression has a problem at column 3:

(\d+) work item has an AreaPath matching {string} and (\d+) do not
  ^
Only the characters '{', '}', '(', ')', '\', '/' and whitespace can be escaped.
If you did mean to use an '\' you can use '\\' to escape it
 And a revision folder contains embedded image files
 -> binding error: Binding error(s) found: 
 This Cucumber Expression has a problem at column 3:

(\d+) work items exist in the project: (\d+) under {string} and (\d+) under {string}
  ^
Only the characters '{', '}', '(', ')', '\', '/' and whitespace can be escaped.
If you did mean to use an '\' you can use '\\' to escape it
 This Cucumber Expression has a problem at column 3:

(\d+) work items have an AreaPath matching {string} and (\d+) does not
  ^
Only the characters '{', '}', '(', ')', '\', '/' and whitespace can be escaped.
If you did mean to use an '\' you can use '\\' to escape it
 This Cucumber Expression has a problem at column 3:

(\d+) work item has an AreaPath matching {string} and (\d+) do not
  ^
Only the characters '{', '}', '(', ')', '\', '/' and whitespace can be escaped.
If you did mean to use an '\' you can use '\\' to escape it
 Given a revision contains embedded images
 -> binding error: Binding error(s) found: 
 This Cucumber Expression has a problem at column 3:

(\d+) work items exist in the project: (\d+) under {string} and (\d+) under {string}
  ^
Only the characters '{', '}', '(', ')', '\', '/' and whitespace can be escaped.
If you did mean to use an '\' you can use '\\' to escape it
 This Cucumber Expression has a problem at column 3:

(\d+) work items have an AreaPath matching {string} and (\d+) does not
  ^
Only the characters '{', '}', '(', ')', '\', '/' and whitespace can be escaped.
If you did mean to use an '\' you can use '\\' to escape it
 This Cucumber Expression has a problem at column 3:

(\d+) work item has an AreaPath matching {string} and (\d+) do not
  ^
Only the characters '{', '}', '(', ')', '\', '/' and whitespace can be escaped.
If you did mean to use an '\' you can use '\\' to escape it
 And the EmbeddedImages extension is set to disabled
 -> binding error: Binding error(s) found: 
 This Cucumber Expression has a problem at column 3:

(\d+) work items exist in the project: (\d+) under {string} and (\d+) under {string}
  ^
Only the characters '{', '}', '(', ')', '\', '/' and whitespace can be escaped.
If you did mean to use an '\' you can use '\\' to escape it
 This Cucumber Expression has a problem at column 3:

(\d+) work items have an AreaPath matching {string} and (\d+) does not
  ^
Only the characters '{', '}', '(', ')', '\', '/' and whitespace can be escaped.
If you did mean to use an '\' you can use '\\' to escape it
 This Cucumber Expression has a problem at column 3:

(\d+) work item has an AreaPath matching {string} and (\d+) do not
  ^
Only the characters '{', '}', '(', ')', '\', '/' and whitespace can be escaped.
If you did mean to use an '\' you can use '\\' to escape it
 When the import processes Stage B for that revision
 -> binding error: Binding error(s) found: 
 This Cucumber Expression has a problem at column 3:

(\d+) work items exist in the project: (\d+) under {string} and (\d+) under {string}
  ^
Only the characters '{', '}', '(', ')', '\', '/' and whitespace can be escaped.
If you did mean to use an '\' you can use '\\' to escape it
 This Cucumber Expression has a problem at column 3:

(\d+) work items have an AreaPath matching {string} and (\d+) does not
  ^
Only the characters '{', '}', '(', ')', '\', '/' and whitespace can be escaped.
If you did mean to use an '\' you can use '\\' to escape it
 This Cucumber Expression has a problem at column 3:

(\d+) work item has an AreaPath matching {string} and (\d+) do not
  ^
Only the characters '{', '}', '(', ')', '\', '/' and whitespace can be escaped.
If you did mean to use an '\' you can use '\\' to escape it
 Then no embedded images are uploaded
 -> binding error: Binding error(s) found: 
 This Cucumber Expression has a problem at column 3:

(\d+) work items exist in the project: (\d+) under {string} and (\d+) under {string}
  ^
Only the characters '{', '}', '(', ')', '\', '/' and whitespace can be escaped.
If you did mean to use an '\' you can use '\\' to escape it
 This Cucumber Expression has a problem at column 3:

(\d+) work items have an AreaPath matching {string} and (\d+) does not
  ^
Only the characters '{', '}', '(', ')', '\', '/' and whitespace can be escaped.
If you did mean to use an '\' you can use '\\' to escape it
 This Cucumber Expression has a problem at column 3:

(\d+) work item has an AreaPath matching {string} and (\d+) do not
  ^
Only the characters '{', '}', '(', ')', '\', '/' and whitespace can be escaped.
If you did mean to use an '\' you can use '\\' to escape it
 And field values are applied to the target without URL rewriting
 -> binding error: Binding error(s) found: 
 This Cucumber Expression has a problem at column 3:

(\d+) work items exist in the project: (\d+) under {string} and (\d+) under {string}
  ^
Only the characters '{', '}', '(', ')', '\', '/' and whitespace can be escaped.
If you did mean to use an '\' you can use '\\' to escape it
 This Cucumber Expression has a problem at column 3:

(\d+) work items have an AreaPath matching {string} and (\d+) does not
  ^
Only the characters '{', '}', '(', ')', '\', '/' and whitespace can be escaped.
If you did mean to use an '\' you can use '\\' to escape it
 This Cucumber Expression has a problem at column 3:

(\d+) work item has an AreaPath matching {string} and (\d+) do not
  ^
Only the characters '{', '}', '(', ')', '\', '/' and whitespace can be escaped.
If you did mean to use an '\' you can use '\\' to escape it


  Failed MappedIdentityIsResolvedFromTheMappingFile [2 ms]
  Error Message:
   Test method DevOpsMigrationPlatform.Infrastructure.Tests.Features.IdentityResolutionDuringImportFeature.MappedIdentityIsResolvedFromTheMappingFile threw exception: 
Reqnroll.BindingException: Binding error(s) found: 
This Cucumber Expression has a problem at column 3:

(\d+) work items exist in the project: (\d+) under {string} and (\d+) under {string}
  ^
Only the characters '{', '}', '(', ')', '\', '/' and whitespace can be escaped.
If you did mean to use an '\' you can use '\\' to escape it
This Cucumber Expression has a problem at column 3:

(\d+) work items have an AreaPath matching {string} and (\d+) does not
  ^
Only the characters '{', '}', '(', ')', '\', '/' and whitespace can be escaped.
If you did mean to use an '\' you can use '\\' to escape it
This Cucumber Expression has a problem at column 3:

(\d+) work item has an AreaPath matching {string} and (\d+) do not
  ^
Only the characters '{', '}', '(', ')', '\', '/' and whitespace can be escaped.
If you did mean to use an '\' you can use '\\' to escape it
  Stack Trace:
     at Reqnroll.ErrorHandling.ErrorProvider.GetInvalidBindingRegistryError(IEnumerable`1 errors)
   at Reqnroll.Infrastructure.TestExecutionEngine.GetStepMatch(StepInstance stepInstance)
   at Reqnroll.Infrastructure.TestExecutionEngine.ExecuteStepAsync(IContextManager contextManager, StepInstance stepInstance)
   at Reqnroll.Infrastructure.TestExecutionEngine.OnAfterLastStepAsync()
   at Reqnroll.TestRunner.CollectScenarioErrorsAsync()
   at DevOpsMigrationPlatform.Infrastructure.Tests.Features.IdentityResolutionDuringImportFeature.ScenarioCleanupAsync()
   at DevOpsMigrationPlatform.Infrastructure.Tests.Features.IdentityResolutionDuringImportFeature.MappedIdentityIsResolvedFromTheMappingFile() in C:\Users\MartinHinshelwoodNKD\source\repos\azure-devops-migration-platform\tests\DevOpsMigrationPlatform.Infrastructure.Tests\Features\import-identity-resolution.feature:line 15
--- End of stack trace from previous location ---

  Standard Output Messages:
 
 
 TestContext Messages:
 Given a valid migration package exists at the configured package root
 -> binding error: Binding error(s) found: 
 This Cucumber Expression has a problem at column 3:

(\d+) work items exist in the project: (\d+) under {string} and (\d+) under {string}
  ^
Only the characters '{', '}', '(', ')', '\', '/' and whitespace can be escaped.
If you did mean to use an '\' you can use '\\' to escape it
 This Cucumber Expression has a problem at column 3:

(\d+) work items have an AreaPath matching {string} and (\d+) does not
  ^
Only the characters '{', '}', '(', ')', '\', '/' and whitespace can be escaped.
If you did mean to use an '\' you can use '\\' to escape it
 This Cucumber Expression has a problem at column 3:

(\d+) work item has an AreaPath matching {string} and (\d+) do not
  ^
Only the characters '{', '}', '(', ')', '\', '/' and whitespace can be escaped.
If you did mean to use an '\' you can use '\\' to escape it
 And an identity mapping file exists at "Identities/mapping.json"
 -> binding error: Binding error(s) found: 
 This Cucumber Expression has a problem at column 3:

(\d+) work items exist in the project: (\d+) under {string} and (\d+) under {string}
  ^
Only the characters '{', '}', '(', ')', '\', '/' and whitespace can be escaped.
If you did mean to use an '\' you can use '\\' to escape it
 This Cucumber Expression has a problem at column 3:

(\d+) work items have an AreaPath matching {string} and (\d+) does not
  ^
Only the characters '{', '}', '(', ')', '\', '/' and whitespace can be escaped.
If you did mean to use an '\' you can use '\\' to escape it
 This Cucumber Expression has a problem at column 3:

(\d+) work item has an AreaPath matching {string} and (\d+) do not
  ^
Only the characters '{', '}', '(', ')', '\', '/' and whitespace can be escaped.
If you did mean to use an '\' you can use '\\' to escape it
 Given the identity mapping contains a mapping from "user@source.com" to "user@target.com"
 -> binding error: Binding error(s) found: 
 This Cucumber Expression has a problem at column 3:

(\d+) work items exist in the project: (\d+) under {string} and (\d+) under {string}
  ^
Only the characters '{', '}', '(', ')', '\', '/' and whitespace can be escaped.
If you did mean to use an '\' you can use '\\' to escape it
 This Cucumber Expression has a problem at column 3:

(\d+) work items have an AreaPath matching {string} and (\d+) does not
  ^
Only the characters '{', '}', '(', ')', '\', '/' and whitespace can be escaped.
If you did mean to use an '\' you can use '\\' to escape it
 This Cucumber Expression has a problem at column 3:

(\d+) work item has an AreaPath matching {string} and (\d+) do not
  ^
Only the characters '{', '}', '(', ')', '\', '/' and whitespace can be escaped.
If you did mean to use an '\' you can use '\\' to escape it
 And a revision contains field "System.AssignedTo" with value "user@source.com"
 -> binding error: Binding error(s) found: 
 This Cucumber Expression has a problem at column 3:

(\d+) work items exist in the project: (\d+) under {string} and (\d+) under {string}
  ^
Only the characters '{', '}', '(', ')', '\', '/' and whitespace can be escaped.
If you did mean to use an '\' you can use '\\' to escape it
 This Cucumber Expression has a problem at column 3:

(\d+) work items have an AreaPath matching {string} and (\d+) does not
  ^
Only the characters '{', '}', '(', ')', '\', '/' and whitespace can be escaped.
If you did mean to use an '\' you can use '\\' to escape it
 This Cucumber Expression has a problem at column 3:

(\d+) work item has an AreaPath matching {string} and (\d+) do not
  ^
Only the characters '{', '}', '(', ')', '\', '/' and whitespace can be escaped.
If you did mean to use an '\' you can use '\\' to escape it
 When the import processes Stage B (AppliedFields) for that revision
 -> binding error: Binding error(s) found: 
 This Cucumber Expression has a problem at column 3:

(\d+) work items exist in the project: (\d+) under {string} and (\d+) under {string}
  ^
Only the characters '{', '}', '(', ')', '\', '/' and whitespace can be escaped.
If you did mean to use an '\' you can use '\\' to escape it
 This Cucumber Expression has a problem at column 3:

(\d+) work items have an AreaPath matching {string} and (\d+) does not
  ^
Only the characters '{', '}', '(', ')', '\', '/' and whitespace can be escaped.
If you did mean to use an '\' you can use '\\' to escape it
 This Cucumber Expression has a problem at column 3:

(\d+) work item has an AreaPath matching {string} and (\d+) do not
  ^
Only the characters '{', '}', '(', ')', '\', '/' and whitespace can be escaped.
If you did mean to use an '\' you can use '\\' to escape it
 Then the field "System.AssignedTo" is applied to the target with value "user@target.com"
 -> binding error: Binding error(s) found: 
 This Cucumber Expression has a problem at column 3:

(\d+) work items exist in the project: (\d+) under {string} and (\d+) under {string}
  ^
Only the characters '{', '}', '(', ')', '\', '/' and whitespace can be escaped.
If you did mean to use an '\' you can use '\\' to escape it
 This Cucumber Expression has a problem at column 3:

(\d+) work items have an AreaPath matching {string} and (\d+) does not
  ^
Only the characters '{', '}', '(', ')', '\', '/' and whitespace can be escaped.
If you did mean to use an '\' you can use '\\' to escape it
 This Cucumber Expression has a problem at column 3:

(\d+) work item has an AreaPath matching {string} and (\d+) do not
  ^
Only the characters '{', '}', '(', ')', '\', '/' and whitespace can be escaped.
If you did mean to use an '\' you can use '\\' to escape it


  Failed UnmappedIdentityFallsBackAndIsRecordedForReview [1 ms]
  Error Message:
   Test method DevOpsMigrationPlatform.Infrastructure.Tests.Features.IdentityResolutionDuringImportFeature.UnmappedIdentityFallsBackAndIsRecordedForReview threw exception: 
Reqnroll.BindingException: Binding error(s) found: 
This Cucumber Expression has a problem at column 3:

(\d+) work items exist in the project: (\d+) under {string} and (\d+) under {string}
  ^
Only the characters '{', '}', '(', ')', '\', '/' and whitespace can be escaped.
If you did mean to use an '\' you can use '\\' to escape it
This Cucumber Expression has a problem at column 3:

(\d+) work items have an AreaPath matching {string} and (\d+) does not
  ^
Only the characters '{', '}', '(', ')', '\', '/' and whitespace can be escaped.
If you did mean to use an '\' you can use '\\' to escape it
This Cucumber Expression has a problem at column 3:

(\d+) work item has an AreaPath matching {string} and (\d+) do not
  ^
Only the characters '{', '}', '(', ')', '\', '/' and whitespace can be escaped.
If you did mean to use an '\' you can use '\\' to escape it
  Stack Trace:
     at Reqnroll.ErrorHandling.ErrorProvider.GetInvalidBindingRegistryError(IEnumerable`1 errors)
   at Reqnroll.Infrastructure.TestExecutionEngine.GetStepMatch(StepInstance stepInstance)
   at Reqnroll.Infrastructure.TestExecutionEngine.ExecuteStepAsync(IContextManager contextManager, StepInstance stepInstance)
   at Reqnroll.Infrastructure.TestExecutionEngine.OnAfterLastStepAsync()
   at Reqnroll.TestRunner.CollectScenarioErrorsAsync()
   at DevOpsMigrationPlatform.Infrastructure.Tests.Features.IdentityResolutionDuringImportFeature.ScenarioCleanupAsync()
   at DevOpsMigrationPlatform.Infrastructure.Tests.Features.IdentityResolutionDuringImportFeature.UnmappedIdentityFallsBackAndIsRecordedForReview() in C:\Users\MartinHinshelwoodNKD\source\repos\azure-devops-migration-platform\tests\DevOpsMigrationPlatform.Infrastructure.Tests\Features\import-identity-resolution.feature:line 23
--- End of stack trace from previous location ---

  Standard Output Messages:
 
 
 TestContext Messages:
 Given a valid migration package exists at the configured package root
 -> binding error: Binding error(s) found: 
 This Cucumber Expression has a problem at column 3:

(\d+) work items exist in the project: (\d+) under {string} and (\d+) under {string}
  ^
Only the characters '{', '}', '(', ')', '\', '/' and whitespace can be escaped.
If you did mean to use an '\' you can use '\\' to escape it
 This Cucumber Expression has a problem at column 3:

(\d+) work items have an AreaPath matching {string} and (\d+) does not
  ^
Only the characters '{', '}', '(', ')', '\', '/' and whitespace can be escaped.
If you did mean to use an '\' you can use '\\' to escape it
 This Cucumber Expression has a problem at column 3:

(\d+) work item has an AreaPath matching {string} and (\d+) do not
  ^
Only the characters '{', '}', '(', ')', '\', '/' and whitespace can be escaped.
If you did mean to use an '\' you can use '\\' to escape it
 And an identity mapping file exists at "Identities/mapping.json"
 -> binding error: Binding error(s) found: 
 This Cucumber Expression has a problem at column 3:

(\d+) work items exist in the project: (\d+) under {string} and (\d+) under {string}
  ^
Only the characters '{', '}', '(', ')', '\', '/' and whitespace can be escaped.
If you did mean to use an '\' you can use '\\' to escape it
 This Cucumber Expression has a problem at column 3:

(\d+) work items have an AreaPath matching {string} and (\d+) does not
  ^
Only the characters '{', '}', '(', ')', '\', '/' and whitespace can be escaped.
If you did mean to use an '\' you can use '\\' to escape it
 This Cucumber Expression has a problem at column 3:

(\d+) work item has an AreaPath matching {string} and (\d+) do not
  ^
Only the characters '{', '}', '(', ')', '\', '/' and whitespace can be escaped.
If you did mean to use an '\' you can use '\\' to escape it
 Given the identity mapping does not contain an entry for "unknown@source.com"
 -> binding error: Binding error(s) found: 
 This Cucumber Expression has a problem at column 3:

(\d+) work items exist in the project: (\d+) under {string} and (\d+) under {string}
  ^
Only the characters '{', '}', '(', ')', '\', '/' and whitespace can be escaped.
If you did mean to use an '\' you can use '\\' to escape it
 This Cucumber Expression has a problem at column 3:

(\d+) work items have an AreaPath matching {string} and (\d+) does not
  ^
Only the characters '{', '}', '(', ')', '\', '/' and whitespace can be escaped.
If you did mean to use an '\' you can use '\\' to escape it
 This Cucumber Expression has a problem at column 3:

(\d+) work item has an AreaPath matching {string} and (\d+) do not
  ^
Only the characters '{', '}', '(', ')', '\', '/' and whitespace can be escaped.
If you did mean to use an '\' you can use '\\' to escape it
 And a revision contains field "System.ChangedBy" with value "unknown@source.com"
 -> binding error: Binding error(s) found: 
 This Cucumber Expression has a problem at column 3:

(\d+) work items exist in the project: (\d+) under {string} and (\d+) under {string}
  ^
Only the characters '{', '}', '(', ')', '\', '/' and whitespace can be escaped.
If you did mean to use an '\' you can use '\\' to escape it
 This Cucumber Expression has a problem at column 3:

(\d+) work items have an AreaPath matching {string} and (\d+) does not
  ^
Only the characters '{', '}', '(', ')', '\', '/' and whitespace can be escaped.
If you did mean to use an '\' you can use '\\' to escape it
 This Cucumber Expression has a problem at column 3:

(\d+) work item has an AreaPath matching {string} and (\d+) do not
  ^
Only the characters '{', '}', '(', ')', '\', '/' and whitespace can be escaped.
If you did mean to use an '\' you can use '\\' to escape it
 When the import processes Stage B (AppliedFields) for that revision
 -> binding error: Binding error(s) found: 
 This Cucumber Expression has a problem at column 3:

(\d+) work items exist in the project: (\d+) under {string} and (\d+) under {string}
  ^
Only the characters '{', '}', '(', ')', '\', '/' and whitespace can be escaped.
If you did mean to use an '\' you can use '\\' to escape it
 This Cucumber Expression has a problem at column 3:

(\d+) work items have an AreaPath matching {string} and (\d+) does not
  ^
Only the characters '{', '}', '(', ')', '\', '/' and whitespace can be escaped.
If you did mean to use an '\' you can use '\\' to escape it
 This Cucumber Expression has a problem at column 3:

(\d+) work item has an AreaPath matching {string} and (\d+) do not
  ^
Only the characters '{', '}', '(', ')', '\', '/' and whitespace can be escaped.
If you did mean to use an '\' you can use '\\' to escape it
 Then the import continues without failure
 -> binding error: Binding error(s) found: 
 This Cucumber Expression has a problem at column 3:

(\d+) work items exist in the project: (\d+) under {string} and (\d+) under {string}
  ^
Only the characters '{', '}', '(', ')', '\', '/' and whitespace can be escaped.
If you did mean to use an '\' you can use '\\' to escape it
 This Cucumber Expression has a problem at column 3:

(\d+) work items have an AreaPath matching {string} and (\d+) does not
  ^
Only the characters '{', '}', '(', ')', '\', '/' and whitespace can be escaped.
If you did mean to use an '\' you can use '\\' to escape it
 This Cucumber Expression has a problem at column 3:

(\d+) work item has an AreaPath matching {string} and (\d+) do not
  ^
Only the characters '{', '}', '(', ')', '\', '/' and whitespace can be escaped.
If you did mean to use an '\' you can use '\\' to escape it
 And "unknown@source.com" is recorded in "Identities/unresolved.json"
 -> binding error: Binding error(s) found: 
 This Cucumber Expression has a problem at column 3:

(\d+) work items exist in the project: (\d+) under {string} and (\d+) under {string}
  ^
Only the characters '{', '}', '(', ')', '\', '/' and whitespace can be escaped.
If you did mean to use an '\' you can use '\\' to escape it
 This Cucumber Expression has a problem at column 3:

(\d+) work items have an AreaPath matching {string} and (\d+) does not
  ^
Only the characters '{', '}', '(', ')', '\', '/' and whitespace can be escaped.
If you did mean to use an '\' you can use '\\' to escape it
 This Cucumber Expression has a problem at column 3:

(\d+) work item has an AreaPath matching {string} and (\d+) do not
  ^
Only the characters '{', '}', '(', ')', '\', '/' and whitespace can be escaped.
If you did mean to use an '\' you can use '\\' to escape it


  Failed IdentityFieldsArePassedThroughWhenNoMappingIsConfigured [1 ms]
  Error Message:
   Test method DevOpsMigrationPlatform.Infrastructure.Tests.Features.IdentityResolutionDuringImportFeature.IdentityFieldsArePassedThroughWhenNoMappingIsConfigured threw exception: 
Reqnroll.BindingException: Binding error(s) found: 
This Cucumber Expression has a problem at column 3:

(\d+) work items exist in the project: (\d+) under {string} and (\d+) under {string}
  ^
Only the characters '{', '}', '(', ')', '\', '/' and whitespace can be escaped.
If you did mean to use an '\' you can use '\\' to escape it
This Cucumber Expression has a problem at column 3:

(\d+) work items have an AreaPath matching {string} and (\d+) does not
  ^
Only the characters '{', '}', '(', ')', '\', '/' and whitespace can be escaped.
If you did mean to use an '\' you can use '\\' to escape it
This Cucumber Expression has a problem at column 3:

(\d+) work item has an AreaPath matching {string} and (\d+) do not
  ^
Only the characters '{', '}', '(', ')', '\', '/' and whitespace can be escaped.
If you did mean to use an '\' you can use '\\' to escape it
  Stack Trace:
     at Reqnroll.ErrorHandling.ErrorProvider.GetInvalidBindingRegistryError(IEnumerable`1 errors)
   at Reqnroll.Infrastructure.TestExecutionEngine.GetStepMatch(StepInstance stepInstance)
   at Reqnroll.Infrastructure.TestExecutionEngine.ExecuteStepAsync(IContextManager contextManager, StepInstance stepInstance)
   at Reqnroll.Infrastructure.TestExecutionEngine.OnAfterLastStepAsync()
   at Reqnroll.TestRunner.CollectScenarioErrorsAsync()
   at DevOpsMigrationPlatform.Infrastructure.Tests.Features.IdentityResolutionDuringImportFeature.ScenarioCleanupAsync()
   at DevOpsMigrationPlatform.Infrastructure.Tests.Features.IdentityResolutionDuringImportFeature.IdentityFieldsArePassedThroughWhenNoMappingIsConfigured() in C:\Users\MartinHinshelwoodNKD\source\repos\azure-devops-migration-platform\tests\DevOpsMigrationPlatform.Infrastructure.Tests\Features\import-identity-resolution.feature:line 30
--- End of stack trace from previous location ---

  Standard Output Messages:
 
 
 TestContext Messages:
 Given a valid migration package exists at the configured package root
 -> binding error: Binding error(s) found: 
 This Cucumber Expression has a problem at column 3:

(\d+) work items exist in the project: (\d+) under {string} and (\d+) under {string}
  ^
Only the characters '{', '}', '(', ')', '\', '/' and whitespace can be escaped.
If you did mean to use an '\' you can use '\\' to escape it
 This Cucumber Expression has a problem at column 3:

(\d+) work items have an AreaPath matching {string} and (\d+) does not
  ^
Only the characters '{', '}', '(', ')', '\', '/' and whitespace can be escaped.
If you did mean to use an '\' you can use '\\' to escape it
 This Cucumber Expression has a problem at column 3:

(\d+) work item has an AreaPath matching {string} and (\d+) do not
  ^
Only the characters '{', '}', '(', ')', '\', '/' and whitespace can be escaped.
If you did mean to use an '\' you can use '\\' to escape it
 And an identity mapping file exists at "Identities/mapping.json"
 -> binding error: Binding error(s) found: 
 This Cucumber Expression has a problem at column 3:

(\d+) work items exist in the project: (\d+) under {string} and (\d+) under {string}
  ^
Only the characters '{', '}', '(', ')', '\', '/' and whitespace can be escaped.
If you did mean to use an '\' you can use '\\' to escape it
 This Cucumber Expression has a problem at column 3:

(\d+) work items have an AreaPath matching {string} and (\d+) does not
  ^
Only the characters '{', '}', '(', ')', '\', '/' and whitespace can be escaped.
If you did mean to use an '\' you can use '\\' to escape it
 This Cucumber Expression has a problem at column 3:

(\d+) work item has an AreaPath matching {string} and (\d+) do not
  ^
Only the characters '{', '}', '(', ')', '\', '/' and whitespace can be escaped.
If you did mean to use an '\' you can use '\\' to escape it
 Given no identity mapping file is configured
 -> binding error: Binding error(s) found: 
 This Cucumber Expression has a problem at column 3:

(\d+) work items exist in the project: (\d+) under {string} and (\d+) under {string}
  ^
Only the characters '{', '}', '(', ')', '\', '/' and whitespace can be escaped.
If you did mean to use an '\' you can use '\\' to escape it
 This Cucumber Expression has a problem at column 3:

(\d+) work items have an AreaPath matching {string} and (\d+) does not
  ^
Only the characters '{', '}', '(', ')', '\', '/' and whitespace can be escaped.
If you did mean to use an '\' you can use '\\' to escape it
 This Cucumber Expression has a problem at column 3:

(\d+) work item has an AreaPath matching {string} and (\d+) do not
  ^
Only the characters '{', '}', '(', ')', '\', '/' and whitespace can be escaped.
If you did mean to use an '\' you can use '\\' to escape it
 And a revision contains field "System.CreatedBy" with value "someuser@domain.com"
 -> binding error: Binding error(s) found: 
 This Cucumber Expression has a problem at column 3:

(\d+) work items exist in the project: (\d+) under {string} and (\d+) under {string}
  ^
Only the characters '{', '}', '(', ')', '\', '/' and whitespace can be escaped.
If you did mean to use an '\' you can use '\\' to escape it
 This Cucumber Expression has a problem at column 3:

(\d+) work items have an AreaPath matching {string} and (\d+) does not
  ^
Only the characters '{', '}', '(', ')', '\', '/' and whitespace can be escaped.
If you did mean to use an '\' you can use '\\' to escape it
 This Cucumber Expression has a problem at column 3:

(\d+) work item has an AreaPath matching {string} and (\d+) do not
  ^
Only the characters '{', '}', '(', ')', '\', '/' and whitespace can be escaped.
If you did mean to use an '\' you can use '\\' to escape it
 When the import processes Stage B (AppliedFields) for that revision
 -> binding error: Binding error(s) found: 
 This Cucumber Expression has a problem at column 3:

(\d+) work items exist in the project: (\d+) under {string} and (\d+) under {string}
  ^
Only the characters '{', '}', '(', ')', '\', '/' and whitespace can be escaped.
If you did mean to use an '\' you can use '\\' to escape it
 This Cucumber Expression has a problem at column 3:

(\d+) work items have an AreaPath matching {string} and (\d+) does not
  ^
Only the characters '{', '}', '(', ')', '\', '/' and whitespace can be escaped.
If you did mean to use an '\' you can use '\\' to escape it
 This Cucumber Expression has a problem at column 3:

(\d+) work item has an AreaPath matching {string} and (\d+) do not
  ^
Only the characters '{', '}', '(', ')', '\', '/' and whitespace can be escaped.
If you did mean to use an '\' you can use '\\' to escape it
 Then the field "System.CreatedBy" is applied to the target unchanged
 -> binding error: Binding error(s) found: 
 This Cucumber Expression has a problem at column 3:

(\d+) work items exist in the project: (\d+) under {string} and (\d+) under {string}
  ^
Only the characters '{', '}', '(', ')', '\', '/' and whitespace can be escaped.
If you did mean to use an '\' you can use '\\' to escape it
 This Cucumber Expression has a problem at column 3:

(\d+) work items have an AreaPath matching {string} and (\d+) does not
  ^
Only the characters '{', '}', '(', ')', '\', '/' and whitespace can be escaped.
If you did mean to use an '\' you can use '\\' to escape it
 This Cucumber Expression has a problem at column 3:

(\d+) work item has an AreaPath matching {string} and (\d+) do not
  ^
Only the characters '{', '}', '(', ')', '\', '/' and whitespace can be escaped.
If you did mean to use an '\' you can use '\\' to escape it


  Failed ImportReplaysRevisionsInChronologicalOrderDeterminedByFolderName [2 ms]
  Error Message:
   Test method DevOpsMigrationPlatform.Infrastructure.Tests.Features.StreamingImportReplayFeature.ImportReplaysRevisionsInChronologicalOrderDeterminedByFolderName threw exception: 
Reqnroll.BindingException: Binding error(s) found: 
This Cucumber Expression has a problem at column 3:

(\d+) work items exist in the project: (\d+) under {string} and (\d+) under {string}
  ^
Only the characters '{', '}', '(', ')', '\', '/' and whitespace can be escaped.
If you did mean to use an '\' you can use '\\' to escape it
This Cucumber Expression has a problem at column 3:

(\d+) work items have an AreaPath matching {string} and (\d+) does not
  ^
Only the characters '{', '}', '(', ')', '\', '/' and whitespace can be escaped.
If you did mean to use an '\' you can use '\\' to escape it
This Cucumber Expression has a problem at column 3:

(\d+) work item has an AreaPath matching {string} and (\d+) do not
  ^
Only the characters '{', '}', '(', ')', '\', '/' and whitespace can be escaped.
If you did mean to use an '\' you can use '\\' to escape it
  Stack Trace:
     at Reqnroll.ErrorHandling.ErrorProvider.GetInvalidBindingRegistryError(IEnumerable`1 errors)
   at Reqnroll.Infrastructure.TestExecutionEngine.GetStepMatch(StepInstance stepInstance)
   at Reqnroll.Infrastructure.TestExecutionEngine.ExecuteStepAsync(IContextManager contextManager, StepInstance stepInstance)
   at Reqnroll.Infrastructure.TestExecutionEngine.OnAfterLastStepAsync()
   at Reqnroll.TestRunner.CollectScenarioErrorsAsync()
   at DevOpsMigrationPlatform.Infrastructure.Tests.Features.StreamingImportReplayFeature.ScenarioCleanupAsync()
   at DevOpsMigrationPlatform.Infrastructure.Tests.Features.StreamingImportReplayFeature.ImportReplaysRevisionsInChronologicalOrderDeterminedByFolderName() in C:\Users\MartinHinshelwoodNKD\source\repos\azure-devops-migration-platform\tests\DevOpsMigrationPlatform.Infrastructure.Tests\Features\import-work-item-revisions.feature:line 15
--- End of stack trace from previous location ---

  Standard Output Messages:
 
 
 TestContext Messages:
 Given a valid migration package exists at the configured package root
 -> binding error: Binding error(s) found: 
 This Cucumber Expression has a problem at column 3:

(\d+) work items exist in the project: (\d+) under {string} and (\d+) under {string}
  ^
Only the characters '{', '}', '(', ')', '\', '/' and whitespace can be escaped.
If you did mean to use an '\' you can use '\\' to escape it
 This Cucumber Expression has a problem at column 3:

(\d+) work items have an AreaPath matching {string} and (\d+) does not
  ^
Only the characters '{', '}', '(', ')', '\', '/' and whitespace can be escaped.
If you did mean to use an '\' you can use '\\' to escape it
 This Cucumber Expression has a problem at column 3:

(\d+) work item has an AreaPath matching {string} and (\d+) do not
  ^
Only the characters '{', '}', '(', ')', '\', '/' and whitespace can be escaped.
If you did mean to use an '\' you can use '\\' to escape it
 And the package contains work item revision folders in canonical chronological order
 -> binding error: Binding error(s) found: 
 This Cucumber Expression has a problem at column 3:

(\d+) work items exist in the project: (\d+) under {string} and (\d+) under {string}
  ^
Only the characters '{', '}', '(', ')', '\', '/' and whitespace can be escaped.
If you did mean to use an '\' you can use '\\' to escape it
 This Cucumber Expression has a problem at column 3:

(\d+) work items have an AreaPath matching {string} and (\d+) does not
  ^
Only the characters '{', '}', '(', ')', '\', '/' and whitespace can be escaped.
If you did mean to use an '\' you can use '\\' to escape it
 This Cucumber Expression has a problem at column 3:

(\d+) work item has an AreaPath matching {string} and (\d+) do not
  ^
Only the characters '{', '}', '(', ')', '\', '/' and whitespace can be escaped.
If you did mean to use an '\' you can use '\\' to escape it
 Given the package contains revision folders in lexicographic order
 -> binding error: Binding error(s) found: 
 This Cucumber Expression has a problem at column 3:

(\d+) work items exist in the project: (\d+) under {string} and (\d+) under {string}
  ^
Only the characters '{', '}', '(', ')', '\', '/' and whitespace can be escaped.
If you did mean to use an '\' you can use '\\' to escape it
 This Cucumber Expression has a problem at column 3:

(\d+) work items have an AreaPath matching {string} and (\d+) does not
  ^
Only the characters '{', '}', '(', ')', '\', '/' and whitespace can be escaped.
If you did mean to use an '\' you can use '\\' to escape it
 This Cucumber Expression has a problem at column 3:

(\d+) work item has an AreaPath matching {string} and (\d+) do not
  ^
Only the characters '{', '}', '(', ')', '\', '/' and whitespace can be escaped.
If you did mean to use an '\' you can use '\\' to escape it
 When the WorkItems import module runs
 -> binding error: Binding error(s) found: 
 This Cucumber Expression has a problem at column 3:

(\d+) work items exist in the project: (\d+) under {string} and (\d+) under {string}
  ^
Only the characters '{', '}', '(', ')', '\', '/' and whitespace can be escaped.
If you did mean to use an '\' you can use '\\' to escape it
 This Cucumber Expression has a problem at column 3:

(\d+) work items have an AreaPath matching {string} and (\d+) does not
  ^
Only the characters '{', '}', '(', ')', '\', '/' and whitespace can be escaped.
If you did mean to use an '\' you can use '\\' to escape it
 This Cucumber Expression has a problem at column 3:

(\d+) work item has an AreaPath matching {string} and (\d+) do not
  ^
Only the characters '{', '}', '(', ')', '\', '/' and whitespace can be escaped.
If you did mean to use an '\' you can use '\\' to escape it
 Then each revision is applied to the target in the order determined by folder name ascending
 -> binding error: Binding error(s) found: 
 This Cucumber Expression has a problem at column 3:

(\d+) work items exist in the project: (\d+) under {string} and (\d+) under {string}
  ^
Only the characters '{', '}', '(', ')', '\', '/' and whitespace can be escaped.
If you did mean to use an '\' you can use '\\' to escape it
 This Cucumber Expression has a problem at column 3:

(\d+) work items have an AreaPath matching {string} and (\d+) does not
  ^
Only the characters '{', '}', '(', ')', '\', '/' and whitespace can be escaped.
If you did mean to use an '\' you can use '\\' to escape it
 This Cucumber Expression has a problem at column 3:

(\d+) work item has an AreaPath matching {string} and (\d+) do not
  ^
Only the characters '{', '}', '(', ')', '\', '/' and whitespace can be escaped.
If you did mean to use an '\' you can use '\\' to escape it
 And the order of application matches the package order without any reordering step
 -> binding error: Binding error(s) found: 
 This Cucumber Expression has a problem at column 3:

(\d+) work items exist in the project: (\d+) under {string} and (\d+) under {string}
  ^
Only the characters '{', '}', '(', ')', '\', '/' and whitespace can be escaped.
If you did mean to use an '\' you can use '\\' to escape it
 This Cucumber Expression has a problem at column 3:

(\d+) work items have an AreaPath matching {string} and (\d+) does not
  ^
Only the characters '{', '}', '(', ')', '\', '/' and whitespace can be escaped.
If you did mean to use an '\' you can use '\\' to escape it
 This Cucumber Expression has a problem at column 3:

(\d+) work item has an AreaPath matching {string} and (\d+) do not
  ^
Only the characters '{', '}', '(', ')', '\', '/' and whitespace can be escaped.
If you did mean to use an '\' you can use '\\' to escape it


  Failed ImportProcessesOneRevisionAtATimeWithoutBufferingAllRevisionsInMemory [1 ms]
  Error Message:
   Test method DevOpsMigrationPlatform.Infrastructure.Tests.Features.StreamingImportReplayFeature.ImportProcessesOneRevisionAtATimeWithoutBufferingAllRevisionsInMemory threw exception: 
Reqnroll.BindingException: Binding error(s) found: 
This Cucumber Expression has a problem at column 3:

(\d+) work items exist in the project: (\d+) under {string} and (\d+) under {string}
  ^
Only the characters '{', '}', '(', ')', '\', '/' and whitespace can be escaped.
If you did mean to use an '\' you can use '\\' to escape it
This Cucumber Expression has a problem at column 3:

(\d+) work items have an AreaPath matching {string} and (\d+) does not
  ^
Only the characters '{', '}', '(', ')', '\', '/' and whitespace can be escaped.
If you did mean to use an '\' you can use '\\' to escape it
This Cucumber Expression has a problem at column 3:

(\d+) work item has an AreaPath matching {string} and (\d+) do not
  ^
Only the characters '{', '}', '(', ')', '\', '/' and whitespace can be escaped.
If you did mean to use an '\' you can use '\\' to escape it
  Stack Trace:
     at Reqnroll.ErrorHandling.ErrorProvider.GetInvalidBindingRegistryError(IEnumerable`1 errors)
   at Reqnroll.Infrastructure.TestExecutionEngine.GetStepMatch(StepInstance stepInstance)
   at Reqnroll.Infrastructure.TestExecutionEngine.ExecuteStepAsync(IContextManager contextManager, StepInstance stepInstance)
   at Reqnroll.Infrastructure.TestExecutionEngine.OnAfterLastStepAsync()
   at Reqnroll.TestRunner.CollectScenarioErrorsAsync()
   at DevOpsMigrationPlatform.Infrastructure.Tests.Features.StreamingImportReplayFeature.ScenarioCleanupAsync()
   at DevOpsMigrationPlatform.Infrastructure.Tests.Features.StreamingImportReplayFeature.ImportProcessesOneRevisionAtATimeWithoutBufferingAllRevisionsInMemory() in C:\Users\MartinHinshelwoodNKD\source\repos\azure-devops-migration-platform\tests\DevOpsMigrationPlatform.Infrastructure.Tests\Features\import-work-item-revisions.feature:line 22
--- End of stack trace from previous location ---

  Standard Output Messages:
 
 
 TestContext Messages:
 Given a valid migration package exists at the configured package root
 -> binding error: Binding error(s) found: 
 This Cucumber Expression has a problem at column 3:

(\d+) work items exist in the project: (\d+) under {string} and (\d+) under {string}
  ^
Only the characters '{', '}', '(', ')', '\', '/' and whitespace can be escaped.
If you did mean to use an '\' you can use '\\' to escape it
 This Cucumber Expression has a problem at column 3:

(\d+) work items have an AreaPath matching {string} and (\d+) does not
  ^
Only the characters '{', '}', '(', ')', '\', '/' and whitespace can be escaped.
If you did mean to use an '\' you can use '\\' to escape it
 This Cucumber Expression has a problem at column 3:

(\d+) work item has an AreaPath matching {string} and (\d+) do not
  ^
Only the characters '{', '}', '(', ')', '\', '/' and whitespace can be escaped.
If you did mean to use an '\' you can use '\\' to escape it
 And the package contains work item revision folders in canonical chronological order
 -> binding error: Binding error(s) found: 
 This Cucumber Expression has a problem at column 3:

(\d+) work items exist in the project: (\d+) under {string} and (\d+) under {string}
  ^
Only the characters '{', '}', '(', ')', '\', '/' and whitespace can be escaped.
If you did mean to use an '\' you can use '\\' to escape it
 This Cucumber Expression has a problem at column 3:

(\d+) work items have an AreaPath matching {string} and (\d+) does not
  ^
Only the characters '{', '}', '(', ')', '\', '/' and whitespace can be escaped.
If you did mean to use an '\' you can use '\\' to escape it
 This Cucumber Expression has a problem at column 3:

(\d+) work item has an AreaPath matching {string} and (\d+) do not
  ^
Only the characters '{', '}', '(', ')', '\', '/' and whitespace can be escaped.
If you did mean to use an '\' you can use '\\' to escape it
 Given the package contains 50000 revision folders
 -> binding error: Binding error(s) found: 
 This Cucumber Expression has a problem at column 3:

(\d+) work items exist in the project: (\d+) under {string} and (\d+) under {string}
  ^
Only the characters '{', '}', '(', ')', '\', '/' and whitespace can be escaped.
If you did mean to use an '\' you can use '\\' to escape it
 This Cucumber Expression has a problem at column 3:

(\d+) work items have an AreaPath matching {string} and (\d+) does not
  ^
Only the characters '{', '}', '(', ')', '\', '/' and whitespace can be escaped.
If you did mean to use an '\' you can use '\\' to escape it
 This Cucumber Expression has a problem at column 3:

(\d+) work item has an AreaPath matching {string} and (\d+) do not
  ^
Only the characters '{', '}', '(', ')', '\', '/' and whitespace can be escaped.
If you did mean to use an '\' you can use '\\' to escape it
 When the WorkItems import module runs
 -> binding error: Binding error(s) found: 
 This Cucumber Expression has a problem at column 3:

(\d+) work items exist in the project: (\d+) under {string} and (\d+) under {string}
  ^
Only the characters '{', '}', '(', ')', '\', '/' and whitespace can be escaped.
If you did mean to use an '\' you can use '\\' to escape it
 This Cucumber Expression has a problem at column 3:

(\d+) work items have an AreaPath matching {string} and (\d+) does not
  ^
Only the characters '{', '}', '(', ')', '\', '/' and whitespace can be escaped.
If you did mean to use an '\' you can use '\\' to escape it
 This Cucumber Expression has a problem at column 3:

(\d+) work item has an AreaPath matching {string} and (\d+) do not
  ^
Only the characters '{', '}', '(', ')', '\', '/' and whitespace can be escaped.
If you did mean to use an '\' you can use '\\' to escape it
 Then revisions are enumerated and applied one folder at a time
 -> binding error: Binding error(s) found: 
 This Cucumber Expression has a problem at column 3:

(\d+) work items exist in the project: (\d+) under {string} and (\d+) under {string}
  ^
Only the characters '{', '}', '(', ')', '\', '/' and whitespace can be escaped.
If you did mean to use an '\' you can use '\\' to escape it
 This Cucumber Expression has a problem at column 3:

(\d+) work items have an AreaPath matching {string} and (\d+) does not
  ^
Only the characters '{', '}', '(', ')', '\', '/' and whitespace can be escaped.
If you did mean to use an '\' you can use '\\' to escape it
 This Cucumber Expression has a problem at column 3:

(\d+) work item has an AreaPath matching {string} and (\d+) do not
  ^
Only the characters '{', '}', '(', ')', '\', '/' and whitespace can be escaped.
If you did mean to use an '\' you can use '\\' to escape it
 And the import does not require all revisions to be known before processing begins
 -> binding error: Binding error(s) found: 
 This Cucumber Expression has a problem at column 3:

(\d+) work items exist in the project: (\d+) under {string} and (\d+) under {string}
  ^
Only the characters '{', '}', '(', ')', '\', '/' and whitespace can be escaped.
If you did mean to use an '\' you can use '\\' to escape it
 This Cucumber Expression has a problem at column 3:

(\d+) work items have an AreaPath matching {string} and (\d+) does not
  ^
Only the characters '{', '}', '(', ')', '\', '/' and whitespace can be escaped.
If you did mean to use an '\' you can use '\\' to escape it
 This Cucumber Expression has a problem at column 3:

(\d+) work item has an AreaPath matching {string} and (\d+) do not
  ^
Only the characters '{', '}', '(', ')', '\', '/' and whitespace can be escaped.
If you did mean to use an '\' you can use '\\' to escape it


  Failed ImportReadsRevision_JsonAndAppliesAllFieldsToTheTargetWorkItem [1 ms]
  Error Message:
   Test method DevOpsMigrationPlatform.Infrastructure.Tests.Features.StreamingImportReplayFeature.ImportReadsRevision_JsonAndAppliesAllFieldsToTheTargetWorkItem threw exception: 
Reqnroll.BindingException: Binding error(s) found: 
This Cucumber Expression has a problem at column 3:

(\d+) work items exist in the project: (\d+) under {string} and (\d+) under {string}
  ^
Only the characters '{', '}', '(', ')', '\', '/' and whitespace can be escaped.
If you did mean to use an '\' you can use '\\' to escape it
This Cucumber Expression has a problem at column 3:

(\d+) work items have an AreaPath matching {string} and (\d+) does not
  ^
Only the characters '{', '}', '(', ')', '\', '/' and whitespace can be escaped.
If you did mean to use an '\' you can use '\\' to escape it
This Cucumber Expression has a problem at column 3:

(\d+) work item has an AreaPath matching {string} and (\d+) do not
  ^
Only the characters '{', '}', '(', ')', '\', '/' and whitespace can be escaped.
If you did mean to use an '\' you can use '\\' to escape it
  Stack Trace:
     at Reqnroll.ErrorHandling.ErrorProvider.GetInvalidBindingRegistryError(IEnumerable`1 errors)
   at Reqnroll.Infrastructure.TestExecutionEngine.GetStepMatch(StepInstance stepInstance)
   at Reqnroll.Infrastructure.TestExecutionEngine.ExecuteStepAsync(IContextManager contextManager, StepInstance stepInstance)
   at Reqnroll.Infrastructure.TestExecutionEngine.OnAfterLastStepAsync()
   at Reqnroll.TestRunner.CollectScenarioErrorsAsync()
   at DevOpsMigrationPlatform.Infrastructure.Tests.Features.StreamingImportReplayFeature.ScenarioCleanupAsync()
   at DevOpsMigrationPlatform.Infrastructure.Tests.Features.StreamingImportReplayFeature.ImportReadsRevision_JsonAndAppliesAllFieldsToTheTargetWorkItem() in C:\Users\MartinHinshelwoodNKD\source\repos\azure-devops-migration-platform\tests\DevOpsMigrationPlatform.Infrastructure.Tests\Features\import-work-item-revisions.feature:line 28
--- End of stack trace from previous location ---

  Standard Output Messages:
 
 
 TestContext Messages:
 Given a valid migration package exists at the configured package root
 -> binding error: Binding error(s) found: 
 This Cucumber Expression has a problem at column 3:

(\d+) work items exist in the project: (\d+) under {string} and (\d+) under {string}
  ^
Only the characters '{', '}', '(', ')', '\', '/' and whitespace can be escaped.
If you did mean to use an '\' you can use '\\' to escape it
 This Cucumber Expression has a problem at column 3:

(\d+) work items have an AreaPath matching {string} and (\d+) does not
  ^
Only the characters '{', '}', '(', ')', '\', '/' and whitespace can be escaped.
If you did mean to use an '\' you can use '\\' to escape it
 This Cucumber Expression has a problem at column 3:

(\d+) work item has an AreaPath matching {string} and (\d+) do not
  ^
Only the characters '{', '}', '(', ')', '\', '/' and whitespace can be escaped.
If you did mean to use an '\' you can use '\\' to escape it
 And the package contains work item revision folders in canonical chronological order
 -> binding error: Binding error(s) found: 
 This Cucumber Expression has a problem at column 3:

(\d+) work items exist in the project: (\d+) under {string} and (\d+) under {string}
  ^
Only the characters '{', '}', '(', ')', '\', '/' and whitespace can be escaped.
If you did mean to use an '\' you can use '\\' to escape it
 This Cucumber Expression has a problem at column 3:

(\d+) work items have an AreaPath matching {string} and (\d+) does not
  ^
Only the characters '{', '}', '(', ')', '\', '/' and whitespace can be escaped.
If you did mean to use an '\' you can use '\\' to escape it
 This Cucumber Expression has a problem at column 3:

(\d+) work item has an AreaPath matching {string} and (\d+) do not
  ^
Only the characters '{', '}', '(', ')', '\', '/' and whitespace can be escaped.
If you did mean to use an '\' you can use '\\' to escape it
 Given a revision folder contains a "revision.json" with title, state, and assigned-to fields
 -> binding error: Binding error(s) found: 
 This Cucumber Expression has a problem at column 3:

(\d+) work items exist in the project: (\d+) under {string} and (\d+) under {string}
  ^
Only the characters '{', '}', '(', ')', '\', '/' and whitespace can be escaped.
If you did mean to use an '\' you can use '\\' to escape it
 This Cucumber Expression has a problem at column 3:

(\d+) work items have an AreaPath matching {string} and (\d+) does not
  ^
Only the characters '{', '}', '(', ')', '\', '/' and whitespace can be escaped.
If you did mean to use an '\' you can use '\\' to escape it
 This Cucumber Expression has a problem at column 3:

(\d+) work item has an AreaPath matching {string} and (\d+) do not
  ^
Only the characters '{', '}', '(', ')', '\', '/' and whitespace can be escaped.
If you did mean to use an '\' you can use '\\' to escape it
 When the WorkItems import module processes that revision folder
 -> binding error: Binding error(s) found: 
 This Cucumber Expression has a problem at column 3:

(\d+) work items exist in the project: (\d+) under {string} and (\d+) under {string}
  ^
Only the characters '{', '}', '(', ')', '\', '/' and whitespace can be escaped.
If you did mean to use an '\' you can use '\\' to escape it
 This Cucumber Expression has a problem at column 3:

(\d+) work items have an AreaPath matching {string} and (\d+) does not
  ^
Only the characters '{', '}', '(', ')', '\', '/' and whitespace can be escaped.
If you did mean to use an '\' you can use '\\' to escape it
 This Cucumber Expression has a problem at column 3:

(\d+) work item has an AreaPath matching {string} and (\d+) do not
  ^
Only the characters '{', '}', '(', ')', '\', '/' and whitespace can be escaped.
If you did mean to use an '\' you can use '\\' to escape it
 Then the target work item is updated with the title, state, and assigned-to from revision.json
 -> binding error: Binding error(s) found: 
 This Cucumber Expression has a problem at column 3:

(\d+) work items exist in the project: (\d+) under {string} and (\d+) under {string}
  ^
Only the characters '{', '}', '(', ')', '\', '/' and whitespace can be escaped.
If you did mean to use an '\' you can use '\\' to escape it
 This Cucumber Expression has a problem at column 3:

(\d+) work items have an AreaPath matching {string} and (\d+) does not
  ^
Only the characters '{', '}', '(', ')', '\', '/' and whitespace can be escaped.
If you did mean to use an '\' you can use '\\' to escape it
 This Cucumber Expression has a problem at column 3:

(\d+) work item has an AreaPath matching {string} and (\d+) do not
  ^
Only the characters '{', '}', '(', ')', '\', '/' and whitespace can be escaped.
If you did mean to use an '\' you can use '\\' to escape it


  Failed ImportResolvesIdentitiesViaTheIdentityMappingServiceAndNotInline [1 ms]
  Error Message:
   Test method DevOpsMigrationPlatform.Infrastructure.Tests.Features.StreamingImportReplayFeature.ImportResolvesIdentitiesViaTheIdentityMappingServiceAndNotInline threw exception: 
Reqnroll.BindingException: Binding error(s) found: 
This Cucumber Expression has a problem at column 3:

(\d+) work items exist in the project: (\d+) under {string} and (\d+) under {string}
  ^
Only the characters '{', '}', '(', ')', '\', '/' and whitespace can be escaped.
If you did mean to use an '\' you can use '\\' to escape it
This Cucumber Expression has a problem at column 3:

(\d+) work items have an AreaPath matching {string} and (\d+) does not
  ^
Only the characters '{', '}', '(', ')', '\', '/' and whitespace can be escaped.
If you did mean to use an '\' you can use '\\' to escape it
This Cucumber Expression has a problem at column 3:

(\d+) work item has an AreaPath matching {string} and (\d+) do not
  ^
Only the characters '{', '}', '(', ')', '\', '/' and whitespace can be escaped.
If you did mean to use an '\' you can use '\\' to escape it
  Stack Trace:
     at Reqnroll.ErrorHandling.ErrorProvider.GetInvalidBindingRegistryError(IEnumerable`1 errors)
   at Reqnroll.Infrastructure.TestExecutionEngine.GetStepMatch(StepInstance stepInstance)
   at Reqnroll.Infrastructure.TestExecutionEngine.ExecuteStepAsync(IContextManager contextManager, StepInstance stepInstance)
   at Reqnroll.Infrastructure.TestExecutionEngine.OnAfterLastStepAsync()
   at Reqnroll.TestRunner.CollectScenarioErrorsAsync()
   at DevOpsMigrationPlatform.Infrastructure.Tests.Features.StreamingImportReplayFeature.ScenarioCleanupAsync()
   at DevOpsMigrationPlatform.Infrastructure.Tests.Features.StreamingImportReplayFeature.ImportResolvesIdentitiesViaTheIdentityMappingServiceAndNotInline() in C:\Users\MartinHinshelwoodNKD\source\repos\azure-devops-migration-platform\tests\DevOpsMigrationPlatform.Infrastructure.Tests\Features\import-work-item-revisions.feature:line 35
--- End of stack trace from previous location ---

  Standard Output Messages:
 
 
 TestContext Messages:
 Given a valid migration package exists at the configured package root
 -> binding error: Binding error(s) found: 
 This Cucumber Expression has a problem at column 3:

(\d+) work items exist in the project: (\d+) under {string} and (\d+) under {string}
  ^
Only the characters '{', '}', '(', ')', '\', '/' and whitespace can be escaped.
If you did mean to use an '\' you can use '\\' to escape it
 This Cucumber Expression has a problem at column 3:

(\d+) work items have an AreaPath matching {string} and (\d+) does not
  ^
Only the characters '{', '}', '(', ')', '\', '/' and whitespace can be escaped.
If you did mean to use an '\' you can use '\\' to escape it
 This Cucumber Expression has a problem at column 3:

(\d+) work item has an AreaPath matching {string} and (\d+) do not
  ^
Only the characters '{', '}', '(', ')', '\', '/' and whitespace can be escaped.
If you did mean to use an '\' you can use '\\' to escape it
 And the package contains work item revision folders in canonical chronological order
 -> binding error: Binding error(s) found: 
 This Cucumber Expression has a problem at column 3:

(\d+) work items exist in the project: (\d+) under {string} and (\d+) under {string}
  ^
Only the characters '{', '}', '(', ')', '\', '/' and whitespace can be escaped.
If you did mean to use an '\' you can use '\\' to escape it
 This Cucumber Expression has a problem at column 3:

(\d+) work items have an AreaPath matching {string} and (\d+) does not
  ^
Only the characters '{', '}', '(', ')', '\', '/' and whitespace can be escaped.
If you did mean to use an '\' you can use '\\' to escape it
 This Cucumber Expression has a problem at column 3:

(\d+) work item has an AreaPath matching {string} and (\d+) do not
  ^
Only the characters '{', '}', '(', ')', '\', '/' and whitespace can be escaped.
If you did mean to use an '\' you can use '\\' to escape it
 Given a revision.json contains an "assignedTo" field with a source identity
 -> binding error: Binding error(s) found: 
 This Cucumber Expression has a problem at column 3:

(\d+) work items exist in the project: (\d+) under {string} and (\d+) under {string}
  ^
Only the characters '{', '}', '(', ')', '\', '/' and whitespace can be escaped.
If you did mean to use an '\' you can use '\\' to escape it
 This Cucumber Expression has a problem at column 3:

(\d+) work items have an AreaPath matching {string} and (\d+) does not
  ^
Only the characters '{', '}', '(', ')', '\', '/' and whitespace can be escaped.
If you did mean to use an '\' you can use '\\' to escape it
 This Cucumber Expression has a problem at column 3:

(\d+) work item has an AreaPath matching {string} and (\d+) do not
  ^
Only the characters '{', '}', '(', ')', '\', '/' and whitespace can be escaped.
If you did mean to use an '\' you can use '\\' to escape it
 When the WorkItems import module applies the revision
 -> binding error: Binding error(s) found: 
 This Cucumber Expression has a problem at column 3:

(\d+) work items exist in the project: (\d+) under {string} and (\d+) under {string}
  ^
Only the characters '{', '}', '(', ')', '\', '/' and whitespace can be escaped.
If you did mean to use an '\' you can use '\\' to escape it
 This Cucumber Expression has a problem at column 3:

(\d+) work items have an AreaPath matching {string} and (\d+) does not
  ^
Only the characters '{', '}', '(', ')', '\', '/' and whitespace can be escaped.
If you did mean to use an '\' you can use '\\' to escape it
 This Cucumber Expression has a problem at column 3:

(\d+) work item has an AreaPath matching {string} and (\d+) do not
  ^
Only the characters '{', '}', '(', ')', '\', '/' and whitespace can be escaped.
If you did mean to use an '\' you can use '\\' to escape it
 Then the assigned-to value is resolved via the configured identity mapping
 -> binding error: Binding error(s) found: 
 This Cucumber Expression has a problem at column 3:

(\d+) work items exist in the project: (\d+) under {string} and (\d+) under {string}
  ^
Only the characters '{', '}', '(', ')', '\', '/' and whitespace can be escaped.
If you did mean to use an '\' you can use '\\' to escape it
 This Cucumber Expression has a problem at column 3:

(\d+) work items have an AreaPath matching {string} and (\d+) does not
  ^
Only the characters '{', '}', '(', ')', '\', '/' and whitespace can be escaped.
If you did mean to use an '\' you can use '\\' to escape it
 This Cucumber Expression has a problem at column 3:

(\d+) work item has an AreaPath matching {string} and (\d+) do not
  ^
Only the characters '{', '}', '(', ')', '\', '/' and whitespace can be escaped.
If you did mean to use an '\' you can use '\\' to escape it
 And no direct identity lookup is performed during revision application
 -> binding error: Binding error(s) found: 
 This Cucumber Expression has a problem at column 3:

(\d+) work items exist in the project: (\d+) under {string} and (\d+) under {string}
  ^
Only the characters '{', '}', '(', ')', '\', '/' and whitespace can be escaped.
If you did mean to use an '\' you can use '\\' to escape it
 This Cucumber Expression has a problem at column 3:

(\d+) work items have an AreaPath matching {string} and (\d+) does not
  ^
Only the characters '{', '}', '(', ')', '\', '/' and whitespace can be escaped.
If you did mean to use an '\' you can use '\\' to escape it
 This Cucumber Expression has a problem at column 3:

(\d+) work item has an AreaPath matching {string} and (\d+) do not
  ^
Only the characters '{', '}', '(', ')', '\', '/' and whitespace can be escaped.
If you did mean to use an '\' you can use '\\' to escape it


  Failed ImportCallsOnlyTheTargetAPIAndNeverTheSourceAPI [1 ms]
  Error Message:
   Test method DevOpsMigrationPlatform.Infrastructure.Tests.Features.StreamingImportReplayFeature.ImportCallsOnlyTheTargetAPIAndNeverTheSourceAPI threw exception: 
Reqnroll.BindingException: Binding error(s) found: 
This Cucumber Expression has a problem at column 3:

(\d+) work items exist in the project: (\d+) under {string} and (\d+) under {string}
  ^
Only the characters '{', '}', '(', ')', '\', '/' and whitespace can be escaped.
If you did mean to use an '\' you can use '\\' to escape it
This Cucumber Expression has a problem at column 3:

(\d+) work items have an AreaPath matching {string} and (\d+) does not
  ^
Only the characters '{', '}', '(', ')', '\', '/' and whitespace can be escaped.
If you did mean to use an '\' you can use '\\' to escape it
This Cucumber Expression has a problem at column 3:

(\d+) work item has an AreaPath matching {string} and (\d+) do not
  ^
Only the characters '{', '}', '(', ')', '\', '/' and whitespace can be escaped.
If you did mean to use an '\' you can use '\\' to escape it
  Stack Trace:
     at Reqnroll.ErrorHandling.ErrorProvider.GetInvalidBindingRegistryError(IEnumerable`1 errors)
   at Reqnroll.Infrastructure.TestExecutionEngine.GetStepMatch(StepInstance stepInstance)
   at Reqnroll.Infrastructure.TestExecutionEngine.ExecuteStepAsync(IContextManager contextManager, StepInstance stepInstance)
   at Reqnroll.Infrastructure.TestExecutionEngine.OnAfterLastStepAsync()
   at Reqnroll.TestRunner.CollectScenarioErrorsAsync()
   at DevOpsMigrationPlatform.Infrastructure.Tests.Features.StreamingImportReplayFeature.ScenarioCleanupAsync()
   at DevOpsMigrationPlatform.Infrastructure.Tests.Features.StreamingImportReplayFeature.ImportCallsOnlyTheTargetAPIAndNeverTheSourceAPI() in C:\Users\MartinHinshelwoodNKD\source\repos\azure-devops-migration-platform\tests\DevOpsMigrationPlatform.Infrastructure.Tests\Features\import-work-item-revisions.feature:line 42
--- End of stack trace from previous location ---

  Standard Output Messages:
 
 
 TestContext Messages:
 Given a valid migration package exists at the configured package root
 -> binding error: Binding error(s) found: 
 This Cucumber Expression has a problem at column 3:

(\d+) work items exist in the project: (\d+) under {string} and (\d+) under {string}
  ^
Only the characters '{', '}', '(', ')', '\', '/' and whitespace can be escaped.
If you did mean to use an '\' you can use '\\' to escape it
 This Cucumber Expression has a problem at column 3:

(\d+) work items have an AreaPath matching {string} and (\d+) does not
  ^
Only the characters '{', '}', '(', ')', '\', '/' and whitespace can be escaped.
If you did mean to use an '\' you can use '\\' to escape it
 This Cucumber Expression has a problem at column 3:

(\d+) work item has an AreaPath matching {string} and (\d+) do not
  ^
Only the characters '{', '}', '(', ')', '\', '/' and whitespace can be escaped.
If you did mean to use an '\' you can use '\\' to escape it
 And the package contains work item revision folders in canonical chronological order
 -> binding error: Binding error(s) found: 
 This Cucumber Expression has a problem at column 3:

(\d+) work items exist in the project: (\d+) under {string} and (\d+) under {string}
  ^
Only the characters '{', '}', '(', ')', '\', '/' and whitespace can be escaped.
If you did mean to use an '\' you can use '\\' to escape it
 This Cucumber Expression has a problem at column 3:

(\d+) work items have an AreaPath matching {string} and (\d+) does not
  ^
Only the characters '{', '}', '(', ')', '\', '/' and whitespace can be escaped.
If you did mean to use an '\' you can use '\\' to escape it
 This Cucumber Expression has a problem at column 3:

(\d+) work item has an AreaPath matching {string} and (\d+) do not
  ^
Only the characters '{', '}', '(', ')', '\', '/' and whitespace can be escaped.
If you did mean to use an '\' you can use '\\' to escape it
 Given the import module is processing a revision folder
 -> binding error: Binding error(s) found: 
 This Cucumber Expression has a problem at column 3:

(\d+) work items exist in the project: (\d+) under {string} and (\d+) under {string}
  ^
Only the characters '{', '}', '(', ')', '\', '/' and whitespace can be escaped.
If you did mean to use an '\' you can use '\\' to escape it
 This Cucumber Expression has a problem at column 3:

(\d+) work items have an AreaPath matching {string} and (\d+) does not
  ^
Only the characters '{', '}', '(', ')', '\', '/' and whitespace can be escaped.
If you did mean to use an '\' you can use '\\' to escape it
 This Cucumber Expression has a problem at column 3:

(\d+) work item has an AreaPath matching {string} and (\d+) do not
  ^
Only the characters '{', '}', '(', ')', '\', '/' and whitespace can be escaped.
If you did mean to use an '\' you can use '\\' to escape it
 When the import module applies the revision to the target
 -> binding error: Binding error(s) found: 
 This Cucumber Expression has a problem at column 3:

(\d+) work items exist in the project: (\d+) under {string} and (\d+) under {string}
  ^
Only the characters '{', '}', '(', ')', '\', '/' and whitespace can be escaped.
If you did mean to use an '\' you can use '\\' to escape it
 This Cucumber Expression has a problem at column 3:

(\d+) work items have an AreaPath matching {string} and (\d+) does not
  ^
Only the characters '{', '}', '(', ')', '\', '/' and whitespace can be escaped.
If you did mean to use an '\' you can use '\\' to escape it
 This Cucumber Expression has a problem at column 3:

(\d+) work item has an AreaPath matching {string} and (\d+) do not
  ^
Only the characters '{', '}', '(', ')', '\', '/' and whitespace can be escaped.
If you did mean to use an '\' you can use '\\' to escape it
 Then only target-side API calls are made
 -> binding error: Binding error(s) found: 
 This Cucumber Expression has a problem at column 3:

(\d+) work items exist in the project: (\d+) under {string} and (\d+) under {string}
  ^
Only the characters '{', '}', '(', ')', '\', '/' and whitespace can be escaped.
If you did mean to use an '\' you can use '\\' to escape it
 This Cucumber Expression has a problem at column 3:

(\d+) work items have an AreaPath matching {string} and (\d+) does not
  ^
Only the characters '{', '}', '(', ')', '\', '/' and whitespace can be escaped.
If you did mean to use an '\' you can use '\\' to escape it
 This Cucumber Expression has a problem at column 3:

(\d+) work item has an AreaPath matching {string} and (\d+) do not
  ^
Only the characters '{', '}', '(', ')', '\', '/' and whitespace can be escaped.
If you did mean to use an '\' you can use '\\' to escape it
 And the source system is not contacted during import
 -> binding error: Binding error(s) found: 
 This Cucumber Expression has a problem at column 3:

(\d+) work items exist in the project: (\d+) under {string} and (\d+) under {string}
  ^
Only the characters '{', '}', '(', ')', '\', '/' and whitespace can be escaped.
If you did mean to use an '\' you can use '\\' to escape it
 This Cucumber Expression has a problem at column 3:

(\d+) work items have an AreaPath matching {string} and (\d+) does not
  ^
Only the characters '{', '}', '(', ')', '\', '/' and whitespace can be escaped.
If you did mean to use an '\' you can use '\\' to escape it
 This Cucumber Expression has a problem at column 3:

(\d+) work item has an AreaPath matching {string} and (\d+) do not
  ^
Only the characters '{', '}', '(', ')', '\', '/' and whitespace can be escaped.
If you did mean to use an '\' you can use '\\' to escape it


  Failed ImportRecreatesTheAttachmentOnTheTargetFromTheRevisionFolder [1 ms]
  Error Message:
   Test method DevOpsMigrationPlatform.Infrastructure.Tests.Features.StreamingImportReplayFeature.ImportRecreatesTheAttachmentOnTheTargetFromTheRevisionFolder threw exception: 
Reqnroll.BindingException: Binding error(s) found: 
This Cucumber Expression has a problem at column 3:

(\d+) work items exist in the project: (\d+) under {string} and (\d+) under {string}
  ^
Only the characters '{', '}', '(', ')', '\', '/' and whitespace can be escaped.
If you did mean to use an '\' you can use '\\' to escape it
This Cucumber Expression has a problem at column 3:

(\d+) work items have an AreaPath matching {string} and (\d+) does not
  ^
Only the characters '{', '}', '(', ')', '\', '/' and whitespace can be escaped.
If you did mean to use an '\' you can use '\\' to escape it
This Cucumber Expression has a problem at column 3:

(\d+) work item has an AreaPath matching {string} and (\d+) do not
  ^
Only the characters '{', '}', '(', ')', '\', '/' and whitespace can be escaped.
If you did mean to use an '\' you can use '\\' to escape it
  Stack Trace:
     at Reqnroll.ErrorHandling.ErrorProvider.GetInvalidBindingRegistryError(IEnumerable`1 errors)
   at Reqnroll.Infrastructure.TestExecutionEngine.GetStepMatch(StepInstance stepInstance)
   at Reqnroll.Infrastructure.TestExecutionEngine.ExecuteStepAsync(IContextManager contextManager, StepInstance stepInstance)
   at Reqnroll.Infrastructure.TestExecutionEngine.OnAfterLastStepAsync()
   at Reqnroll.TestRunner.CollectScenarioErrorsAsync()
   at DevOpsMigrationPlatform.Infrastructure.Tests.Features.StreamingImportReplayFeature.ScenarioCleanupAsync()
   at DevOpsMigrationPlatform.Infrastructure.Tests.Features.StreamingImportReplayFeature.ImportRecreatesTheAttachmentOnTheTargetFromTheRevisionFolder() in C:\Users\MartinHinshelwoodNKD\source\repos\azure-devops-migration-platform\tests\DevOpsMigrationPlatform.Infrastructure.Tests\Features\import-work-item-revisions.feature:line 49
--- End of stack trace from previous location ---

  Standard Output Messages:
 
 
 TestContext Messages:
 Given a valid migration package exists at the configured package root
 -> binding error: Binding error(s) found: 
 This Cucumber Expression has a problem at column 3:

(\d+) work items exist in the project: (\d+) under {string} and (\d+) under {string}
  ^
Only the characters '{', '}', '(', ')', '\', '/' and whitespace can be escaped.
If you did mean to use an '\' you can use '\\' to escape it
 This Cucumber Expression has a problem at column 3:

(\d+) work items have an AreaPath matching {string} and (\d+) does not
  ^
Only the characters '{', '}', '(', ')', '\', '/' and whitespace can be escaped.
If you did mean to use an '\' you can use '\\' to escape it
 This Cucumber Expression has a problem at column 3:

(\d+) work item has an AreaPath matching {string} and (\d+) do not
  ^
Only the characters '{', '}', '(', ')', '\', '/' and whitespace can be escaped.
If you did mean to use an '\' you can use '\\' to escape it
 And the package contains work item revision folders in canonical chronological order
 -> binding error: Binding error(s) found: 
 This Cucumber Expression has a problem at column 3:

(\d+) work items exist in the project: (\d+) under {string} and (\d+) under {string}
  ^
Only the characters '{', '}', '(', ')', '\', '/' and whitespace can be escaped.
If you did mean to use an '\' you can use '\\' to escape it
 This Cucumber Expression has a problem at column 3:

(\d+) work items have an AreaPath matching {string} and (\d+) does not
  ^
Only the characters '{', '}', '(', ')', '\', '/' and whitespace can be escaped.
If you did mean to use an '\' you can use '\\' to escape it
 This Cucumber Expression has a problem at column 3:

(\d+) work item has an AreaPath matching {string} and (\d+) do not
  ^
Only the characters '{', '}', '(', ')', '\', '/' and whitespace can be escaped.
If you did mean to use an '\' you can use '\\' to escape it
 Given a revision folder contains "revision.json" and "screenshot.png"
 -> binding error: Binding error(s) found: 
 This Cucumber Expression has a problem at column 3:

(\d+) work items exist in the project: (\d+) under {string} and (\d+) under {string}
  ^
Only the characters '{', '}', '(', ')', '\', '/' and whitespace can be escaped.
If you did mean to use an '\' you can use '\\' to escape it
 This Cucumber Expression has a problem at column 3:

(\d+) work items have an AreaPath matching {string} and (\d+) does not
  ^
Only the characters '{', '}', '(', ')', '\', '/' and whitespace can be escaped.
If you did mean to use an '\' you can use '\\' to escape it
 This Cucumber Expression has a problem at column 3:

(\d+) work item has an AreaPath matching {string} and (\d+) do not
  ^
Only the characters '{', '}', '(', ')', '\', '/' and whitespace can be escaped.
If you did mean to use an '\' you can use '\\' to escape it
 When the WorkItems import module processes the revision folder
 -> binding error: Binding error(s) found: 
 This Cucumber Expression has a problem at column 3:

(\d+) work items exist in the project: (\d+) under {string} and (\d+) under {string}
  ^
Only the characters '{', '}', '(', ')', '\', '/' and whitespace can be escaped.
If you did mean to use an '\' you can use '\\' to escape it
 This Cucumber Expression has a problem at column 3:

(\d+) work items have an AreaPath matching {string} and (\d+) does not
  ^
Only the characters '{', '}', '(', ')', '\', '/' and whitespace can be escaped.
If you did mean to use an '\' you can use '\\' to escape it
 This Cucumber Expression has a problem at column 3:

(\d+) work item has an AreaPath matching {string} and (\d+) do not
  ^
Only the characters '{', '}', '(', ')', '\', '/' and whitespace can be escaped.
If you did mean to use an '\' you can use '\\' to escape it
 Then "screenshot.png" is uploaded to the target work item at the correct revision
 -> binding error: Binding error(s) found: 
 This Cucumber Expression has a problem at column 3:

(\d+) work items exist in the project: (\d+) under {string} and (\d+) under {string}
  ^
Only the characters '{', '}', '(', ')', '\', '/' and whitespace can be escaped.
If you did mean to use an '\' you can use '\\' to escape it
 This Cucumber Expression has a problem at column 3:

(\d+) work items have an AreaPath matching {string} and (\d+) does not
  ^
Only the characters '{', '}', '(', ')', '\', '/' and whitespace can be escaped.
If you did mean to use an '\' you can use '\\' to escape it
 This Cucumber Expression has a problem at column 3:

(\d+) work item has an AreaPath matching {string} and (\d+) do not
  ^
Only the characters '{', '}', '(', ')', '\', '/' and whitespace can be escaped.
If you did mean to use an '\' you can use '\\' to escape it
 And the attachment metadata in the target matches the reference in "revision.json"
 -> binding error: Binding error(s) found: 
 This Cucumber Expression has a problem at column 3:

(\d+) work items exist in the project: (\d+) under {string} and (\d+) under {string}
  ^
Only the characters '{', '}', '(', ')', '\', '/' and whitespace can be escaped.
If you did mean to use an '\' you can use '\\' to escape it
 This Cucumber Expression has a problem at column 3:

(\d+) work items have an AreaPath matching {string} and (\d+) does not
  ^
Only the characters '{', '}', '(', ')', '\', '/' and whitespace can be escaped.
If you did mean to use an '\' you can use '\\' to escape it
 This Cucumber Expression has a problem at column 3:

(\d+) work item has an AreaPath matching {string} and (\d+) do not
  ^
Only the characters '{', '}', '(', ')', '\', '/' and whitespace can be escaped.
If you did mean to use an '\' you can use '\\' to escape it


  Failed SnapshotModePrintsNDJSONLinesAndExits0 [2 ms]
  Error Message:
   Test method DevOpsMigrationPlatform.Infrastructure.Tests.Features.MigrateLogsCommandFeature.SnapshotModePrintsNDJSONLinesAndExits0 threw exception: 
Reqnroll.BindingException: Binding error(s) found: 
This Cucumber Expression has a problem at column 3:

(\d+) work items exist in the project: (\d+) under {string} and (\d+) under {string}
  ^
Only the characters '{', '}', '(', ')', '\', '/' and whitespace can be escaped.
If you did mean to use an '\' you can use '\\' to escape it
This Cucumber Expression has a problem at column 3:

(\d+) work items have an AreaPath matching {string} and (\d+) does not
  ^
Only the characters '{', '}', '(', ')', '\', '/' and whitespace can be escaped.
If you did mean to use an '\' you can use '\\' to escape it
This Cucumber Expression has a problem at column 3:

(\d+) work item has an AreaPath matching {string} and (\d+) do not
  ^
Only the characters '{', '}', '(', ')', '\', '/' and whitespace can be escaped.
If you did mean to use an '\' you can use '\\' to escape it
  Stack Trace:
     at Reqnroll.ErrorHandling.ErrorProvider.GetInvalidBindingRegistryError(IEnumerable`1 errors)
   at Reqnroll.Infrastructure.TestExecutionEngine.GetStepMatch(StepInstance stepInstance)
   at Reqnroll.Infrastructure.TestExecutionEngine.ExecuteStepAsync(IContextManager contextManager, StepInstance stepInstance)
   at Reqnroll.Infrastructure.TestExecutionEngine.OnAfterLastStepAsync()
   at Reqnroll.TestRunner.CollectScenarioErrorsAsync()
   at DevOpsMigrationPlatform.Infrastructure.Tests.Features.MigrateLogsCommandFeature.ScenarioCleanupAsync()
   at DevOpsMigrationPlatform.Infrastructure.Tests.Features.MigrateLogsCommandFeature.SnapshotModePrintsNDJSONLinesAndExits0() in C:\Users\MartinHinshelwoodNKD\source\repos\azure-devops-migration-platform\tests\DevOpsMigrationPlatform.Infrastructure.Tests\Features\migrate-logs.feature:line 11
--- End of stack trace from previous location ---

  Standard Output Messages:
 
 
 TestContext Messages:
 Given a job "44444444-4444-4444-4444-444444444444" has stored ProgressEvents on the Control Plane
 -> binding error: Binding error(s) found: 
 This Cucumber Expression has a problem at column 3:

(\d+) work items exist in the project: (\d+) under {string} and (\d+) under {string}
  ^
Only the characters '{', '}', '(', ')', '\', '/' and whitespace can be escaped.
If you did mean to use an '\' you can use '\\' to escape it
 This Cucumber Expression has a problem at column 3:

(\d+) work items have an AreaPath matching {string} and (\d+) does not
  ^
Only the characters '{', '}', '(', ')', '\', '/' and whitespace can be escaped.
If you did mean to use an '\' you can use '\\' to escape it
 This Cucumber Expression has a problem at column 3:

(\d+) work item has an AreaPath matching {string} and (\d+) do not
  ^
Only the characters '{', '}', '(', ')', '\', '/' and whitespace can be escaped.
If you did mean to use an '\' you can use '\\' to escape it
 When I run "migrate logs --job 44444444-4444-4444-4444-444444444444"
 -> binding error: Binding error(s) found: 
 This Cucumber Expression has a problem at column 3:

(\d+) work items exist in the project: (\d+) under {string} and (\d+) under {string}
  ^
Only the characters '{', '}', '(', ')', '\', '/' and whitespace can be escaped.
If you did mean to use an '\' you can use '\\' to escape it
 This Cucumber Expression has a problem at column 3:

(\d+) work items have an AreaPath matching {string} and (\d+) does not
  ^
Only the characters '{', '}', '(', ')', '\', '/' and whitespace can be escaped.
If you did mean to use an '\' you can use '\\' to escape it
 This Cucumber Expression has a problem at column 3:

(\d+) work item has an AreaPath matching {string} and (\d+) do not
  ^
Only the characters '{', '}', '(', ')', '\', '/' and whitespace can be escaped.
If you did mean to use an '\' you can use '\\' to escape it
 Then each event is written to stdout as a compact JSON line
 -> binding error: Binding error(s) found: 
 This Cucumber Expression has a problem at column 3:

(\d+) work items exist in the project: (\d+) under {string} and (\d+) under {string}
  ^
Only the characters '{', '}', '(', ')', '\', '/' and whitespace can be escaped.
If you did mean to use an '\' you can use '\\' to escape it
 This Cucumber Expression has a problem at column 3:

(\d+) work items have an AreaPath matching {string} and (\d+) does not
  ^
Only the characters '{', '}', '(', ')', '\', '/' and whitespace can be escaped.
If you did mean to use an '\' you can use '\\' to escape it
 This Cucumber Expression has a problem at column 3:

(\d+) work item has an AreaPath matching {string} and (\d+) do not
  ^
Only the characters '{', '}', '(', ')', '\', '/' and whitespace can be escaped.
If you did mean to use an '\' you can use '\\' to escape it
 And the command exits with code 0
 -> binding error: Binding error(s) found: 
 This Cucumber Expression has a problem at column 3:

(\d+) work items exist in the project: (\d+) under {string} and (\d+) under {string}
  ^
Only the characters '{', '}', '(', ')', '\', '/' and whitespace can be escaped.
If you did mean to use an '\' you can use '\\' to escape it
 This Cucumber Expression has a problem at column 3:

(\d+) work items have an AreaPath matching {string} and (\d+) does not
  ^
Only the characters '{', '}', '(', ')', '\', '/' and whitespace can be escaped.
If you did mean to use an '\' you can use '\\' to escape it
 This Cucumber Expression has a problem at column 3:

(\d+) work item has an AreaPath matching {string} and (\d+) do not
  ^
Only the characters '{', '}', '(', ')', '\', '/' and whitespace can be escaped.
If you did mean to use an '\' you can use '\\' to escape it


  Failed FollowModeStreamsLiveEventsUntilTheJobCompletes [1 ms]
  Error Message:
   Test method DevOpsMigrationPlatform.Infrastructure.Tests.Features.MigrateLogsCommandFeature.FollowModeStreamsLiveEventsUntilTheJobCompletes threw exception: 
Reqnroll.BindingException: Binding error(s) found: 
This Cucumber Expression has a problem at column 3:

(\d+) work items exist in the project: (\d+) under {string} and (\d+) under {string}
  ^
Only the characters '{', '}', '(', ')', '\', '/' and whitespace can be escaped.
If you did mean to use an '\' you can use '\\' to escape it
This Cucumber Expression has a problem at column 3:

(\d+) work items have an AreaPath matching {string} and (\d+) does not
  ^
Only the characters '{', '}', '(', ')', '\', '/' and whitespace can be escaped.
If you did mean to use an '\' you can use '\\' to escape it
This Cucumber Expression has a problem at column 3:

(\d+) work item has an AreaPath matching {string} and (\d+) do not
  ^
Only the characters '{', '}', '(', ')', '\', '/' and whitespace can be escaped.
If you did mean to use an '\' you can use '\\' to escape it
  Stack Trace:
     at Reqnroll.ErrorHandling.ErrorProvider.GetInvalidBindingRegistryError(IEnumerable`1 errors)
   at Reqnroll.Infrastructure.TestExecutionEngine.GetStepMatch(StepInstance stepInstance)
   at Reqnroll.Infrastructure.TestExecutionEngine.ExecuteStepAsync(IContextManager contextManager, StepInstance stepInstance)
   at Reqnroll.Infrastructure.TestExecutionEngine.OnAfterLastStepAsync()
   at Reqnroll.TestRunner.CollectScenarioErrorsAsync()
   at DevOpsMigrationPlatform.Infrastructure.Tests.Features.MigrateLogsCommandFeature.ScenarioCleanupAsync()
   at DevOpsMigrationPlatform.Infrastructure.Tests.Features.MigrateLogsCommandFeature.FollowModeStreamsLiveEventsUntilTheJobCompletes() in C:\Users\MartinHinshelwoodNKD\source\repos\azure-devops-migration-platform\tests\DevOpsMigrationPlatform.Infrastructure.Tests\Features\migrate-logs.feature:line 18
--- End of stack trace from previous location ---

  Standard Output Messages:
 
 
 TestContext Messages:
 Given a job "55555555-5555-5555-5555-555555555555" is in progress on the Control Plane
 -> binding error: Binding error(s) found: 
 This Cucumber Expression has a problem at column 3:

(\d+) work items exist in the project: (\d+) under {string} and (\d+) under {string}
  ^
Only the characters '{', '}', '(', ')', '\', '/' and whitespace can be escaped.
If you did mean to use an '\' you can use '\\' to escape it
 This Cucumber Expression has a problem at column 3:

(\d+) work items have an AreaPath matching {string} and (\d+) does not
  ^
Only the characters '{', '}', '(', ')', '\', '/' and whitespace can be escaped.
If you did mean to use an '\' you can use '\\' to escape it
 This Cucumber Expression has a problem at column 3:

(\d+) work item has an AreaPath matching {string} and (\d+) do not
  ^
Only the characters '{', '}', '(', ')', '\', '/' and whitespace can be escaped.
If you did mean to use an '\' you can use '\\' to escape it
 When I run "migrate logs --job 55555555-5555-5555-5555-555555555555 --follow"
 -> binding error: Binding error(s) found: 
 This Cucumber Expression has a problem at column 3:

(\d+) work items exist in the project: (\d+) under {string} and (\d+) under {string}
  ^
Only the characters '{', '}', '(', ')', '\', '/' and whitespace can be escaped.
If you did mean to use an '\' you can use '\\' to escape it
 This Cucumber Expression has a problem at column 3:

(\d+) work items have an AreaPath matching {string} and (\d+) does not
  ^
Only the characters '{', '}', '(', ')', '\', '/' and whitespace can be escaped.
If you did mean to use an '\' you can use '\\' to escape it
 This Cucumber Expression has a problem at column 3:

(\d+) work item has an AreaPath matching {string} and (\d+) do not
  ^
Only the characters '{', '}', '(', ')', '\', '/' and whitespace can be escaped.
If you did mean to use an '\' you can use '\\' to escape it
 Then each arriving event is written to stdout as a compact JSON line
 -> binding error: Binding error(s) found: 
 This Cucumber Expression has a problem at column 3:

(\d+) work items exist in the project: (\d+) under {string} and (\d+) under {string}
  ^
Only the characters '{', '}', '(', ')', '\', '/' and whitespace can be escaped.
If you did mean to use an '\' you can use '\\' to escape it
 This Cucumber Expression has a problem at column 3:

(\d+) work items have an AreaPath matching {string} and (\d+) does not
  ^
Only the characters '{', '}', '(', ')', '\', '/' and whitespace can be escaped.
If you did mean to use an '\' you can use '\\' to escape it
 This Cucumber Expression has a problem at column 3:

(\d+) work item has an AreaPath matching {string} and (\d+) do not
  ^
Only the characters '{', '}', '(', ')', '\', '/' and whitespace can be escaped.
If you did mean to use an '\' you can use '\\' to escape it
 And when the stream ends the command exits with code 0
 -> binding error: Binding error(s) found: 
 This Cucumber Expression has a problem at column 3:

(\d+) work items exist in the project: (\d+) under {string} and (\d+) under {string}
  ^
Only the characters '{', '}', '(', ')', '\', '/' and whitespace can be escaped.
If you did mean to use an '\' you can use '\\' to escape it
 This Cucumber Expression has a problem at column 3:

(\d+) work items have an AreaPath matching {string} and (\d+) does not
  ^
Only the characters '{', '}', '(', ')', '\', '/' and whitespace can be escaped.
If you did mean to use an '\' you can use '\\' to escape it
 This Cucumber Expression has a problem at column 3:

(\d+) work item has an AreaPath matching {string} and (\d+) do not
  ^
Only the characters '{', '}', '(', ')', '\', '/' and whitespace can be escaped.
If you did mean to use an '\' you can use '\\' to escape it


  Failed CtrlCExitsCleanlyWithoutStoppingTheJobOnTheControlPlane [1 ms]
  Error Message:
   Test method DevOpsMigrationPlatform.Infrastructure.Tests.Features.MigrateLogsCommandFeature.CtrlCExitsCleanlyWithoutStoppingTheJobOnTheControlPlane threw exception: 
Reqnroll.BindingException: Binding error(s) found: 
This Cucumber Expression has a problem at column 3:

(\d+) work items exist in the project: (\d+) under {string} and (\d+) under {string}
  ^
Only the characters '{', '}', '(', ')', '\', '/' and whitespace can be escaped.
If you did mean to use an '\' you can use '\\' to escape it
This Cucumber Expression has a problem at column 3:

(\d+) work items have an AreaPath matching {string} and (\d+) does not
  ^
Only the characters '{', '}', '(', ')', '\', '/' and whitespace can be escaped.
If you did mean to use an '\' you can use '\\' to escape it
This Cucumber Expression has a problem at column 3:

(\d+) work item has an AreaPath matching {string} and (\d+) do not
  ^
Only the characters '{', '}', '(', ')', '\', '/' and whitespace can be escaped.
If you did mean to use an '\' you can use '\\' to escape it
  Stack Trace:
     at Reqnroll.ErrorHandling.ErrorProvider.GetInvalidBindingRegistryError(IEnumerable`1 errors)
   at Reqnroll.Infrastructure.TestExecutionEngine.GetStepMatch(StepInstance stepInstance)
   at Reqnroll.Infrastructure.TestExecutionEngine.ExecuteStepAsync(IContextManager contextManager, StepInstance stepInstance)
   at Reqnroll.Infrastructure.TestExecutionEngine.OnAfterLastStepAsync()
   at Reqnroll.TestRunner.CollectScenarioErrorsAsync()
   at DevOpsMigrationPlatform.Infrastructure.Tests.Features.MigrateLogsCommandFeature.ScenarioCleanupAsync()
   at DevOpsMigrationPlatform.Infrastructure.Tests.Features.MigrateLogsCommandFeature.CtrlCExitsCleanlyWithoutStoppingTheJobOnTheControlPlane() in C:\Users\MartinHinshelwoodNKD\source\repos\azure-devops-migration-platform\tests\DevOpsMigrationPlatform.Infrastructure.Tests\Features\migrate-logs.feature:line 26
--- End of stack trace from previous location ---

  Standard Output Messages:
 
 
 TestContext Messages:
 Given a job "66666666-6666-6666-6666-666666666666" is in progress on the Control Plane
 -> binding error: Binding error(s) found: 
 This Cucumber Expression has a problem at column 3:

(\d+) work items exist in the project: (\d+) under {string} and (\d+) under {string}
  ^
Only the characters '{', '}', '(', ')', '\', '/' and whitespace can be escaped.
If you did mean to use an '\' you can use '\\' to escape it
 This Cucumber Expression has a problem at column 3:

(\d+) work items have an AreaPath matching {string} and (\d+) does not
  ^
Only the characters '{', '}', '(', ')', '\', '/' and whitespace can be escaped.
If you did mean to use an '\' you can use '\\' to escape it
 This Cucumber Expression has a problem at column 3:

(\d+) work item has an AreaPath matching {string} and (\d+) do not
  ^
Only the characters '{', '}', '(', ')', '\', '/' and whitespace can be escaped.
If you did mean to use an '\' you can use '\\' to escape it
 When I run "migrate logs --job 66666666-6666-6666-6666-666666666666 --follow"
 -> binding error: Binding error(s) found: 
 This Cucumber Expression has a problem at column 3:

(\d+) work items exist in the project: (\d+) under {string} and (\d+) under {string}
  ^
Only the characters '{', '}', '(', ')', '\', '/' and whitespace can be escaped.
If you did mean to use an '\' you can use '\\' to escape it
 This Cucumber Expression has a problem at column 3:

(\d+) work items have an AreaPath matching {string} and (\d+) does not
  ^
Only the characters '{', '}', '(', ')', '\', '/' and whitespace can be escaped.
If you did mean to use an '\' you can use '\\' to escape it
 This Cucumber Expression has a problem at column 3:

(\d+) work item has an AreaPath matching {string} and (\d+) do not
  ^
Only the characters '{', '}', '(', ')', '\', '/' and whitespace can be escaped.
If you did mean to use an '\' you can use '\\' to escape it
 And a cancellation is requested during streaming
 -> binding error: Binding error(s) found: 
 This Cucumber Expression has a problem at column 3:

(\d+) work items exist in the project: (\d+) under {string} and (\d+) under {string}
  ^
Only the characters '{', '}', '(', ')', '\', '/' and whitespace can be escaped.
If you did mean to use an '\' you can use '\\' to escape it
 This Cucumber Expression has a problem at column 3:

(\d+) work items have an AreaPath matching {string} and (\d+) does not
  ^
Only the characters '{', '}', '(', ')', '\', '/' and whitespace can be escaped.
If you did mean to use an '\' you can use '\\' to escape it
 This Cucumber Expression has a problem at column 3:

(\d+) work item has an AreaPath matching {string} and (\d+) do not
  ^
Only the characters '{', '}', '(', ')', '\', '/' and whitespace can be escaped.
If you did mean to use an '\' you can use '\\' to escape it
 Then the command exits with code 0
 -> binding error: Binding error(s) found: 
 This Cucumber Expression has a problem at column 3:

(\d+) work items exist in the project: (\d+) under {string} and (\d+) under {string}
  ^
Only the characters '{', '}', '(', ')', '\', '/' and whitespace can be escaped.
If you did mean to use an '\' you can use '\\' to escape it
 This Cucumber Expression has a problem at column 3:

(\d+) work items have an AreaPath matching {string} and (\d+) does not
  ^
Only the characters '{', '}', '(', ')', '\', '/' and whitespace can be escaped.
If you did mean to use an '\' you can use '\\' to escape it
 This Cucumber Expression has a problem at column 3:

(\d+) work item has an AreaPath matching {string} and (\d+) do not
  ^
Only the characters '{', '}', '(', ')', '\', '/' and whitespace can be escaped.
If you did mean to use an '\' you can use '\\' to escape it
 And the job on the Control Plane is not stopped
 -> binding error: Binding error(s) found: 
 This Cucumber Expression has a problem at column 3:

(\d+) work items exist in the project: (\d+) under {string} and (\d+) under {string}
  ^
Only the characters '{', '}', '(', ')', '\', '/' and whitespace can be escaped.
If you did mean to use an '\' you can use '\\' to escape it
 This Cucumber Expression has a problem at column 3:

(\d+) work items have an AreaPath matching {string} and (\d+) does not
  ^
Only the characters '{', '}', '(', ')', '\', '/' and whitespace can be escaped.
If you did mean to use an '\' you can use '\\' to escape it
 This Cucumber Expression has a problem at column 3:

(\d+) work item has an AreaPath matching {string} and (\d+) do not
  ^
Only the characters '{', '}', '(', ')', '\', '/' and whitespace can be escaped.
If you did mean to use an '\' you can use '\\' to escape it


  Failed HTTPErrorInSnapshotModeExits1 [1 ms]
  Error Message:
   Test method DevOpsMigrationPlatform.Infrastructure.Tests.Features.MigrateLogsCommandFeature.HTTPErrorInSnapshotModeExits1 threw exception: 
Reqnroll.BindingException: Binding error(s) found: 
This Cucumber Expression has a problem at column 3:

(\d+) work items exist in the project: (\d+) under {string} and (\d+) under {string}
  ^
Only the characters '{', '}', '(', ')', '\', '/' and whitespace can be escaped.
If you did mean to use an '\' you can use '\\' to escape it
This Cucumber Expression has a problem at column 3:

(\d+) work items have an AreaPath matching {string} and (\d+) does not
  ^
Only the characters '{', '}', '(', ')', '\', '/' and whitespace can be escaped.
If you did mean to use an '\' you can use '\\' to escape it
This Cucumber Expression has a problem at column 3:

(\d+) work item has an AreaPath matching {string} and (\d+) do not
  ^
Only the characters '{', '}', '(', ')', '\', '/' and whitespace can be escaped.
If you did mean to use an '\' you can use '\\' to escape it
  Stack Trace:
     at Reqnroll.ErrorHandling.ErrorProvider.GetInvalidBindingRegistryError(IEnumerable`1 errors)
   at Reqnroll.Infrastructure.TestExecutionEngine.GetStepMatch(StepInstance stepInstance)
   at Reqnroll.Infrastructure.TestExecutionEngine.ExecuteStepAsync(IContextManager contextManager, StepInstance stepInstance)
   at Reqnroll.Infrastructure.TestExecutionEngine.OnAfterLastStepAsync()
   at Reqnroll.TestRunner.CollectScenarioErrorsAsync()
   at DevOpsMigrationPlatform.Infrastructure.Tests.Features.MigrateLogsCommandFeature.ScenarioCleanupAsync()
   at DevOpsMigrationPlatform.Infrastructure.Tests.Features.MigrateLogsCommandFeature.HTTPErrorInSnapshotModeExits1() in C:\Users\MartinHinshelwoodNKD\source\repos\azure-devops-migration-platform\tests\DevOpsMigrationPlatform.Infrastructure.Tests\Features\migrate-logs.feature:line 33
--- End of stack trace from previous location ---

  Standard Output Messages:
 
 
 TestContext Messages:
 Given the Control Plane returns an HTTP error for job "77777777-7777-7777-7777-777777777777"
 -> binding error: Binding error(s) found: 
 This Cucumber Expression has a problem at column 3:

(\d+) work items exist in the project: (\d+) under {string} and (\d+) under {string}
  ^
Only the characters '{', '}', '(', ')', '\', '/' and whitespace can be escaped.
If you did mean to use an '\' you can use '\\' to escape it
 This Cucumber Expression has a problem at column 3:

(\d+) work items have an AreaPath matching {string} and (\d+) does not
  ^
Only the characters '{', '}', '(', ')', '\', '/' and whitespace can be escaped.
If you did mean to use an '\' you can use '\\' to escape it
 This Cucumber Expression has a problem at column 3:

(\d+) work item has an AreaPath matching {string} and (\d+) do not
  ^
Only the characters '{', '}', '(', ')', '\', '/' and whitespace can be escaped.
If you did mean to use an '\' you can use '\\' to escape it
 When I run "migrate logs --job 77777777-7777-7777-7777-777777777777"
 -> binding error: Binding error(s) found: 
 This Cucumber Expression has a problem at column 3:

(\d+) work items exist in the project: (\d+) under {string} and (\d+) under {string}
  ^
Only the characters '{', '}', '(', ')', '\', '/' and whitespace can be escaped.
If you did mean to use an '\' you can use '\\' to escape it
 This Cucumber Expression has a problem at column 3:

(\d+) work items have an AreaPath matching {string} and (\d+) does not
  ^
Only the characters '{', '}', '(', ')', '\', '/' and whitespace can be escaped.
If you did mean to use an '\' you can use '\\' to escape it
 This Cucumber Expression has a problem at column 3:

(\d+) work item has an AreaPath matching {string} and (\d+) do not
  ^
Only the characters '{', '}', '(', ')', '\', '/' and whitespace can be escaped.
If you did mean to use an '\' you can use '\\' to escape it
 Then an error message is printed to stdout
 -> binding error: Binding error(s) found: 
 This Cucumber Expression has a problem at column 3:

(\d+) work items exist in the project: (\d+) under {string} and (\d+) under {string}
  ^
Only the characters '{', '}', '(', ')', '\', '/' and whitespace can be escaped.
If you did mean to use an '\' you can use '\\' to escape it
 This Cucumber Expression has a problem at column 3:

(\d+) work items have an AreaPath matching {string} and (\d+) does not
  ^
Only the characters '{', '}', '(', ')', '\', '/' and whitespace can be escaped.
If you did mean to use an '\' you can use '\\' to escape it
 This Cucumber Expression has a problem at column 3:

(\d+) work item has an AreaPath matching {string} and (\d+) do not
  ^
Only the characters '{', '}', '(', ')', '\', '/' and whitespace can be escaped.
If you did mean to use an '\' you can use '\\' to escape it
 And the command exits with code 1
 -> binding error: Binding error(s) found: 
 This Cucumber Expression has a problem at column 3:

(\d+) work items exist in the project: (\d+) under {string} and (\d+) under {string}
  ^
Only the characters '{', '}', '(', ')', '\', '/' and whitespace can be escaped.
If you did mean to use an '\' you can use '\\' to escape it
 This Cucumber Expression has a problem at column 3:

(\d+) work items have an AreaPath matching {string} and (\d+) does not
  ^
Only the characters '{', '}', '(', ')', '\', '/' and whitespace can be escaped.
If you did mean to use an '\' you can use '\\' to escape it
 This Cucumber Expression has a problem at column 3:

(\d+) work item has an AreaPath matching {string} and (\d+) do not
  ^
Only the characters '{', '}', '(', ')', '\', '/' and whitespace can be escaped.
If you did mean to use an '\' you can use '\\' to escape it


  Failed HTTPErrorInFollowModeExits1 [1 ms]
  Error Message:
   Test method DevOpsMigrationPlatform.Infrastructure.Tests.Features.MigrateLogsCommandFeature.HTTPErrorInFollowModeExits1 threw exception: 
Reqnroll.BindingException: Binding error(s) found: 
This Cucumber Expression has a problem at column 3:

(\d+) work items exist in the project: (\d+) under {string} and (\d+) under {string}
  ^
Only the characters '{', '}', '(', ')', '\', '/' and whitespace can be escaped.
If you did mean to use an '\' you can use '\\' to escape it
This Cucumber Expression has a problem at column 3:

(\d+) work items have an AreaPath matching {string} and (\d+) does not
  ^
Only the characters '{', '}', '(', ')', '\', '/' and whitespace can be escaped.
If you did mean to use an '\' you can use '\\' to escape it
This Cucumber Expression has a problem at column 3:

(\d+) work item has an AreaPath matching {string} and (\d+) do not
  ^
Only the characters '{', '}', '(', ')', '\', '/' and whitespace can be escaped.
If you did mean to use an '\' you can use '\\' to escape it
  Stack Trace:
     at Reqnroll.ErrorHandling.ErrorProvider.GetInvalidBindingRegistryError(IEnumerable`1 errors)
   at Reqnroll.Infrastructure.TestExecutionEngine.GetStepMatch(StepInstance stepInstance)
   at Reqnroll.Infrastructure.TestExecutionEngine.ExecuteStepAsync(IContextManager contextManager, StepInstance stepInstance)
   at Reqnroll.Infrastructure.TestExecutionEngine.OnAfterLastStepAsync()
   at Reqnroll.TestRunner.CollectScenarioErrorsAsync()
   at DevOpsMigrationPlatform.Infrastructure.Tests.Features.MigrateLogsCommandFeature.ScenarioCleanupAsync()
   at DevOpsMigrationPlatform.Infrastructure.Tests.Features.MigrateLogsCommandFeature.HTTPErrorInFollowModeExits1() in C:\Users\MartinHinshelwoodNKD\source\repos\azure-devops-migration-platform\tests\DevOpsMigrationPlatform.Infrastructure.Tests\Features\migrate-logs.feature:line 40
--- End of stack trace from previous location ---

  Standard Output Messages:
 
 
 TestContext Messages:
 Given the Control Plane returns an HTTP error for job "88888888-8888-8888-8888-888888888888"
 -> binding error: Binding error(s) found: 
 This Cucumber Expression has a problem at column 3:

(\d+) work items exist in the project: (\d+) under {string} and (\d+) under {string}
  ^
Only the characters '{', '}', '(', ')', '\', '/' and whitespace can be escaped.
If you did mean to use an '\' you can use '\\' to escape it
 This Cucumber Expression has a problem at column 3:

(\d+) work items have an AreaPath matching {string} and (\d+) does not
  ^
Only the characters '{', '}', '(', ')', '\', '/' and whitespace can be escaped.
If you did mean to use an '\' you can use '\\' to escape it
 This Cucumber Expression has a problem at column 3:

(\d+) work item has an AreaPath matching {string} and (\d+) do not
  ^
Only the characters '{', '}', '(', ')', '\', '/' and whitespace can be escaped.
If you did mean to use an '\' you can use '\\' to escape it
 When I run "migrate logs --job 88888888-8888-8888-8888-888888888888 --follow"
 -> binding error: Binding error(s) found: 
 This Cucumber Expression has a problem at column 3:

(\d+) work items exist in the project: (\d+) under {string} and (\d+) under {string}
  ^
Only the characters '{', '}', '(', ')', '\', '/' and whitespace can be escaped.
If you did mean to use an '\' you can use '\\' to escape it
 This Cucumber Expression has a problem at column 3:

(\d+) work items have an AreaPath matching {string} and (\d+) does not
  ^
Only the characters '{', '}', '(', ')', '\', '/' and whitespace can be escaped.
If you did mean to use an '\' you can use '\\' to escape it
 This Cucumber Expression has a problem at column 3:

(\d+) work item has an AreaPath matching {string} and (\d+) do not
  ^
Only the characters '{', '}', '(', ')', '\', '/' and whitespace can be escaped.
If you did mean to use an '\' you can use '\\' to escape it
 Then an error message is printed to stdout
 -> binding error: Binding error(s) found: 
 This Cucumber Expression has a problem at column 3:

(\d+) work items exist in the project: (\d+) under {string} and (\d+) under {string}
  ^
Only the characters '{', '}', '(', ')', '\', '/' and whitespace can be escaped.
If you did mean to use an '\' you can use '\\' to escape it
 This Cucumber Expression has a problem at column 3:

(\d+) work items have an AreaPath matching {string} and (\d+) does not
  ^
Only the characters '{', '}', '(', ')', '\', '/' and whitespace can be escaped.
If you did mean to use an '\' you can use '\\' to escape it
 This Cucumber Expression has a problem at column 3:

(\d+) work item has an AreaPath matching {string} and (\d+) do not
  ^
Only the characters '{', '}', '(', ')', '\', '/' and whitespace can be escaped.
If you did mean to use an '\' you can use '\\' to escape it
 And the command exits with code 1
 -> binding error: Binding error(s) found: 
 This Cucumber Expression has a problem at column 3:

(\d+) work items exist in the project: (\d+) under {string} and (\d+) under {string}
  ^
Only the characters '{', '}', '(', ')', '\', '/' and whitespace can be escaped.
If you did mean to use an '\' you can use '\\' to escape it
 This Cucumber Expression has a problem at column 3:

(\d+) work items have an AreaPath matching {string} and (\d+) does not
  ^
Only the characters '{', '}', '(', ')', '\', '/' and whitespace can be escaped.
If you did mean to use an '\' you can use '\\' to escape it
 This Cucumber Expression has a problem at column 3:

(\d+) work item has an AreaPath matching {string} and (\d+) do not
  ^
Only the characters '{', '}', '(', ')', '\', '/' and whitespace can be escaped.
If you did mean to use an '\' you can use '\\' to escape it


  Failed HTTP403CausesAPermissionsErrorMessage [1 ms]
  Error Message:
   Test method DevOpsMigrationPlatform.Infrastructure.Tests.Features.MigrateLogsCommandFeature.HTTP403CausesAPermissionsErrorMessage threw exception: 
Reqnroll.BindingException: Binding error(s) found: 
This Cucumber Expression has a problem at column 3:

(\d+) work items exist in the project: (\d+) under {string} and (\d+) under {string}
  ^
Only the characters '{', '}', '(', ')', '\', '/' and whitespace can be escaped.
If you did mean to use an '\' you can use '\\' to escape it
This Cucumber Expression has a problem at column 3:

(\d+) work items have an AreaPath matching {string} and (\d+) does not
  ^
Only the characters '{', '}', '(', ')', '\', '/' and whitespace can be escaped.
If you did mean to use an '\' you can use '\\' to escape it
This Cucumber Expression has a problem at column 3:

(\d+) work item has an AreaPath matching {string} and (\d+) do not
  ^
Only the characters '{', '}', '(', ')', '\', '/' and whitespace can be escaped.
If you did mean to use an '\' you can use '\\' to escape it
  Stack Trace:
     at Reqnroll.ErrorHandling.ErrorProvider.GetInvalidBindingRegistryError(IEnumerable`1 errors)
   at Reqnroll.Infrastructure.TestExecutionEngine.GetStepMatch(StepInstance stepInstance)
   at Reqnroll.Infrastructure.TestExecutionEngine.ExecuteStepAsync(IContextManager contextManager, StepInstance stepInstance)
   at Reqnroll.Infrastructure.TestExecutionEngine.OnAfterLastStepAsync()
   at Reqnroll.TestRunner.CollectScenarioErrorsAsync()
   at DevOpsMigrationPlatform.Infrastructure.Tests.Features.MigrateLogsCommandFeature.ScenarioCleanupAsync()
   at DevOpsMigrationPlatform.Infrastructure.Tests.Features.MigrateLogsCommandFeature.HTTP403CausesAPermissionsErrorMessage() in C:\Users\MartinHinshelwoodNKD\source\repos\azure-devops-migration-platform\tests\DevOpsMigrationPlatform.Infrastructure.Tests\Features\migrate-logs.feature:line 47
--- End of stack trace from previous location ---

  Standard Output Messages:
 
 
 TestContext Messages:
 Given the Control Plane returns 403 for job "99999999-9999-9999-9999-999999999999"
 -> binding error: Binding error(s) found: 
 This Cucumber Expression has a problem at column 3:

(\d+) work items exist in the project: (\d+) under {string} and (\d+) under {string}
  ^
Only the characters '{', '}', '(', ')', '\', '/' and whitespace can be escaped.
If you did mean to use an '\' you can use '\\' to escape it
 This Cucumber Expression has a problem at column 3:

(\d+) work items have an AreaPath matching {string} and (\d+) does not
  ^
Only the characters '{', '}', '(', ')', '\', '/' and whitespace can be escaped.
If you did mean to use an '\' you can use '\\' to escape it
 This Cucumber Expression has a problem at column 3:

(\d+) work item has an AreaPath matching {string} and (\d+) do not
  ^
Only the characters '{', '}', '(', ')', '\', '/' and whitespace can be escaped.
If you did mean to use an '\' you can use '\\' to escape it
 When I run "migrate logs --job 99999999-9999-9999-9999-999999999999"
 -> binding error: Binding error(s) found: 
 This Cucumber Expression has a problem at column 3:

(\d+) work items exist in the project: (\d+) under {string} and (\d+) under {string}
  ^
Only the characters '{', '}', '(', ')', '\', '/' and whitespace can be escaped.
If you did mean to use an '\' you can use '\\' to escape it
 This Cucumber Expression has a problem at column 3:

(\d+) work items have an AreaPath matching {string} and (\d+) does not
  ^
Only the characters '{', '}', '(', ')', '\', '/' and whitespace can be escaped.
If you did mean to use an '\' you can use '\\' to escape it
 This Cucumber Expression has a problem at column 3:

(\d+) work item has an AreaPath matching {string} and (\d+) do not
  ^
Only the characters '{', '}', '(', ')', '\', '/' and whitespace can be escaped.
If you did mean to use an '\' you can use '\\' to escape it
 Then an error message is printed to stdout
 -> binding error: Binding error(s) found: 
 This Cucumber Expression has a problem at column 3:

(\d+) work items exist in the project: (\d+) under {string} and (\d+) under {string}
  ^
Only the characters '{', '}', '(', ')', '\', '/' and whitespace can be escaped.
If you did mean to use an '\' you can use '\\' to escape it
 This Cucumber Expression has a problem at column 3:

(\d+) work items have an AreaPath matching {string} and (\d+) does not
  ^
Only the characters '{', '}', '(', ')', '\', '/' and whitespace can be escaped.
If you did mean to use an '\' you can use '\\' to escape it
 This Cucumber Expression has a problem at column 3:

(\d+) work item has an AreaPath matching {string} and (\d+) do not
  ^
Only the characters '{', '}', '(', ')', '\', '/' and whitespace can be escaped.
If you did mean to use an '\' you can use '\\' to escape it
 And the command exits with code 1
 -> binding error: Binding error(s) found: 
 This Cucumber Expression has a problem at column 3:

(\d+) work items exist in the project: (\d+) under {string} and (\d+) under {string}
  ^
Only the characters '{', '}', '(', ')', '\', '/' and whitespace can be escaped.
If you did mean to use an '\' you can use '\\' to escape it
 This Cucumber Expression has a problem at column 3:

(\d+) work items have an AreaPath matching {string} and (\d+) does not
  ^
Only the characters '{', '}', '(', ')', '\', '/' and whitespace can be escaped.
If you did mean to use an '\' you can use '\\' to escape it
 This Cucumber Expression has a problem at column 3:

(\d+) work item has an AreaPath matching {string} and (\d+) do not
  ^
Only the characters '{', '}', '(', ')', '\', '/' and whitespace can be escaped.
If you did mean to use an '\' you can use '\\' to escape it


  Failed ValidationPassesForAWell_FormedPackage [2 ms]
  Error Message:
   Test method DevOpsMigrationPlatform.Infrastructure.Tests.Features.Pre_ImportAndPost_ImportValidationFeature.ValidationPassesForAWell_FormedPackage threw exception: 
Reqnroll.BindingException: Binding error(s) found: 
This Cucumber Expression has a problem at column 3:

(\d+) work items exist in the project: (\d+) under {string} and (\d+) under {string}
  ^
Only the characters '{', '}', '(', ')', '\', '/' and whitespace can be escaped.
If you did mean to use an '\' you can use '\\' to escape it
This Cucumber Expression has a problem at column 3:

(\d+) work items have an AreaPath matching {string} and (\d+) does not
  ^
Only the characters '{', '}', '(', ')', '\', '/' and whitespace can be escaped.
If you did mean to use an '\' you can use '\\' to escape it
This Cucumber Expression has a problem at column 3:

(\d+) work item has an AreaPath matching {string} and (\d+) do not
  ^
Only the characters '{', '}', '(', ')', '\', '/' and whitespace can be escaped.
If you did mean to use an '\' you can use '\\' to escape it
  Stack Trace:
     at Reqnroll.ErrorHandling.ErrorProvider.GetInvalidBindingRegistryError(IEnumerable`1 errors)
   at Reqnroll.Infrastructure.TestExecutionEngine.GetStepMatch(StepInstance stepInstance)
   at Reqnroll.Infrastructure.TestExecutionEngine.ExecuteStepAsync(IContextManager contextManager, StepInstance stepInstance)
   at Reqnroll.Infrastructure.TestExecutionEngine.OnAfterLastStepAsync()
   at Reqnroll.TestRunner.CollectScenarioErrorsAsync()
   at DevOpsMigrationPlatform.Infrastructure.Tests.Features.Pre_ImportAndPost_ImportValidationFeature.ScenarioCleanupAsync()
   at DevOpsMigrationPlatform.Infrastructure.Tests.Features.Pre_ImportAndPost_ImportValidationFeature.ValidationPassesForAWell_FormedPackage() in C:\Users\MartinHinshelwoodNKD\source\repos\azure-devops-migration-platform\tests\DevOpsMigrationPlatform.Infrastructure.Tests\Features\package-validation.feature:line 14
--- End of stack trace from previous location ---

  Standard Output Messages:
 
 
 TestContext Messages:
 Given a migration package exists at the configured package root
 -> binding error: Binding error(s) found: 
 This Cucumber Expression has a problem at column 3:

(\d+) work items exist in the project: (\d+) under {string} and (\d+) under {string}
  ^
Only the characters '{', '}', '(', ')', '\', '/' and whitespace can be escaped.
If you did mean to use an '\' you can use '\\' to escape it
 This Cucumber Expression has a problem at column 3:

(\d+) work items have an AreaPath matching {string} and (\d+) does not
  ^
Only the characters '{', '}', '(', ')', '\', '/' and whitespace can be escaped.
If you did mean to use an '\' you can use '\\' to escape it
 This Cucumber Expression has a problem at column 3:

(\d+) work item has an AreaPath matching {string} and (\d+) do not
  ^
Only the characters '{', '}', '(', ')', '\', '/' and whitespace can be escaped.
If you did mean to use an '\' you can use '\\' to escape it
 Given the package contains valid revision.json files with all required fields
 -> binding error: Binding error(s) found: 
 This Cucumber Expression has a problem at column 3:

(\d+) work items exist in the project: (\d+) under {string} and (\d+) under {string}
  ^
Only the characters '{', '}', '(', ')', '\', '/' and whitespace can be escaped.
If you did mean to use an '\' you can use '\\' to escape it
 This Cucumber Expression has a problem at column 3:

(\d+) work items have an AreaPath matching {string} and (\d+) does not
  ^
Only the characters '{', '}', '(', ')', '\', '/' and whitespace can be escaped.
If you did mean to use an '\' you can use '\\' to escape it
 This Cucumber Expression has a problem at column 3:

(\d+) work item has an AreaPath matching {string} and (\d+) do not
  ^
Only the characters '{', '}', '(', ')', '\', '/' and whitespace can be escaped.
If you did mean to use an '\' you can use '\\' to escape it
 And the package schema version matches a supported version
 -> binding error: Binding error(s) found: 
 This Cucumber Expression has a problem at column 3:

(\d+) work items exist in the project: (\d+) under {string} and (\d+) under {string}
  ^
Only the characters '{', '}', '(', ')', '\', '/' and whitespace can be escaped.
If you did mean to use an '\' you can use '\\' to escape it
 This Cucumber Expression has a problem at column 3:

(\d+) work items have an AreaPath matching {string} and (\d+) does not
  ^
Only the characters '{', '}', '(', ')', '\', '/' and whitespace can be escaped.
If you did mean to use an '\' you can use '\\' to escape it
 This Cucumber Expression has a problem at column 3:

(\d+) work item has an AreaPath matching {string} and (\d+) do not
  ^
Only the characters '{', '}', '(', ')', '\', '/' and whitespace can be escaped.
If you did mean to use an '\' you can use '\\' to escape it
 When the validation pass runs
 -> binding error: Binding error(s) found: 
 This Cucumber Expression has a problem at column 3:

(\d+) work items exist in the project: (\d+) under {string} and (\d+) under {string}
  ^
Only the characters '{', '}', '(', ')', '\', '/' and whitespace can be escaped.
If you did mean to use an '\' you can use '\\' to escape it
 This Cucumber Expression has a problem at column 3:

(\d+) work items have an AreaPath matching {string} and (\d+) does not
  ^
Only the characters '{', '}', '(', ')', '\', '/' and whitespace can be escaped.
If you did mean to use an '\' you can use '\\' to escape it
 This Cucumber Expression has a problem at column 3:

(\d+) work item has an AreaPath matching {string} and (\d+) do not
  ^
Only the characters '{', '}', '(', ')', '\', '/' and whitespace can be escaped.
If you did mean to use an '\' you can use '\\' to escape it
 Then the validation result is "Passed"
 -> binding error: Binding error(s) found: 
 This Cucumber Expression has a problem at column 3:

(\d+) work items exist in the project: (\d+) under {string} and (\d+) under {string}
  ^
Only the characters '{', '}', '(', ')', '\', '/' and whitespace can be escaped.
If you did mean to use an '\' you can use '\\' to escape it
 This Cucumber Expression has a problem at column 3:

(\d+) work items have an AreaPath matching {string} and (\d+) does not
  ^
Only the characters '{', '}', '(', ')', '\', '/' and whitespace can be escaped.
If you did mean to use an '\' you can use '\\' to escape it
 This Cucumber Expression has a problem at column 3:

(\d+) work item has an AreaPath matching {string} and (\d+) do not
  ^
Only the characters '{', '}', '(', ')', '\', '/' and whitespace can be escaped.
If you did mean to use an '\' you can use '\\' to escape it
 And no errors are written to "Logs/"
 -> binding error: Binding error(s) found: 
 This Cucumber Expression has a problem at column 3:

(\d+) work items exist in the project: (\d+) under {string} and (\d+) under {string}
  ^
Only the characters '{', '}', '(', ')', '\', '/' and whitespace can be escaped.
If you did mean to use an '\' you can use '\\' to escape it
 This Cucumber Expression has a problem at column 3:

(\d+) work items have an AreaPath matching {string} and (\d+) does not
  ^
Only the characters '{', '}', '(', ')', '\', '/' and whitespace can be escaped.
If you did mean to use an '\' you can use '\\' to escape it
 This Cucumber Expression has a problem at column 3:

(\d+) work item has an AreaPath matching {string} and (\d+) do not
  ^
Only the characters '{', '}', '(', ')', '\', '/' and whitespace can be escaped.
If you did mean to use an '\' you can use '\\' to escape it


  Failed ValidationFailsWhenARevision_JsonIsMissingRequiredFields [1 ms]
  Error Message:
   Test method DevOpsMigrationPlatform.Infrastructure.Tests.Features.Pre_ImportAndPost_ImportValidationFeature.ValidationFailsWhenARevision_JsonIsMissingRequiredFields threw exception: 
Reqnroll.BindingException: Binding error(s) found: 
This Cucumber Expression has a problem at column 3:

(\d+) work items exist in the project: (\d+) under {string} and (\d+) under {string}
  ^
Only the characters '{', '}', '(', ')', '\', '/' and whitespace can be escaped.
If you did mean to use an '\' you can use '\\' to escape it
This Cucumber Expression has a problem at column 3:

(\d+) work items have an AreaPath matching {string} and (\d+) does not
  ^
Only the characters '{', '}', '(', ')', '\', '/' and whitespace can be escaped.
If you did mean to use an '\' you can use '\\' to escape it
This Cucumber Expression has a problem at column 3:

(\d+) work item has an AreaPath matching {string} and (\d+) do not
  ^
Only the characters '{', '}', '(', ')', '\', '/' and whitespace can be escaped.
If you did mean to use an '\' you can use '\\' to escape it
  Stack Trace:
     at Reqnroll.ErrorHandling.ErrorProvider.GetInvalidBindingRegistryError(IEnumerable`1 errors)
   at Reqnroll.Infrastructure.TestExecutionEngine.GetStepMatch(StepInstance stepInstance)
   at Reqnroll.Infrastructure.TestExecutionEngine.ExecuteStepAsync(IContextManager contextManager, StepInstance stepInstance)
   at Reqnroll.Infrastructure.TestExecutionEngine.OnAfterLastStepAsync()
   at Reqnroll.TestRunner.CollectScenarioErrorsAsync()
   at DevOpsMigrationPlatform.Infrastructure.Tests.Features.Pre_ImportAndPost_ImportValidationFeature.ScenarioCleanupAsync()
   at DevOpsMigrationPlatform.Infrastructure.Tests.Features.Pre_ImportAndPost_ImportValidationFeature.ValidationFailsWhenARevision_JsonIsMissingRequiredFields() in C:\Users\MartinHinshelwoodNKD\source\repos\azure-devops-migration-platform\tests\DevOpsMigrationPlatform.Infrastructure.Tests\Features\package-validation.feature:line 20
--- End of stack trace from previous location ---

  Standard Output Messages:
 
 
 TestContext Messages:
 Given a migration package exists at the configured package root
 -> binding error: Binding error(s) found: 
 This Cucumber Expression has a problem at column 3:

(\d+) work items exist in the project: (\d+) under {string} and (\d+) under {string}
  ^
Only the characters '{', '}', '(', ')', '\', '/' and whitespace can be escaped.
If you did mean to use an '\' you can use '\\' to escape it
 This Cucumber Expression has a problem at column 3:

(\d+) work items have an AreaPath matching {string} and (\d+) does not
  ^
Only the characters '{', '}', '(', ')', '\', '/' and whitespace can be escaped.
If you did mean to use an '\' you can use '\\' to escape it
 This Cucumber Expression has a problem at column 3:

(\d+) work item has an AreaPath matching {string} and (\d+) do not
  ^
Only the characters '{', '}', '(', ')', '\', '/' and whitespace can be escaped.
If you did mean to use an '\' you can use '\\' to escape it
 Given a revision folder contains a "revision.json" missing the "workItemId" field
 -> binding error: Binding error(s) found: 
 This Cucumber Expression has a problem at column 3:

(\d+) work items exist in the project: (\d+) under {string} and (\d+) under {string}
  ^
Only the characters '{', '}', '(', ')', '\', '/' and whitespace can be escaped.
If you did mean to use an '\' you can use '\\' to escape it
 This Cucumber Expression has a problem at column 3:

(\d+) work items have an AreaPath matching {string} and (\d+) does not
  ^
Only the characters '{', '}', '(', ')', '\', '/' and whitespace can be escaped.
If you did mean to use an '\' you can use '\\' to escape it
 This Cucumber Expression has a problem at column 3:

(\d+) work item has an AreaPath matching {string} and (\d+) do not
  ^
Only the characters '{', '}', '(', ')', '\', '/' and whitespace can be escaped.
If you did mean to use an '\' you can use '\\' to escape it
 When the validation pass runs
 -> binding error: Binding error(s) found: 
 This Cucumber Expression has a problem at column 3:

(\d+) work items exist in the project: (\d+) under {string} and (\d+) under {string}
  ^
Only the characters '{', '}', '(', ')', '\', '/' and whitespace can be escaped.
If you did mean to use an '\' you can use '\\' to escape it
 This Cucumber Expression has a problem at column 3:

(\d+) work items have an AreaPath matching {string} and (\d+) does not
  ^
Only the characters '{', '}', '(', ')', '\', '/' and whitespace can be escaped.
If you did mean to use an '\' you can use '\\' to escape it
 This Cucumber Expression has a problem at column 3:

(\d+) work item has an AreaPath matching {string} and (\d+) do not
  ^
Only the characters '{', '}', '(', ')', '\', '/' and whitespace can be escaped.
If you did mean to use an '\' you can use '\\' to escape it
 Then the validation result is "Failed"
 -> binding error: Binding error(s) found: 
 This Cucumber Expression has a problem at column 3:

(\d+) work items exist in the project: (\d+) under {string} and (\d+) under {string}
  ^
Only the characters '{', '}', '(', ')', '\', '/' and whitespace can be escaped.
If you did mean to use an '\' you can use '\\' to escape it
 This Cucumber Expression has a problem at column 3:

(\d+) work items have an AreaPath matching {string} and (\d+) does not
  ^
Only the characters '{', '}', '(', ')', '\', '/' and whitespace can be escaped.
If you did mean to use an '\' you can use '\\' to escape it
 This Cucumber Expression has a problem at column 3:

(\d+) work item has an AreaPath matching {string} and (\d+) do not
  ^
Only the characters '{', '}', '(', ')', '\', '/' and whitespace can be escaped.
If you did mean to use an '\' you can use '\\' to escape it
 And an error is recorded in "Logs/" identifying the offending folder and missing field
 -> binding error: Binding error(s) found: 
 This Cucumber Expression has a problem at column 3:

(\d+) work items exist in the project: (\d+) under {string} and (\d+) under {string}
  ^
Only the characters '{', '}', '(', ')', '\', '/' and whitespace can be escaped.
If you did mean to use an '\' you can use '\\' to escape it
 This Cucumber Expression has a problem at column 3:

(\d+) work items have an AreaPath matching {string} and (\d+) does not
  ^
Only the characters '{', '}', '(', ')', '\', '/' and whitespace can be escaped.
If you did mean to use an '\' you can use '\\' to escape it
 This Cucumber Expression has a problem at column 3:

(\d+) work item has an AreaPath matching {string} and (\d+) do not
  ^
Only the characters '{', '}', '(', ')', '\', '/' and whitespace can be escaped.
If you did mean to use an '\' you can use '\\' to escape it


  Failed ValidationFailsWhenThePackageSchemaVersionIsUnsupported [1 ms]
  Error Message:
   Test method DevOpsMigrationPlatform.Infrastructure.Tests.Features.Pre_ImportAndPost_ImportValidationFeature.ValidationFailsWhenThePackageSchemaVersionIsUnsupported threw exception: 
Reqnroll.BindingException: Binding error(s) found: 
This Cucumber Expression has a problem at column 3:

(\d+) work items exist in the project: (\d+) under {string} and (\d+) under {string}
  ^
Only the characters '{', '}', '(', ')', '\', '/' and whitespace can be escaped.
If you did mean to use an '\' you can use '\\' to escape it
This Cucumber Expression has a problem at column 3:

(\d+) work items have an AreaPath matching {string} and (\d+) does not
  ^
Only the characters '{', '}', '(', ')', '\', '/' and whitespace can be escaped.
If you did mean to use an '\' you can use '\\' to escape it
This Cucumber Expression has a problem at column 3:

(\d+) work item has an AreaPath matching {string} and (\d+) do not
  ^
Only the characters '{', '}', '(', ')', '\', '/' and whitespace can be escaped.
If you did mean to use an '\' you can use '\\' to escape it
  Stack Trace:
     at Reqnroll.ErrorHandling.ErrorProvider.GetInvalidBindingRegistryError(IEnumerable`1 errors)
   at Reqnroll.Infrastructure.TestExecutionEngine.GetStepMatch(StepInstance stepInstance)
   at Reqnroll.Infrastructure.TestExecutionEngine.ExecuteStepAsync(IContextManager contextManager, StepInstance stepInstance)
   at Reqnroll.Infrastructure.TestExecutionEngine.OnAfterLastStepAsync()
   at Reqnroll.TestRunner.CollectScenarioErrorsAsync()
   at DevOpsMigrationPlatform.Infrastructure.Tests.Features.Pre_ImportAndPost_ImportValidationFeature.ScenarioCleanupAsync()
   at DevOpsMigrationPlatform.Infrastructure.Tests.Features.Pre_ImportAndPost_ImportValidationFeature.ValidationFailsWhenThePackageSchemaVersionIsUnsupported() in C:\Users\MartinHinshelwoodNKD\source\repos\azure-devops-migration-platform\tests\DevOpsMigrationPlatform.Infrastructure.Tests\Features\package-validation.feature:line 26
--- End of stack trace from previous location ---

  Standard Output Messages:
 
 
 TestContext Messages:
 Given a migration package exists at the configured package root
 -> binding error: Binding error(s) found: 
 This Cucumber Expression has a problem at column 3:

(\d+) work items exist in the project: (\d+) under {string} and (\d+) under {string}
  ^
Only the characters '{', '}', '(', ')', '\', '/' and whitespace can be escaped.
If you did mean to use an '\' you can use '\\' to escape it
 This Cucumber Expression has a problem at column 3:

(\d+) work items have an AreaPath matching {string} and (\d+) does not
  ^
Only the characters '{', '}', '(', ')', '\', '/' and whitespace can be escaped.
If you did mean to use an '\' you can use '\\' to escape it
 This Cucumber Expression has a problem at column 3:

(\d+) work item has an AreaPath matching {string} and (\d+) do not
  ^
Only the characters '{', '}', '(', ')', '\', '/' and whitespace can be escaped.
If you did mean to use an '\' you can use '\\' to escape it
 Given the package "manifest.json" declares schemaVersion "99.0" for the WorkItems module
 -> binding error: Binding error(s) found: 
 This Cucumber Expression has a problem at column 3:

(\d+) work items exist in the project: (\d+) under {string} and (\d+) under {string}
  ^
Only the characters '{', '}', '(', ')', '\', '/' and whitespace can be escaped.
If you did mean to use an '\' you can use '\\' to escape it
 This Cucumber Expression has a problem at column 3:

(\d+) work items have an AreaPath matching {string} and (\d+) does not
  ^
Only the characters '{', '}', '(', ')', '\', '/' and whitespace can be escaped.
If you did mean to use an '\' you can use '\\' to escape it
 This Cucumber Expression has a problem at column 3:

(\d+) work item has an AreaPath matching {string} and (\d+) do not
  ^
Only the characters '{', '}', '(', ')', '\', '/' and whitespace can be escaped.
If you did mean to use an '\' you can use '\\' to escape it
 When the validation pass runs
 -> binding error: Binding error(s) found: 
 This Cucumber Expression has a problem at column 3:

(\d+) work items exist in the project: (\d+) under {string} and (\d+) under {string}
  ^
Only the characters '{', '}', '(', ')', '\', '/' and whitespace can be escaped.
If you did mean to use an '\' you can use '\\' to escape it
 This Cucumber Expression has a problem at column 3:

(\d+) work items have an AreaPath matching {string} and (\d+) does not
  ^
Only the characters '{', '}', '(', ')', '\', '/' and whitespace can be escaped.
If you did mean to use an '\' you can use '\\' to escape it
 This Cucumber Expression has a problem at column 3:

(\d+) work item has an AreaPath matching {string} and (\d+) do not
  ^
Only the characters '{', '}', '(', ')', '\', '/' and whitespace can be escaped.
If you did mean to use an '\' you can use '\\' to escape it
 Then the validation result is "Failed"
 -> binding error: Binding error(s) found: 
 This Cucumber Expression has a problem at column 3:

(\d+) work items exist in the project: (\d+) under {string} and (\d+) under {string}
  ^
Only the characters '{', '}', '(', ')', '\', '/' and whitespace can be escaped.
If you did mean to use an '\' you can use '\\' to escape it
 This Cucumber Expression has a problem at column 3:

(\d+) work items have an AreaPath matching {string} and (\d+) does not
  ^
Only the characters '{', '}', '(', ')', '\', '/' and whitespace can be escaped.
If you did mean to use an '\' you can use '\\' to escape it
 This Cucumber Expression has a problem at column 3:

(\d+) work item has an AreaPath matching {string} and (\d+) do not
  ^
Only the characters '{', '}', '(', ')', '\', '/' and whitespace can be escaped.
If you did mean to use an '\' you can use '\\' to escape it
 And an error is recorded indicating the unsupported schema version
 -> binding error: Binding error(s) found: 
 This Cucumber Expression has a problem at column 3:

(\d+) work items exist in the project: (\d+) under {string} and (\d+) under {string}
  ^
Only the characters '{', '}', '(', ')', '\', '/' and whitespace can be escaped.
If you did mean to use an '\' you can use '\\' to escape it
 This Cucumber Expression has a problem at column 3:

(\d+) work items have an AreaPath matching {string} and (\d+) does not
  ^
Only the characters '{', '}', '(', ')', '\', '/' and whitespace can be escaped.
If you did mean to use an '\' you can use '\\' to escape it
 This Cucumber Expression has a problem at column 3:

(\d+) work item has an AreaPath matching {string} and (\d+) do not
  ^
Only the characters '{', '}', '(', ')', '\', '/' and whitespace can be escaped.
If you did mean to use an '\' you can use '\\' to escape it


  Failed ImportDoesNotBeginWhenPre_ImportValidationFails [1 ms]
  Error Message:
   Test method DevOpsMigrationPlatform.Infrastructure.Tests.Features.Pre_ImportAndPost_ImportValidationFeature.ImportDoesNotBeginWhenPre_ImportValidationFails threw exception: 
Reqnroll.BindingException: Binding error(s) found: 
This Cucumber Expression has a problem at column 3:

(\d+) work items exist in the project: (\d+) under {string} and (\d+) under {string}
  ^
Only the characters '{', '}', '(', ')', '\', '/' and whitespace can be escaped.
If you did mean to use an '\' you can use '\\' to escape it
This Cucumber Expression has a problem at column 3:

(\d+) work items have an AreaPath matching {string} and (\d+) does not
  ^
Only the characters '{', '}', '(', ')', '\', '/' and whitespace can be escaped.
If you did mean to use an '\' you can use '\\' to escape it
This Cucumber Expression has a problem at column 3:

(\d+) work item has an AreaPath matching {string} and (\d+) do not
  ^
Only the characters '{', '}', '(', ')', '\', '/' and whitespace can be escaped.
If you did mean to use an '\' you can use '\\' to escape it
  Stack Trace:
     at Reqnroll.ErrorHandling.ErrorProvider.GetInvalidBindingRegistryError(IEnumerable`1 errors)
   at Reqnroll.Infrastructure.TestExecutionEngine.GetStepMatch(StepInstance stepInstance)
   at Reqnroll.Infrastructure.TestExecutionEngine.ExecuteStepAsync(IContextManager contextManager, StepInstance stepInstance)
   at Reqnroll.Infrastructure.TestExecutionEngine.OnAfterLastStepAsync()
   at Reqnroll.TestRunner.CollectScenarioErrorsAsync()
   at DevOpsMigrationPlatform.Infrastructure.Tests.Features.Pre_ImportAndPost_ImportValidationFeature.ScenarioCleanupAsync()
   at DevOpsMigrationPlatform.Infrastructure.Tests.Features.Pre_ImportAndPost_ImportValidationFeature.ImportDoesNotBeginWhenPre_ImportValidationFails() in C:\Users\MartinHinshelwoodNKD\source\repos\azure-devops-migration-platform\tests\DevOpsMigrationPlatform.Infrastructure.Tests\Features\package-validation.feature:line 32
--- End of stack trace from previous location ---

  Standard Output Messages:
 
 
 TestContext Messages:
 Given a migration package exists at the configured package root
 -> binding error: Binding error(s) found: 
 This Cucumber Expression has a problem at column 3:

(\d+) work items exist in the project: (\d+) under {string} and (\d+) under {string}
  ^
Only the characters '{', '}', '(', ')', '\', '/' and whitespace can be escaped.
If you did mean to use an '\' you can use '\\' to escape it
 This Cucumber Expression has a problem at column 3:

(\d+) work items have an AreaPath matching {string} and (\d+) does not
  ^
Only the characters '{', '}', '(', ')', '\', '/' and whitespace can be escaped.
If you did mean to use an '\' you can use '\\' to escape it
 This Cucumber Expression has a problem at column 3:

(\d+) work item has an AreaPath matching {string} and (\d+) do not
  ^
Only the characters '{', '}', '(', ')', '\', '/' and whitespace can be escaped.
If you did mean to use an '\' you can use '\\' to escape it
 Given the pre-import validation pass returns "Failed"
 -> binding error: Binding error(s) found: 
 This Cucumber Expression has a problem at column 3:

(\d+) work items exist in the project: (\d+) under {string} and (\d+) under {string}
  ^
Only the characters '{', '}', '(', ')', '\', '/' and whitespace can be escaped.
If you did mean to use an '\' you can use '\\' to escape it
 This Cucumber Expression has a problem at column 3:

(\d+) work items have an AreaPath matching {string} and (\d+) does not
  ^
Only the characters '{', '}', '(', ')', '\', '/' and whitespace can be escaped.
If you did mean to use an '\' you can use '\\' to escape it
 This Cucumber Expression has a problem at column 3:

(\d+) work item has an AreaPath matching {string} and (\d+) do not
  ^
Only the characters '{', '}', '(', ')', '\', '/' and whitespace can be escaped.
If you did mean to use an '\' you can use '\\' to escape it
 When the import phase is triggered in Both mode
 -> binding error: Binding error(s) found: 
 This Cucumber Expression has a problem at column 3:

(\d+) work items exist in the project: (\d+) under {string} and (\d+) under {string}
  ^
Only the characters '{', '}', '(', ')', '\', '/' and whitespace can be escaped.
If you did mean to use an '\' you can use '\\' to escape it
 This Cucumber Expression has a problem at column 3:

(\d+) work items have an AreaPath matching {string} and (\d+) does not
  ^
Only the characters '{', '}', '(', ')', '\', '/' and whitespace can be escaped.
If you did mean to use an '\' you can use '\\' to escape it
 This Cucumber Expression has a problem at column 3:

(\d+) work item has an AreaPath matching {string} and (\d+) do not
  ^
Only the characters '{', '}', '(', ')', '\', '/' and whitespace can be escaped.
If you did mean to use an '\' you can use '\\' to escape it
 Then the import phase does not start
 -> binding error: Binding error(s) found: 
 This Cucumber Expression has a problem at column 3:

(\d+) work items exist in the project: (\d+) under {string} and (\d+) under {string}
  ^
Only the characters '{', '}', '(', ')', '\', '/' and whitespace can be escaped.
If you did mean to use an '\' you can use '\\' to escape it
 This Cucumber Expression has a problem at column 3:

(\d+) work items have an AreaPath matching {string} and (\d+) does not
  ^
Only the characters '{', '}', '(', ')', '\', '/' and whitespace can be escaped.
If you did mean to use an '\' you can use '\\' to escape it
 This Cucumber Expression has a problem at column 3:

(\d+) work item has an AreaPath matching {string} and (\d+) do not
  ^
Only the characters '{', '}', '(', ')', '\', '/' and whitespace can be escaped.
If you did mean to use an '\' you can use '\\' to escape it
 And the migration job status is set to "ValidationFailed"
 -> binding error: Binding error(s) found: 
 This Cucumber Expression has a problem at column 3:

(\d+) work items exist in the project: (\d+) under {string} and (\d+) under {string}
  ^
Only the characters '{', '}', '(', ')', '\', '/' and whitespace can be escaped.
If you did mean to use an '\' you can use '\\' to escape it
 This Cucumber Expression has a problem at column 3:

(\d+) work items have an AreaPath matching {string} and (\d+) does not
  ^
Only the characters '{', '}', '(', ')', '\', '/' and whitespace can be escaped.
If you did mean to use an '\' you can use '\\' to escape it
 This Cucumber Expression has a problem at column 3:

(\d+) work item has an AreaPath matching {string} and (\d+) do not
  ^
Only the characters '{', '}', '(', ')', '\', '/' and whitespace can be escaped.
If you did mean to use an '\' you can use '\\' to escape it


  Failed ValidationRunsAfterImportToConfirmTargetState [1 ms]
  Error Message:
   Test method DevOpsMigrationPlatform.Infrastructure.Tests.Features.Pre_ImportAndPost_ImportValidationFeature.ValidationRunsAfterImportToConfirmTargetState threw exception: 
Reqnroll.BindingException: Binding error(s) found: 
This Cucumber Expression has a problem at column 3:

(\d+) work items exist in the project: (\d+) under {string} and (\d+) under {string}
  ^
Only the characters '{', '}', '(', ')', '\', '/' and whitespace can be escaped.
If you did mean to use an '\' you can use '\\' to escape it
This Cucumber Expression has a problem at column 3:

(\d+) work items have an AreaPath matching {string} and (\d+) does not
  ^
Only the characters '{', '}', '(', ')', '\', '/' and whitespace can be escaped.
If you did mean to use an '\' you can use '\\' to escape it
This Cucumber Expression has a problem at column 3:

(\d+) work item has an AreaPath matching {string} and (\d+) do not
  ^
Only the characters '{', '}', '(', ')', '\', '/' and whitespace can be escaped.
If you did mean to use an '\' you can use '\\' to escape it
  Stack Trace:
     at Reqnroll.ErrorHandling.ErrorProvider.GetInvalidBindingRegistryError(IEnumerable`1 errors)
   at Reqnroll.Infrastructure.TestExecutionEngine.GetStepMatch(StepInstance stepInstance)
   at Reqnroll.Infrastructure.TestExecutionEngine.ExecuteStepAsync(IContextManager contextManager, StepInstance stepInstance)
   at Reqnroll.Infrastructure.TestExecutionEngine.OnAfterLastStepAsync()
   at Reqnroll.TestRunner.CollectScenarioErrorsAsync()
   at DevOpsMigrationPlatform.Infrastructure.Tests.Features.Pre_ImportAndPost_ImportValidationFeature.ScenarioCleanupAsync()
   at DevOpsMigrationPlatform.Infrastructure.Tests.Features.Pre_ImportAndPost_ImportValidationFeature.ValidationRunsAfterImportToConfirmTargetState() in C:\Users\MartinHinshelwoodNKD\source\repos\azure-devops-migration-platform\tests\DevOpsMigrationPlatform.Infrastructure.Tests\Features\package-validation.feature:line 38
--- End of stack trace from previous location ---

  Standard Output Messages:
 
 
 TestContext Messages:
 Given a migration package exists at the configured package root
 -> binding error: Binding error(s) found: 
 This Cucumber Expression has a problem at column 3:

(\d+) work items exist in the project: (\d+) under {string} and (\d+) under {string}
  ^
Only the characters '{', '}', '(', ')', '\', '/' and whitespace can be escaped.
If you did mean to use an '\' you can use '\\' to escape it
 This Cucumber Expression has a problem at column 3:

(\d+) work items have an AreaPath matching {string} and (\d+) does not
  ^
Only the characters '{', '}', '(', ')', '\', '/' and whitespace can be escaped.
If you did mean to use an '\' you can use '\\' to escape it
 This Cucumber Expression has a problem at column 3:

(\d+) work item has an AreaPath matching {string} and (\d+) do not
  ^
Only the characters '{', '}', '(', ')', '\', '/' and whitespace can be escaped.
If you did mean to use an '\' you can use '\\' to escape it
 Given the import phase has completed successfully
 -> binding error: Binding error(s) found: 
 This Cucumber Expression has a problem at column 3:

(\d+) work items exist in the project: (\d+) under {string} and (\d+) under {string}
  ^
Only the characters '{', '}', '(', ')', '\', '/' and whitespace can be escaped.
If you did mean to use an '\' you can use '\\' to escape it
 This Cucumber Expression has a problem at column 3:

(\d+) work items have an AreaPath matching {string} and (\d+) does not
  ^
Only the characters '{', '}', '(', ')', '\', '/' and whitespace can be escaped.
If you did mean to use an '\' you can use '\\' to escape it
 This Cucumber Expression has a problem at column 3:

(\d+) work item has an AreaPath matching {string} and (\d+) do not
  ^
Only the characters '{', '}', '(', ')', '\', '/' and whitespace can be escaped.
If you did mean to use an '\' you can use '\\' to escape it
 When the post-import validation runs
 -> binding error: Binding error(s) found: 
 This Cucumber Expression has a problem at column 3:

(\d+) work items exist in the project: (\d+) under {string} and (\d+) under {string}
  ^
Only the characters '{', '}', '(', ')', '\', '/' and whitespace can be escaped.
If you did mean to use an '\' you can use '\\' to escape it
 This Cucumber Expression has a problem at column 3:

(\d+) work items have an AreaPath matching {string} and (\d+) does not
  ^
Only the characters '{', '}', '(', ')', '\', '/' and whitespace can be escaped.
If you did mean to use an '\' you can use '\\' to escape it
 This Cucumber Expression has a problem at column 3:

(\d+) work item has an AreaPath matching {string} and (\d+) do not
  ^
Only the characters '{', '}', '(', ')', '\', '/' and whitespace can be escaped.
If you did mean to use an '\' you can use '\\' to escape it
 Then each work item in the target is checked against its final revision.json
 -> binding error: Binding error(s) found: 
 This Cucumber Expression has a problem at column 3:

(\d+) work items exist in the project: (\d+) under {string} and (\d+) under {string}
  ^
Only the characters '{', '}', '(', ')', '\', '/' and whitespace can be escaped.
If you did mean to use an '\' you can use '\\' to escape it
 This Cucumber Expression has a problem at column 3:

(\d+) work items have an AreaPath matching {string} and (\d+) does not
  ^
Only the characters '{', '}', '(', ')', '\', '/' and whitespace can be escaped.
If you did mean to use an '\' you can use '\\' to escape it
 This Cucumber Expression has a problem at column 3:

(\d+) work item has an AreaPath matching {string} and (\d+) do not
  ^
Only the characters '{', '}', '(', ')', '\', '/' and whitespace can be escaped.
If you did mean to use an '\' you can use '\\' to escape it
 And any discrepancy is recorded in "Logs/post-import-validation.log"
 -> binding error: Binding error(s) found: 
 This Cucumber Expression has a problem at column 3:

(\d+) work items exist in the project: (\d+) under {string} and (\d+) under {string}
  ^
Only the characters '{', '}', '(', ')', '\', '/' and whitespace can be escaped.
If you did mean to use an '\' you can use '\\' to escape it
 This Cucumber Expression has a problem at column 3:

(\d+) work items have an AreaPath matching {string} and (\d+) does not
  ^
Only the characters '{', '}', '(', ')', '\', '/' and whitespace can be escaped.
If you did mean to use an '\' you can use '\\' to escape it
 This Cucumber Expression has a problem at column 3:

(\d+) work item has an AreaPath matching {string} and (\d+) do not
  ^
Only the characters '{', '}', '(', ')', '\', '/' and whitespace can be escaped.
If you did mean to use an '\' you can use '\\' to escape it


  Failed ValidationHasNoSideEffectsOnThePackage [1 ms]
  Error Message:
   Test method DevOpsMigrationPlatform.Infrastructure.Tests.Features.Pre_ImportAndPost_ImportValidationFeature.ValidationHasNoSideEffectsOnThePackage threw exception: 
Reqnroll.BindingException: Binding error(s) found: 
This Cucumber Expression has a problem at column 3:

(\d+) work items exist in the project: (\d+) under {string} and (\d+) under {string}
  ^
Only the characters '{', '}', '(', ')', '\', '/' and whitespace can be escaped.
If you did mean to use an '\' you can use '\\' to escape it
This Cucumber Expression has a problem at column 3:

(\d+) work items have an AreaPath matching {string} and (\d+) does not
  ^
Only the characters '{', '}', '(', ')', '\', '/' and whitespace can be escaped.
If you did mean to use an '\' you can use '\\' to escape it
This Cucumber Expression has a problem at column 3:

(\d+) work item has an AreaPath matching {string} and (\d+) do not
  ^
Only the characters '{', '}', '(', ')', '\', '/' and whitespace can be escaped.
If you did mean to use an '\' you can use '\\' to escape it
  Stack Trace:
     at Reqnroll.ErrorHandling.ErrorProvider.GetInvalidBindingRegistryError(IEnumerable`1 errors)
   at Reqnroll.Infrastructure.TestExecutionEngine.GetStepMatch(StepInstance stepInstance)
   at Reqnroll.Infrastructure.TestExecutionEngine.ExecuteStepAsync(IContextManager contextManager, StepInstance stepInstance)
   at Reqnroll.Infrastructure.TestExecutionEngine.OnAfterLastStepAsync()
   at Reqnroll.TestRunner.CollectScenarioErrorsAsync()
   at DevOpsMigrationPlatform.Infrastructure.Tests.Features.Pre_ImportAndPost_ImportValidationFeature.ScenarioCleanupAsync()
   at DevOpsMigrationPlatform.Infrastructure.Tests.Features.Pre_ImportAndPost_ImportValidationFeature.ValidationHasNoSideEffectsOnThePackage() in C:\Users\MartinHinshelwoodNKD\source\repos\azure-devops-migration-platform\tests\DevOpsMigrationPlatform.Infrastructure.Tests\Features\package-validation.feature:line 45
--- End of stack trace from previous location ---

  Standard Output Messages:
 
 
 TestContext Messages:
 Given a migration package exists at the configured package root
 -> binding error: Binding error(s) found: 
 This Cucumber Expression has a problem at column 3:

(\d+) work items exist in the project: (\d+) under {string} and (\d+) under {string}
  ^
Only the characters '{', '}', '(', ')', '\', '/' and whitespace can be escaped.
If you did mean to use an '\' you can use '\\' to escape it
 This Cucumber Expression has a problem at column 3:

(\d+) work items have an AreaPath matching {string} and (\d+) does not
  ^
Only the characters '{', '}', '(', ')', '\', '/' and whitespace can be escaped.
If you did mean to use an '\' you can use '\\' to escape it
 This Cucumber Expression has a problem at column 3:

(\d+) work item has an AreaPath matching {string} and (\d+) do not
  ^
Only the characters '{', '}', '(', ')', '\', '/' and whitespace can be escaped.
If you did mean to use an '\' you can use '\\' to escape it
 Given a valid package
 -> binding error: Binding error(s) found: 
 This Cucumber Expression has a problem at column 3:

(\d+) work items exist in the project: (\d+) under {string} and (\d+) under {string}
  ^
Only the characters '{', '}', '(', ')', '\', '/' and whitespace can be escaped.
If you did mean to use an '\' you can use '\\' to escape it
 This Cucumber Expression has a problem at column 3:

(\d+) work items have an AreaPath matching {string} and (\d+) does not
  ^
Only the characters '{', '}', '(', ')', '\', '/' and whitespace can be escaped.
If you did mean to use an '\' you can use '\\' to escape it
 This Cucumber Expression has a problem at column 3:

(\d+) work item has an AreaPath matching {string} and (\d+) do not
  ^
Only the characters '{', '}', '(', ')', '\', '/' and whitespace can be escaped.
If you did mean to use an '\' you can use '\\' to escape it
 When the platform validates the package
 -> binding error: Binding error(s) found: 
 This Cucumber Expression has a problem at column 3:

(\d+) work items exist in the project: (\d+) under {string} and (\d+) under {string}
  ^
Only the characters '{', '}', '(', ')', '\', '/' and whitespace can be escaped.
If you did mean to use an '\' you can use '\\' to escape it
 This Cucumber Expression has a problem at column 3:

(\d+) work items have an AreaPath matching {string} and (\d+) does not
  ^
Only the characters '{', '}', '(', ')', '\', '/' and whitespace can be escaped.
If you did mean to use an '\' you can use '\\' to escape it
 This Cucumber Expression has a problem at column 3:

(\d+) work item has an AreaPath matching {string} and (\d+) do not
  ^
Only the characters '{', '}', '(', ')', '\', '/' and whitespace can be escaped.
If you did mean to use an '\' you can use '\\' to escape it
 Then no files in the package are modified
 -> binding error: Binding error(s) found: 
 This Cucumber Expression has a problem at column 3:

(\d+) work items exist in the project: (\d+) under {string} and (\d+) under {string}
  ^
Only the characters '{', '}', '(', ')', '\', '/' and whitespace can be escaped.
If you did mean to use an '\' you can use '\\' to escape it
 This Cucumber Expression has a problem at column 3:

(\d+) work items have an AreaPath matching {string} and (\d+) does not
  ^
Only the characters '{', '}', '(', ')', '\', '/' and whitespace can be escaped.
If you did mean to use an '\' you can use '\\' to escape it
 This Cucumber Expression has a problem at column 3:

(\d+) work item has an AreaPath matching {string} and (\d+) do not
  ^
Only the characters '{', '}', '(', ')', '\', '/' and whitespace can be escaped.
If you did mean to use an '\' you can use '\\' to escape it
 And no files are created in the package
 -> binding error: Binding error(s) found: 
 This Cucumber Expression has a problem at column 3:

(\d+) work items exist in the project: (\d+) under {string} and (\d+) under {string}
  ^
Only the characters '{', '}', '(', ')', '\', '/' and whitespace can be escaped.
If you did mean to use an '\' you can use '\\' to escape it
 This Cucumber Expression has a problem at column 3:

(\d+) work items have an AreaPath matching {string} and (\d+) does not
  ^
Only the characters '{', '}', '(', ')', '\', '/' and whitespace can be escaped.
If you did mean to use an '\' you can use '\\' to escape it
 This Cucumber Expression has a problem at column 3:

(\d+) work item has an AreaPath matching {string} and (\d+) do not
  ^
Only the characters '{', '}', '(', ')', '\', '/' and whitespace can be escaped.
If you did mean to use an '\' you can use '\\' to escape it
 And no target API calls are made
 -> binding error: Binding error(s) found: 
 This Cucumber Expression has a problem at column 3:

(\d+) work items exist in the project: (\d+) under {string} and (\d+) under {string}
  ^
Only the characters '{', '}', '(', ')', '\', '/' and whitespace can be escaped.
If you did mean to use an '\' you can use '\\' to escape it
 This Cucumber Expression has a problem at column 3:

(\d+) work items have an AreaPath matching {string} and (\d+) does not
  ^
Only the characters '{', '}', '(', ')', '\', '/' and whitespace can be escaped.
If you did mean to use an '\' you can use '\\' to escape it
 This Cucumber Expression has a problem at column 3:

(\d+) work item has an AreaPath matching {string} and (\d+) do not
  ^
Only the characters '{', '}', '(', ')', '\', '/' and whitespace can be escaped.
If you did mean to use an '\' you can use '\\' to escape it


  Failed DefaultArtefactsPathIsAppliedWhenMigration_JsonOmitsIt [2 ms]
  Error Message:
   Test method DevOpsMigrationPlatform.Infrastructure.Tests.Features.CLILoadsAndAppliesMigrationConfigurationFeature.DefaultArtefactsPathIsAppliedWhenMigration_JsonOmitsIt threw exception: 
Reqnroll.BindingException: Binding error(s) found: 
This Cucumber Expression has a problem at column 3:

(\d+) work items exist in the project: (\d+) under {string} and (\d+) under {string}
  ^
Only the characters '{', '}', '(', ')', '\', '/' and whitespace can be escaped.
If you did mean to use an '\' you can use '\\' to escape it
This Cucumber Expression has a problem at column 3:

(\d+) work items have an AreaPath matching {string} and (\d+) does not
  ^
Only the characters '{', '}', '(', ')', '\', '/' and whitespace can be escaped.
If you did mean to use an '\' you can use '\\' to escape it
This Cucumber Expression has a problem at column 3:

(\d+) work item has an AreaPath matching {string} and (\d+) do not
  ^
Only the characters '{', '}', '(', ')', '\', '/' and whitespace can be escaped.
If you did mean to use an '\' you can use '\\' to escape it
  Stack Trace:
     at Reqnroll.ErrorHandling.ErrorProvider.GetInvalidBindingRegistryError(IEnumerable`1 errors)
   at Reqnroll.Infrastructure.TestExecutionEngine.GetStepMatch(StepInstance stepInstance)
   at Reqnroll.Infrastructure.TestExecutionEngine.ExecuteStepAsync(IContextManager contextManager, StepInstance stepInstance)
   at Reqnroll.Infrastructure.TestExecutionEngine.OnAfterLastStepAsync()
   at Reqnroll.TestRunner.CollectScenarioErrorsAsync()
   at DevOpsMigrationPlatform.Infrastructure.Tests.Features.CLILoadsAndAppliesMigrationConfigurationFeature.ScenarioCleanupAsync()
   at DevOpsMigrationPlatform.Infrastructure.Tests.Features.CLILoadsAndAppliesMigrationConfigurationFeature.DefaultArtefactsPathIsAppliedWhenMigration_JsonOmitsIt() in C:\Users\MartinHinshelwoodNKD\source\repos\azure-devops-migration-platform\tests\DevOpsMigrationPlatform.Infrastructure.Tests\Features\prepare-validates-config.feature:line 9
--- End of stack trace from previous location ---

  Standard Output Messages:
 
 
 TestContext Messages:
 Given no migration.json file exists
 -> binding error: Binding error(s) found: 
 This Cucumber Expression has a problem at column 3:

(\d+) work items exist in the project: (\d+) under {string} and (\d+) under {string}
  ^
Only the characters '{', '}', '(', ')', '\', '/' and whitespace can be escaped.
If you did mean to use an '\' you can use '\\' to escape it
 This Cucumber Expression has a problem at column 3:

(\d+) work items have an AreaPath matching {string} and (\d+) does not
  ^
Only the characters '{', '}', '(', ')', '\', '/' and whitespace can be escaped.
If you did mean to use an '\' you can use '\\' to escape it
 This Cucumber Expression has a problem at column 3:

(\d+) work item has an AreaPath matching {string} and (\d+) do not
  ^
Only the characters '{', '}', '(', ')', '\', '/' and whitespace can be escaped.
If you did mean to use an '\' you can use '\\' to escape it
 When the platform options are loaded from defaults only
 -> binding error: Binding error(s) found: 
 This Cucumber Expression has a problem at column 3:

(\d+) work items exist in the project: (\d+) under {string} and (\d+) under {string}
  ^
Only the characters '{', '}', '(', ')', '\', '/' and whitespace can be escaped.
If you did mean to use an '\' you can use '\\' to escape it
 This Cucumber Expression has a problem at column 3:

(\d+) work items have an AreaPath matching {string} and (\d+) does not
  ^
Only the characters '{', '}', '(', ')', '\', '/' and whitespace can be escaped.
If you did mean to use an '\' you can use '\\' to escape it
 This Cucumber Expression has a problem at column 3:

(\d+) work item has an AreaPath matching {string} and (\d+) do not
  ^
Only the characters '{', '}', '(', ')', '\', '/' and whitespace can be escaped.
If you did mean to use an '\' you can use '\\' to escape it
 Then the artefacts path is "%userprofile%\.DevOpsMigrationPlatform"
 -> binding error: Binding error(s) found: 
 This Cucumber Expression has a problem at column 3:

(\d+) work items exist in the project: (\d+) under {string} and (\d+) under {string}
  ^
Only the characters '{', '}', '(', ')', '\', '/' and whitespace can be escaped.
If you did mean to use an '\' you can use '\\' to escape it
 This Cucumber Expression has a problem at column 3:

(\d+) work items have an AreaPath matching {string} and (\d+) does not
  ^
Only the characters '{', '}', '(', ')', '\', '/' and whitespace can be escaped.
If you did mean to use an '\' you can use '\\' to escape it
 This Cucumber Expression has a problem at column 3:

(\d+) work item has an AreaPath matching {string} and (\d+) do not
  ^
Only the characters '{', '}', '(', ')', '\', '/' and whitespace can be escaped.
If you did mean to use an '\' you can use '\\' to escape it


  Failed DefaultPoliciesAreAppliedWhenMigration_JsonOmitsThem [1 ms]
  Error Message:
   Test method DevOpsMigrationPlatform.Infrastructure.Tests.Features.CLILoadsAndAppliesMigrationConfigurationFeature.DefaultPoliciesAreAppliedWhenMigration_JsonOmitsThem threw exception: 
Reqnroll.BindingException: Binding error(s) found: 
This Cucumber Expression has a problem at column 3:

(\d+) work items exist in the project: (\d+) under {string} and (\d+) under {string}
  ^
Only the characters '{', '}', '(', ')', '\', '/' and whitespace can be escaped.
If you did mean to use an '\' you can use '\\' to escape it
This Cucumber Expression has a problem at column 3:

(\d+) work items have an AreaPath matching {string} and (\d+) does not
  ^
Only the characters '{', '}', '(', ')', '\', '/' and whitespace can be escaped.
If you did mean to use an '\' you can use '\\' to escape it
This Cucumber Expression has a problem at column 3:

(\d+) work item has an AreaPath matching {string} and (\d+) do not
  ^
Only the characters '{', '}', '(', ')', '\', '/' and whitespace can be escaped.
If you did mean to use an '\' you can use '\\' to escape it
  Stack Trace:
     at Reqnroll.ErrorHandling.ErrorProvider.GetInvalidBindingRegistryError(IEnumerable`1 errors)
   at Reqnroll.Infrastructure.TestExecutionEngine.GetStepMatch(StepInstance stepInstance)
   at Reqnroll.Infrastructure.TestExecutionEngine.ExecuteStepAsync(IContextManager contextManager, StepInstance stepInstance)
   at Reqnroll.Infrastructure.TestExecutionEngine.OnAfterLastStepAsync()
   at Reqnroll.TestRunner.CollectScenarioErrorsAsync()
   at DevOpsMigrationPlatform.Infrastructure.Tests.Features.CLILoadsAndAppliesMigrationConfigurationFeature.ScenarioCleanupAsync()
   at DevOpsMigrationPlatform.Infrastructure.Tests.Features.CLILoadsAndAppliesMigrationConfigurationFeature.DefaultPoliciesAreAppliedWhenMigration_JsonOmitsThem() in C:\Users\MartinHinshelwoodNKD\source\repos\azure-devops-migration-platform\tests\DevOpsMigrationPlatform.Infrastructure.Tests\Features\prepare-validates-config.feature:line 15
--- End of stack trace from previous location ---

  Standard Output Messages:
 
 
 TestContext Messages:
 Given no migration.json file exists
 -> binding error: Binding error(s) found: 
 This Cucumber Expression has a problem at column 3:

(\d+) work items exist in the project: (\d+) under {string} and (\d+) under {string}
  ^
Only the characters '{', '}', '(', ')', '\', '/' and whitespace can be escaped.
If you did mean to use an '\' you can use '\\' to escape it
 This Cucumber Expression has a problem at column 3:

(\d+) work items have an AreaPath matching {string} and (\d+) does not
  ^
Only the characters '{', '}', '(', ')', '\', '/' and whitespace can be escaped.
If you did mean to use an '\' you can use '\\' to escape it
 This Cucumber Expression has a problem at column 3:

(\d+) work item has an AreaPath matching {string} and (\d+) do not
  ^
Only the characters '{', '}', '(', ')', '\', '/' and whitespace can be escaped.
If you did mean to use an '\' you can use '\\' to escape it
 When the platform options are loaded from defaults only
 -> binding error: Binding error(s) found: 
 This Cucumber Expression has a problem at column 3:

(\d+) work items exist in the project: (\d+) under {string} and (\d+) under {string}
  ^
Only the characters '{', '}', '(', ')', '\', '/' and whitespace can be escaped.
If you did mean to use an '\' you can use '\\' to escape it
 This Cucumber Expression has a problem at column 3:

(\d+) work items have an AreaPath matching {string} and (\d+) does not
  ^
Only the characters '{', '}', '(', ')', '\', '/' and whitespace can be escaped.
If you did mean to use an '\' you can use '\\' to escape it
 This Cucumber Expression has a problem at column 3:

(\d+) work item has an AreaPath matching {string} and (\d+) do not
  ^
Only the characters '{', '}', '(', ')', '\', '/' and whitespace can be escaped.
If you did mean to use an '\' you can use '\\' to escape it
 Then the max retries is 8
 -> binding error: Binding error(s) found: 
 This Cucumber Expression has a problem at column 3:

(\d+) work items exist in the project: (\d+) under {string} and (\d+) under {string}
  ^
Only the characters '{', '}', '(', ')', '\', '/' and whitespace can be escaped.
If you did mean to use an '\' you can use '\\' to escape it
 This Cucumber Expression has a problem at column 3:

(\d+) work items have an AreaPath matching {string} and (\d+) does not
  ^
Only the characters '{', '}', '(', ')', '\', '/' and whitespace can be escaped.
If you did mean to use an '\' you can use '\\' to escape it
 This Cucumber Expression has a problem at column 3:

(\d+) work item has an AreaPath matching {string} and (\d+) do not
  ^
Only the characters '{', '}', '(', ')', '\', '/' and whitespace can be escaped.
If you did mean to use an '\' you can use '\\' to escape it
 And the max concurrency is 4
 -> binding error: Binding error(s) found: 
 This Cucumber Expression has a problem at column 3:

(\d+) work items exist in the project: (\d+) under {string} and (\d+) under {string}
  ^
Only the characters '{', '}', '(', ')', '\', '/' and whitespace can be escaped.
If you did mean to use an '\' you can use '\\' to escape it
 This Cucumber Expression has a problem at column 3:

(\d+) work items have an AreaPath matching {string} and (\d+) does not
  ^
Only the characters '{', '}', '(', ')', '\', '/' and whitespace can be escaped.
If you did mean to use an '\' you can use '\\' to escape it
 This Cucumber Expression has a problem at column 3:

(\d+) work item has an AreaPath matching {string} and (\d+) do not
  ^
Only the characters '{', '}', '(', ')', '\', '/' and whitespace can be escaped.
If you did mean to use an '\' you can use '\\' to escape it


  Failed UserConfigOverridesTheDefaultArtefactsPath [1 ms]
  Error Message:
   Test method DevOpsMigrationPlatform.Infrastructure.Tests.Features.CLILoadsAndAppliesMigrationConfigurationFeature.UserConfigOverridesTheDefaultArtefactsPath threw exception: 
Reqnroll.BindingException: Binding error(s) found: 
This Cucumber Expression has a problem at column 3:

(\d+) work items exist in the project: (\d+) under {string} and (\d+) under {string}
  ^
Only the characters '{', '}', '(', ')', '\', '/' and whitespace can be escaped.
If you did mean to use an '\' you can use '\\' to escape it
This Cucumber Expression has a problem at column 3:

(\d+) work items have an AreaPath matching {string} and (\d+) does not
  ^
Only the characters '{', '}', '(', ')', '\', '/' and whitespace can be escaped.
If you did mean to use an '\' you can use '\\' to escape it
This Cucumber Expression has a problem at column 3:

(\d+) work item has an AreaPath matching {string} and (\d+) do not
  ^
Only the characters '{', '}', '(', ')', '\', '/' and whitespace can be escaped.
If you did mean to use an '\' you can use '\\' to escape it
  Stack Trace:
     at Reqnroll.ErrorHandling.ErrorProvider.GetInvalidBindingRegistryError(IEnumerable`1 errors)
   at Reqnroll.Infrastructure.TestExecutionEngine.GetStepMatch(StepInstance stepInstance)
   at Reqnroll.Infrastructure.TestExecutionEngine.ExecuteStepAsync(IContextManager contextManager, StepInstance stepInstance)
   at Reqnroll.Infrastructure.TestExecutionEngine.OnAfterLastStepAsync()
   at Reqnroll.TestRunner.CollectScenarioErrorsAsync()
   at DevOpsMigrationPlatform.Infrastructure.Tests.Features.CLILoadsAndAppliesMigrationConfigurationFeature.ScenarioCleanupAsync()
   at DevOpsMigrationPlatform.Infrastructure.Tests.Features.CLILoadsAndAppliesMigrationConfigurationFeature.UserConfigOverridesTheDefaultArtefactsPath() in C:\Users\MartinHinshelwoodNKD\source\repos\azure-devops-migration-platform\tests\DevOpsMigrationPlatform.Infrastructure.Tests\Features\prepare-validates-config.feature:line 20
--- End of stack trace from previous location ---

  Standard Output Messages:
 
 
 TestContext Messages:
 Given a migration.json with artefacts path "C:\my-exports"
 -> binding error: Binding error(s) found: 
 This Cucumber Expression has a problem at column 3:

(\d+) work items exist in the project: (\d+) under {string} and (\d+) under {string}
  ^
Only the characters '{', '}', '(', ')', '\', '/' and whitespace can be escaped.
If you did mean to use an '\' you can use '\\' to escape it
 This Cucumber Expression has a problem at column 3:

(\d+) work items have an AreaPath matching {string} and (\d+) does not
  ^
Only the characters '{', '}', '(', ')', '\', '/' and whitespace can be escaped.
If you did mean to use an '\' you can use '\\' to escape it
 This Cucumber Expression has a problem at column 3:

(\d+) work item has an AreaPath matching {string} and (\d+) do not
  ^
Only the characters '{', '}', '(', ')', '\', '/' and whitespace can be escaped.
If you did mean to use an '\' you can use '\\' to escape it
 When the platform options are loaded
 -> binding error: Binding error(s) found: 
 This Cucumber Expression has a problem at column 3:

(\d+) work items exist in the project: (\d+) under {string} and (\d+) under {string}
  ^
Only the characters '{', '}', '(', ')', '\', '/' and whitespace can be escaped.
If you did mean to use an '\' you can use '\\' to escape it
 This Cucumber Expression has a problem at column 3:

(\d+) work items have an AreaPath matching {string} and (\d+) does not
  ^
Only the characters '{', '}', '(', ')', '\', '/' and whitespace can be escaped.
If you did mean to use an '\' you can use '\\' to escape it
 This Cucumber Expression has a problem at column 3:

(\d+) work item has an AreaPath matching {string} and (\d+) do not
  ^
Only the characters '{', '}', '(', ')', '\', '/' and whitespace can be escaped.
If you did mean to use an '\' you can use '\\' to escape it
 Then the artefacts path is "C:\my-exports"
 -> binding error: Binding error(s) found: 
 This Cucumber Expression has a problem at column 3:

(\d+) work items exist in the project: (\d+) under {string} and (\d+) under {string}
  ^
Only the characters '{', '}', '(', ')', '\', '/' and whitespace can be escaped.
If you did mean to use an '\' you can use '\\' to escape it
 This Cucumber Expression has a problem at column 3:

(\d+) work items have an AreaPath matching {string} and (\d+) does not
  ^
Only the characters '{', '}', '(', ')', '\', '/' and whitespace can be escaped.
If you did mean to use an '\' you can use '\\' to escape it
 This Cucumber Expression has a problem at column 3:

(\d+) work item has an AreaPath matching {string} and (\d+) do not
  ^
Only the characters '{', '}', '(', ')', '\', '/' and whitespace can be escaped.
If you did mean to use an '\' you can use '\\' to escape it


  Failed UserConfigOverridesTheDefaultRetryPolicy [1 ms]
  Error Message:
   Test method DevOpsMigrationPlatform.Infrastructure.Tests.Features.CLILoadsAndAppliesMigrationConfigurationFeature.UserConfigOverridesTheDefaultRetryPolicy threw exception: 
Reqnroll.BindingException: Binding error(s) found: 
This Cucumber Expression has a problem at column 3:

(\d+) work items exist in the project: (\d+) under {string} and (\d+) under {string}
  ^
Only the characters '{', '}', '(', ')', '\', '/' and whitespace can be escaped.
If you did mean to use an '\' you can use '\\' to escape it
This Cucumber Expression has a problem at column 3:

(\d+) work items have an AreaPath matching {string} and (\d+) does not
  ^
Only the characters '{', '}', '(', ')', '\', '/' and whitespace can be escaped.
If you did mean to use an '\' you can use '\\' to escape it
This Cucumber Expression has a problem at column 3:

(\d+) work item has an AreaPath matching {string} and (\d+) do not
  ^
Only the characters '{', '}', '(', ')', '\', '/' and whitespace can be escaped.
If you did mean to use an '\' you can use '\\' to escape it
  Stack Trace:
     at Reqnroll.ErrorHandling.ErrorProvider.GetInvalidBindingRegistryError(IEnumerable`1 errors)
   at Reqnroll.Infrastructure.TestExecutionEngine.GetStepMatch(StepInstance stepInstance)
   at Reqnroll.Infrastructure.TestExecutionEngine.ExecuteStepAsync(IContextManager contextManager, StepInstance stepInstance)
   at Reqnroll.Infrastructure.TestExecutionEngine.OnAfterLastStepAsync()
   at Reqnroll.TestRunner.CollectScenarioErrorsAsync()
   at DevOpsMigrationPlatform.Infrastructure.Tests.Features.CLILoadsAndAppliesMigrationConfigurationFeature.ScenarioCleanupAsync()
   at DevOpsMigrationPlatform.Infrastructure.Tests.Features.CLILoadsAndAppliesMigrationConfigurationFeature.UserConfigOverridesTheDefaultRetryPolicy() in C:\Users\MartinHinshelwoodNKD\source\repos\azure-devops-migration-platform\tests\DevOpsMigrationPlatform.Infrastructure.Tests\Features\prepare-validates-config.feature:line 25
--- End of stack trace from previous location ---

  Standard Output Messages:
 
 
 TestContext Messages:
 Given a migration.json with max retries 3
 -> binding error: Binding error(s) found: 
 This Cucumber Expression has a problem at column 3:

(\d+) work items exist in the project: (\d+) under {string} and (\d+) under {string}
  ^
Only the characters '{', '}', '(', ')', '\', '/' and whitespace can be escaped.
If you did mean to use an '\' you can use '\\' to escape it
 This Cucumber Expression has a problem at column 3:

(\d+) work items have an AreaPath matching {string} and (\d+) does not
  ^
Only the characters '{', '}', '(', ')', '\', '/' and whitespace can be escaped.
If you did mean to use an '\' you can use '\\' to escape it
 This Cucumber Expression has a problem at column 3:

(\d+) work item has an AreaPath matching {string} and (\d+) do not
  ^
Only the characters '{', '}', '(', ')', '\', '/' and whitespace can be escaped.
If you did mean to use an '\' you can use '\\' to escape it
 When the platform options are loaded
 -> binding error: Binding error(s) found: 
 This Cucumber Expression has a problem at column 3:

(\d+) work items exist in the project: (\d+) under {string} and (\d+) under {string}
  ^
Only the characters '{', '}', '(', ')', '\', '/' and whitespace can be escaped.
If you did mean to use an '\' you can use '\\' to escape it
 This Cucumber Expression has a problem at column 3:

(\d+) work items have an AreaPath matching {string} and (\d+) does not
  ^
Only the characters '{', '}', '(', ')', '\', '/' and whitespace can be escaped.
If you did mean to use an '\' you can use '\\' to escape it
 This Cucumber Expression has a problem at column 3:

(\d+) work item has an AreaPath matching {string} and (\d+) do not
  ^
Only the characters '{', '}', '(', ')', '\', '/' and whitespace can be escaped.
If you did mean to use an '\' you can use '\\' to escape it
 Then the max retries is 3
 -> binding error: Binding error(s) found: 
 This Cucumber Expression has a problem at column 3:

(\d+) work items exist in the project: (\d+) under {string} and (\d+) under {string}
  ^
Only the characters '{', '}', '(', ')', '\', '/' and whitespace can be escaped.
If you did mean to use an '\' you can use '\\' to escape it
 This Cucumber Expression has a problem at column 3:

(\d+) work items have an AreaPath matching {string} and (\d+) does not
  ^
Only the characters '{', '}', '(', ')', '\', '/' and whitespace can be escaped.
If you did mean to use an '\' you can use '\\' to escape it
 This Cucumber Expression has a problem at column 3:

(\d+) work item has an AreaPath matching {string} and (\d+) do not
  ^
Only the characters '{', '}', '(', ')', '\', '/' and whitespace can be escaped.
If you did mean to use an '\' you can use '\\' to escape it


  Failed ArtefactsPathExpandsEnvironmentVariables [1 ms]
  Error Message:
   Test method DevOpsMigrationPlatform.Infrastructure.Tests.Features.CLILoadsAndAppliesMigrationConfigurationFeature.ArtefactsPathExpandsEnvironmentVariables threw exception: 
Reqnroll.BindingException: Binding error(s) found: 
This Cucumber Expression has a problem at column 3:

(\d+) work items exist in the project: (\d+) under {string} and (\d+) under {string}
  ^
Only the characters '{', '}', '(', ')', '\', '/' and whitespace can be escaped.
If you did mean to use an '\' you can use '\\' to escape it
This Cucumber Expression has a problem at column 3:

(\d+) work items have an AreaPath matching {string} and (\d+) does not
  ^
Only the characters '{', '}', '(', ')', '\', '/' and whitespace can be escaped.
If you did mean to use an '\' you can use '\\' to escape it
This Cucumber Expression has a problem at column 3:

(\d+) work item has an AreaPath matching {string} and (\d+) do not
  ^
Only the characters '{', '}', '(', ')', '\', '/' and whitespace can be escaped.
If you did mean to use an '\' you can use '\\' to escape it
  Stack Trace:
     at Reqnroll.ErrorHandling.ErrorProvider.GetInvalidBindingRegistryError(IEnumerable`1 errors)
   at Reqnroll.Infrastructure.TestExecutionEngine.GetStepMatch(StepInstance stepInstance)
   at Reqnroll.Infrastructure.TestExecutionEngine.ExecuteStepAsync(IContextManager contextManager, StepInstance stepInstance)
   at Reqnroll.Infrastructure.TestExecutionEngine.OnAfterLastStepAsync()
   at Reqnroll.TestRunner.CollectScenarioErrorsAsync()
   at DevOpsMigrationPlatform.Infrastructure.Tests.Features.CLILoadsAndAppliesMigrationConfigurationFeature.ScenarioCleanupAsync()
   at DevOpsMigrationPlatform.Infrastructure.Tests.Features.CLILoadsAndAppliesMigrationConfigurationFeature.ArtefactsPathExpandsEnvironmentVariables() in C:\Users\MartinHinshelwoodNKD\source\repos\azure-devops-migration-platform\tests\DevOpsMigrationPlatform.Infrastructure.Tests\Features\prepare-validates-config.feature:line 31
--- End of stack trace from previous location ---

  Standard Output Messages:
 
 
 TestContext Messages:
 Given a migration.json with artefacts path "%TEMP%\migration-run"
 -> binding error: Binding error(s) found: 
 This Cucumber Expression has a problem at column 3:

(\d+) work items exist in the project: (\d+) under {string} and (\d+) under {string}
  ^
Only the characters '{', '}', '(', ')', '\', '/' and whitespace can be escaped.
If you did mean to use an '\' you can use '\\' to escape it
 This Cucumber Expression has a problem at column 3:

(\d+) work items have an AreaPath matching {string} and (\d+) does not
  ^
Only the characters '{', '}', '(', ')', '\', '/' and whitespace can be escaped.
If you did mean to use an '\' you can use '\\' to escape it
 This Cucumber Expression has a problem at column 3:

(\d+) work item has an AreaPath matching {string} and (\d+) do not
  ^
Only the characters '{', '}', '(', ')', '\', '/' and whitespace can be escaped.
If you did mean to use an '\' you can use '\\' to escape it
 When the platform options are loaded
 -> binding error: Binding error(s) found: 
 This Cucumber Expression has a problem at column 3:

(\d+) work items exist in the project: (\d+) under {string} and (\d+) under {string}
  ^
Only the characters '{', '}', '(', ')', '\', '/' and whitespace can be escaped.
If you did mean to use an '\' you can use '\\' to escape it
 This Cucumber Expression has a problem at column 3:

(\d+) work items have an AreaPath matching {string} and (\d+) does not
  ^
Only the characters '{', '}', '(', ')', '\', '/' and whitespace can be escaped.
If you did mean to use an '\' you can use '\\' to escape it
 This Cucumber Expression has a problem at column 3:

(\d+) work item has an AreaPath matching {string} and (\d+) do not
  ^
Only the characters '{', '}', '(', ')', '\', '/' and whitespace can be escaped.
If you did mean to use an '\' you can use '\\' to escape it
 Then the expanded artefacts path does not contain "%TEMP%"
 -> binding error: Binding error(s) found: 
 This Cucumber Expression has a problem at column 3:

(\d+) work items exist in the project: (\d+) under {string} and (\d+) under {string}
  ^
Only the characters '{', '}', '(', ')', '\', '/' and whitespace can be escaped.
If you did mean to use an '\' you can use '\\' to escape it
 This Cucumber Expression has a problem at column 3:

(\d+) work items have an AreaPath matching {string} and (\d+) does not
  ^
Only the characters '{', '}', '(', ')', '\', '/' and whitespace can be escaped.
If you did mean to use an '\' you can use '\\' to escape it
 This Cucumber Expression has a problem at column 3:

(\d+) work item has an AreaPath matching {string} and (\d+) do not
  ^
Only the characters '{', '}', '(', ')', '\', '/' and whitespace can be escaped.
If you did mean to use an '\' you can use '\\' to escape it
 And the expanded artefacts path contains the value of the TEMP environment variable
 -> binding error: Binding error(s) found: 
 This Cucumber Expression has a problem at column 3:

(\d+) work items exist in the project: (\d+) under {string} and (\d+) under {string}
  ^
Only the characters '{', '}', '(', ')', '\', '/' and whitespace can be escaped.
If you did mean to use an '\' you can use '\\' to escape it
 This Cucumber Expression has a problem at column 3:

(\d+) work items have an AreaPath matching {string} and (\d+) does not
  ^
Only the characters '{', '}', '(', ')', '\', '/' and whitespace can be escaped.
If you did mean to use an '\' you can use '\\' to escape it
 This Cucumber Expression has a problem at column 3:

(\d+) work item has an AreaPath matching {string} and (\d+) do not
  ^
Only the characters '{', '}', '(', ')', '\', '/' and whitespace can be escaped.
If you did mean to use an '\' you can use '\\' to escape it


  Failed SinkPOSTsAProgressEventToTheControlPlaneWithin1SecondOfEmit [2 ms]
  Error Message:
   Test method DevOpsMigrationPlatform.Infrastructure.Tests.Features.ControlPlaneProgressSinkFeature.SinkPOSTsAProgressEventToTheControlPlaneWithin1SecondOfEmit threw exception: 
Reqnroll.BindingException: Binding error(s) found: 
This Cucumber Expression has a problem at column 3:

(\d+) work items exist in the project: (\d+) under {string} and (\d+) under {string}
  ^
Only the characters '{', '}', '(', ')', '\', '/' and whitespace can be escaped.
If you did mean to use an '\' you can use '\\' to escape it
This Cucumber Expression has a problem at column 3:

(\d+) work items have an AreaPath matching {string} and (\d+) does not
  ^
Only the characters '{', '}', '(', ')', '\', '/' and whitespace can be escaped.
If you did mean to use an '\' you can use '\\' to escape it
This Cucumber Expression has a problem at column 3:

(\d+) work item has an AreaPath matching {string} and (\d+) do not
  ^
Only the characters '{', '}', '(', ')', '\', '/' and whitespace can be escaped.
If you did mean to use an '\' you can use '\\' to escape it
  Stack Trace:
     at Reqnroll.ErrorHandling.ErrorProvider.GetInvalidBindingRegistryError(IEnumerable`1 errors)
   at Reqnroll.Infrastructure.TestExecutionEngine.GetStepMatch(StepInstance stepInstance)
   at Reqnroll.Infrastructure.TestExecutionEngine.ExecuteStepAsync(IContextManager contextManager, StepInstance stepInstance)
   at Reqnroll.Infrastructure.TestExecutionEngine.OnAfterLastStepAsync()
   at Reqnroll.TestRunner.CollectScenarioErrorsAsync()
   at DevOpsMigrationPlatform.Infrastructure.Tests.Features.ControlPlaneProgressSinkFeature.ScenarioCleanupAsync()
   at DevOpsMigrationPlatform.Infrastructure.Tests.Features.ControlPlaneProgressSinkFeature.SinkPOSTsAProgressEventToTheControlPlaneWithin1SecondOfEmit() in C:\Users\MartinHinshelwoodNKD\source\repos\azure-devops-migration-platform\tests\DevOpsMigrationPlatform.Infrastructure.Tests\Features\progress-sink.feature:line 12
--- End of stack trace from previous location ---

  Standard Output Messages:
 
 
 TestContext Messages:
 Given a Control Plane endpoint is accepting POST requests at "/agents/lease/{leaseId}/progress"
 -> binding error: Binding error(s) found: 
 This Cucumber Expression has a problem at column 3:

(\d+) work items exist in the project: (\d+) under {string} and (\d+) under {string}
  ^
Only the characters '{', '}', '(', ')', '\', '/' and whitespace can be escaped.
If you did mean to use an '\' you can use '\\' to escape it
 This Cucumber Expression has a problem at column 3:

(\d+) work items have an AreaPath matching {string} and (\d+) does not
  ^
Only the characters '{', '}', '(', ')', '\', '/' and whitespace can be escaped.
If you did mean to use an '\' you can use '\\' to escape it
 This Cucumber Expression has a problem at column 3:

(\d+) work item has an AreaPath matching {string} and (\d+) do not
  ^
Only the characters '{', '}', '(', ')', '\', '/' and whitespace can be escaped.
If you did mean to use an '\' you can use '\\' to escape it
 And the agent holds an active lease
 -> binding error: Binding error(s) found: 
 This Cucumber Expression has a problem at column 3:

(\d+) work items exist in the project: (\d+) under {string} and (\d+) under {string}
  ^
Only the characters '{', '}', '(', ')', '\', '/' and whitespace can be escaped.
If you did mean to use an '\' you can use '\\' to escape it
 This Cucumber Expression has a problem at column 3:

(\d+) work items have an AreaPath matching {string} and (\d+) does not
  ^
Only the characters '{', '}', '(', ')', '\', '/' and whitespace can be escaped.
If you did mean to use an '\' you can use '\\' to escape it
 This Cucumber Expression has a problem at column 3:

(\d+) work item has an AreaPath matching {string} and (\d+) do not
  ^
Only the characters '{', '}', '(', ')', '\', '/' and whitespace can be escaped.
If you did mean to use an '\' you can use '\\' to escape it
 When the job engine calls Emit with a ProgressEvent
 -> binding error: Binding error(s) found: 
 This Cucumber Expression has a problem at column 3:

(\d+) work items exist in the project: (\d+) under {string} and (\d+) under {string}
  ^
Only the characters '{', '}', '(', ')', '\', '/' and whitespace can be escaped.
If you did mean to use an '\' you can use '\\' to escape it
 This Cucumber Expression has a problem at column 3:

(\d+) work items have an AreaPath matching {string} and (\d+) does not
  ^
Only the characters '{', '}', '(', ')', '\', '/' and whitespace can be escaped.
If you did mean to use an '\' you can use '\\' to escape it
 This Cucumber Expression has a problem at column 3:

(\d+) work item has an AreaPath matching {string} and (\d+) do not
  ^
Only the characters '{', '}', '(', ')', '\', '/' and whitespace can be escaped.
If you did mean to use an '\' you can use '\\' to escape it
 Then the event is POSTed to the Control Plane endpoint within 1 second
 -> binding error: Binding error(s) found: 
 This Cucumber Expression has a problem at column 3:

(\d+) work items exist in the project: (\d+) under {string} and (\d+) under {string}
  ^
Only the characters '{', '}', '(', ')', '\', '/' and whitespace can be escaped.
If you did mean to use an '\' you can use '\\' to escape it
 This Cucumber Expression has a problem at column 3:

(\d+) work items have an AreaPath matching {string} and (\d+) does not
  ^
Only the characters '{', '}', '(', ')', '\', '/' and whitespace can be escaped.
If you did mean to use an '\' you can use '\\' to escape it
 This Cucumber Expression has a problem at column 3:

(\d+) work item has an AreaPath matching {string} and (\d+) do not
  ^
Only the characters '{', '}', '(', ')', '\', '/' and whitespace can be escaped.
If you did mean to use an '\' you can use '\\' to escape it
 And the HTTP response status is 204
 -> binding error: Binding error(s) found: 
 This Cucumber Expression has a problem at column 3:

(\d+) work items exist in the project: (\d+) under {string} and (\d+) under {string}
  ^
Only the characters '{', '}', '(', ')', '\', '/' and whitespace can be escaped.
If you did mean to use an '\' you can use '\\' to escape it
 This Cucumber Expression has a problem at column 3:

(\d+) work items have an AreaPath matching {string} and (\d+) does not
  ^
Only the characters '{', '}', '(', ')', '\', '/' and whitespace can be escaped.
If you did mean to use an '\' you can use '\\' to escape it
 This Cucumber Expression has a problem at column 3:

(\d+) work item has an AreaPath matching {string} and (\d+) do not
  ^
Only the characters '{', '}', '(', ')', '\', '/' and whitespace can be escaped.
If you did mean to use an '\' you can use '\\' to escape it


  Failed FreshRingBufferIsCreatedOnControlPlaneRestartWhenAgentResumesPosting [1 ms]
  Error Message:
   Test method DevOpsMigrationPlatform.Infrastructure.Tests.Features.ControlPlaneProgressSinkFeature.FreshRingBufferIsCreatedOnControlPlaneRestartWhenAgentResumesPosting threw exception: 
Reqnroll.BindingException: Binding error(s) found: 
This Cucumber Expression has a problem at column 3:

(\d+) work items exist in the project: (\d+) under {string} and (\d+) under {string}
  ^
Only the characters '{', '}', '(', ')', '\', '/' and whitespace can be escaped.
If you did mean to use an '\' you can use '\\' to escape it
This Cucumber Expression has a problem at column 3:

(\d+) work items have an AreaPath matching {string} and (\d+) does not
  ^
Only the characters '{', '}', '(', ')', '\', '/' and whitespace can be escaped.
If you did mean to use an '\' you can use '\\' to escape it
This Cucumber Expression has a problem at column 3:

(\d+) work item has an AreaPath matching {string} and (\d+) do not
  ^
Only the characters '{', '}', '(', ')', '\', '/' and whitespace can be escaped.
If you did mean to use an '\' you can use '\\' to escape it
  Stack Trace:
     at Reqnroll.ErrorHandling.ErrorProvider.GetInvalidBindingRegistryError(IEnumerable`1 errors)
   at Reqnroll.Infrastructure.TestExecutionEngine.GetStepMatch(StepInstance stepInstance)
   at Reqnroll.Infrastructure.TestExecutionEngine.ExecuteStepAsync(IContextManager contextManager, StepInstance stepInstance)
   at Reqnroll.Infrastructure.TestExecutionEngine.OnAfterLastStepAsync()
   at Reqnroll.TestRunner.CollectScenarioErrorsAsync()
   at DevOpsMigrationPlatform.Infrastructure.Tests.Features.ControlPlaneProgressSinkFeature.ScenarioCleanupAsync()
   at DevOpsMigrationPlatform.Infrastructure.Tests.Features.ControlPlaneProgressSinkFeature.FreshRingBufferIsCreatedOnControlPlaneRestartWhenAgentResumesPosting() in C:\Users\MartinHinshelwoodNKD\source\repos\azure-devops-migration-platform\tests\DevOpsMigrationPlatform.Infrastructure.Tests\Features\progress-sink.feature:line 20
--- End of stack trace from previous location ---

  Standard Output Messages:
 
 
 TestContext Messages:
 Given the Control Plane has been restarted and holds no stored events for the lease
 -> binding error: Binding error(s) found: 
 This Cucumber Expression has a problem at column 3:

(\d+) work items exist in the project: (\d+) under {string} and (\d+) under {string}
  ^
Only the characters '{', '}', '(', ')', '\', '/' and whitespace can be escaped.
If you did mean to use an '\' you can use '\\' to escape it
 This Cucumber Expression has a problem at column 3:

(\d+) work items have an AreaPath matching {string} and (\d+) does not
  ^
Only the characters '{', '}', '(', ')', '\', '/' and whitespace can be escaped.
If you did mean to use an '\' you can use '\\' to escape it
 This Cucumber Expression has a problem at column 3:

(\d+) work item has an AreaPath matching {string} and (\d+) do not
  ^
Only the characters '{', '}', '(', ')', '\', '/' and whitespace can be escaped.
If you did mean to use an '\' you can use '\\' to escape it
 And the agent holds an active lease
 -> binding error: Binding error(s) found: 
 This Cucumber Expression has a problem at column 3:

(\d+) work items exist in the project: (\d+) under {string} and (\d+) under {string}
  ^
Only the characters '{', '}', '(', ')', '\', '/' and whitespace can be escaped.
If you did mean to use an '\' you can use '\\' to escape it
 This Cucumber Expression has a problem at column 3:

(\d+) work items have an AreaPath matching {string} and (\d+) does not
  ^
Only the characters '{', '}', '(', ')', '\', '/' and whitespace can be escaped.
If you did mean to use an '\' you can use '\\' to escape it
 This Cucumber Expression has a problem at column 3:

(\d+) work item has an AreaPath matching {string} and (\d+) do not
  ^
Only the characters '{', '}', '(', ')', '\', '/' and whitespace can be escaped.
If you did mean to use an '\' you can use '\\' to escape it
 When the job engine calls Emit with a ProgressEvent after the restart
 -> binding error: Binding error(s) found: 
 This Cucumber Expression has a problem at column 3:

(\d+) work items exist in the project: (\d+) under {string} and (\d+) under {string}
  ^
Only the characters '{', '}', '(', ')', '\', '/' and whitespace can be escaped.
If you did mean to use an '\' you can use '\\' to escape it
 This Cucumber Expression has a problem at column 3:

(\d+) work items have an AreaPath matching {string} and (\d+) does not
  ^
Only the characters '{', '}', '(', ')', '\', '/' and whitespace can be escaped.
If you did mean to use an '\' you can use '\\' to escape it
 This Cucumber Expression has a problem at column 3:

(\d+) work item has an AreaPath matching {string} and (\d+) do not
  ^
Only the characters '{', '}', '(', ')', '\', '/' and whitespace can be escaped.
If you did mean to use an '\' you can use '\\' to escape it
 Then the Control Plane creates a new ring buffer for the job
 -> binding error: Binding error(s) found: 
 This Cucumber Expression has a problem at column 3:

(\d+) work items exist in the project: (\d+) under {string} and (\d+) under {string}
  ^
Only the characters '{', '}', '(', ')', '\', '/' and whitespace can be escaped.
If you did mean to use an '\' you can use '\\' to escape it
 This Cucumber Expression has a problem at column 3:

(\d+) work items have an AreaPath matching {string} and (\d+) does not
  ^
Only the characters '{', '}', '(', ')', '\', '/' and whitespace can be escaped.
If you did mean to use an '\' you can use '\\' to escape it
 This Cucumber Expression has a problem at column 3:

(\d+) work item has an AreaPath matching {string} and (\d+) do not
  ^
Only the characters '{', '}', '(', ')', '\', '/' and whitespace can be escaped.
If you did mean to use an '\' you can use '\\' to escape it
 And the event is stored successfully
 -> binding error: Binding error(s) found: 
 This Cucumber Expression has a problem at column 3:

(\d+) work items exist in the project: (\d+) under {string} and (\d+) under {string}
  ^
Only the characters '{', '}', '(', ')', '\', '/' and whitespace can be escaped.
If you did mean to use an '\' you can use '\\' to escape it
 This Cucumber Expression has a problem at column 3:

(\d+) work items have an AreaPath matching {string} and (\d+) does not
  ^
Only the characters '{', '}', '(', ')', '\', '/' and whitespace can be escaped.
If you did mean to use an '\' you can use '\\' to escape it
 This Cucumber Expression has a problem at column 3:

(\d+) work item has an AreaPath matching {string} and (\d+) do not
  ^
Only the characters '{', '}', '(', ')', '\', '/' and whitespace can be escaped.
If you did mean to use an '\' you can use '\\' to escape it


  Failed TransientHTTPFailureCausesEventToBeDroppedAndJobContinues [1 ms]
  Error Message:
   Test method DevOpsMigrationPlatform.Infrastructure.Tests.Features.ControlPlaneProgressSinkFeature.TransientHTTPFailureCausesEventToBeDroppedAndJobContinues threw exception: 
Reqnroll.BindingException: Binding error(s) found: 
This Cucumber Expression has a problem at column 3:

(\d+) work items exist in the project: (\d+) under {string} and (\d+) under {string}
  ^
Only the characters '{', '}', '(', ')', '\', '/' and whitespace can be escaped.
If you did mean to use an '\' you can use '\\' to escape it
This Cucumber Expression has a problem at column 3:

(\d+) work items have an AreaPath matching {string} and (\d+) does not
  ^
Only the characters '{', '}', '(', ')', '\', '/' and whitespace can be escaped.
If you did mean to use an '\' you can use '\\' to escape it
This Cucumber Expression has a problem at column 3:

(\d+) work item has an AreaPath matching {string} and (\d+) do not
  ^
Only the characters '{', '}', '(', ')', '\', '/' and whitespace can be escaped.
If you did mean to use an '\' you can use '\\' to escape it
  Stack Trace:
     at Reqnroll.ErrorHandling.ErrorProvider.GetInvalidBindingRegistryError(IEnumerable`1 errors)
   at Reqnroll.Infrastructure.TestExecutionEngine.GetStepMatch(StepInstance stepInstance)
   at Reqnroll.Infrastructure.TestExecutionEngine.ExecuteStepAsync(IContextManager contextManager, StepInstance stepInstance)
   at Reqnroll.Infrastructure.TestExecutionEngine.OnAfterLastStepAsync()
   at Reqnroll.TestRunner.CollectScenarioErrorsAsync()
   at DevOpsMigrationPlatform.Infrastructure.Tests.Features.ControlPlaneProgressSinkFeature.ScenarioCleanupAsync()
   at DevOpsMigrationPlatform.Infrastructure.Tests.Features.ControlPlaneProgressSinkFeature.TransientHTTPFailureCausesEventToBeDroppedAndJobContinues() in C:\Users\MartinHinshelwoodNKD\source\repos\azure-devops-migration-platform\tests\DevOpsMigrationPlatform.Infrastructure.Tests\Features\progress-sink.feature:line 29
--- End of stack trace from previous location ---

  Standard Output Messages:
 
 
 TestContext Messages:
 Given the Control Plane endpoint is temporarily unreachable
 -> binding error: Binding error(s) found: 
 This Cucumber Expression has a problem at column 3:

(\d+) work items exist in the project: (\d+) under {string} and (\d+) under {string}
  ^
Only the characters '{', '}', '(', ')', '\', '/' and whitespace can be escaped.
If you did mean to use an '\' you can use '\\' to escape it
 This Cucumber Expression has a problem at column 3:

(\d+) work items have an AreaPath matching {string} and (\d+) does not
  ^
Only the characters '{', '}', '(', ')', '\', '/' and whitespace can be escaped.
If you did mean to use an '\' you can use '\\' to escape it
 This Cucumber Expression has a problem at column 3:

(\d+) work item has an AreaPath matching {string} and (\d+) do not
  ^
Only the characters '{', '}', '(', ')', '\', '/' and whitespace can be escaped.
If you did mean to use an '\' you can use '\\' to escape it
 And the agent holds an active lease
 -> binding error: Binding error(s) found: 
 This Cucumber Expression has a problem at column 3:

(\d+) work items exist in the project: (\d+) under {string} and (\d+) under {string}
  ^
Only the characters '{', '}', '(', ')', '\', '/' and whitespace can be escaped.
If you did mean to use an '\' you can use '\\' to escape it
 This Cucumber Expression has a problem at column 3:

(\d+) work items have an AreaPath matching {string} and (\d+) does not
  ^
Only the characters '{', '}', '(', ')', '\', '/' and whitespace can be escaped.
If you did mean to use an '\' you can use '\\' to escape it
 This Cucumber Expression has a problem at column 3:

(\d+) work item has an AreaPath matching {string} and (\d+) do not
  ^
Only the characters '{', '}', '(', ')', '\', '/' and whitespace can be escaped.
If you did mean to use an '\' you can use '\\' to escape it
 When the job engine calls Emit with a ProgressEvent
 -> binding error: Binding error(s) found: 
 This Cucumber Expression has a problem at column 3:

(\d+) work items exist in the project: (\d+) under {string} and (\d+) under {string}
  ^
Only the characters '{', '}', '(', ')', '\', '/' and whitespace can be escaped.
If you did mean to use an '\' you can use '\\' to escape it
 This Cucumber Expression has a problem at column 3:

(\d+) work items have an AreaPath matching {string} and (\d+) does not
  ^
Only the characters '{', '}', '(', ')', '\', '/' and whitespace can be escaped.
If you did mean to use an '\' you can use '\\' to escape it
 This Cucumber Expression has a problem at column 3:

(\d+) work item has an AreaPath matching {string} and (\d+) do not
  ^
Only the characters '{', '}', '(', ')', '\', '/' and whitespace can be escaped.
If you did mean to use an '\' you can use '\\' to escape it
 Then the event is dropped without throwing an exception
 -> binding error: Binding error(s) found: 
 This Cucumber Expression has a problem at column 3:

(\d+) work items exist in the project: (\d+) under {string} and (\d+) under {string}
  ^
Only the characters '{', '}', '(', ')', '\', '/' and whitespace can be escaped.
If you did mean to use an '\' you can use '\\' to escape it
 This Cucumber Expression has a problem at column 3:

(\d+) work items have an AreaPath matching {string} and (\d+) does not
  ^
Only the characters '{', '}', '(', ')', '\', '/' and whitespace can be escaped.
If you did mean to use an '\' you can use '\\' to escape it
 This Cucumber Expression has a problem at column 3:

(\d+) work item has an AreaPath matching {string} and (\d+) do not
  ^
Only the characters '{', '}', '(', ')', '\', '/' and whitespace can be escaped.
If you did mean to use an '\' you can use '\\' to escape it
 And a debug-level log entry is emitted
 -> binding error: Binding error(s) found: 
 This Cucumber Expression has a problem at column 3:

(\d+) work items exist in the project: (\d+) under {string} and (\d+) under {string}
  ^
Only the characters '{', '}', '(', ')', '\', '/' and whitespace can be escaped.
If you did mean to use an '\' you can use '\\' to escape it
 This Cucumber Expression has a problem at column 3:

(\d+) work items have an AreaPath matching {string} and (\d+) does not
  ^
Only the characters '{', '}', '(', ')', '\', '/' and whitespace can be escaped.
If you did mean to use an '\' you can use '\\' to escape it
 This Cucumber Expression has a problem at column 3:

(\d+) work item has an AreaPath matching {string} and (\d+) do not
  ^
Only the characters '{', '}', '(', ')', '\', '/' and whitespace can be escaped.
If you did mean to use an '\' you can use '\\' to escape it
 And subsequent Emit calls are unaffected
 -> binding error: Binding error(s) found: 
 This Cucumber Expression has a problem at column 3:

(\d+) work items exist in the project: (\d+) under {string} and (\d+) under {string}
  ^
Only the characters '{', '}', '(', ')', '\', '/' and whitespace can be escaped.
If you did mean to use an '\' you can use '\\' to escape it
 This Cucumber Expression has a problem at column 3:

(\d+) work items have an AreaPath matching {string} and (\d+) does not
  ^
Only the characters '{', '}', '(', ')', '\', '/' and whitespace can be escaped.
If you did mean to use an '\' you can use '\\' to escape it
 This Cucumber Expression has a problem at column 3:

(\d+) work item has an AreaPath matching {string} and (\d+) do not
  ^
Only the characters '{', '}', '(', ')', '\', '/' and whitespace can be escaped.
If you did mean to use an '\' you can use '\\' to escape it


  Failed ImportProcessesRevisionFoldersOneAtATime [2 ms]
  Error Message:
   Test method DevOpsMigrationPlatform.Infrastructure.Tests.Features.StreamingMemory_SafeImportFeature.ImportProcessesRevisionFoldersOneAtATime threw exception: 
Reqnroll.BindingException: Binding error(s) found: 
This Cucumber Expression has a problem at column 3:

(\d+) work items exist in the project: (\d+) under {string} and (\d+) under {string}
  ^
Only the characters '{', '}', '(', ')', '\', '/' and whitespace can be escaped.
If you did mean to use an '\' you can use '\\' to escape it
This Cucumber Expression has a problem at column 3:

(\d+) work items have an AreaPath matching {string} and (\d+) does not
  ^
Only the characters '{', '}', '(', ')', '\', '/' and whitespace can be escaped.
If you did mean to use an '\' you can use '\\' to escape it
This Cucumber Expression has a problem at column 3:

(\d+) work item has an AreaPath matching {string} and (\d+) do not
  ^
Only the characters '{', '}', '(', ')', '\', '/' and whitespace can be escaped.
If you did mean to use an '\' you can use '\\' to escape it
  Stack Trace:
     at Reqnroll.ErrorHandling.ErrorProvider.GetInvalidBindingRegistryError(IEnumerable`1 errors)
   at Reqnroll.Infrastructure.TestExecutionEngine.GetStepMatch(StepInstance stepInstance)
   at Reqnroll.Infrastructure.TestExecutionEngine.ExecuteStepAsync(IContextManager contextManager, StepInstance stepInstance)
   at Reqnroll.Infrastructure.TestExecutionEngine.OnAfterLastStepAsync()
   at Reqnroll.TestRunner.CollectScenarioErrorsAsync()
   at DevOpsMigrationPlatform.Infrastructure.Tests.Features.StreamingMemory_SafeImportFeature.ScenarioCleanupAsync()
   at DevOpsMigrationPlatform.Infrastructure.Tests.Features.StreamingMemory_SafeImportFeature.ImportProcessesRevisionFoldersOneAtATime() in C:\Users\MartinHinshelwoodNKD\source\repos\azure-devops-migration-platform\tests\DevOpsMigrationPlatform.Infrastructure.Tests\Features\streaming-memory-safety.feature:line 15
--- End of stack trace from previous location ---

  Standard Output Messages:
 
 
 TestContext Messages:
 Given a valid migration package exists at the configured package root
 -> binding error: Binding error(s) found: 
 This Cucumber Expression has a problem at column 3:

(\d+) work items exist in the project: (\d+) under {string} and (\d+) under {string}
  ^
Only the characters '{', '}', '(', ')', '\', '/' and whitespace can be escaped.
If you did mean to use an '\' you can use '\\' to escape it
 This Cucumber Expression has a problem at column 3:

(\d+) work items have an AreaPath matching {string} and (\d+) does not
  ^
Only the characters '{', '}', '(', ')', '\', '/' and whitespace can be escaped.
If you did mean to use an '\' you can use '\\' to escape it
 This Cucumber Expression has a problem at column 3:

(\d+) work item has an AreaPath matching {string} and (\d+) do not
  ^
Only the characters '{', '}', '(', ')', '\', '/' and whitespace can be escaped.
If you did mean to use an '\' you can use '\\' to escape it
 And the package contains work item revision folders in canonical chronological order
 -> binding error: Binding error(s) found: 
 This Cucumber Expression has a problem at column 3:

(\d+) work items exist in the project: (\d+) under {string} and (\d+) under {string}
  ^
Only the characters '{', '}', '(', ')', '\', '/' and whitespace can be escaped.
If you did mean to use an '\' you can use '\\' to escape it
 This Cucumber Expression has a problem at column 3:

(\d+) work items have an AreaPath matching {string} and (\d+) does not
  ^
Only the characters '{', '}', '(', ')', '\', '/' and whitespace can be escaped.
If you did mean to use an '\' you can use '\\' to escape it
 This Cucumber Expression has a problem at column 3:

(\d+) work item has an AreaPath matching {string} and (\d+) do not
  ^
Only the characters '{', '}', '(', ')', '\', '/' and whitespace can be escaped.
If you did mean to use an '\' you can use '\\' to escape it
 Given the package contains 20000 revision folders
 -> binding error: Binding error(s) found: 
 This Cucumber Expression has a problem at column 3:

(\d+) work items exist in the project: (\d+) under {string} and (\d+) under {string}
  ^
Only the characters '{', '}', '(', ')', '\', '/' and whitespace can be escaped.
If you did mean to use an '\' you can use '\\' to escape it
 This Cucumber Expression has a problem at column 3:

(\d+) work items have an AreaPath matching {string} and (\d+) does not
  ^
Only the characters '{', '}', '(', ')', '\', '/' and whitespace can be escaped.
If you did mean to use an '\' you can use '\\' to escape it
 This Cucumber Expression has a problem at column 3:

(\d+) work item has an AreaPath matching {string} and (\d+) do not
  ^
Only the characters '{', '}', '(', ')', '\', '/' and whitespace can be escaped.
If you did mean to use an '\' you can use '\\' to escape it
 When the WorkItems import module runs
 -> binding error: Binding error(s) found: 
 This Cucumber Expression has a problem at column 3:

(\d+) work items exist in the project: (\d+) under {string} and (\d+) under {string}
  ^
Only the characters '{', '}', '(', ')', '\', '/' and whitespace can be escaped.
If you did mean to use an '\' you can use '\\' to escape it
 This Cucumber Expression has a problem at column 3:

(\d+) work items have an AreaPath matching {string} and (\d+) does not
  ^
Only the characters '{', '}', '(', ')', '\', '/' and whitespace can be escaped.
If you did mean to use an '\' you can use '\\' to escape it
 This Cucumber Expression has a problem at column 3:

(\d+) work item has an AreaPath matching {string} and (\d+) do not
  ^
Only the characters '{', '}', '(', ')', '\', '/' and whitespace can be escaped.
If you did mean to use an '\' you can use '\\' to escape it
 Then only one revision folder is in memory at any given time
 -> binding error: Binding error(s) found: 
 This Cucumber Expression has a problem at column 3:

(\d+) work items exist in the project: (\d+) under {string} and (\d+) under {string}
  ^
Only the characters '{', '}', '(', ')', '\', '/' and whitespace can be escaped.
If you did mean to use an '\' you can use '\\' to escape it
 This Cucumber Expression has a problem at column 3:

(\d+) work items have an AreaPath matching {string} and (\d+) does not
  ^
Only the characters '{', '}', '(', ')', '\', '/' and whitespace can be escaped.
If you did mean to use an '\' you can use '\\' to escape it
 This Cucumber Expression has a problem at column 3:

(\d+) work item has an AreaPath matching {string} and (\d+) do not
  ^
Only the characters '{', '}', '(', ')', '\', '/' and whitespace can be escaped.
If you did mean to use an '\' you can use '\\' to escape it
 And the import does not require loading all revision folders before processing begins
 -> binding error: Binding error(s) found: 
 This Cucumber Expression has a problem at column 3:

(\d+) work items exist in the project: (\d+) under {string} and (\d+) under {string}
  ^
Only the characters '{', '}', '(', ')', '\', '/' and whitespace can be escaped.
If you did mean to use an '\' you can use '\\' to escape it
 This Cucumber Expression has a problem at column 3:

(\d+) work items have an AreaPath matching {string} and (\d+) does not
  ^
Only the characters '{', '}', '(', ')', '\', '/' and whitespace can be escaped.
If you did mean to use an '\' you can use '\\' to escape it
 This Cucumber Expression has a problem at column 3:

(\d+) work item has an AreaPath matching {string} and (\d+) do not
  ^
Only the characters '{', '}', '(', ')', '\', '/' and whitespace can be escaped.
If you did mean to use an '\' you can use '\\' to escape it


  Failed ImportUsesEnumerateAsyncWithoutIn_MemorySorting [1 ms]
  Error Message:
   Test method DevOpsMigrationPlatform.Infrastructure.Tests.Features.StreamingMemory_SafeImportFeature.ImportUsesEnumerateAsyncWithoutIn_MemorySorting threw exception: 
Reqnroll.BindingException: Binding error(s) found: 
This Cucumber Expression has a problem at column 3:

(\d+) work items exist in the project: (\d+) under {string} and (\d+) under {string}
  ^
Only the characters '{', '}', '(', ')', '\', '/' and whitespace can be escaped.
If you did mean to use an '\' you can use '\\' to escape it
This Cucumber Expression has a problem at column 3:

(\d+) work items have an AreaPath matching {string} and (\d+) does not
  ^
Only the characters '{', '}', '(', ')', '\', '/' and whitespace can be escaped.
If you did mean to use an '\' you can use '\\' to escape it
This Cucumber Expression has a problem at column 3:

(\d+) work item has an AreaPath matching {string} and (\d+) do not
  ^
Only the characters '{', '}', '(', ')', '\', '/' and whitespace can be escaped.
If you did mean to use an '\' you can use '\\' to escape it
  Stack Trace:
     at Reqnroll.ErrorHandling.ErrorProvider.GetInvalidBindingRegistryError(IEnumerable`1 errors)
   at Reqnroll.Infrastructure.TestExecutionEngine.GetStepMatch(StepInstance stepInstance)
   at Reqnroll.Infrastructure.TestExecutionEngine.ExecuteStepAsync(IContextManager contextManager, StepInstance stepInstance)
   at Reqnroll.Infrastructure.TestExecutionEngine.OnAfterLastStepAsync()
   at Reqnroll.TestRunner.CollectScenarioErrorsAsync()
   at DevOpsMigrationPlatform.Infrastructure.Tests.Features.StreamingMemory_SafeImportFeature.ScenarioCleanupAsync()
   at DevOpsMigrationPlatform.Infrastructure.Tests.Features.StreamingMemory_SafeImportFeature.ImportUsesEnumerateAsyncWithoutIn_MemorySorting() in C:\Users\MartinHinshelwoodNKD\source\repos\azure-devops-migration-platform\tests\DevOpsMigrationPlatform.Infrastructure.Tests\Features\streaming-memory-safety.feature:line 22
--- End of stack trace from previous location ---

  Standard Output Messages:
 
 
 TestContext Messages:
 Given a valid migration package exists at the configured package root
 -> binding error: Binding error(s) found: 
 This Cucumber Expression has a problem at column 3:

(\d+) work items exist in the project: (\d+) under {string} and (\d+) under {string}
  ^
Only the characters '{', '}', '(', ')', '\', '/' and whitespace can be escaped.
If you did mean to use an '\' you can use '\\' to escape it
 This Cucumber Expression has a problem at column 3:

(\d+) work items have an AreaPath matching {string} and (\d+) does not
  ^
Only the characters '{', '}', '(', ')', '\', '/' and whitespace can be escaped.
If you did mean to use an '\' you can use '\\' to escape it
 This Cucumber Expression has a problem at column 3:

(\d+) work item has an AreaPath matching {string} and (\d+) do not
  ^
Only the characters '{', '}', '(', ')', '\', '/' and whitespace can be escaped.
If you did mean to use an '\' you can use '\\' to escape it
 And the package contains work item revision folders in canonical chronological order
 -> binding error: Binding error(s) found: 
 This Cucumber Expression has a problem at column 3:

(\d+) work items exist in the project: (\d+) under {string} and (\d+) under {string}
  ^
Only the characters '{', '}', '(', ')', '\', '/' and whitespace can be escaped.
If you did mean to use an '\' you can use '\\' to escape it
 This Cucumber Expression has a problem at column 3:

(\d+) work items have an AreaPath matching {string} and (\d+) does not
  ^
Only the characters '{', '}', '(', ')', '\', '/' and whitespace can be escaped.
If you did mean to use an '\' you can use '\\' to escape it
 This Cucumber Expression has a problem at column 3:

(\d+) work item has an AreaPath matching {string} and (\d+) do not
  ^
Only the characters '{', '}', '(', ')', '\', '/' and whitespace can be escaped.
If you did mean to use an '\' you can use '\\' to escape it
 Given the package contains revision folders returned in lexicographic order by the artefact store
 -> binding error: Binding error(s) found: 
 This Cucumber Expression has a problem at column 3:

(\d+) work items exist in the project: (\d+) under {string} and (\d+) under {string}
  ^
Only the characters '{', '}', '(', ')', '\', '/' and whitespace can be escaped.
If you did mean to use an '\' you can use '\\' to escape it
 This Cucumber Expression has a problem at column 3:

(\d+) work items have an AreaPath matching {string} and (\d+) does not
  ^
Only the characters '{', '}', '(', ')', '\', '/' and whitespace can be escaped.
If you did mean to use an '\' you can use '\\' to escape it
 This Cucumber Expression has a problem at column 3:

(\d+) work item has an AreaPath matching {string} and (\d+) do not
  ^
Only the characters '{', '}', '(', ')', '\', '/' and whitespace can be escaped.
If you did mean to use an '\' you can use '\\' to escape it
 When the WorkItems import module enumerates the WorkItems folder
 -> binding error: Binding error(s) found: 
 This Cucumber Expression has a problem at column 3:

(\d+) work items exist in the project: (\d+) under {string} and (\d+) under {string}
  ^
Only the characters '{', '}', '(', ')', '\', '/' and whitespace can be escaped.
If you did mean to use an '\' you can use '\\' to escape it
 This Cucumber Expression has a problem at column 3:

(\d+) work items have an AreaPath matching {string} and (\d+) does not
  ^
Only the characters '{', '}', '(', ')', '\', '/' and whitespace can be escaped.
If you did mean to use an '\' you can use '\\' to escape it
 This Cucumber Expression has a problem at column 3:

(\d+) work item has an AreaPath matching {string} and (\d+) do not
  ^
Only the characters '{', '}', '(', ')', '\', '/' and whitespace can be escaped.
If you did mean to use an '\' you can use '\\' to escape it
 Then folders are processed in the order returned by EnumerateAsync
 -> binding error: Binding error(s) found: 
 This Cucumber Expression has a problem at column 3:

(\d+) work items exist in the project: (\d+) under {string} and (\d+) under {string}
  ^
Only the characters '{', '}', '(', ')', '\', '/' and whitespace can be escaped.
If you did mean to use an '\' you can use '\\' to escape it
 This Cucumber Expression has a problem at column 3:

(\d+) work items have an AreaPath matching {string} and (\d+) does not
  ^
Only the characters '{', '}', '(', ')', '\', '/' and whitespace can be escaped.
If you did mean to use an '\' you can use '\\' to escape it
 This Cucumber Expression has a problem at column 3:

(\d+) work item has an AreaPath matching {string} and (\d+) do not
  ^
Only the characters '{', '}', '(', ')', '\', '/' and whitespace can be escaped.
If you did mean to use an '\' you can use '\\' to escape it
 And no in-memory sorting or buffering of folder paths is performed
 -> binding error: Binding error(s) found: 
 This Cucumber Expression has a problem at column 3:

(\d+) work items exist in the project: (\d+) under {string} and (\d+) under {string}
  ^
Only the characters '{', '}', '(', ')', '\', '/' and whitespace can be escaped.
If you did mean to use an '\' you can use '\\' to escape it
 This Cucumber Expression has a problem at column 3:

(\d+) work items have an AreaPath matching {string} and (\d+) does not
  ^
Only the characters '{', '}', '(', ')', '\', '/' and whitespace can be escaped.
If you did mean to use an '\' you can use '\\' to escape it
 This Cucumber Expression has a problem at column 3:

(\d+) work item has an AreaPath matching {string} and (\d+) do not
  ^
Only the characters '{', '}', '(', ')', '\', '/' and whitespace can be escaped.
If you did mean to use an '\' you can use '\\' to escape it


  Failed AttachmentUploadStreamsBinaryContentWithoutFullIn_MemoryBuffer [1 ms]
  Error Message:
   Test method DevOpsMigrationPlatform.Infrastructure.Tests.Features.StreamingMemory_SafeImportFeature.AttachmentUploadStreamsBinaryContentWithoutFullIn_MemoryBuffer threw exception: 
Reqnroll.BindingException: Binding error(s) found: 
This Cucumber Expression has a problem at column 3:

(\d+) work items exist in the project: (\d+) under {string} and (\d+) under {string}
  ^
Only the characters '{', '}', '(', ')', '\', '/' and whitespace can be escaped.
If you did mean to use an '\' you can use '\\' to escape it
This Cucumber Expression has a problem at column 3:

(\d+) work items have an AreaPath matching {string} and (\d+) does not
  ^
Only the characters '{', '}', '(', ')', '\', '/' and whitespace can be escaped.
If you did mean to use an '\' you can use '\\' to escape it
This Cucumber Expression has a problem at column 3:

(\d+) work item has an AreaPath matching {string} and (\d+) do not
  ^
Only the characters '{', '}', '(', ')', '\', '/' and whitespace can be escaped.
If you did mean to use an '\' you can use '\\' to escape it
  Stack Trace:
     at Reqnroll.ErrorHandling.ErrorProvider.GetInvalidBindingRegistryError(IEnumerable`1 errors)
   at Reqnroll.Infrastructure.TestExecutionEngine.GetStepMatch(StepInstance stepInstance)
   at Reqnroll.Infrastructure.TestExecutionEngine.ExecuteStepAsync(IContextManager contextManager, StepInstance stepInstance)
   at Reqnroll.Infrastructure.TestExecutionEngine.OnAfterLastStepAsync()
   at Reqnroll.TestRunner.CollectScenarioErrorsAsync()
   at DevOpsMigrationPlatform.Infrastructure.Tests.Features.StreamingMemory_SafeImportFeature.ScenarioCleanupAsync()
   at DevOpsMigrationPlatform.Infrastructure.Tests.Features.StreamingMemory_SafeImportFeature.AttachmentUploadStreamsBinaryContentWithoutFullIn_MemoryBuffer() in C:\Users\MartinHinshelwoodNKD\source\repos\azure-devops-migration-platform\tests\DevOpsMigrationPlatform.Infrastructure.Tests\Features\streaming-memory-safety.feature:line 29
--- End of stack trace from previous location ---

  Standard Output Messages:
 
 
 TestContext Messages:
 Given a valid migration package exists at the configured package root
 -> binding error: Binding error(s) found: 
 This Cucumber Expression has a problem at column 3:

(\d+) work items exist in the project: (\d+) under {string} and (\d+) under {string}
  ^
Only the characters '{', '}', '(', ')', '\', '/' and whitespace can be escaped.
If you did mean to use an '\' you can use '\\' to escape it
 This Cucumber Expression has a problem at column 3:

(\d+) work items have an AreaPath matching {string} and (\d+) does not
  ^
Only the characters '{', '}', '(', ')', '\', '/' and whitespace can be escaped.
If you did mean to use an '\' you can use '\\' to escape it
 This Cucumber Expression has a problem at column 3:

(\d+) work item has an AreaPath matching {string} and (\d+) do not
  ^
Only the characters '{', '}', '(', ')', '\', '/' and whitespace can be escaped.
If you did mean to use an '\' you can use '\\' to escape it
 And the package contains work item revision folders in canonical chronological order
 -> binding error: Binding error(s) found: 
 This Cucumber Expression has a problem at column 3:

(\d+) work items exist in the project: (\d+) under {string} and (\d+) under {string}
  ^
Only the characters '{', '}', '(', ')', '\', '/' and whitespace can be escaped.
If you did mean to use an '\' you can use '\\' to escape it
 This Cucumber Expression has a problem at column 3:

(\d+) work items have an AreaPath matching {string} and (\d+) does not
  ^
Only the characters '{', '}', '(', ')', '\', '/' and whitespace can be escaped.
If you did mean to use an '\' you can use '\\' to escape it
 This Cucumber Expression has a problem at column 3:

(\d+) work item has an AreaPath matching {string} and (\d+) do not
  ^
Only the characters '{', '}', '(', ')', '\', '/' and whitespace can be escaped.
If you did mean to use an '\' you can use '\\' to escape it
 Given a revision folder contains an attachment binary file
 -> binding error: Binding error(s) found: 
 This Cucumber Expression has a problem at column 3:

(\d+) work items exist in the project: (\d+) under {string} and (\d+) under {string}
  ^
Only the characters '{', '}', '(', ')', '\', '/' and whitespace can be escaped.
If you did mean to use an '\' you can use '\\' to escape it
 This Cucumber Expression has a problem at column 3:

(\d+) work items have an AreaPath matching {string} and (\d+) does not
  ^
Only the characters '{', '}', '(', ')', '\', '/' and whitespace can be escaped.
If you did mean to use an '\' you can use '\\' to escape it
 This Cucumber Expression has a problem at column 3:

(\d+) work item has an AreaPath matching {string} and (\d+) do not
  ^
Only the characters '{', '}', '(', ')', '\', '/' and whitespace can be escaped.
If you did mean to use an '\' you can use '\\' to escape it
 When the importer processes the attachment in Stage D
 -> binding error: Binding error(s) found: 
 This Cucumber Expression has a problem at column 3:

(\d+) work items exist in the project: (\d+) under {string} and (\d+) under {string}
  ^
Only the characters '{', '}', '(', ')', '\', '/' and whitespace can be escaped.
If you did mean to use an '\' you can use '\\' to escape it
 This Cucumber Expression has a problem at column 3:

(\d+) work items have an AreaPath matching {string} and (\d+) does not
  ^
Only the characters '{', '}', '(', ')', '\', '/' and whitespace can be escaped.
If you did mean to use an '\' you can use '\\' to escape it
 This Cucumber Expression has a problem at column 3:

(\d+) work item has an AreaPath matching {string} and (\d+) do not
  ^
Only the characters '{', '}', '(', ')', '\', '/' and whitespace can be escaped.
If you did mean to use an '\' you can use '\\' to escape it
 Then the binary content is read as a stream from the artefact store
 -> binding error: Binding error(s) found: 
 This Cucumber Expression has a problem at column 3:

(\d+) work items exist in the project: (\d+) under {string} and (\d+) under {string}
  ^
Only the characters '{', '}', '(', ')', '\', '/' and whitespace can be escaped.
If you did mean to use an '\' you can use '\\' to escape it
 This Cucumber Expression has a problem at column 3:

(\d+) work items have an AreaPath matching {string} and (\d+) does not
  ^
Only the characters '{', '}', '(', ')', '\', '/' and whitespace can be escaped.
If you did mean to use an '\' you can use '\\' to escape it
 This Cucumber Expression has a problem at column 3:

(\d+) work item has an AreaPath matching {string} and (\d+) do not
  ^
Only the characters '{', '}', '(', ')', '\', '/' and whitespace can be escaped.
If you did mean to use an '\' you can use '\\' to escape it
 And the stream is passed directly to the upload method without loading all bytes into memory
 -> binding error: Binding error(s) found: 
 This Cucumber Expression has a problem at column 3:

(\d+) work items exist in the project: (\d+) under {string} and (\d+) under {string}
  ^
Only the characters '{', '}', '(', ')', '\', '/' and whitespace can be escaped.
If you did mean to use an '\' you can use '\\' to escape it
 This Cucumber Expression has a problem at column 3:

(\d+) work items have an AreaPath matching {string} and (\d+) does not
  ^
Only the characters '{', '}', '(', ')', '\', '/' and whitespace can be escaped.
If you did mean to use an '\' you can use '\\' to escape it
 This Cucumber Expression has a problem at column 3:

(\d+) work item has an AreaPath matching {string} and (\d+) do not
  ^
Only the characters '{', '}', '(', ')', '\', '/' and whitespace can be escaped.
If you did mean to use an '\' you can use '\\' to escape it


  Failed TheWatermarkForAWorkItemIsRecordedWhenItsFirstRevisionIsProcessed [2 ms]
  Error Message:
   Test method DevOpsMigrationPlatform.Infrastructure.Tests.Features.WorkItemWatermarkStoreFeature.TheWatermarkForAWorkItemIsRecordedWhenItsFirstRevisionIsProcessed threw exception: 
Reqnroll.BindingException: Binding error(s) found: 
This Cucumber Expression has a problem at column 3:

(\d+) work items exist in the project: (\d+) under {string} and (\d+) under {string}
  ^
Only the characters '{', '}', '(', ')', '\', '/' and whitespace can be escaped.
If you did mean to use an '\' you can use '\\' to escape it
This Cucumber Expression has a problem at column 3:

(\d+) work items have an AreaPath matching {string} and (\d+) does not
  ^
Only the characters '{', '}', '(', ')', '\', '/' and whitespace can be escaped.
If you did mean to use an '\' you can use '\\' to escape it
This Cucumber Expression has a problem at column 3:

(\d+) work item has an AreaPath matching {string} and (\d+) do not
  ^
Only the characters '{', '}', '(', ')', '\', '/' and whitespace can be escaped.
If you did mean to use an '\' you can use '\\' to escape it
  Stack Trace:
     at Reqnroll.ErrorHandling.ErrorProvider.GetInvalidBindingRegistryError(IEnumerable`1 errors)
   at Reqnroll.Infrastructure.TestExecutionEngine.GetStepMatch(StepInstance stepInstance)
   at Reqnroll.Infrastructure.TestExecutionEngine.ExecuteStepAsync(IContextManager contextManager, StepInstance stepInstance)
   at Reqnroll.Infrastructure.TestExecutionEngine.OnAfterLastStepAsync()
   at Reqnroll.TestRunner.CollectScenarioErrorsAsync()
   at DevOpsMigrationPlatform.Infrastructure.Tests.Features.WorkItemWatermarkStoreFeature.ScenarioCleanupAsync()
   at DevOpsMigrationPlatform.Infrastructure.Tests.Features.WorkItemWatermarkStoreFeature.TheWatermarkForAWorkItemIsRecordedWhenItsFirstRevisionIsProcessed() in C:\Users\MartinHinshelwoodNKD\source\repos\azure-devops-migration-platform\tests\DevOpsMigrationPlatform.Infrastructure.Tests\Features\watermark-store.feature:line 13
--- End of stack trace from previous location ---

  Standard Output Messages:
 
 
 TestContext Messages:
 Given the watermark store has been initialised
 -> binding error: Binding error(s) found: 
 This Cucumber Expression has a problem at column 3:

(\d+) work items exist in the project: (\d+) under {string} and (\d+) under {string}
  ^
Only the characters '{', '}', '(', ')', '\', '/' and whitespace can be escaped.
If you did mean to use an '\' you can use '\\' to escape it
 This Cucumber Expression has a problem at column 3:

(\d+) work items have an AreaPath matching {string} and (\d+) does not
  ^
Only the characters '{', '}', '(', ')', '\', '/' and whitespace can be escaped.
If you did mean to use an '\' you can use '\\' to escape it
 This Cucumber Expression has a problem at column 3:

(\d+) work item has an AreaPath matching {string} and (\d+) do not
  ^
Only the characters '{', '}', '(', ')', '\', '/' and whitespace can be escaped.
If you did mean to use an '\' you can use '\\' to escape it
 And the export has not yet begun
 -> binding error: Binding error(s) found: 
 This Cucumber Expression has a problem at column 3:

(\d+) work items exist in the project: (\d+) under {string} and (\d+) under {string}
  ^
Only the characters '{', '}', '(', ')', '\', '/' and whitespace can be escaped.
If you did mean to use an '\' you can use '\\' to escape it
 This Cucumber Expression has a problem at column 3:

(\d+) work items have an AreaPath matching {string} and (\d+) does not
  ^
Only the characters '{', '}', '(', ')', '\', '/' and whitespace can be escaped.
If you did mean to use an '\' you can use '\\' to escape it
 This Cucumber Expression has a problem at column 3:

(\d+) work item has an AreaPath matching {string} and (\d+) do not
  ^
Only the characters '{', '}', '(', ')', '\', '/' and whitespace can be escaped.
If you did mean to use an '\' you can use '\\' to escape it
 Given work item 42 has not been exported before
 -> binding error: Binding error(s) found: 
 This Cucumber Expression has a problem at column 3:

(\d+) work items exist in the project: (\d+) under {string} and (\d+) under {string}
  ^
Only the characters '{', '}', '(', ')', '\', '/' and whitespace can be escaped.
If you did mean to use an '\' you can use '\\' to escape it
 This Cucumber Expression has a problem at column 3:

(\d+) work items have an AreaPath matching {string} and (\d+) does not
  ^
Only the characters '{', '}', '(', ')', '\', '/' and whitespace can be escaped.
If you did mean to use an '\' you can use '\\' to escape it
 This Cucumber Expression has a problem at column 3:

(\d+) work item has an AreaPath matching {string} and (\d+) do not
  ^
Only the characters '{', '}', '(', ')', '\', '/' and whitespace can be escaped.
If you did mean to use an '\' you can use '\\' to escape it
 When the export processes revision 0 of work item 42
 -> binding error: Binding error(s) found: 
 This Cucumber Expression has a problem at column 3:

(\d+) work items exist in the project: (\d+) under {string} and (\d+) under {string}
  ^
Only the characters '{', '}', '(', ')', '\', '/' and whitespace can be escaped.
If you did mean to use an '\' you can use '\\' to escape it
 This Cucumber Expression has a problem at column 3:

(\d+) work items have an AreaPath matching {string} and (\d+) does not
  ^
Only the characters '{', '}', '(', ')', '\', '/' and whitespace can be escaped.
If you did mean to use an '\' you can use '\\' to escape it
 This Cucumber Expression has a problem at column 3:

(\d+) work item has an AreaPath matching {string} and (\d+) do not
  ^
Only the characters '{', '}', '(', ')', '\', '/' and whitespace can be escaped.
If you did mean to use an '\' you can use '\\' to escape it
 Then the watermark store records that work item 42 was last processed at revision 0
 -> binding error: Binding error(s) found: 
 This Cucumber Expression has a problem at column 3:

(\d+) work items exist in the project: (\d+) under {string} and (\d+) under {string}
  ^
Only the characters '{', '}', '(', ')', '\', '/' and whitespace can be escaped.
If you did mean to use an '\' you can use '\\' to escape it
 This Cucumber Expression has a problem at column 3:

(\d+) work items have an AreaPath matching {string} and (\d+) does not
  ^
Only the characters '{', '}', '(', ')', '\', '/' and whitespace can be escaped.
If you did mean to use an '\' you can use '\\' to escape it
 This Cucumber Expression has a problem at column 3:

(\d+) work item has an AreaPath matching {string} and (\d+) do not
  ^
Only the characters '{', '}', '(', ')', '\', '/' and whitespace can be escaped.
If you did mean to use an '\' you can use '\\' to escape it


  Failed TheWatermarkAdvancesWhenALaterRevisionOfTheSameWorkItemIsProcessed [1 ms]
  Error Message:
   Test method DevOpsMigrationPlatform.Infrastructure.Tests.Features.WorkItemWatermarkStoreFeature.TheWatermarkAdvancesWhenALaterRevisionOfTheSameWorkItemIsProcessed threw exception: 
Reqnroll.BindingException: Binding error(s) found: 
This Cucumber Expression has a problem at column 3:

(\d+) work items exist in the project: (\d+) under {string} and (\d+) under {string}
  ^
Only the characters '{', '}', '(', ')', '\', '/' and whitespace can be escaped.
If you did mean to use an '\' you can use '\\' to escape it
This Cucumber Expression has a problem at column 3:

(\d+) work items have an AreaPath matching {string} and (\d+) does not
  ^
Only the characters '{', '}', '(', ')', '\', '/' and whitespace can be escaped.
If you did mean to use an '\' you can use '\\' to escape it
This Cucumber Expression has a problem at column 3:

(\d+) work item has an AreaPath matching {string} and (\d+) do not
  ^
Only the characters '{', '}', '(', ')', '\', '/' and whitespace can be escaped.
If you did mean to use an '\' you can use '\\' to escape it
  Stack Trace:
     at Reqnroll.ErrorHandling.ErrorProvider.GetInvalidBindingRegistryError(IEnumerable`1 errors)
   at Reqnroll.Infrastructure.TestExecutionEngine.GetStepMatch(StepInstance stepInstance)
   at Reqnroll.Infrastructure.TestExecutionEngine.ExecuteStepAsync(IContextManager contextManager, StepInstance stepInstance)
   at Reqnroll.Infrastructure.TestExecutionEngine.OnAfterLastStepAsync()
   at Reqnroll.TestRunner.CollectScenarioErrorsAsync()
   at DevOpsMigrationPlatform.Infrastructure.Tests.Features.WorkItemWatermarkStoreFeature.ScenarioCleanupAsync()
   at DevOpsMigrationPlatform.Infrastructure.Tests.Features.WorkItemWatermarkStoreFeature.TheWatermarkAdvancesWhenALaterRevisionOfTheSameWorkItemIsProcessed() in C:\Users\MartinHinshelwoodNKD\source\repos\azure-devops-migration-platform\tests\DevOpsMigrationPlatform.Infrastructure.Tests\Features\watermark-store.feature:line 18
--- End of stack trace from previous location ---

  Standard Output Messages:
 
 
 TestContext Messages:
 Given the watermark store has been initialised
 -> binding error: Binding error(s) found: 
 This Cucumber Expression has a problem at column 3:

(\d+) work items exist in the project: (\d+) under {string} and (\d+) under {string}
  ^
Only the characters '{', '}', '(', ')', '\', '/' and whitespace can be escaped.
If you did mean to use an '\' you can use '\\' to escape it
 This Cucumber Expression has a problem at column 3:

(\d+) work items have an AreaPath matching {string} and (\d+) does not
  ^
Only the characters '{', '}', '(', ')', '\', '/' and whitespace can be escaped.
If you did mean to use an '\' you can use '\\' to escape it
 This Cucumber Expression has a problem at column 3:

(\d+) work item has an AreaPath matching {string} and (\d+) do not
  ^
Only the characters '{', '}', '(', ')', '\', '/' and whitespace can be escaped.
If you did mean to use an '\' you can use '\\' to escape it
 And the export has not yet begun
 -> binding error: Binding error(s) found: 
 This Cucumber Expression has a problem at column 3:

(\d+) work items exist in the project: (\d+) under {string} and (\d+) under {string}
  ^
Only the characters '{', '}', '(', ')', '\', '/' and whitespace can be escaped.
If you did mean to use an '\' you can use '\\' to escape it
 This Cucumber Expression has a problem at column 3:

(\d+) work items have an AreaPath matching {string} and (\d+) does not
  ^
Only the characters '{', '}', '(', ')', '\', '/' and whitespace can be escaped.
If you did mean to use an '\' you can use '\\' to escape it
 This Cucumber Expression has a problem at column 3:

(\d+) work item has an AreaPath matching {string} and (\d+) do not
  ^
Only the characters '{', '}', '(', ')', '\', '/' and whitespace can be escaped.
If you did mean to use an '\' you can use '\\' to escape it
 Given the export has already processed up to revision 2 of work item 7
 -> binding error: Binding error(s) found: 
 This Cucumber Expression has a problem at column 3:

(\d+) work items exist in the project: (\d+) under {string} and (\d+) under {string}
  ^
Only the characters '{', '}', '(', ')', '\', '/' and whitespace can be escaped.
If you did mean to use an '\' you can use '\\' to escape it
 This Cucumber Expression has a problem at column 3:

(\d+) work items have an AreaPath matching {string} and (\d+) does not
  ^
Only the characters '{', '}', '(', ')', '\', '/' and whitespace can be escaped.
If you did mean to use an '\' you can use '\\' to escape it
 This Cucumber Expression has a problem at column 3:

(\d+) work item has an AreaPath matching {string} and (\d+) do not
  ^
Only the characters '{', '}', '(', ')', '\', '/' and whitespace can be escaped.
If you did mean to use an '\' you can use '\\' to escape it
 When the export processes revision 3 of work item 7
 -> binding error: Binding error(s) found: 
 This Cucumber Expression has a problem at column 3:

(\d+) work items exist in the project: (\d+) under {string} and (\d+) under {string}
  ^
Only the characters '{', '}', '(', ')', '\', '/' and whitespace can be escaped.
If you did mean to use an '\' you can use '\\' to escape it
 This Cucumber Expression has a problem at column 3:

(\d+) work items have an AreaPath matching {string} and (\d+) does not
  ^
Only the characters '{', '}', '(', ')', '\', '/' and whitespace can be escaped.
If you did mean to use an '\' you can use '\\' to escape it
 This Cucumber Expression has a problem at column 3:

(\d+) work item has an AreaPath matching {string} and (\d+) do not
  ^
Only the characters '{', '}', '(', ')', '\', '/' and whitespace can be escaped.
If you did mean to use an '\' you can use '\\' to escape it
 Then the watermark store records that work item 7 was last processed at revision 3
 -> binding error: Binding error(s) found: 
 This Cucumber Expression has a problem at column 3:

(\d+) work items exist in the project: (\d+) under {string} and (\d+) under {string}
  ^
Only the characters '{', '}', '(', ')', '\', '/' and whitespace can be escaped.
If you did mean to use an '\' you can use '\\' to escape it
 This Cucumber Expression has a problem at column 3:

(\d+) work items have an AreaPath matching {string} and (\d+) does not
  ^
Only the characters '{', '}', '(', ')', '\', '/' and whitespace can be escaped.
If you did mean to use an '\' you can use '\\' to escape it
 This Cucumber Expression has a problem at column 3:

(\d+) work item has an AreaPath matching {string} and (\d+) do not
  ^
Only the characters '{', '}', '(', ')', '\', '/' and whitespace can be escaped.
If you did mean to use an '\' you can use '\\' to escape it


  Failed TheWatermarkDoesNotRetreatWhenAnEarlierRevisionIndexIsRecorded [1 ms]
  Error Message:
   Test method DevOpsMigrationPlatform.Infrastructure.Tests.Features.WorkItemWatermarkStoreFeature.TheWatermarkDoesNotRetreatWhenAnEarlierRevisionIndexIsRecorded threw exception: 
Reqnroll.BindingException: Binding error(s) found: 
This Cucumber Expression has a problem at column 3:

(\d+) work items exist in the project: (\d+) under {string} and (\d+) under {string}
  ^
Only the characters '{', '}', '(', ')', '\', '/' and whitespace can be escaped.
If you did mean to use an '\' you can use '\\' to escape it
This Cucumber Expression has a problem at column 3:

(\d+) work items have an AreaPath matching {string} and (\d+) does not
  ^
Only the characters '{', '}', '(', ')', '\', '/' and whitespace can be escaped.
If you did mean to use an '\' you can use '\\' to escape it
This Cucumber Expression has a problem at column 3:

(\d+) work item has an AreaPath matching {string} and (\d+) do not
  ^
Only the characters '{', '}', '(', ')', '\', '/' and whitespace can be escaped.
If you did mean to use an '\' you can use '\\' to escape it
  Stack Trace:
     at Reqnroll.ErrorHandling.ErrorProvider.GetInvalidBindingRegistryError(IEnumerable`1 errors)
   at Reqnroll.Infrastructure.TestExecutionEngine.GetStepMatch(StepInstance stepInstance)
   at Reqnroll.Infrastructure.TestExecutionEngine.ExecuteStepAsync(IContextManager contextManager, StepInstance stepInstance)
   at Reqnroll.Infrastructure.TestExecutionEngine.OnAfterLastStepAsync()
   at Reqnroll.TestRunner.CollectScenarioErrorsAsync()
   at DevOpsMigrationPlatform.Infrastructure.Tests.Features.WorkItemWatermarkStoreFeature.ScenarioCleanupAsync()
   at DevOpsMigrationPlatform.Infrastructure.Tests.Features.WorkItemWatermarkStoreFeature.TheWatermarkDoesNotRetreatWhenAnEarlierRevisionIndexIsRecorded() in C:\Users\MartinHinshelwoodNKD\source\repos\azure-devops-migration-platform\tests\DevOpsMigrationPlatform.Infrastructure.Tests\Features\watermark-store.feature:line 23
--- End of stack trace from previous location ---

  Standard Output Messages:
 
 
 TestContext Messages:
 Given the watermark store has been initialised
 -> binding error: Binding error(s) found: 
 This Cucumber Expression has a problem at column 3:

(\d+) work items exist in the project: (\d+) under {string} and (\d+) under {string}
  ^
Only the characters '{', '}', '(', ')', '\', '/' and whitespace can be escaped.
If you did mean to use an '\' you can use '\\' to escape it
 This Cucumber Expression has a problem at column 3:

(\d+) work items have an AreaPath matching {string} and (\d+) does not
  ^
Only the characters '{', '}', '(', ')', '\', '/' and whitespace can be escaped.
If you did mean to use an '\' you can use '\\' to escape it
 This Cucumber Expression has a problem at column 3:

(\d+) work item has an AreaPath matching {string} and (\d+) do not
  ^
Only the characters '{', '}', '(', ')', '\', '/' and whitespace can be escaped.
If you did mean to use an '\' you can use '\\' to escape it
 And the export has not yet begun
 -> binding error: Binding error(s) found: 
 This Cucumber Expression has a problem at column 3:

(\d+) work items exist in the project: (\d+) under {string} and (\d+) under {string}
  ^
Only the characters '{', '}', '(', ')', '\', '/' and whitespace can be escaped.
If you did mean to use an '\' you can use '\\' to escape it
 This Cucumber Expression has a problem at column 3:

(\d+) work items have an AreaPath matching {string} and (\d+) does not
  ^
Only the characters '{', '}', '(', ')', '\', '/' and whitespace can be escaped.
If you did mean to use an '\' you can use '\\' to escape it
 This Cucumber Expression has a problem at column 3:

(\d+) work item has an AreaPath matching {string} and (\d+) do not
  ^
Only the characters '{', '}', '(', ')', '\', '/' and whitespace can be escaped.
If you did mean to use an '\' you can use '\\' to escape it
 Given the export has already processed up to revision 5 of work item 9
 -> binding error: Binding error(s) found: 
 This Cucumber Expression has a problem at column 3:

(\d+) work items exist in the project: (\d+) under {string} and (\d+) under {string}
  ^
Only the characters '{', '}', '(', ')', '\', '/' and whitespace can be escaped.
If you did mean to use an '\' you can use '\\' to escape it
 This Cucumber Expression has a problem at column 3:

(\d+) work items have an AreaPath matching {string} and (\d+) does not
  ^
Only the characters '{', '}', '(', ')', '\', '/' and whitespace can be escaped.
If you did mean to use an '\' you can use '\\' to escape it
 This Cucumber Expression has a problem at column 3:

(\d+) work item has an AreaPath matching {string} and (\d+) do not
  ^
Only the characters '{', '}', '(', ')', '\', '/' and whitespace can be escaped.
If you did mean to use an '\' you can use '\\' to escape it
 When the export attempts to record progress at revision 3 of work item 9
 -> binding error: Binding error(s) found: 
 This Cucumber Expression has a problem at column 3:

(\d+) work items exist in the project: (\d+) under {string} and (\d+) under {string}
  ^
Only the characters '{', '}', '(', ')', '\', '/' and whitespace can be escaped.
If you did mean to use an '\' you can use '\\' to escape it
 This Cucumber Expression has a problem at column 3:

(\d+) work items have an AreaPath matching {string} and (\d+) does not
  ^
Only the characters '{', '}', '(', ')', '\', '/' and whitespace can be escaped.
If you did mean to use an '\' you can use '\\' to escape it
 This Cucumber Expression has a problem at column 3:

(\d+) work item has an AreaPath matching {string} and (\d+) do not
  ^
Only the characters '{', '}', '(', ')', '\', '/' and whitespace can be escaped.
If you did mean to use an '\' you can use '\\' to escape it
 Then the watermark store still records that work item 9 was last processed at revision 5
 -> binding error: Binding error(s) found: 
 This Cucumber Expression has a problem at column 3:

(\d+) work items exist in the project: (\d+) under {string} and (\d+) under {string}
  ^
Only the characters '{', '}', '(', ')', '\', '/' and whitespace can be escaped.
If you did mean to use an '\' you can use '\\' to escape it
 This Cucumber Expression has a problem at column 3:

(\d+) work items have an AreaPath matching {string} and (\d+) does not
  ^
Only the characters '{', '}', '(', ')', '\', '/' and whitespace can be escaped.
If you did mean to use an '\' you can use '\\' to escape it
 This Cucumber Expression has a problem at column 3:

(\d+) work item has an AreaPath matching {string} and (\d+) do not
  ^
Only the characters '{', '}', '(', ')', '\', '/' and whitespace can be escaped.
If you did mean to use an '\' you can use '\\' to escape it


  Failed RevisionsAtOrBelowTheWatermarkAreConsideredAlreadyProcessed [1 ms]
  Error Message:
   Test method DevOpsMigrationPlatform.Infrastructure.Tests.Features.WorkItemWatermarkStoreFeature.RevisionsAtOrBelowTheWatermarkAreConsideredAlreadyProcessed threw exception: 
Reqnroll.BindingException: Binding error(s) found: 
This Cucumber Expression has a problem at column 3:

(\d+) work items exist in the project: (\d+) under {string} and (\d+) under {string}
  ^
Only the characters '{', '}', '(', ')', '\', '/' and whitespace can be escaped.
If you did mean to use an '\' you can use '\\' to escape it
This Cucumber Expression has a problem at column 3:

(\d+) work items have an AreaPath matching {string} and (\d+) does not
  ^
Only the characters '{', '}', '(', ')', '\', '/' and whitespace can be escaped.
If you did mean to use an '\' you can use '\\' to escape it
This Cucumber Expression has a problem at column 3:

(\d+) work item has an AreaPath matching {string} and (\d+) do not
  ^
Only the characters '{', '}', '(', ')', '\', '/' and whitespace can be escaped.
If you did mean to use an '\' you can use '\\' to escape it
  Stack Trace:
     at Reqnroll.ErrorHandling.ErrorProvider.GetInvalidBindingRegistryError(IEnumerable`1 errors)
   at Reqnroll.Infrastructure.TestExecutionEngine.GetStepMatch(StepInstance stepInstance)
   at Reqnroll.Infrastructure.TestExecutionEngine.ExecuteStepAsync(IContextManager contextManager, StepInstance stepInstance)
   at Reqnroll.Infrastructure.TestExecutionEngine.OnAfterLastStepAsync()
   at Reqnroll.TestRunner.CollectScenarioErrorsAsync()
   at DevOpsMigrationPlatform.Infrastructure.Tests.Features.WorkItemWatermarkStoreFeature.ScenarioCleanupAsync()
   at DevOpsMigrationPlatform.Infrastructure.Tests.Features.WorkItemWatermarkStoreFeature.RevisionsAtOrBelowTheWatermarkAreConsideredAlreadyProcessed() in C:\Users\MartinHinshelwoodNKD\source\repos\azure-devops-migration-platform\tests\DevOpsMigrationPlatform.Infrastructure.Tests\Features\watermark-store.feature:line 28
--- End of stack trace from previous location ---

  Standard Output Messages:
 
 
 TestContext Messages:
 Given the watermark store has been initialised
 -> binding error: Binding error(s) found: 
 This Cucumber Expression has a problem at column 3:

(\d+) work items exist in the project: (\d+) under {string} and (\d+) under {string}
  ^
Only the characters '{', '}', '(', ')', '\', '/' and whitespace can be escaped.
If you did mean to use an '\' you can use '\\' to escape it
 This Cucumber Expression has a problem at column 3:

(\d+) work items have an AreaPath matching {string} and (\d+) does not
  ^
Only the characters '{', '}', '(', ')', '\', '/' and whitespace can be escaped.
If you did mean to use an '\' you can use '\\' to escape it
 This Cucumber Expression has a problem at column 3:

(\d+) work item has an AreaPath matching {string} and (\d+) do not
  ^
Only the characters '{', '}', '(', ')', '\', '/' and whitespace can be escaped.
If you did mean to use an '\' you can use '\\' to escape it
 And the export has not yet begun
 -> binding error: Binding error(s) found: 
 This Cucumber Expression has a problem at column 3:

(\d+) work items exist in the project: (\d+) under {string} and (\d+) under {string}
  ^
Only the characters '{', '}', '(', ')', '\', '/' and whitespace can be escaped.
If you did mean to use an '\' you can use '\\' to escape it
 This Cucumber Expression has a problem at column 3:

(\d+) work items have an AreaPath matching {string} and (\d+) does not
  ^
Only the characters '{', '}', '(', ')', '\', '/' and whitespace can be escaped.
If you did mean to use an '\' you can use '\\' to escape it
 This Cucumber Expression has a problem at column 3:

(\d+) work item has an AreaPath matching {string} and (\d+) do not
  ^
Only the characters '{', '}', '(', ')', '\', '/' and whitespace can be escaped.
If you did mean to use an '\' you can use '\\' to escape it
 Given the export has already processed up to revision 4 of work item 12
 -> binding error: Binding error(s) found: 
 This Cucumber Expression has a problem at column 3:

(\d+) work items exist in the project: (\d+) under {string} and (\d+) under {string}
  ^
Only the characters '{', '}', '(', ')', '\', '/' and whitespace can be escaped.
If you did mean to use an '\' you can use '\\' to escape it
 This Cucumber Expression has a problem at column 3:

(\d+) work items have an AreaPath matching {string} and (\d+) does not
  ^
Only the characters '{', '}', '(', ')', '\', '/' and whitespace can be escaped.
If you did mean to use an '\' you can use '\\' to escape it
 This Cucumber Expression has a problem at column 3:

(\d+) work item has an AreaPath matching {string} and (\d+) do not
  ^
Only the characters '{', '}', '(', ')', '\', '/' and whitespace can be escaped.
If you did mean to use an '\' you can use '\\' to escape it
 Then the platform considers revision 0 of work item 12 as already processed
 -> binding error: Binding error(s) found: 
 This Cucumber Expression has a problem at column 3:

(\d+) work items exist in the project: (\d+) under {string} and (\d+) under {string}
  ^
Only the characters '{', '}', '(', ')', '\', '/' and whitespace can be escaped.
If you did mean to use an '\' you can use '\\' to escape it
 This Cucumber Expression has a problem at column 3:

(\d+) work items have an AreaPath matching {string} and (\d+) does not
  ^
Only the characters '{', '}', '(', ')', '\', '/' and whitespace can be escaped.
If you did mean to use an '\' you can use '\\' to escape it
 This Cucumber Expression has a problem at column 3:

(\d+) work item has an AreaPath matching {string} and (\d+) do not
  ^
Only the characters '{', '}', '(', ')', '\', '/' and whitespace can be escaped.
If you did mean to use an '\' you can use '\\' to escape it
 And the platform considers revision 4 of work item 12 as already processed
 -> binding error: Binding error(s) found: 
 This Cucumber Expression has a problem at column 3:

(\d+) work items exist in the project: (\d+) under {string} and (\d+) under {string}
  ^
Only the characters '{', '}', '(', ')', '\', '/' and whitespace can be escaped.
If you did mean to use an '\' you can use '\\' to escape it
 This Cucumber Expression has a problem at column 3:

(\d+) work items have an AreaPath matching {string} and (\d+) does not
  ^
Only the characters '{', '}', '(', ')', '\', '/' and whitespace can be escaped.
If you did mean to use an '\' you can use '\\' to escape it
 This Cucumber Expression has a problem at column 3:

(\d+) work item has an AreaPath matching {string} and (\d+) do not
  ^
Only the characters '{', '}', '(', ')', '\', '/' and whitespace can be escaped.
If you did mean to use an '\' you can use '\\' to escape it


  Failed RevisionsAboveTheWatermarkAreConsideredUnprocessed [2 ms]
  Error Message:
   Test method DevOpsMigrationPlatform.Infrastructure.Tests.Features.WorkItemWatermarkStoreFeature.RevisionsAboveTheWatermarkAreConsideredUnprocessed threw exception: 
Reqnroll.BindingException: Binding error(s) found: 
This Cucumber Expression has a problem at column 3:

(\d+) work items exist in the project: (\d+) under {string} and (\d+) under {string}
  ^
Only the characters '{', '}', '(', ')', '\', '/' and whitespace can be escaped.
If you did mean to use an '\' you can use '\\' to escape it
This Cucumber Expression has a problem at column 3:

(\d+) work items have an AreaPath matching {string} and (\d+) does not
  ^
Only the characters '{', '}', '(', ')', '\', '/' and whitespace can be escaped.
If you did mean to use an '\' you can use '\\' to escape it
This Cucumber Expression has a problem at column 3:

(\d+) work item has an AreaPath matching {string} and (\d+) do not
  ^
Only the characters '{', '}', '(', ')', '\', '/' and whitespace can be escaped.
If you did mean to use an '\' you can use '\\' to escape it
  Stack Trace:
     at Reqnroll.ErrorHandling.ErrorProvider.GetInvalidBindingRegistryError(IEnumerable`1 errors)
   at Reqnroll.Infrastructure.TestExecutionEngine.GetStepMatch(StepInstance stepInstance)
   at Reqnroll.Infrastructure.TestExecutionEngine.ExecuteStepAsync(IContextManager contextManager, StepInstance stepInstance)
   at Reqnroll.Infrastructure.TestExecutionEngine.OnAfterLastStepAsync()
   at Reqnroll.TestRunner.CollectScenarioErrorsAsync()
   at DevOpsMigrationPlatform.Infrastructure.Tests.Features.WorkItemWatermarkStoreFeature.ScenarioCleanupAsync()
   at DevOpsMigrationPlatform.Infrastructure.Tests.Features.WorkItemWatermarkStoreFeature.RevisionsAboveTheWatermarkAreConsideredUnprocessed() in C:\Users\MartinHinshelwoodNKD\source\repos\azure-devops-migration-platform\tests\DevOpsMigrationPlatform.Infrastructure.Tests\Features\watermark-store.feature:line 33
--- End of stack trace from previous location ---

  Standard Output Messages:
 
 
 TestContext Messages:
 Given the watermark store has been initialised
 -> binding error: Binding error(s) found: 
 This Cucumber Expression has a problem at column 3:

(\d+) work items exist in the project: (\d+) under {string} and (\d+) under {string}
  ^
Only the characters '{', '}', '(', ')', '\', '/' and whitespace can be escaped.
If you did mean to use an '\' you can use '\\' to escape it
 This Cucumber Expression has a problem at column 3:

(\d+) work items have an AreaPath matching {string} and (\d+) does not
  ^
Only the characters '{', '}', '(', ')', '\', '/' and whitespace can be escaped.
If you did mean to use an '\' you can use '\\' to escape it
 This Cucumber Expression has a problem at column 3:

(\d+) work item has an AreaPath matching {string} and (\d+) do not
  ^
Only the characters '{', '}', '(', ')', '\', '/' and whitespace can be escaped.
If you did mean to use an '\' you can use '\\' to escape it
 And the export has not yet begun
 -> binding error: Binding error(s) found: 
 This Cucumber Expression has a problem at column 3:

(\d+) work items exist in the project: (\d+) under {string} and (\d+) under {string}
  ^
Only the characters '{', '}', '(', ')', '\', '/' and whitespace can be escaped.
If you did mean to use an '\' you can use '\\' to escape it
 This Cucumber Expression has a problem at column 3:

(\d+) work items have an AreaPath matching {string} and (\d+) does not
  ^
Only the characters '{', '}', '(', ')', '\', '/' and whitespace can be escaped.
If you did mean to use an '\' you can use '\\' to escape it
 This Cucumber Expression has a problem at column 3:

(\d+) work item has an AreaPath matching {string} and (\d+) do not
  ^
Only the characters '{', '}', '(', ')', '\', '/' and whitespace can be escaped.
If you did mean to use an '\' you can use '\\' to escape it
 Given the export has already processed up to revision 4 of work item 12
 -> binding error: Binding error(s) found: 
 This Cucumber Expression has a problem at column 3:

(\d+) work items exist in the project: (\d+) under {string} and (\d+) under {string}
  ^
Only the characters '{', '}', '(', ')', '\', '/' and whitespace can be escaped.
If you did mean to use an '\' you can use '\\' to escape it
 This Cucumber Expression has a problem at column 3:

(\d+) work items have an AreaPath matching {string} and (\d+) does not
  ^
Only the characters '{', '}', '(', ')', '\', '/' and whitespace can be escaped.
If you did mean to use an '\' you can use '\\' to escape it
 This Cucumber Expression has a problem at column 3:

(\d+) work item has an AreaPath matching {string} and (\d+) do not
  ^
Only the characters '{', '}', '(', ')', '\', '/' and whitespace can be escaped.
If you did mean to use an '\' you can use '\\' to escape it
 Then the platform considers revision 5 of work item 12 as not yet processed
 -> binding error: Binding error(s) found: 
 This Cucumber Expression has a problem at column 3:

(\d+) work items exist in the project: (\d+) under {string} and (\d+) under {string}
  ^
Only the characters '{', '}', '(', ')', '\', '/' and whitespace can be escaped.
If you did mean to use an '\' you can use '\\' to escape it
 This Cucumber Expression has a problem at column 3:

(\d+) work items have an AreaPath matching {string} and (\d+) does not
  ^
Only the characters '{', '}', '(', ')', '\', '/' and whitespace can be escaped.
If you did mean to use an '\' you can use '\\' to escape it
 This Cucumber Expression has a problem at column 3:

(\d+) work item has an AreaPath matching {string} and (\d+) do not
  ^
Only the characters '{', '}', '(', ')', '\', '/' and whitespace can be escaped.
If you did mean to use an '\' you can use '\\' to escape it
 And the platform considers revision 99 of work item 12 as not yet processed
 -> binding error: Binding error(s) found: 
 This Cucumber Expression has a problem at column 3:

(\d+) work items exist in the project: (\d+) under {string} and (\d+) under {string}
  ^
Only the characters '{', '}', '(', ')', '\', '/' and whitespace can be escaped.
If you did mean to use an '\' you can use '\\' to escape it
 This Cucumber Expression has a problem at column 3:

(\d+) work items have an AreaPath matching {string} and (\d+) does not
  ^
Only the characters '{', '}', '(', ')', '\', '/' and whitespace can be escaped.
If you did mean to use an '\' you can use '\\' to escape it
 This Cucumber Expression has a problem at column 3:

(\d+) work item has an AreaPath matching {string} and (\d+) do not
  ^
Only the characters '{', '}', '(', ')', '\', '/' and whitespace can be escaped.
If you did mean to use an '\' you can use '\\' to escape it


  Failed AWorkItemWithNoRecordedProgressIsTreatedAsFullyUnprocessed [1 ms]
  Error Message:
   Test method DevOpsMigrationPlatform.Infrastructure.Tests.Features.WorkItemWatermarkStoreFeature.AWorkItemWithNoRecordedProgressIsTreatedAsFullyUnprocessed threw exception: 
Reqnroll.BindingException: Binding error(s) found: 
This Cucumber Expression has a problem at column 3:

(\d+) work items exist in the project: (\d+) under {string} and (\d+) under {string}
  ^
Only the characters '{', '}', '(', ')', '\', '/' and whitespace can be escaped.
If you did mean to use an '\' you can use '\\' to escape it
This Cucumber Expression has a problem at column 3:

(\d+) work items have an AreaPath matching {string} and (\d+) does not
  ^
Only the characters '{', '}', '(', ')', '\', '/' and whitespace can be escaped.
If you did mean to use an '\' you can use '\\' to escape it
This Cucumber Expression has a problem at column 3:

(\d+) work item has an AreaPath matching {string} and (\d+) do not
  ^
Only the characters '{', '}', '(', ')', '\', '/' and whitespace can be escaped.
If you did mean to use an '\' you can use '\\' to escape it
  Stack Trace:
     at Reqnroll.ErrorHandling.ErrorProvider.GetInvalidBindingRegistryError(IEnumerable`1 errors)
   at Reqnroll.Infrastructure.TestExecutionEngine.GetStepMatch(StepInstance stepInstance)
   at Reqnroll.Infrastructure.TestExecutionEngine.ExecuteStepAsync(IContextManager contextManager, StepInstance stepInstance)
   at Reqnroll.Infrastructure.TestExecutionEngine.OnAfterLastStepAsync()
   at Reqnroll.TestRunner.CollectScenarioErrorsAsync()
   at DevOpsMigrationPlatform.Infrastructure.Tests.Features.WorkItemWatermarkStoreFeature.ScenarioCleanupAsync()
   at DevOpsMigrationPlatform.Infrastructure.Tests.Features.WorkItemWatermarkStoreFeature.AWorkItemWithNoRecordedProgressIsTreatedAsFullyUnprocessed() in C:\Users\MartinHinshelwoodNKD\source\repos\azure-devops-migration-platform\tests\DevOpsMigrationPlatform.Infrastructure.Tests\Features\watermark-store.feature:line 37
--- End of stack trace from previous location ---

  Standard Output Messages:
 
 
 TestContext Messages:
 Given the watermark store has been initialised
 -> binding error: Binding error(s) found: 
 This Cucumber Expression has a problem at column 3:

(\d+) work items exist in the project: (\d+) under {string} and (\d+) under {string}
  ^
Only the characters '{', '}', '(', ')', '\', '/' and whitespace can be escaped.
If you did mean to use an '\' you can use '\\' to escape it
 This Cucumber Expression has a problem at column 3:

(\d+) work items have an AreaPath matching {string} and (\d+) does not
  ^
Only the characters '{', '}', '(', ')', '\', '/' and whitespace can be escaped.
If you did mean to use an '\' you can use '\\' to escape it
 This Cucumber Expression has a problem at column 3:

(\d+) work item has an AreaPath matching {string} and (\d+) do not
  ^
Only the characters '{', '}', '(', ')', '\', '/' and whitespace can be escaped.
If you did mean to use an '\' you can use '\\' to escape it
 And the export has not yet begun
 -> binding error: Binding error(s) found: 
 This Cucumber Expression has a problem at column 3:

(\d+) work items exist in the project: (\d+) under {string} and (\d+) under {string}
  ^
Only the characters '{', '}', '(', ')', '\', '/' and whitespace can be escaped.
If you did mean to use an '\' you can use '\\' to escape it
 This Cucumber Expression has a problem at column 3:

(\d+) work items have an AreaPath matching {string} and (\d+) does not
  ^
Only the characters '{', '}', '(', ')', '\', '/' and whitespace can be escaped.
If you did mean to use an '\' you can use '\\' to escape it
 This Cucumber Expression has a problem at column 3:

(\d+) work item has an AreaPath matching {string} and (\d+) do not
  ^
Only the characters '{', '}', '(', ')', '\', '/' and whitespace can be escaped.
If you did mean to use an '\' you can use '\\' to escape it
 Given work item 100 has never been exported
 -> binding error: Binding error(s) found: 
 This Cucumber Expression has a problem at column 3:

(\d+) work items exist in the project: (\d+) under {string} and (\d+) under {string}
  ^
Only the characters '{', '}', '(', ')', '\', '/' and whitespace can be escaped.
If you did mean to use an '\' you can use '\\' to escape it
 This Cucumber Expression has a problem at column 3:

(\d+) work items have an AreaPath matching {string} and (\d+) does not
  ^
Only the characters '{', '}', '(', ')', '\', '/' and whitespace can be escaped.
If you did mean to use an '\' you can use '\\' to escape it
 This Cucumber Expression has a problem at column 3:

(\d+) work item has an AreaPath matching {string} and (\d+) do not
  ^
Only the characters '{', '}', '(', ')', '\', '/' and whitespace can be escaped.
If you did mean to use an '\' you can use '\\' to escape it
 Then the platform considers all revisions of work item 100 as not yet processed
 -> binding error: Binding error(s) found: 
 This Cucumber Expression has a problem at column 3:

(\d+) work items exist in the project: (\d+) under {string} and (\d+) under {string}
  ^
Only the characters '{', '}', '(', ')', '\', '/' and whitespace can be escaped.
If you did mean to use an '\' you can use '\\' to escape it
 This Cucumber Expression has a problem at column 3:

(\d+) work items have an AreaPath matching {string} and (\d+) does not
  ^
Only the characters '{', '}', '(', ')', '\', '/' and whitespace can be escaped.
If you did mean to use an '\' you can use '\\' to escape it
 This Cucumber Expression has a problem at column 3:

(\d+) work item has an AreaPath matching {string} and (\d+) do not
  ^
Only the characters '{', '}', '(', ')', '\', '/' and whitespace can be escaped.
If you did mean to use an '\' you can use '\\' to escape it


  Failed TheWIQLQueryResultCountIsCachedToAvoidRedundantQueries [1 ms]
  Error Message:
   Test method DevOpsMigrationPlatform.Infrastructure.Tests.Features.WorkItemWatermarkStoreFeature.TheWIQLQueryResultCountIsCachedToAvoidRedundantQueries threw exception: 
Reqnroll.BindingException: Binding error(s) found: 
This Cucumber Expression has a problem at column 3:

(\d+) work items exist in the project: (\d+) under {string} and (\d+) under {string}
  ^
Only the characters '{', '}', '(', ')', '\', '/' and whitespace can be escaped.
If you did mean to use an '\' you can use '\\' to escape it
This Cucumber Expression has a problem at column 3:

(\d+) work items have an AreaPath matching {string} and (\d+) does not
  ^
Only the characters '{', '}', '(', ')', '\', '/' and whitespace can be escaped.
If you did mean to use an '\' you can use '\\' to escape it
This Cucumber Expression has a problem at column 3:

(\d+) work item has an AreaPath matching {string} and (\d+) do not
  ^
Only the characters '{', '}', '(', ')', '\', '/' and whitespace can be escaped.
If you did mean to use an '\' you can use '\\' to escape it
  Stack Trace:
     at Reqnroll.ErrorHandling.ErrorProvider.GetInvalidBindingRegistryError(IEnumerable`1 errors)
   at Reqnroll.Infrastructure.TestExecutionEngine.GetStepMatch(StepInstance stepInstance)
   at Reqnroll.Infrastructure.TestExecutionEngine.ExecuteStepAsync(IContextManager contextManager, StepInstance stepInstance)
   at Reqnroll.Infrastructure.TestExecutionEngine.OnAfterLastStepAsync()
   at Reqnroll.TestRunner.CollectScenarioErrorsAsync()
   at DevOpsMigrationPlatform.Infrastructure.Tests.Features.WorkItemWatermarkStoreFeature.ScenarioCleanupAsync()
   at DevOpsMigrationPlatform.Infrastructure.Tests.Features.WorkItemWatermarkStoreFeature.TheWIQLQueryResultCountIsCachedToAvoidRedundantQueries() in C:\Users\MartinHinshelwoodNKD\source\repos\azure-devops-migration-platform\tests\DevOpsMigrationPlatform.Infrastructure.Tests\Features\watermark-store.feature:line 43
--- End of stack trace from previous location ---

  Standard Output Messages:
 
 
 TestContext Messages:
 Given the watermark store has been initialised
 -> binding error: Binding error(s) found: 
 This Cucumber Expression has a problem at column 3:

(\d+) work items exist in the project: (\d+) under {string} and (\d+) under {string}
  ^
Only the characters '{', '}', '(', ')', '\', '/' and whitespace can be escaped.
If you did mean to use an '\' you can use '\\' to escape it
 This Cucumber Expression has a problem at column 3:

(\d+) work items have an AreaPath matching {string} and (\d+) does not
  ^
Only the characters '{', '}', '(', ')', '\', '/' and whitespace can be escaped.
If you did mean to use an '\' you can use '\\' to escape it
 This Cucumber Expression has a problem at column 3:

(\d+) work item has an AreaPath matching {string} and (\d+) do not
  ^
Only the characters '{', '}', '(', ')', '\', '/' and whitespace can be escaped.
If you did mean to use an '\' you can use '\\' to escape it
 And the export has not yet begun
 -> binding error: Binding error(s) found: 
 This Cucumber Expression has a problem at column 3:

(\d+) work items exist in the project: (\d+) under {string} and (\d+) under {string}
  ^
Only the characters '{', '}', '(', ')', '\', '/' and whitespace can be escaped.
If you did mean to use an '\' you can use '\\' to escape it
 This Cucumber Expression has a problem at column 3:

(\d+) work items have an AreaPath matching {string} and (\d+) does not
  ^
Only the characters '{', '}', '(', ')', '\', '/' and whitespace can be escaped.
If you did mean to use an '\' you can use '\\' to escape it
 This Cucumber Expression has a problem at column 3:

(\d+) work item has an AreaPath matching {string} and (\d+) do not
  ^
Only the characters '{', '}', '(', ')', '\', '/' and whitespace can be escaped.
If you did mean to use an '\' you can use '\\' to escape it
 Given a WIQL query has not been run before
 -> binding error: Binding error(s) found: 
 This Cucumber Expression has a problem at column 3:

(\d+) work items exist in the project: (\d+) under {string} and (\d+) under {string}
  ^
Only the characters '{', '}', '(', ')', '\', '/' and whitespace can be escaped.
If you did mean to use an '\' you can use '\\' to escape it
 This Cucumber Expression has a problem at column 3:

(\d+) work items have an AreaPath matching {string} and (\d+) does not
  ^
Only the characters '{', '}', '(', ')', '\', '/' and whitespace can be escaped.
If you did mean to use an '\' you can use '\\' to escape it
 This Cucumber Expression has a problem at column 3:

(\d+) work item has an AreaPath matching {string} and (\d+) do not
  ^
Only the characters '{', '}', '(', ')', '\', '/' and whitespace can be escaped.
If you did mean to use an '\' you can use '\\' to escape it
 When the export determines there are 1500 work items matching that query
 -> binding error: Binding error(s) found: 
 This Cucumber Expression has a problem at column 3:

(\d+) work items exist in the project: (\d+) under {string} and (\d+) under {string}
  ^
Only the characters '{', '}', '(', ')', '\', '/' and whitespace can be escaped.
If you did mean to use an '\' you can use '\\' to escape it
 This Cucumber Expression has a problem at column 3:

(\d+) work items have an AreaPath matching {string} and (\d+) does not
  ^
Only the characters '{', '}', '(', ')', '\', '/' and whitespace can be escaped.
If you did mean to use an '\' you can use '\\' to escape it
 This Cucumber Expression has a problem at column 3:

(\d+) work item has an AreaPath matching {string} and (\d+) do not
  ^
Only the characters '{', '}', '(', ')', '\', '/' and whitespace can be escaped.
If you did mean to use an '\' you can use '\\' to escape it
 Then the platform stores 1500 as the cached count for that query
 -> binding error: Binding error(s) found: 
 This Cucumber Expression has a problem at column 3:

(\d+) work items exist in the project: (\d+) under {string} and (\d+) under {string}
  ^
Only the characters '{', '}', '(', ')', '\', '/' and whitespace can be escaped.
If you did mean to use an '\' you can use '\\' to escape it
 This Cucumber Expression has a problem at column 3:

(\d+) work items have an AreaPath matching {string} and (\d+) does not
  ^
Only the characters '{', '}', '(', ')', '\', '/' and whitespace can be escaped.
If you did mean to use an '\' you can use '\\' to escape it
 This Cucumber Expression has a problem at column 3:

(\d+) work item has an AreaPath matching {string} and (\d+) do not
  ^
Only the characters '{', '}', '(', ')', '\', '/' and whitespace can be escaped.
If you did mean to use an '\' you can use '\\' to escape it
 And a subsequent check for the same query returns 1500 without querying the source again
 -> binding error: Binding error(s) found: 
 This Cucumber Expression has a problem at column 3:

(\d+) work items exist in the project: (\d+) under {string} and (\d+) under {string}
  ^
Only the characters '{', '}', '(', ')', '\', '/' and whitespace can be escaped.
If you did mean to use an '\' you can use '\\' to escape it
 This Cucumber Expression has a problem at column 3:

(\d+) work items have an AreaPath matching {string} and (\d+) does not
  ^
Only the characters '{', '}', '(', ')', '\', '/' and whitespace can be escaped.
If you did mean to use an '\' you can use '\\' to escape it
 This Cucumber Expression has a problem at column 3:

(\d+) work item has an AreaPath matching {string} and (\d+) do not
  ^
Only the characters '{', '}', '(', ')', '\', '/' and whitespace can be escaped.
If you did mean to use an '\' you can use '\\' to escape it


  Failed ACachedQueryCountIsReplacedWhenANewerCountIsRecorded [1 ms]
  Error Message:
   Test method DevOpsMigrationPlatform.Infrastructure.Tests.Features.WorkItemWatermarkStoreFeature.ACachedQueryCountIsReplacedWhenANewerCountIsRecorded threw exception: 
Reqnroll.BindingException: Binding error(s) found: 
This Cucumber Expression has a problem at column 3:

(\d+) work items exist in the project: (\d+) under {string} and (\d+) under {string}
  ^
Only the characters '{', '}', '(', ')', '\', '/' and whitespace can be escaped.
If you did mean to use an '\' you can use '\\' to escape it
This Cucumber Expression has a problem at column 3:

(\d+) work items have an AreaPath matching {string} and (\d+) does not
  ^
Only the characters '{', '}', '(', ')', '\', '/' and whitespace can be escaped.
If you did mean to use an '\' you can use '\\' to escape it
This Cucumber Expression has a problem at column 3:

(\d+) work item has an AreaPath matching {string} and (\d+) do not
  ^
Only the characters '{', '}', '(', ')', '\', '/' and whitespace can be escaped.
If you did mean to use an '\' you can use '\\' to escape it
  Stack Trace:
     at Reqnroll.ErrorHandling.ErrorProvider.GetInvalidBindingRegistryError(IEnumerable`1 errors)
   at Reqnroll.Infrastructure.TestExecutionEngine.GetStepMatch(StepInstance stepInstance)
   at Reqnroll.Infrastructure.TestExecutionEngine.ExecuteStepAsync(IContextManager contextManager, StepInstance stepInstance)
   at Reqnroll.Infrastructure.TestExecutionEngine.OnAfterLastStepAsync()
   at Reqnroll.TestRunner.CollectScenarioErrorsAsync()
   at DevOpsMigrationPlatform.Infrastructure.Tests.Features.WorkItemWatermarkStoreFeature.ScenarioCleanupAsync()
   at DevOpsMigrationPlatform.Infrastructure.Tests.Features.WorkItemWatermarkStoreFeature.ACachedQueryCountIsReplacedWhenANewerCountIsRecorded() in C:\Users\MartinHinshelwoodNKD\source\repos\azure-devops-migration-platform\tests\DevOpsMigrationPlatform.Infrastructure.Tests\Features\watermark-store.feature:line 48
--- End of stack trace from previous location ---

  Standard Output Messages:
 
 
 TestContext Messages:
 Given the watermark store has been initialised
 -> binding error: Binding error(s) found: 
 This Cucumber Expression has a problem at column 3:

(\d+) work items exist in the project: (\d+) under {string} and (\d+) under {string}
  ^
Only the characters '{', '}', '(', ')', '\', '/' and whitespace can be escaped.
If you did mean to use an '\' you can use '\\' to escape it
 This Cucumber Expression has a problem at column 3:

(\d+) work items have an AreaPath matching {string} and (\d+) does not
  ^
Only the characters '{', '}', '(', ')', '\', '/' and whitespace can be escaped.
If you did mean to use an '\' you can use '\\' to escape it
 This Cucumber Expression has a problem at column 3:

(\d+) work item has an AreaPath matching {string} and (\d+) do not
  ^
Only the characters '{', '}', '(', ')', '\', '/' and whitespace can be escaped.
If you did mean to use an '\' you can use '\\' to escape it
 And the export has not yet begun
 -> binding error: Binding error(s) found: 
 This Cucumber Expression has a problem at column 3:

(\d+) work items exist in the project: (\d+) under {string} and (\d+) under {string}
  ^
Only the characters '{', '}', '(', ')', '\', '/' and whitespace can be escaped.
If you did mean to use an '\' you can use '\\' to escape it
 This Cucumber Expression has a problem at column 3:

(\d+) work items have an AreaPath matching {string} and (\d+) does not
  ^
Only the characters '{', '}', '(', ')', '\', '/' and whitespace can be escaped.
If you did mean to use an '\' you can use '\\' to escape it
 This Cucumber Expression has a problem at column 3:

(\d+) work item has an AreaPath matching {string} and (\d+) do not
  ^
Only the characters '{', '}', '(', ')', '\', '/' and whitespace can be escaped.
If you did mean to use an '\' you can use '\\' to escape it
 Given the platform has cached a count of 100 for a WIQL query
 -> binding error: Binding error(s) found: 
 This Cucumber Expression has a problem at column 3:

(\d+) work items exist in the project: (\d+) under {string} and (\d+) under {string}
  ^
Only the characters '{', '}', '(', ')', '\', '/' and whitespace can be escaped.
If you did mean to use an '\' you can use '\\' to escape it
 This Cucumber Expression has a problem at column 3:

(\d+) work items have an AreaPath matching {string} and (\d+) does not
  ^
Only the characters '{', '}', '(', ')', '\', '/' and whitespace can be escaped.
If you did mean to use an '\' you can use '\\' to escape it
 This Cucumber Expression has a problem at column 3:

(\d+) work item has an AreaPath matching {string} and (\d+) do not
  ^
Only the characters '{', '}', '(', ')', '\', '/' and whitespace can be escaped.
If you did mean to use an '\' you can use '\\' to escape it
 When the export records a new count of 200 for the same query
 -> binding error: Binding error(s) found: 
 This Cucumber Expression has a problem at column 3:

(\d+) work items exist in the project: (\d+) under {string} and (\d+) under {string}
  ^
Only the characters '{', '}', '(', ')', '\', '/' and whitespace can be escaped.
If you did mean to use an '\' you can use '\\' to escape it
 This Cucumber Expression has a problem at column 3:

(\d+) work items have an AreaPath matching {string} and (\d+) does not
  ^
Only the characters '{', '}', '(', ')', '\', '/' and whitespace can be escaped.
If you did mean to use an '\' you can use '\\' to escape it
 This Cucumber Expression has a problem at column 3:

(\d+) work item has an AreaPath matching {string} and (\d+) do not
  ^
Only the characters '{', '}', '(', ')', '\', '/' and whitespace can be escaped.
If you did mean to use an '\' you can use '\\' to escape it
 Then the platform returns 200 as the cached count for that query
 -> binding error: Binding error(s) found: 
 This Cucumber Expression has a problem at column 3:

(\d+) work items exist in the project: (\d+) under {string} and (\d+) under {string}
  ^
Only the characters '{', '}', '(', ')', '\', '/' and whitespace can be escaped.
If you did mean to use an '\' you can use '\\' to escape it
 This Cucumber Expression has a problem at column 3:

(\d+) work items have an AreaPath matching {string} and (\d+) does not
  ^
Only the characters '{', '}', '(', ')', '\', '/' and whitespace can be escaped.
If you did mean to use an '\' you can use '\\' to escape it
 This Cucumber Expression has a problem at column 3:

(\d+) work item has an AreaPath matching {string} and (\d+) do not
  ^
Only the characters '{', '}', '(', ')', '\', '/' and whitespace can be escaped.
If you did mean to use an '\' you can use '\\' to escape it


  Failed WatermarksForDifferentWorkItemsAreTrackedIndependently [1 ms]
  Error Message:
   Test method DevOpsMigrationPlatform.Infrastructure.Tests.Features.WorkItemWatermarkStoreFeature.WatermarksForDifferentWorkItemsAreTrackedIndependently threw exception: 
Reqnroll.BindingException: Binding error(s) found: 
This Cucumber Expression has a problem at column 3:

(\d+) work items exist in the project: (\d+) under {string} and (\d+) under {string}
  ^
Only the characters '{', '}', '(', ')', '\', '/' and whitespace can be escaped.
If you did mean to use an '\' you can use '\\' to escape it
This Cucumber Expression has a problem at column 3:

(\d+) work items have an AreaPath matching {string} and (\d+) does not
  ^
Only the characters '{', '}', '(', ')', '\', '/' and whitespace can be escaped.
If you did mean to use an '\' you can use '\\' to escape it
This Cucumber Expression has a problem at column 3:

(\d+) work item has an AreaPath matching {string} and (\d+) do not
  ^
Only the characters '{', '}', '(', ')', '\', '/' and whitespace can be escaped.
If you did mean to use an '\' you can use '\\' to escape it
  Stack Trace:
     at Reqnroll.ErrorHandling.ErrorProvider.GetInvalidBindingRegistryError(IEnumerable`1 errors)
   at Reqnroll.Infrastructure.TestExecutionEngine.GetStepMatch(StepInstance stepInstance)
   at Reqnroll.Infrastructure.TestExecutionEngine.ExecuteStepAsync(IContextManager contextManager, StepInstance stepInstance)
   at Reqnroll.Infrastructure.TestExecutionEngine.OnAfterLastStepAsync()
   at Reqnroll.TestRunner.CollectScenarioErrorsAsync()
   at DevOpsMigrationPlatform.Infrastructure.Tests.Features.WorkItemWatermarkStoreFeature.ScenarioCleanupAsync()
   at DevOpsMigrationPlatform.Infrastructure.Tests.Features.WorkItemWatermarkStoreFeature.WatermarksForDifferentWorkItemsAreTrackedIndependently() in C:\Users\MartinHinshelwoodNKD\source\repos\azure-devops-migration-platform\tests\DevOpsMigrationPlatform.Infrastructure.Tests\Features\watermark-store.feature:line 54
--- End of stack trace from previous location ---

  Standard Output Messages:
 
 
 TestContext Messages:
 Given the watermark store has been initialised
 -> binding error: Binding error(s) found: 
 This Cucumber Expression has a problem at column 3:

(\d+) work items exist in the project: (\d+) under {string} and (\d+) under {string}
  ^
Only the characters '{', '}', '(', ')', '\', '/' and whitespace can be escaped.
If you did mean to use an '\' you can use '\\' to escape it
 This Cucumber Expression has a problem at column 3:

(\d+) work items have an AreaPath matching {string} and (\d+) does not
  ^
Only the characters '{', '}', '(', ')', '\', '/' and whitespace can be escaped.
If you did mean to use an '\' you can use '\\' to escape it
 This Cucumber Expression has a problem at column 3:

(\d+) work item has an AreaPath matching {string} and (\d+) do not
  ^
Only the characters '{', '}', '(', ')', '\', '/' and whitespace can be escaped.
If you did mean to use an '\' you can use '\\' to escape it
 And the export has not yet begun
 -> binding error: Binding error(s) found: 
 This Cucumber Expression has a problem at column 3:

(\d+) work items exist in the project: (\d+) under {string} and (\d+) under {string}
  ^
Only the characters '{', '}', '(', ')', '\', '/' and whitespace can be escaped.
If you did mean to use an '\' you can use '\\' to escape it
 This Cucumber Expression has a problem at column 3:

(\d+) work items have an AreaPath matching {string} and (\d+) does not
  ^
Only the characters '{', '}', '(', ')', '\', '/' and whitespace can be escaped.
If you did mean to use an '\' you can use '\\' to escape it
 This Cucumber Expression has a problem at column 3:

(\d+) work item has an AreaPath matching {string} and (\d+) do not
  ^
Only the characters '{', '}', '(', ')', '\', '/' and whitespace can be escaped.
If you did mean to use an '\' you can use '\\' to escape it
 Given the export has processed up to revision 2 of work item 1
 -> binding error: Binding error(s) found: 
 This Cucumber Expression has a problem at column 3:

(\d+) work items exist in the project: (\d+) under {string} and (\d+) under {string}
  ^
Only the characters '{', '}', '(', ')', '\', '/' and whitespace can be escaped.
If you did mean to use an '\' you can use '\\' to escape it
 This Cucumber Expression has a problem at column 3:

(\d+) work items have an AreaPath matching {string} and (\d+) does not
  ^
Only the characters '{', '}', '(', ')', '\', '/' and whitespace can be escaped.
If you did mean to use an '\' you can use '\\' to escape it
 This Cucumber Expression has a problem at column 3:

(\d+) work item has an AreaPath matching {string} and (\d+) do not
  ^
Only the characters '{', '}', '(', ')', '\', '/' and whitespace can be escaped.
If you did mean to use an '\' you can use '\\' to escape it
 And the export has processed up to revision 7 of work item 2
 -> binding error: Binding error(s) found: 
 This Cucumber Expression has a problem at column 3:

(\d+) work items exist in the project: (\d+) under {string} and (\d+) under {string}
  ^
Only the characters '{', '}', '(', ')', '\', '/' and whitespace can be escaped.
If you did mean to use an '\' you can use '\\' to escape it
 This Cucumber Expression has a problem at column 3:

(\d+) work items have an AreaPath matching {string} and (\d+) does not
  ^
Only the characters '{', '}', '(', ')', '\', '/' and whitespace can be escaped.
If you did mean to use an '\' you can use '\\' to escape it
 This Cucumber Expression has a problem at column 3:

(\d+) work item has an AreaPath matching {string} and (\d+) do not
  ^
Only the characters '{', '}', '(', ')', '\', '/' and whitespace can be escaped.
If you did mean to use an '\' you can use '\\' to escape it
 Then the platform considers revision 3 of work item 1 as not yet processed
 -> binding error: Binding error(s) found: 
 This Cucumber Expression has a problem at column 3:

(\d+) work items exist in the project: (\d+) under {string} and (\d+) under {string}
  ^
Only the characters '{', '}', '(', ')', '\', '/' and whitespace can be escaped.
If you did mean to use an '\' you can use '\\' to escape it
 This Cucumber Expression has a problem at column 3:

(\d+) work items have an AreaPath matching {string} and (\d+) does not
  ^
Only the characters '{', '}', '(', ')', '\', '/' and whitespace can be escaped.
If you did mean to use an '\' you can use '\\' to escape it
 This Cucumber Expression has a problem at column 3:

(\d+) work item has an AreaPath matching {string} and (\d+) do not
  ^
Only the characters '{', '}', '(', ')', '\', '/' and whitespace can be escaped.
If you did mean to use an '\' you can use '\\' to escape it
 And the platform considers revision 7 of work item 2 as already processed
 -> binding error: Binding error(s) found: 
 This Cucumber Expression has a problem at column 3:

(\d+) work items exist in the project: (\d+) under {string} and (\d+) under {string}
  ^
Only the characters '{', '}', '(', ')', '\', '/' and whitespace can be escaped.
If you did mean to use an '\' you can use '\\' to escape it
 This Cucumber Expression has a problem at column 3:

(\d+) work items have an AreaPath matching {string} and (\d+) does not
  ^
Only the characters '{', '}', '(', ')', '\', '/' and whitespace can be escaped.
If you did mean to use an '\' you can use '\\' to escape it
 This Cucumber Expression has a problem at column 3:

(\d+) work item has an AreaPath matching {string} and (\d+) do not
  ^
Only the characters '{', '}', '(', ')', '\', '/' and whitespace can be escaped.
If you did mean to use an '\' you can use '\\' to escape it


  Failed RecordedWatermarksAreAvailableAfterThePlatformRestarts [1 ms]
  Error Message:
   Test method DevOpsMigrationPlatform.Infrastructure.Tests.Features.WorkItemWatermarkStoreFeature.RecordedWatermarksAreAvailableAfterThePlatformRestarts threw exception: 
Reqnroll.BindingException: Binding error(s) found: 
This Cucumber Expression has a problem at column 3:

(\d+) work items exist in the project: (\d+) under {string} and (\d+) under {string}
  ^
Only the characters '{', '}', '(', ')', '\', '/' and whitespace can be escaped.
If you did mean to use an '\' you can use '\\' to escape it
This Cucumber Expression has a problem at column 3:

(\d+) work items have an AreaPath matching {string} and (\d+) does not
  ^
Only the characters '{', '}', '(', ')', '\', '/' and whitespace can be escaped.
If you did mean to use an '\' you can use '\\' to escape it
This Cucumber Expression has a problem at column 3:

(\d+) work item has an AreaPath matching {string} and (\d+) do not
  ^
Only the characters '{', '}', '(', ')', '\', '/' and whitespace can be escaped.
If you did mean to use an '\' you can use '\\' to escape it
  Stack Trace:
     at Reqnroll.ErrorHandling.ErrorProvider.GetInvalidBindingRegistryError(IEnumerable`1 errors)
   at Reqnroll.Infrastructure.TestExecutionEngine.GetStepMatch(StepInstance stepInstance)
   at Reqnroll.Infrastructure.TestExecutionEngine.ExecuteStepAsync(IContextManager contextManager, StepInstance stepInstance)
   at Reqnroll.Infrastructure.TestExecutionEngine.OnAfterLastStepAsync()
   at Reqnroll.TestRunner.CollectScenarioErrorsAsync()
   at DevOpsMigrationPlatform.Infrastructure.Tests.Features.WorkItemWatermarkStoreFeature.ScenarioCleanupAsync()
   at DevOpsMigrationPlatform.Infrastructure.Tests.Features.WorkItemWatermarkStoreFeature.RecordedWatermarksAreAvailableAfterThePlatformRestarts() in C:\Users\MartinHinshelwoodNKD\source\repos\azure-devops-migration-platform\tests\DevOpsMigrationPlatform.Infrastructure.Tests\Features\watermark-store.feature:line 60
--- End of stack trace from previous location ---

  Standard Output Messages:
 
 
 TestContext Messages:
 Given the watermark store has been initialised
 -> binding error: Binding error(s) found: 
 This Cucumber Expression has a problem at column 3:

(\d+) work items exist in the project: (\d+) under {string} and (\d+) under {string}
  ^
Only the characters '{', '}', '(', ')', '\', '/' and whitespace can be escaped.
If you did mean to use an '\' you can use '\\' to escape it
 This Cucumber Expression has a problem at column 3:

(\d+) work items have an AreaPath matching {string} and (\d+) does not
  ^
Only the characters '{', '}', '(', ')', '\', '/' and whitespace can be escaped.
If you did mean to use an '\' you can use '\\' to escape it
 This Cucumber Expression has a problem at column 3:

(\d+) work item has an AreaPath matching {string} and (\d+) do not
  ^
Only the characters '{', '}', '(', ')', '\', '/' and whitespace can be escaped.
If you did mean to use an '\' you can use '\\' to escape it
 And the export has not yet begun
 -> binding error: Binding error(s) found: 
 This Cucumber Expression has a problem at column 3:

(\d+) work items exist in the project: (\d+) under {string} and (\d+) under {string}
  ^
Only the characters '{', '}', '(', ')', '\', '/' and whitespace can be escaped.
If you did mean to use an '\' you can use '\\' to escape it
 This Cucumber Expression has a problem at column 3:

(\d+) work items have an AreaPath matching {string} and (\d+) does not
  ^
Only the characters '{', '}', '(', ')', '\', '/' and whitespace can be escaped.
If you did mean to use an '\' you can use '\\' to escape it
 This Cucumber Expression has a problem at column 3:

(\d+) work item has an AreaPath matching {string} and (\d+) do not
  ^
Only the characters '{', '}', '(', ')', '\', '/' and whitespace can be escaped.
If you did mean to use an '\' you can use '\\' to escape it
 Given the export has processed up to revision 3 of work item 55
 -> binding error: Binding error(s) found: 
 This Cucumber Expression has a problem at column 3:

(\d+) work items exist in the project: (\d+) under {string} and (\d+) under {string}
  ^
Only the characters '{', '}', '(', ')', '\', '/' and whitespace can be escaped.
If you did mean to use an '\' you can use '\\' to escape it
 This Cucumber Expression has a problem at column 3:

(\d+) work items have an AreaPath matching {string} and (\d+) does not
  ^
Only the characters '{', '}', '(', ')', '\', '/' and whitespace can be escaped.
If you did mean to use an '\' you can use '\\' to escape it
 This Cucumber Expression has a problem at column 3:

(\d+) work item has an AreaPath matching {string} and (\d+) do not
  ^
Only the characters '{', '}', '(', ')', '\', '/' and whitespace can be escaped.
If you did mean to use an '\' you can use '\\' to escape it
 When the migration platform is restarted
 -> binding error: Binding error(s) found: 
 This Cucumber Expression has a problem at column 3:

(\d+) work items exist in the project: (\d+) under {string} and (\d+) under {string}
  ^
Only the characters '{', '}', '(', ')', '\', '/' and whitespace can be escaped.
If you did mean to use an '\' you can use '\\' to escape it
 This Cucumber Expression has a problem at column 3:

(\d+) work items have an AreaPath matching {string} and (\d+) does not
  ^
Only the characters '{', '}', '(', ')', '\', '/' and whitespace can be escaped.
If you did mean to use an '\' you can use '\\' to escape it
 This Cucumber Expression has a problem at column 3:

(\d+) work item has an AreaPath matching {string} and (\d+) do not
  ^
Only the characters '{', '}', '(', ')', '\', '/' and whitespace can be escaped.
If you did mean to use an '\' you can use '\\' to escape it
 Then the platform still considers revision 3 of work item 55 as already processed
 -> binding error: Binding error(s) found: 
 This Cucumber Expression has a problem at column 3:

(\d+) work items exist in the project: (\d+) under {string} and (\d+) under {string}
  ^
Only the characters '{', '}', '(', ')', '\', '/' and whitespace can be escaped.
If you did mean to use an '\' you can use '\\' to escape it
 This Cucumber Expression has a problem at column 3:

(\d+) work items have an AreaPath matching {string} and (\d+) does not
  ^
Only the characters '{', '}', '(', ')', '\', '/' and whitespace can be escaped.
If you did mean to use an '\' you can use '\\' to escape it
 This Cucumber Expression has a problem at column 3:

(\d+) work item has an AreaPath matching {string} and (\d+) do not
  ^
Only the characters '{', '}', '(', ')', '\', '/' and whitespace can be escaped.
If you did mean to use an '\' you can use '\\' to escape it
 And the platform still considers revision 4 of work item 55 as not yet processed
 -> binding error: Binding error(s) found: 
 This Cucumber Expression has a problem at column 3:

(\d+) work items exist in the project: (\d+) under {string} and (\d+) under {string}
  ^
Only the characters '{', '}', '(', ')', '\', '/' and whitespace can be escaped.
If you did mean to use an '\' you can use '\\' to escape it
 This Cucumber Expression has a problem at column 3:

(\d+) work items have an AreaPath matching {string} and (\d+) does not
  ^
Only the characters '{', '}', '(', ')', '\', '/' and whitespace can be escaped.
If you did mean to use an '\' you can use '\\' to escape it
 This Cucumber Expression has a problem at column 3:

(\d+) work item has an AreaPath matching {string} and (\d+) do not
  ^
Only the characters '{', '}', '(', ')', '\', '/' and whitespace can be escaped.
If you did mean to use an '\' you can use '\\' to escape it


  Failed TargetFieldStrategySeedsTheIDMapFromExistingTargetWorkItems [2 ms]
  Error Message:
   Test method DevOpsMigrationPlatform.Infrastructure.Tests.Features.WorkItemResolutionStrategiesFeature.TargetFieldStrategySeedsTheIDMapFromExistingTargetWorkItems threw exception: 
Reqnroll.BindingException: Binding error(s) found: 
This Cucumber Expression has a problem at column 3:

(\d+) work items exist in the project: (\d+) under {string} and (\d+) under {string}
  ^
Only the characters '{', '}', '(', ')', '\', '/' and whitespace can be escaped.
If you did mean to use an '\' you can use '\\' to escape it
This Cucumber Expression has a problem at column 3:

(\d+) work items have an AreaPath matching {string} and (\d+) does not
  ^
Only the characters '{', '}', '(', ')', '\', '/' and whitespace can be escaped.
If you did mean to use an '\' you can use '\\' to escape it
This Cucumber Expression has a problem at column 3:

(\d+) work item has an AreaPath matching {string} and (\d+) do not
  ^
Only the characters '{', '}', '(', ')', '\', '/' and whitespace can be escaped.
If you did mean to use an '\' you can use '\\' to escape it
  Stack Trace:
     at Reqnroll.ErrorHandling.ErrorProvider.GetInvalidBindingRegistryError(IEnumerable`1 errors)
   at Reqnroll.Infrastructure.TestExecutionEngine.GetStepMatch(StepInstance stepInstance)
   at Reqnroll.Infrastructure.TestExecutionEngine.ExecuteStepAsync(IContextManager contextManager, StepInstance stepInstance)
   at Reqnroll.Infrastructure.TestExecutionEngine.OnAfterLastStepAsync()
   at Reqnroll.TestRunner.CollectScenarioErrorsAsync()
   at DevOpsMigrationPlatform.Infrastructure.Tests.Features.WorkItemResolutionStrategiesFeature.ScenarioCleanupAsync()
   at DevOpsMigrationPlatform.Infrastructure.Tests.Features.WorkItemResolutionStrategiesFeature.TargetFieldStrategySeedsTheIDMapFromExistingTargetWorkItems() in C:\Users\MartinHinshelwoodNKD\source\repos\azure-devops-migration-platform\tests\DevOpsMigrationPlatform.Infrastructure.Tests\Features\work-item-resolution-strategies.feature:line 17
--- End of stack trace from previous location ---

  Standard Output Messages:
 
 
 TestContext Messages:
 Given a valid migration package exists at the configured package root
 -> binding error: Binding error(s) found: 
 This Cucumber Expression has a problem at column 3:

(\d+) work items exist in the project: (\d+) under {string} and (\d+) under {string}
  ^
Only the characters '{', '}', '(', ')', '\', '/' and whitespace can be escaped.
If you did mean to use an '\' you can use '\\' to escape it
 This Cucumber Expression has a problem at column 3:

(\d+) work items have an AreaPath matching {string} and (\d+) does not
  ^
Only the characters '{', '}', '(', ')', '\', '/' and whitespace can be escaped.
If you did mean to use an '\' you can use '\\' to escape it
 This Cucumber Expression has a problem at column 3:

(\d+) work item has an AreaPath matching {string} and (\d+) do not
  ^
Only the characters '{', '}', '(', ')', '\', '/' and whitespace can be escaped.
If you did mean to use an '\' you can use '\\' to escape it
 And the package contains work item revision folders
 -> binding error: Binding error(s) found: 
 This Cucumber Expression has a problem at column 3:

(\d+) work items exist in the project: (\d+) under {string} and (\d+) under {string}
  ^
Only the characters '{', '}', '(', ')', '\', '/' and whitespace can be escaped.
If you did mean to use an '\' you can use '\\' to escape it
 This Cucumber Expression has a problem at column 3:

(\d+) work items have an AreaPath matching {string} and (\d+) does not
  ^
Only the characters '{', '}', '(', ')', '\', '/' and whitespace can be escaped.
If you did mean to use an '\' you can use '\\' to escape it
 This Cucumber Expression has a problem at column 3:

(\d+) work item has an AreaPath matching {string} and (\d+) do not
  ^
Only the characters '{', '}', '(', ')', '\', '/' and whitespace can be escaped.
If you did mean to use an '\' you can use '\\' to escape it
 Given the WorkItemResolutionStrategy extension is configured as "TargetField" with fieldName "Custom.SourceId"
 -> binding error: Binding error(s) found: 
 This Cucumber Expression has a problem at column 3:

(\d+) work items exist in the project: (\d+) under {string} and (\d+) under {string}
  ^
Only the characters '{', '}', '(', ')', '\', '/' and whitespace can be escaped.
If you did mean to use an '\' you can use '\\' to escape it
 This Cucumber Expression has a problem at column 3:

(\d+) work items have an AreaPath matching {string} and (\d+) does not
  ^
Only the characters '{', '}', '(', ')', '\', '/' and whitespace can be escaped.
If you did mean to use an '\' you can use '\\' to escape it
 This Cucumber Expression has a problem at column 3:

(\d+) work item has an AreaPath matching {string} and (\d+) do not
  ^
Only the characters '{', '}', '(', ')', '\', '/' and whitespace can be escaped.
If you did mean to use an '\' you can use '\\' to escape it
 And the target project contains work items with the custom field populated
 -> binding error: Binding error(s) found: 
 This Cucumber Expression has a problem at column 3:

(\d+) work items exist in the project: (\d+) under {string} and (\d+) under {string}
  ^
Only the characters '{', '}', '(', ')', '\', '/' and whitespace can be escaped.
If you did mean to use an '\' you can use '\\' to escape it
 This Cucumber Expression has a problem at column 3:

(\d+) work items have an AreaPath matching {string} and (\d+) does not
  ^
Only the characters '{', '}', '(', ')', '\', '/' and whitespace can be escaped.
If you did mean to use an '\' you can use '\\' to escape it
 This Cucumber Expression has a problem at column 3:

(\d+) work item has an AreaPath matching {string} and (\d+) do not
  ^
Only the characters '{', '}', '(', ')', '\', '/' and whitespace can be escaped.
If you did mean to use an '\' you can use '\\' to escape it
 When the import starts
 -> binding error: Binding error(s) found: 
 This Cucumber Expression has a problem at column 3:

(\d+) work items exist in the project: (\d+) under {string} and (\d+) under {string}
  ^
Only the characters '{', '}', '(', ')', '\', '/' and whitespace can be escaped.
If you did mean to use an '\' you can use '\\' to escape it
 This Cucumber Expression has a problem at column 3:

(\d+) work items have an AreaPath matching {string} and (\d+) does not
  ^
Only the characters '{', '}', '(', ')', '\', '/' and whitespace can be escaped.
If you did mean to use an '\' you can use '\\' to escape it
 This Cucumber Expression has a problem at column 3:

(\d+) work item has an AreaPath matching {string} and (\d+) do not
  ^
Only the characters '{', '}', '(', ')', '\', '/' and whitespace can be escaped.
If you did mean to use an '\' you can use '\\' to escape it
 Then a WIQL query retrieves all target work items with the custom field set
 -> binding error: Binding error(s) found: 
 This Cucumber Expression has a problem at column 3:

(\d+) work items exist in the project: (\d+) under {string} and (\d+) under {string}
  ^
Only the characters '{', '}', '(', ')', '\', '/' and whitespace can be escaped.
If you did mean to use an '\' you can use '\\' to escape it
 This Cucumber Expression has a problem at column 3:

(\d+) work items have an AreaPath matching {string} and (\d+) does not
  ^
Only the characters '{', '}', '(', ')', '\', '/' and whitespace can be escaped.
If you did mean to use an '\' you can use '\\' to escape it
 This Cucumber Expression has a problem at column 3:

(\d+) work item has an AreaPath matching {string} and (\d+) do not
  ^
Only the characters '{', '}', '(', ')', '\', '/' and whitespace can be escaped.
If you did mean to use an '\' you can use '\\' to escape it
 And the idmap.db is seeded with source-to-target ID mappings from those results
 -> binding error: Binding error(s) found: 
 This Cucumber Expression has a problem at column 3:

(\d+) work items exist in the project: (\d+) under {string} and (\d+) under {string}
  ^
Only the characters '{', '}', '(', ')', '\', '/' and whitespace can be escaped.
If you did mean to use an '\' you can use '\\' to escape it
 This Cucumber Expression has a problem at column 3:

(\d+) work items have an AreaPath matching {string} and (\d+) does not
  ^
Only the characters '{', '}', '(', ')', '\', '/' and whitespace can be escaped.
If you did mean to use an '\' you can use '\\' to escape it
 This Cucumber Expression has a problem at column 3:

(\d+) work item has an AreaPath matching {string} and (\d+) do not
  ^
Only the characters '{', '}', '(', ')', '\', '/' and whitespace can be escaped.
If you did mean to use an '\' you can use '\\' to escape it
 And no duplicate work items are created for already-mapped source IDs
 -> binding error: Binding error(s) found: 
 This Cucumber Expression has a problem at column 3:

(\d+) work items exist in the project: (\d+) under {string} and (\d+) under {string}
  ^
Only the characters '{', '}', '(', ')', '\', '/' and whitespace can be escaped.
If you did mean to use an '\' you can use '\\' to escape it
 This Cucumber Expression has a problem at column 3:

(\d+) work items have an AreaPath matching {string} and (\d+) does not
  ^
Only the characters '{', '}', '(', ')', '\', '/' and whitespace can be escaped.
If you did mean to use an '\' you can use '\\' to escape it
 This Cucumber Expression has a problem at column 3:

(\d+) work item has an AreaPath matching {string} and (\d+) do not
  ^
Only the characters '{', '}', '(', ')', '\', '/' and whitespace can be escaped.
If you did mean to use an '\' you can use '\\' to escape it


  Failed TargetFieldStrategyWritesProvenanceToTheTargetWorkItemCustomField [1 ms]
  Error Message:
   Test method DevOpsMigrationPlatform.Infrastructure.Tests.Features.WorkItemResolutionStrategiesFeature.TargetFieldStrategyWritesProvenanceToTheTargetWorkItemCustomField threw exception: 
Reqnroll.BindingException: Binding error(s) found: 
This Cucumber Expression has a problem at column 3:

(\d+) work items exist in the project: (\d+) under {string} and (\d+) under {string}
  ^
Only the characters '{', '}', '(', ')', '\', '/' and whitespace can be escaped.
If you did mean to use an '\' you can use '\\' to escape it
This Cucumber Expression has a problem at column 3:

(\d+) work items have an AreaPath matching {string} and (\d+) does not
  ^
Only the characters '{', '}', '(', ')', '\', '/' and whitespace can be escaped.
If you did mean to use an '\' you can use '\\' to escape it
This Cucumber Expression has a problem at column 3:

(\d+) work item has an AreaPath matching {string} and (\d+) do not
  ^
Only the characters '{', '}', '(', ')', '\', '/' and whitespace can be escaped.
If you did mean to use an '\' you can use '\\' to escape it
  Stack Trace:
     at Reqnroll.ErrorHandling.ErrorProvider.GetInvalidBindingRegistryError(IEnumerable`1 errors)
   at Reqnroll.Infrastructure.TestExecutionEngine.GetStepMatch(StepInstance stepInstance)
   at Reqnroll.Infrastructure.TestExecutionEngine.ExecuteStepAsync(IContextManager contextManager, StepInstance stepInstance)
   at Reqnroll.Infrastructure.TestExecutionEngine.OnAfterLastStepAsync()
   at Reqnroll.TestRunner.CollectScenarioErrorsAsync()
   at DevOpsMigrationPlatform.Infrastructure.Tests.Features.WorkItemResolutionStrategiesFeature.ScenarioCleanupAsync()
   at DevOpsMigrationPlatform.Infrastructure.Tests.Features.WorkItemResolutionStrategiesFeature.TargetFieldStrategyWritesProvenanceToTheTargetWorkItemCustomField() in C:\Users\MartinHinshelwoodNKD\source\repos\azure-devops-migration-platform\tests\DevOpsMigrationPlatform.Infrastructure.Tests\Features\work-item-resolution-strategies.feature:line 24
--- End of stack trace from previous location ---

  Standard Output Messages:
 
 
 TestContext Messages:
 Given a valid migration package exists at the configured package root
 -> binding error: Binding error(s) found: 
 This Cucumber Expression has a problem at column 3:

(\d+) work items exist in the project: (\d+) under {string} and (\d+) under {string}
  ^
Only the characters '{', '}', '(', ')', '\', '/' and whitespace can be escaped.
If you did mean to use an '\' you can use '\\' to escape it
 This Cucumber Expression has a problem at column 3:

(\d+) work items have an AreaPath matching {string} and (\d+) does not
  ^
Only the characters '{', '}', '(', ')', '\', '/' and whitespace can be escaped.
If you did mean to use an '\' you can use '\\' to escape it
 This Cucumber Expression has a problem at column 3:

(\d+) work item has an AreaPath matching {string} and (\d+) do not
  ^
Only the characters '{', '}', '(', ')', '\', '/' and whitespace can be escaped.
If you did mean to use an '\' you can use '\\' to escape it
 And the package contains work item revision folders
 -> binding error: Binding error(s) found: 
 This Cucumber Expression has a problem at column 3:

(\d+) work items exist in the project: (\d+) under {string} and (\d+) under {string}
  ^
Only the characters '{', '}', '(', ')', '\', '/' and whitespace can be escaped.
If you did mean to use an '\' you can use '\\' to escape it
 This Cucumber Expression has a problem at column 3:

(\d+) work items have an AreaPath matching {string} and (\d+) does not
  ^
Only the characters '{', '}', '(', ')', '\', '/' and whitespace can be escaped.
If you did mean to use an '\' you can use '\\' to escape it
 This Cucumber Expression has a problem at column 3:

(\d+) work item has an AreaPath matching {string} and (\d+) do not
  ^
Only the characters '{', '}', '(', ')', '\', '/' and whitespace can be escaped.
If you did mean to use an '\' you can use '\\' to escape it
 Given the WorkItemResolutionStrategy extension is "TargetField" with fieldName "Custom.SourceId"
 -> binding error: Binding error(s) found: 
 This Cucumber Expression has a problem at column 3:

(\d+) work items exist in the project: (\d+) under {string} and (\d+) under {string}
  ^
Only the characters '{', '}', '(', ')', '\', '/' and whitespace can be escaped.
If you did mean to use an '\' you can use '\\' to escape it
 This Cucumber Expression has a problem at column 3:

(\d+) work items have an AreaPath matching {string} and (\d+) does not
  ^
Only the characters '{', '}', '(', ')', '\', '/' and whitespace can be escaped.
If you did mean to use an '\' you can use '\\' to escape it
 This Cucumber Expression has a problem at column 3:

(\d+) work item has an AreaPath matching {string} and (\d+) do not
  ^
Only the characters '{', '}', '(', ')', '\', '/' and whitespace can be escaped.
If you did mean to use an '\' you can use '\\' to escape it
 And Stage A creates a new work item in the target
 -> binding error: Binding error(s) found: 
 This Cucumber Expression has a problem at column 3:

(\d+) work items exist in the project: (\d+) under {string} and (\d+) under {string}
  ^
Only the characters '{', '}', '(', ')', '\', '/' and whitespace can be escaped.
If you did mean to use an '\' you can use '\\' to escape it
 This Cucumber Expression has a problem at column 3:

(\d+) work items have an AreaPath matching {string} and (\d+) does not
  ^
Only the characters '{', '}', '(', ')', '\', '/' and whitespace can be escaped.
If you did mean to use an '\' you can use '\\' to escape it
 This Cucumber Expression has a problem at column 3:

(\d+) work item has an AreaPath matching {string} and (\d+) do not
  ^
Only the characters '{', '}', '(', ')', '\', '/' and whitespace can be escaped.
If you did mean to use an '\' you can use '\\' to escape it
 When provenance is written after creation
 -> binding error: Binding error(s) found: 
 This Cucumber Expression has a problem at column 3:

(\d+) work items exist in the project: (\d+) under {string} and (\d+) under {string}
  ^
Only the characters '{', '}', '(', ')', '\', '/' and whitespace can be escaped.
If you did mean to use an '\' you can use '\\' to escape it
 This Cucumber Expression has a problem at column 3:

(\d+) work items have an AreaPath matching {string} and (\d+) does not
  ^
Only the characters '{', '}', '(', ')', '\', '/' and whitespace can be escaped.
If you did mean to use an '\' you can use '\\' to escape it
 This Cucumber Expression has a problem at column 3:

(\d+) work item has an AreaPath matching {string} and (\d+) do not
  ^
Only the characters '{', '}', '(', ')', '\', '/' and whitespace can be escaped.
If you did mean to use an '\' you can use '\\' to escape it
 Then the target work item "Custom.SourceId" field is updated with the source work item ID
 -> binding error: Binding error(s) found: 
 This Cucumber Expression has a problem at column 3:

(\d+) work items exist in the project: (\d+) under {string} and (\d+) under {string}
  ^
Only the characters '{', '}', '(', ')', '\', '/' and whitespace can be escaped.
If you did mean to use an '\' you can use '\\' to escape it
 This Cucumber Expression has a problem at column 3:

(\d+) work items have an AreaPath matching {string} and (\d+) does not
  ^
Only the characters '{', '}', '(', ')', '\', '/' and whitespace can be escaped.
If you did mean to use an '\' you can use '\\' to escape it
 This Cucumber Expression has a problem at column 3:

(\d+) work item has an AreaPath matching {string} and (\d+) do not
  ^
Only the characters '{', '}', '(', ')', '\', '/' and whitespace can be escaped.
If you did mean to use an '\' you can use '\\' to escape it


  Failed TargetHyperlinkStrategySeedsTheIDMapFromHyperlinksOnExistingTargetWorkItems [1 ms]
  Error Message:
   Test method DevOpsMigrationPlatform.Infrastructure.Tests.Features.WorkItemResolutionStrategiesFeature.TargetHyperlinkStrategySeedsTheIDMapFromHyperlinksOnExistingTargetWorkItems threw exception: 
Reqnroll.BindingException: Binding error(s) found: 
This Cucumber Expression has a problem at column 3:

(\d+) work items exist in the project: (\d+) under {string} and (\d+) under {string}
  ^
Only the characters '{', '}', '(', ')', '\', '/' and whitespace can be escaped.
If you did mean to use an '\' you can use '\\' to escape it
This Cucumber Expression has a problem at column 3:

(\d+) work items have an AreaPath matching {string} and (\d+) does not
  ^
Only the characters '{', '}', '(', ')', '\', '/' and whitespace can be escaped.
If you did mean to use an '\' you can use '\\' to escape it
This Cucumber Expression has a problem at column 3:

(\d+) work item has an AreaPath matching {string} and (\d+) do not
  ^
Only the characters '{', '}', '(', ')', '\', '/' and whitespace can be escaped.
If you did mean to use an '\' you can use '\\' to escape it
  Stack Trace:
     at Reqnroll.ErrorHandling.ErrorProvider.GetInvalidBindingRegistryError(IEnumerable`1 errors)
   at Reqnroll.Infrastructure.TestExecutionEngine.GetStepMatch(StepInstance stepInstance)
   at Reqnroll.Infrastructure.TestExecutionEngine.ExecuteStepAsync(IContextManager contextManager, StepInstance stepInstance)
   at Reqnroll.Infrastructure.TestExecutionEngine.OnAfterLastStepAsync()
   at Reqnroll.TestRunner.CollectScenarioErrorsAsync()
   at DevOpsMigrationPlatform.Infrastructure.Tests.Features.WorkItemResolutionStrategiesFeature.ScenarioCleanupAsync()
   at DevOpsMigrationPlatform.Infrastructure.Tests.Features.WorkItemResolutionStrategiesFeature.TargetHyperlinkStrategySeedsTheIDMapFromHyperlinksOnExistingTargetWorkItems() in C:\Users\MartinHinshelwoodNKD\source\repos\azure-devops-migration-platform\tests\DevOpsMigrationPlatform.Infrastructure.Tests\Features\work-item-resolution-strategies.feature:line 34
--- End of stack trace from previous location ---

  Standard Output Messages:
 
 
 TestContext Messages:
 Given a valid migration package exists at the configured package root
 -> binding error: Binding error(s) found: 
 This Cucumber Expression has a problem at column 3:

(\d+) work items exist in the project: (\d+) under {string} and (\d+) under {string}
  ^
Only the characters '{', '}', '(', ')', '\', '/' and whitespace can be escaped.
If you did mean to use an '\' you can use '\\' to escape it
 This Cucumber Expression has a problem at column 3:

(\d+) work items have an AreaPath matching {string} and (\d+) does not
  ^
Only the characters '{', '}', '(', ')', '\', '/' and whitespace can be escaped.
If you did mean to use an '\' you can use '\\' to escape it
 This Cucumber Expression has a problem at column 3:

(\d+) work item has an AreaPath matching {string} and (\d+) do not
  ^
Only the characters '{', '}', '(', ')', '\', '/' and whitespace can be escaped.
If you did mean to use an '\' you can use '\\' to escape it
 And the package contains work item revision folders
 -> binding error: Binding error(s) found: 
 This Cucumber Expression has a problem at column 3:

(\d+) work items exist in the project: (\d+) under {string} and (\d+) under {string}
  ^
Only the characters '{', '}', '(', ')', '\', '/' and whitespace can be escaped.
If you did mean to use an '\' you can use '\\' to escape it
 This Cucumber Expression has a problem at column 3:

(\d+) work items have an AreaPath matching {string} and (\d+) does not
  ^
Only the characters '{', '}', '(', ')', '\', '/' and whitespace can be escaped.
If you did mean to use an '\' you can use '\\' to escape it
 This Cucumber Expression has a problem at column 3:

(\d+) work item has an AreaPath matching {string} and (\d+) do not
  ^
Only the characters '{', '}', '(', ')', '\', '/' and whitespace can be escaped.
If you did mean to use an '\' you can use '\\' to escape it
 Given the WorkItemResolutionStrategy extension is configured as "TargetHyperlink" with urlPattern "https://source.example.com/wi/{id}"
 -> binding error: Binding error(s) found: 
 This Cucumber Expression has a problem at column 3:

(\d+) work items exist in the project: (\d+) under {string} and (\d+) under {string}
  ^
Only the characters '{', '}', '(', ')', '\', '/' and whitespace can be escaped.
If you did mean to use an '\' you can use '\\' to escape it
 This Cucumber Expression has a problem at column 3:

(\d+) work items have an AreaPath matching {string} and (\d+) does not
  ^
Only the characters '{', '}', '(', ')', '\', '/' and whitespace can be escaped.
If you did mean to use an '\' you can use '\\' to escape it
 This Cucumber Expression has a problem at column 3:

(\d+) work item has an AreaPath matching {string} and (\d+) do not
  ^
Only the characters '{', '}', '(', ')', '\', '/' and whitespace can be escaped.
If you did mean to use an '\' you can use '\\' to escape it
 And the target project contains work items with hyperlinks matching the URL pattern
 -> binding error: Binding error(s) found: 
 This Cucumber Expression has a problem at column 3:

(\d+) work items exist in the project: (\d+) under {string} and (\d+) under {string}
  ^
Only the characters '{', '}', '(', ')', '\', '/' and whitespace can be escaped.
If you did mean to use an '\' you can use '\\' to escape it
 This Cucumber Expression has a problem at column 3:

(\d+) work items have an AreaPath matching {string} and (\d+) does not
  ^
Only the characters '{', '}', '(', ')', '\', '/' and whitespace can be escaped.
If you did mean to use an '\' you can use '\\' to escape it
 This Cucumber Expression has a problem at column 3:

(\d+) work item has an AreaPath matching {string} and (\d+) do not
  ^
Only the characters '{', '}', '(', ')', '\', '/' and whitespace can be escaped.
If you did mean to use an '\' you can use '\\' to escape it
 When the import starts
 -> binding error: Binding error(s) found: 
 This Cucumber Expression has a problem at column 3:

(\d+) work items exist in the project: (\d+) under {string} and (\d+) under {string}
  ^
Only the characters '{', '}', '(', ')', '\', '/' and whitespace can be escaped.
If you did mean to use an '\' you can use '\\' to escape it
 This Cucumber Expression has a problem at column 3:

(\d+) work items have an AreaPath matching {string} and (\d+) does not
  ^
Only the characters '{', '}', '(', ')', '\', '/' and whitespace can be escaped.
If you did mean to use an '\' you can use '\\' to escape it
 This Cucumber Expression has a problem at column 3:

(\d+) work item has an AreaPath matching {string} and (\d+) do not
  ^
Only the characters '{', '}', '(', ')', '\', '/' and whitespace can be escaped.
If you did mean to use an '\' you can use '\\' to escape it
 Then all target work items with HyperLinkCount > 0 are fetched
 -> binding error: Binding error(s) found: 
 This Cucumber Expression has a problem at column 3:

(\d+) work items exist in the project: (\d+) under {string} and (\d+) under {string}
  ^
Only the characters '{', '}', '(', ')', '\', '/' and whitespace can be escaped.
If you did mean to use an '\' you can use '\\' to escape it
 This Cucumber Expression has a problem at column 3:

(\d+) work items have an AreaPath matching {string} and (\d+) does not
  ^
Only the characters '{', '}', '(', ')', '\', '/' and whitespace can be escaped.
If you did mean to use an '\' you can use '\\' to escape it
 This Cucumber Expression has a problem at column 3:

(\d+) work item has an AreaPath matching {string} and (\d+) do not
  ^
Only the characters '{', '}', '(', ')', '\', '/' and whitespace can be escaped.
If you did mean to use an '\' you can use '\\' to escape it
 And hyperlinks matching the URL pattern are inspected to extract source work item IDs
 -> binding error: Binding error(s) found: 
 This Cucumber Expression has a problem at column 3:

(\d+) work items exist in the project: (\d+) under {string} and (\d+) under {string}
  ^
Only the characters '{', '}', '(', ')', '\', '/' and whitespace can be escaped.
If you did mean to use an '\' you can use '\\' to escape it
 This Cucumber Expression has a problem at column 3:

(\d+) work items have an AreaPath matching {string} and (\d+) does not
  ^
Only the characters '{', '}', '(', ')', '\', '/' and whitespace can be escaped.
If you did mean to use an '\' you can use '\\' to escape it
 This Cucumber Expression has a problem at column 3:

(\d+) work item has an AreaPath matching {string} and (\d+) do not
  ^
Only the characters '{', '}', '(', ')', '\', '/' and whitespace can be escaped.
If you did mean to use an '\' you can use '\\' to escape it
 And the idmap.db is seeded with the resolved source-to-target mappings
 -> binding error: Binding error(s) found: 
 This Cucumber Expression has a problem at column 3:

(\d+) work items exist in the project: (\d+) under {string} and (\d+) under {string}
  ^
Only the characters '{', '}', '(', ')', '\', '/' and whitespace can be escaped.
If you did mean to use an '\' you can use '\\' to escape it
 This Cucumber Expression has a problem at column 3:

(\d+) work items have an AreaPath matching {string} and (\d+) does not
  ^
Only the characters '{', '}', '(', ')', '\', '/' and whitespace can be escaped.
If you did mean to use an '\' you can use '\\' to escape it
 This Cucumber Expression has a problem at column 3:

(\d+) work item has an AreaPath matching {string} and (\d+) do not
  ^
Only the characters '{', '}', '(', ')', '\', '/' and whitespace can be escaped.
If you did mean to use an '\' you can use '\\' to escape it
 And no per-item live lookup is performed during processing
 -> binding error: Binding error(s) found: 
 This Cucumber Expression has a problem at column 3:

(\d+) work items exist in the project: (\d+) under {string} and (\d+) under {string}
  ^
Only the characters '{', '}', '(', ')', '\', '/' and whitespace can be escaped.
If you did mean to use an '\' you can use '\\' to escape it
 This Cucumber Expression has a problem at column 3:

(\d+) work items have an AreaPath matching {string} and (\d+) does not
  ^
Only the characters '{', '}', '(', ')', '\', '/' and whitespace can be escaped.
If you did mean to use an '\' you can use '\\' to escape it
 This Cucumber Expression has a problem at column 3:

(\d+) work item has an AreaPath matching {string} and (\d+) do not
  ^
Only the characters '{', '}', '(', ')', '\', '/' and whitespace can be escaped.
If you did mean to use an '\' you can use '\\' to escape it


  Passed ExportAsync_WhenNoCursor_WritesAllRevisions [11 ms]
  Passed ExportAsync_WhenCursorSet_SkipsFoldersAtOrBeforeCursor [2 ms]
  Passed ExportAsync_WritesOneCursorPerRevision [1 ms]
  Passed ExportAsync_WhenNoRevisions_WritesNothingAndNoCursor [1 ms]
  Passed BuildFolderPath_ProducesCanonicalFormat [< 1 ms]
  Passed ExportAsync_SerialisesFull_WorkItemRevision_NotJustMetadata [2 ms]
  Passed IsCommentEditOrDeleteRevision_ReturnsFalse_WhenRevisionIndexIsZero [< 1 ms]
  Passed IsCommentEditOrDeleteRevision_ReturnsFalse_WhenNoCommentCountField [< 1 ms]
  Passed IsCommentEditOrDeleteRevision_ReturnsFalse_WhenHistoryPresentWithCommentCount [< 1 ms]
  Passed IsCommentEditOrDeleteRevision_ReturnsTrue_WhenCommentCountPresentButNoHistory [< 1 ms]
  Passed IsCommentEditOrDeleteRevision_ReturnsFalse_WhenHistoryEmptyStringAndCommentCount [< 1 ms]
  Passed ExportAsync_WhenCommentEditRevision_WritesCommentJsonBesideRevisionJson [9 ms]
  Passed ExportAsync_WhenCommentEditRevision_NoMatchingTimestamp_SkipsCommentJson [3 ms]
  Passed ExportAsync_WhenCommentAdditionRevision_DoesNotFetchFromApi [2 ms]
  Passed ExportAsync_WithAttachments_DownloadsAndWritesBinaries [5 ms]
  Passed ExportAsync_DeltaDetection_SkipsSameUrlOnAdjacentRevisions [3 ms]
  Passed ExportAsync_DeltaDetection_DownloadsDifferentUrls [2 ms]
  Passed ExportAsync_AttachmentFailure_IncrementsFailedCounter [4 ms]
  Passed ExportAsync_EmitsProgressPerWorkItem [2 ms]
  Passed ExportAsync_CursorWrittenAfterAttachments [2 ms]
  Passed ExportAsync_WithFilterAndMatchingItems_OnlyExportsMatchingWorkItems [3 ms]
  Passed ExportAsync_WithNoFilterOptions_ExportsAllWorkItems [2 ms]
  Passed Service_CanBeConstructed [3 ms]
  Passed Service_ThrowsArgumentNullException_WhenOptionsNull [< 1 ms]
  Passed Service_ThrowsArgumentNullException_WhenClientFactoryNull [< 1 ms]
  Passed Service_ThrowsArgumentNullException_WhenFetchServiceNull [< 1 ms]
  Passed Service_ThrowsArgumentNullException_WhenLoggerNull [< 1 ms]
  Passed AnalyseLinksAsync_EmitsDependencyHeartbeat [< 1 ms]
  Passed ReadCursorAsync_WhenKeyIsMissing_ReturnsNull [2 ms]
  Passed ReadCursorAsync_WhenKeyExists_ReturnsParsedEntry [2 ms]
  Passed WriteCursorAsync_WritesKeyWithLowercaseModuleName [1 ms]
  Passed WriteCursorAsync_SerialisesEntryAsJson [1 ms]
  Passed WriteAsync_WhenDirectoryDoesNotExist_CreatesDirectoryAndWritesFile [2 ms]
  Passed WriteAsync_WhenDirectoryAlreadyExists_WritesFile [2 ms]
  Passed ReadAsync_WhenFileDoesNotExist_ReturnsNull [1 ms]
  Passed ReadAsync_WhenFileExists_ReturnsContent [2 ms]
  Passed ExistsAsync_WhenFileExists_ReturnsTrue [1 ms]
  Passed ExistsAsync_WhenFileMissing_ReturnsFalse [< 1 ms]
  Passed WriteAsync_NormalisesForwardSlashesToPlatformSeparator [2 ms]
  Passed Validate_WithValidSelectQuery_ReturnsSuccess [< 1 ms]
  Passed Validate_WithSelectWildcard_ReturnsSuccess [< 1 ms]
  Passed Validate_WithNullQuery_ReturnsSuccess [< 1 ms]
  Passed Validate_WithEmptyQuery_ReturnsSuccess [< 1 ms]
  Passed Validate_WithUpdateQuery_ReturnsFail [< 1 ms]
  Passed Validate_WithDeleteQuery_ReturnsFail [< 1 ms]
  Passed Validate_WithDropQuery_ReturnsFail [< 1 ms]
  Passed Validate_WithInsertQuery_ReturnsFail [< 1 ms]
  Passed Validate_WithSqlLineComment_ReturnsFail [< 1 ms]
  Passed Validate_WithBlockCommentMarkers_SucceedsAsNoDestructiveOps [< 1 ms]
  Passed Validate_WithDeclareStatement_ReturnsFail [< 1 ms]
  Passed Validate_WithNonSelectStart_ReturnsFail [< 1 ms]
  Passed Validate_WithComplexValidQuery_ReturnsSuccess [< 1 ms]
  Passed Validate_WithWhitespacePrefix_ReturnsSuccess [< 1 ms]
  Passed Validate_WithCaseInsensitiveSelect_ReturnsSuccess [< 1 ms]
  Passed Validate_ReturnsFailureRecordWhenInvalid [< 1 ms]
  Passed Validate_ReturnsSuccessRecordWhenValid [< 1 ms]

Test Run Failed.
Total tests: 348
     Passed: 248
     Failed: 100
 Total time: 3.6596 Seconds
  Passed ExportCommand_WithFollowAndWarningLevel_ExitsZero_AndWritesRevisionFiles [4 s]
  Passed ExportCommand_WithDebugLevel_WritesAgentJsonl [4 s]
  Passed LogsCommand_CanBeConstructed_WithParameterlessConstructor [< 1 ms]
  Passed LogsCommand_Constructor_SetsPropertiesCorrectly [< 1 ms]
  Passed ManageDiagnosticsCommandSettings_CanBeConstructed [< 1 ms]
  Passed ManageDiagnosticsCommand_SystemTest_AfterExport_ExitsZero_AndShowsDiagnosticOutput [3 s]
  Passed ManageProgressCommandSettings_CanBeConstructed [< 1 ms]
  Passed ManageProgressCommand_SystemTest_AfterExport_ExitsZero_AndShowsProgressEvents [3 s]
  Passed QueueCommand_CanBeConstructed_WithParameterlessConstructor [< 1 ms]
  Passed MigrationExportCommand_SystemTest_AdoSingleProject_ExitsZero_AndWritesRevisionFiles [5 s]
  Passed MigrationExportCommand_SystemTest_WorkItemComments_ExitsZero_AndWritesCommentFolders [4 s]
  Passed PrepareCommand_CanBeConstructed_WithParameterlessConstructor [< 1 ms]
  Passed PrepareCommand_UsesCorrectSettingsType [< 1 ms]
  Passed PrepareCommand_WithValidConfig_ExitsZero_AndWritesProbeFile [608 ms]
  Passed PrintJobSubmitted_WritesJobIdLine [< 1 ms]
  Passed PrintJobSubmitted_WritesControlPlaneUrlLine [< 1 ms]
  Passed PrintJobSubmitted_JobIdLineAppearsBeforeControlLine [< 1 ms]
  Passed QueueCommand_CanBeConstructed_WithParameterlessConstructor [< 1 ms]
  Passed QueueCommandSettings_WithValidLevel_PassesValidation [< 1 ms]
  Passed QueueCommandSettings_WithInvalidLevel_FailsValidation [< 1 ms]
  Passed QueueCommand_WithExportMode_ExitsZero_AndWritesRevisionFiles [4 s]
  Passed QueueCommand_WithSimulatedImportMode_Fixture_ExitsZero_AndImportsBothWorkItems [697 ms]
  Passed PromptForConfigFile_WithNoSources_ReturnsNull [2 ms]
  Passed PromptForConfigFile_WithSingleFileInEnvFolder_ReturnsAutoSelected [2 ms]
  Passed PromptForConfigFile_WithSingleFileInPreferencesFolder_ReturnsAutoSelected [11 ms]
  Passed PromptForConfigFile_WithSingleFileInScenariosSubfolder_ReturnsAutoSelected [2 ms]
  Passed PromptForConfigFile_WithNonexistentEnvFolder_FallsThrough [1 ms]
  Passed PromptForConfigFile_EnvVarTakesPriorityOverPreferences [3 ms]
  Passed PromptForConfigFile_WithMultipleFilesInNonInteractiveTerminal_ReturnsNull [3 ms]
  Passed QueueExportSimulated_ExitsZeroAndWritesWorkItemRevisions [722 ms]
  Passed QueueImportSimulated_ExitsZeroAndAcceptsWorkItems [668 ms]
  Passed QueueRoundtripSimulated_ExitsZeroAndProducesPackageWithRevisions [706 ms]
  Passed QueueExportSimulated_ProducesProgressJsonl [730 ms]
  Passed QueueExportSimulated_ProducesAgentJsonl [731 ms]
  Passed QueueExportSimulated_ProducesBothLogFiles [740 ms]
  Passed ResolveExePath_ReturnsNonEmptyString [< 1 ms]
  Passed ResolveExePath_ReturnsTfsMigrationExeName [< 1 ms]
  Passed Load_WhenFileDoesNotExist_ReturnsEmptyPreferences [1 ms]
  Passed Set_WithSupportedKey_PersistsValue [2 ms]
  Passed Set_WithUnsupportedKey_ReturnsFalse [< 1 ms]
  Passed Get_WithSetKey_ReturnsValue [2 ms]
  Passed Get_WithUnsetKey_ReturnsNull [< 1 ms]
  Passed Get_WithUnsupportedKey_ReturnsNull [< 1 ms]
  Passed Set_IsCaseInsensitive [2 ms]
  Passed Save_CreatesDirectoryIfNotExists [1 ms]
  Passed Load_WithCorruptFile_ReturnsEmptyPreferences [2 ms]
  Passed SupportedKeys_ContainsScenarioFolder [< 1 ms]
  Passed Set_OverwritesExistingValue [3 ms]
  Passed GetPreferencesDirectory_WithOverride_ReturnsOverridePath [< 1 ms]
  Passed GetPreferencesDirectory_WithoutOverride_ContainsDevopsmigration [2 ms]
  Passed DependencyCommand_CanBeConstructed_WithParameterlessConstructor [< 1 ms]
  Passed DependencyCommand_SystemTest_AdoSingleProject_ExecutesSuccessfully [2 s]
  Passed InventoryCommand_CanBeConstructed_WithParameterlessConstructor [< 1 ms]
  Passed InventoryCommand_SystemTest_AdoSingleProject_ScenarioFile_ExecutesSuccessfully [1 s]
  Passed InventoryCommand_SystemTest_CIEnvironment_ExecutesSecurely [1 s]
  Passed InventoryCommand_SystemTest_MissingSecrets_ContinuesPipeline [< 1 ms]

Test Run Successful.
Total tests: 134
     Passed: 134
 Total time: 43.1087 Seconds
